Component: ARM Compiler 5.06 update 7 (build 960) Tool: armlink [4d3601]

==============================================================================

Section Cross References

    startup_stm32f407xx.o(RESET) refers to startup_stm32f407xx.o(STACK) for __initial_sp
    startup_stm32f407xx.o(RESET) refers to startup_stm32f407xx.o(.text) for Reset_Handler
    startup_stm32f407xx.o(RESET) refers to stm32f4xx_it.o(i.NMI_Handler) for NMI_Handler
    startup_stm32f407xx.o(RESET) refers to stm32f4xx_it.o(i.HardFault_Handler) for HardFault_Handler
    startup_stm32f407xx.o(RESET) refers to stm32f4xx_it.o(i.MemManage_Handler) for MemManage_Handler
    startup_stm32f407xx.o(RESET) refers to stm32f4xx_it.o(i.BusFault_Handler) for BusFault_Handler
    startup_stm32f407xx.o(RESET) refers to stm32f4xx_it.o(i.UsageFault_Handler) for UsageFault_Handler
    startup_stm32f407xx.o(RESET) refers to stm32f4xx_it.o(i.SVC_Handler) for SVC_Handler
    startup_stm32f407xx.o(RESET) refers to stm32f4xx_it.o(i.DebugMon_Handler) for DebugMon_Handler
    startup_stm32f407xx.o(RESET) refers to stm32f4xx_it.o(i.PendSV_Handler) for PendSV_Handler
    startup_stm32f407xx.o(RESET) refers to stm32f4xx_it.o(i.SysTick_Handler) for SysTick_Handler
    startup_stm32f407xx.o(RESET) refers to uart3_driver.o(i.DMA1_Stream1_IRQHandler) for DMA1_Stream1_IRQHandler
    startup_stm32f407xx.o(RESET) refers to uart3_driver.o(i.DMA1_Stream3_IRQHandler) for DMA1_Stream3_IRQHandler
    startup_stm32f407xx.o(RESET) refers to uart_debug_driver.o(i.USART1_IRQHandler) for USART1_IRQHandler
    startup_stm32f407xx.o(RESET) refers to uart3_driver.o(i.USART3_IRQHandler) for USART3_IRQHandler
    startup_stm32f407xx.o(RESET) refers to basetimer_driver.o(i.TIM7_IRQHandler) for TIM7_IRQHandler
    startup_stm32f407xx.o(RESET) refers to stm32f4xx_it.o(i.ETH_IRQHandler) for ETH_IRQHandler
    startup_stm32f407xx.o(RESET) refers to stm32f4xx_it.o(i.ETH_WKUP_IRQHandler) for ETH_WKUP_IRQHandler
    startup_stm32f407xx.o(RESET) refers to uart_debug_driver.o(i.DMA2_Stream5_IRQHandler) for DMA2_Stream5_IRQHandler
    startup_stm32f407xx.o(RESET) refers to uart_debug_driver.o(i.DMA2_Stream7_IRQHandler) for DMA2_Stream7_IRQHandler
    startup_stm32f407xx.o(.text) refers to system_stm32f4xx.o(i.SystemInit) for SystemInit
    startup_stm32f407xx.o(.text) refers to entry.o(.ARM.Collect$$$$00000000) for __main
    main.o(i.SystemClock_Config) refers to memseta.o(.text) for __aeabi_memclr4
    main.o(i.SystemClock_Config) refers to stm32f4xx_hal_rcc.o(i.HAL_RCC_OscConfig) for HAL_RCC_OscConfig
    main.o(i.SystemClock_Config) refers to stm32f4xx_hal_rcc.o(i.HAL_RCC_ClockConfig) for HAL_RCC_ClockConfig
    main.o(i.main) refers to stm32f4xx_hal.o(i.HAL_Init) for HAL_Init
    main.o(i.main) refers to main.o(i.SystemClock_Config) for SystemClock_Config
    main.o(i.main) refers to stm32f4xx_hal.o(i.HAL_Delay) for HAL_Delay
    main.o(i.main) refers to led_driver.o(i.LED_Driver_Init) for LED_Driver_Init
    main.o(i.main) refers to led_driver.o(i.LED_Driver_Check) for LED_Driver_Check
    main.o(i.main) refers to uart_debug_driver.o(i.DMA_UART_Debug_Driver_Init) for DMA_UART_Debug_Driver_Init
    main.o(i.main) refers to uart_debug_driver.o(i.DMA_Sprintf) for DMA_Sprintf
    main.o(i.main) refers to uart3_driver.o(i.UART3_DMA_Driver_Init) for UART3_DMA_Driver_Init
    main.o(i.main) refers to uart3_driver.o(i.UART3_Send_Hex_Data) for UART3_Send_Hex_Data
    main.o(i.main) refers to uart3_driver.o(i.UART3_Receive_Data_Wait) for UART3_Receive_Data_Wait
    main.o(i.main) refers to printfa.o(i.__0printf) for __2printf
    main.o(i.main) refers to uart_debug_driver.o(i.DMA_Sprintf_String) for DMA_Sprintf_String
    main.o(i.main) refers to uart3_driver.o(.bss) for UART3_Driver_Data
    main.o(i.main) refers to wwdg_driver.o(.data) for WWDG_Full_Count
    main.o(i.main) refers to uart_debug_driver.o(.bss) for SYS_UartDMA_Rx_Queue
    stm32f4xx_it.o(i.ETH_IRQHandler) refers to stm32f4xx_hal_eth.o(i.HAL_ETH_IRQHandler) for HAL_ETH_IRQHandler
    stm32f4xx_it.o(i.ETH_IRQHandler) refers to ethernetif.o(.bss) for heth
    stm32f4xx_it.o(i.ETH_WKUP_IRQHandler) refers to stm32f4xx_hal_eth.o(i.HAL_ETH_IRQHandler) for HAL_ETH_IRQHandler
    stm32f4xx_it.o(i.ETH_WKUP_IRQHandler) refers to ethernetif.o(.bss) for heth
    stm32f4xx_it.o(i.SysTick_Handler) refers to stm32f4xx_hal.o(i.HAL_IncTick) for HAL_IncTick
    stm32f4xx_it.o(i.SysTick_Handler) refers to uart_debug_driver.o(i.DMA_UART1_Buff_ckeck) for DMA_UART1_Buff_ckeck
    ethernetif.o(i.ETH_PHY_IO_GetTick) refers to stm32f4xx_hal.o(i.HAL_GetTick) for HAL_GetTick
    ethernetif.o(i.ETH_PHY_IO_Init) refers to stm32f4xx_hal_eth.o(i.HAL_ETH_SetMDIOClockRange) for HAL_ETH_SetMDIOClockRange
    ethernetif.o(i.ETH_PHY_IO_Init) refers to ethernetif.o(.bss) for .bss
    ethernetif.o(i.ETH_PHY_IO_ReadReg) refers to stm32f4xx_hal_eth.o(i.HAL_ETH_ReadPHYRegister) for HAL_ETH_ReadPHYRegister
[...]
    ../clib/microlib/init/entry.s            0x00000000   Number         0  entry8a.o ABSOLUTE
    ../clib/microlib/init/entry.s            0x00000000   Number         0  entry5.o ABSOLUTE
    ../clib/microlib/init/entry.s            0x00000000   Number         0  entry7b.o ABSOLUTE
    ../clib/microlib/longlong.c              0x00000000   Number         0  llshl.o ABSOLUTE
    ../clib/microlib/longlong.c              0x00000000   Number         0  llsshr.o ABSOLUTE
    ../clib/microlib/longlong.c              0x00000000   Number         0  llushr.o ABSOLUTE
    ../clib/microlib/malloc/malloc.c         0x00000000   Number         0  malloc.o ABSOLUTE
    ../clib/microlib/malloc/malloc.c         0x00000000   Number         0  malloca.o ABSOLUTE
    ../clib/microlib/malloc/malloc.c         0x00000000   Number         0  mallocr.o ABSOLUTE
    ../clib/microlib/malloc/malloc.c         0x00000000   Number         0  mallocra.o ABSOLUTE
    ../clib/microlib/malloc/mvars.c          0x00000000   Number         0  mvars.o ABSOLUTE
    ../clib/microlib/printf/printf.c         0x00000000   Number         0  printf7.o ABSOLUTE
    ../clib/microlib/printf/printf.c         0x00000000   Number         0  printfa.o ABSOLUTE
    ../clib/microlib/printf/printf.c         0x00000000   Number         0  printf2.o ABSOLUTE
    ../clib/microlib/printf/printf.c         0x00000000   Number         0  printfb.o ABSOLUTE
    ../clib/microlib/printf/printf.c         0x00000000   Number         0  printf0.o ABSOLUTE
    ../clib/microlib/printf/printf.c         0x00000000   Number         0  printf1.o ABSOLUTE
    ../clib/microlib/printf/printf.c         0x00000000   Number         0  printf5.o ABSOLUTE
    ../clib/microlib/printf/printf.c         0x00000000   Number         0  printf8.o ABSOLUTE
    ../clib/microlib/printf/printf.c         0x00000000   Number         0  printf3.o ABSOLUTE
    ../clib/microlib/printf/printf.c         0x00000000   Number         0  printf4.o ABSOLUTE
    ../clib/microlib/printf/printf.c         0x00000000   Number         0  printf6.o ABSOLUTE
    ../clib/microlib/printf/stubs.s          0x00000000   Number         0  stubs.o ABSOLUTE
    ../clib/microlib/stdio/streams.c         0x00000000   Number         0  stdout.o ABSOLUTE
    ../clib/microlib/stdlib/rand.c           0x00000000   Number         0  rand.o ABSOLUTE
    ../clib/microlib/string/memcmp.c         0x00000000   Number         0  memcmp.o ABSOLUTE
    ../clib/microlib/string/memcpy.c         0x00000000   Number         0  memcpya.o ABSOLUTE
    ../clib/microlib/string/memcpy.c         0x00000000   Number         0  memmovea.o ABSOLUTE
    ../clib/microlib/string/memcpy.c         0x00000000   Number         0  memmoveb.o ABSOLUTE
    ../clib/microlib/string/memcpy.c         0x00000000   Number         0  memcpyb.o ABSOLUTE
    ../clib/microlib/string/memset.c         0x00000000   Number         0  memseta.o ABSOLUTE
    ../clib/microlib/string/strlen.c         0x00000000   Number         0  strlen.o ABSOLUTE
    ../clib/microlib/string/strncmp.c        0x00000000   Number         0  strncmp.o ABSOLUTE
    ../clib/microlib/stubs.s                 0x00000000   Number         0  iusefp.o ABSOLUTE
    ../clib/scanf.c                          0x00000000   Number         0  _strtoul.o ABSOLUTE
    ../clib/scanf.c                          0x00000000   Number         0  _scanf.o ABSOLUTE
    ../clib/scanf.c                          0x00000000   Number         0  _chval.o ABSOLUTE
    ../clib/scanf.c                          0x00000000   Number         0  _scanf_int.o ABSOLUTE
    ../clib/scanf.c                          0x00000000   Number         0  __0sscanf.o ABSOLUTE
    ../clib/scanf.c                          0x00000000   Number         0  atoi.o ABSOLUTE
    ../clib/scanf.c                          0x00000000   Number         0  scanf_char.o ABSOLUTE
    ../clib/scanf.c                          0x00000000   Number         0  _sgetc.o ABSOLUTE
    ../clib/scanf.c                          0x00000000   Number         0  strtol.o ABSOLUTE
    ../fplib/microlib/fpadd.c                0x00000000   Number         0  dadd.o ABSOLUTE
    ../fplib/microlib/fpdiv.c                0x00000000   Number         0  ddiv.o ABSOLUTE
    ../fplib/microlib/fpepilogue.c           0x00000000   Number         0  depilogue.o ABSOLUTE
    ../fplib/microlib/fpfix.c                0x00000000   Number         0  dfixul.o ABSOLUTE
    ../fplib/microlib/fpmul.c                0x00000000   Number         0  dmul.o ABSOLUTE
    ..\Core\Src\main.c                       0x00000000   Number         0  main.o ABSOLUTE
    ..\Core\Src\stm32f4xx_hal_msp.c          0x00000000   Number         0  stm32f4xx_hal_msp.o ABSOLUTE
    ..\Core\Src\stm32f4xx_it.c               0x00000000   Number         0  stm32f4xx_it.o ABSOLUTE
    ..\Core\Src\system_stm32f4xx.c           0x00000000   Number         0  system_stm32f4xx.o ABSOLUTE
    ..\Drivers\STM32F4xx_HAL_Driver\Src\stm32f4xx_hal.c 0x00000000   Number         0  stm32f4xx_hal.o ABSOLUTE
    ..\Drivers\STM32F4xx_HAL_Driver\Src\stm32f4xx_hal_cortex.c 0x00000000   Number         0  stm32f4xx_hal_cortex.o ABSOLUTE
    ..\Drivers\STM32F4xx_HAL_Driver\Src\stm32f4xx_hal_crc.c 0x00000000   Number         0  stm32f4xx_hal_crc.o ABSOLUTE
    ..\Drivers\STM32F4xx_HAL_Driver\Src\stm32f4xx_hal_dma.c 0x00000000   Number         0  stm32f4xx_hal_dma.o ABSOLUTE
    ..\Drivers\STM32F4xx_HAL_Driver\Src\stm32f4xx_hal_dma_ex.c 0x00000000   Number         0  stm32f4xx_hal_dma_ex.o ABSOLUTE
    ..\Drivers\STM32F4xx_HAL_Driver\Src\stm32f4xx_hal_eth.c 0x00000000   Number         0  stm32f4xx_hal_eth.o ABSOLUTE
    ..\Drivers\STM32F4xx_HAL_Driver\Src\stm32f4xx_hal_exti.c 0x00000000   Number         0  stm32f4xx_hal_exti.o ABSOLUTE
    ..\Drivers\STM32F4xx_HAL_Driver\Src\stm32f4xx_hal_flash.c 0x00000000   Number         0  stm32f4xx_hal_flash.o ABSOLUTE
    ..\Drivers\STM32F4xx_HAL_Driver\Src\stm32f4xx_hal_flash_ex.c 0x00000000   Number         0  stm32f4xx_hal_flash_ex.o ABSOLUTE
    ..\Drivers\STM32F4xx_HAL_Driver\Src\stm32f4xx_hal_flash_ramfunc.c 0x00000000   Number         0  stm32f4xx_hal_flash_ramfunc.o ABSOLUTE
    ..\Drivers\STM32F4xx_HAL_Driver\Src\stm32f4xx_hal_gpio.c 0x00000000   Number         0  stm32f4xx_hal_gpio.o ABSOLUTE
    ..\Drivers\STM32F4xx_HAL_Driver\Src\stm32f4xx_hal_iwdg.c 0x00000000   Number         0  stm32f4xx_hal_iwdg.o ABSOLUTE
    ..\Drivers\STM32F4xx_HAL_Driver\Src\stm32f4xx_hal_pwr.c 0x00000000   Number         0  stm32f4xx_hal_pwr.o ABSOLUTE
    ..\Drivers\STM32F4xx_HAL_Driver\Src\stm32f4xx_hal_pwr_ex.c 0x00000000   Number         0  stm32f4xx_hal_pwr_ex.o ABSOLUTE
    ..\Drivers\STM32F4xx_HAL_Driver\Src\stm32f4xx_hal_rcc.c 0x00000000   Number         0  stm32f4xx_hal_rcc.o ABSOLUTE
    ..\Drivers\STM32F4xx_HAL_Driver\Src\stm32f4xx_hal_rcc_ex.c 0x00000000   Number         0  stm32f4xx_hal_rcc_ex.o ABSOLUTE
    ..\Drivers\STM32F4xx_HAL_Driver\Src\stm32f4xx_hal_tim.c 0x00000000   Number         0  stm32f4xx_hal_tim.o ABSOLUTE
    ..\Drivers\STM32F4xx_HAL_Driver\Src\stm32f4xx_hal_tim_ex.c 0x00000000   Number         0  stm32f4xx_hal_tim_ex.o ABSOLUTE
    ..\Drivers\STM32F4xx_HAL_Driver\Src\stm32f4xx_hal_uart.c 0x00000000   Number         0  stm32f4xx_hal_uart.o ABSOLUTE
    ..\Drivers\STM32F4xx_HAL_Driver\Src\stm32f4xx_hal_wwdg.c 0x00000000   Number         0  stm32f4xx_hal_wwdg.o ABSOLUTE
    ..\LWIP\App\lwip.c                       0x00000000   Number         0  lwip.o ABSOLUTE
    ..\LWIP\Target\ethernetif.c              0x00000000   Number         0  ethernetif.o ABSOLUTE
    ..\Middlewares\Third_Party\LwIP\src\api\api_lib.c 0x00000000   Number         0  api_lib.o ABSOLUTE
    ..\Middlewares\Third_Party\LwIP\src\api\api_msg.c 0x00000000   Number         0  api_msg.o ABSOLUTE
    ..\Middlewares\Third_Party\LwIP\src\api\err.c 0x00000000   Number         0  err.o ABSOLUTE
    ..\Middlewares\Third_Party\LwIP\src\api\if_api.c 0x00000000   Number         0  if_api.o ABSOLUTE
    ..\Middlewares\Third_Party\LwIP\src\api\netbuf.c 0x00000000   Number         0  netbuf.o ABSOLUTE
    ..\Middlewares\Third_Party\LwIP\src\api\netdb.c 0x00000000   Number         0  netdb.o ABSOLUTE
    ..\Middlewares\Third_Party\LwIP\src\api\netifapi.c 0x00000000   Number         0  netifapi.o ABSOLUTE
    ..\Middlewares\Third_Party\LwIP\src\api\sockets.c 0x00000000   Number         0  sockets.o ABSOLUTE
    ..\Middlewares\Third_Party\LwIP\src\api\tcpip.c 0x00000000   Number         0  tcpip.o ABSOLUTE
    ..\Middlewares\Third_Party\LwIP\src\apps\mqtt\mqtt.c 0x00000000   Number         0  mqtt.o ABSOLUTE
    ..\Middlewares\Third_Party\LwIP\src\core\altcp.c 0x00000000   Number         0  altcp.o ABSOLUTE
    ..\Middlewares\Third_Party\LwIP\src\core\altcp_alloc.c 0x00000000   Number         0  altcp_alloc.o ABSOLUTE
    ..\Middlewares\Third_Party\LwIP\src\core\altcp_tcp.c 0x00000000   Number         0  altcp_tcp.o ABSOLUTE
    ..\Middlewares\Third_Party\LwIP\src\core\def.c 0x00000000   Number         0  def.o ABSOLUTE
    ..\Middlewares\Third_Party\LwIP\src\core\dns.c 0x00000000   Number         0  dns.o ABSOLUTE
    ..\Middlewares\Third_Party\LwIP\src\core\inet_chksum.c 0x00000000   Number         0  inet_chksum.o ABSOLUTE
    ..\Middlewares\Third_Party\LwIP\src\core\init.c 0x00000000   Number         0  init.o ABSOLUTE
    ..\Middlewares\Third_Party\LwIP\src\core\ip.c 0x00000000   Number         0  ip.o ABSOLUTE
    ..\Middlewares\Third_Party\LwIP\src\core\ipv4\autoip.c 0x00000000   Number         0  autoip.o ABSOLUTE
    ..\Middlewares\Third_Party\LwIP\src\core\ipv4\dhcp.c 0x00000000   Number         0  dhcp.o ABSOLUTE
    ..\Middlewares\Third_Party\LwIP\src\core\ipv4\etharp.c 0x00000000   Number         0  etharp.o ABSOLUTE
    ..\Middlewares\Third_Party\LwIP\src\core\ipv4\icmp.c 0x00000000   Number         0  icmp.o ABSOLUTE
    ..\Middlewares\Third_Party\LwIP\src\core\ipv4\igmp.c 0x00000000   Number         0  igmp.o ABSOLUTE
    ..\Middlewares\Third_Party\LwIP\src\core\ipv4\ip4.c 0x00000000   Number         0  ip4.o ABSOLUTE
    ..\Middlewares\Third_Party\LwIP\src\core\ipv4\ip4_addr.c 0x00000000   Number         0  ip4_addr.o ABSOLUTE
    ..\Middlewares\Third_Party\LwIP\src\core\ipv4\ip4_frag.c 0x00000000   Number         0  ip4_frag.o ABSOLUTE
    ..\Middlewares\Third_Party\LwIP\src\core\ipv6\dhcp6.c 0x00000000   Number         0  dhcp6.o ABSOLUTE
    ..\Middlewares\Third_Party\LwIP\src\core\ipv6\ethip6.c 0x00000000   Number         0  ethip6.o ABSOLUTE
    ..\Middlewares\Third_Party\LwIP\src\core\ipv6\icmp6.c 0x00000000   Number         0  icmp6.o ABSOLUTE
    ..\Middlewares\Third_Party\LwIP\src\core\ipv6\inet6.c 0x00000000   Number         0  inet6.o ABSOLUTE
    ..\Middlewares\Third_Party\LwIP\src\core\ipv6\ip6.c 0x00000000   Number         0  ip6.o ABSOLUTE
    ..\Middlewares\Third_Party\LwIP\src\core\ipv6\ip6_addr.c 0x00000000   Number         0  ip6_addr.o ABSOLUTE
    ..\Middlewares\Third_Party\LwIP\src\core\ipv6\ip6_frag.c 0x00000000   Number         0  ip6_frag.o ABSOLUTE
    ..\Middlewares\Third_Party\LwIP\src\core\ipv6\mld6.c 0x00000000   Number         0  mld6.o ABSOLUTE
    ..\Middlewares\Third_Party\LwIP\src\core\ipv6\nd6.c 0x00000000   Number         0  nd6.o ABSOLUTE
    ..\Middlewares\Third_Party\LwIP\src\core\mem.c 0x00000000   Number         0  mem.o ABSOLUTE
    ..\Middlewares\Third_Party\LwIP\src\core\memp.c 0x00000000   Number         0  memp.o ABSOLUTE
    ..\Middlewares\Third_Party\LwIP\src\core\netif.c 0x00000000   Number         0  netif.o ABSOLUTE
    ..\Middlewares\Third_Party\LwIP\src\core\pbuf.c 0x00000000   Number         0  pbuf.o ABSOLUTE
    ..\Middlewares\Third_Party\LwIP\src\core\raw.c 0x00000000   Number         0  raw.o ABSOLUTE
    ..\Middlewares\Third_Party\LwIP\src\core\stats.c 0x00000000   Number         0  stats.o ABSOLUTE
    ..\Middlewares\Third_Party\LwIP\src\core\sys.c 0x00000000   Number         0  sys.o ABSOLUTE
    ..\Middlewares\Third_Party\LwIP\src\core\tcp.c 0x00000000   Number         0  tcp.o ABSOLUTE
    ..\Middlewares\Third_Party\LwIP\src\core\tcp_in.c 0x00000000   Number         0  tcp_in.o ABSOLUTE
    ..\Middlewares\Third_Party\LwIP\src\core\tcp_out.c 0x00000000   Number         0  tcp_out.o ABSOLUTE
    ..\Middlewares\Third_Party\LwIP\src\core\timeouts.c 0x00000000   Number         0  timeouts.o ABSOLUTE
    ..\Middlewares\Third_Party\LwIP\src\core\udp.c 0x00000000   Number         0  udp.o ABSOLUTE
    ..\Middlewares\Third_Party\LwIP\src\netif\bridgeif.c 0x00000000   Number         0  bridgeif.o ABSOLUTE
    ..\Middlewares\Third_Party\LwIP\src\netif\bridgeif_fdb.c 0x00000000   Number         0  bridgeif_fdb.o ABSOLUTE
    ..\Middlewares\Third_Party\LwIP\src\netif\ethernet.c 0x00000000   Number         0  ethernet.o ABSOLUTE
    ..\Middlewares\Third_Party\LwIP\src\netif\lowpan6.c 0x00000000   Number         0  lowpan6.o ABSOLUTE
    ..\Middlewares\Third_Party\LwIP\src\netif\lowpan6_ble.c 0x00000000   Number         0  lowpan6_ble.o ABSOLUTE
    ..\Middlewares\Third_Party\LwIP\src\netif\lowpan6_common.c 0x00000000   Number         0  lowpan6_common.o ABSOLUTE
    ..\Middlewares\Third_Party\LwIP\src\netif\ppp\auth.c 0x00000000   Number         0  auth.o ABSOLUTE
    ..\Middlewares\Third_Party\LwIP\src\netif\ppp\ccp.c 0x00000000   Number         0  ccp.o ABSOLUTE
    ..\Middlewares\Third_Party\LwIP\src\netif\ppp\chap-md5.c 0x00000000   Number         0  chap-md5.o ABSOLUTE
    ..\Middlewares\Third_Party\LwIP\src\netif\ppp\chap-new.c 0x00000000   Number         0  chap-new.o ABSOLUTE
    ..\Middlewares\Third_Party\LwIP\src\netif\ppp\chap_ms.c 0x00000000   Number         0  chap_ms.o ABSOLUTE
    ..\Middlewares\Third_Party\LwIP\src\netif\ppp\demand.c 0x00000000   Number         0  demand.o ABSOLUTE
    ..\Middlewares\Third_Party\LwIP\src\netif\ppp\eap.c 0x00000000   Number         0  eap.o ABSOLUTE
    ..\Middlewares\Third_Party\LwIP\src\netif\ppp\ecp.c 0x00000000   Number         0  ecp.o ABSOLUTE
    ..\Middlewares\Third_Party\LwIP\src\netif\ppp\eui64.c 0x00000000   Number         0  eui64.o ABSOLUTE
    ..\Middlewares\Third_Party\LwIP\src\netif\ppp\fsm.c 0x00000000   Number         0  fsm.o ABSOLUTE
    ..\Middlewares\Third_Party\LwIP\src\netif\ppp\ipcp.c 0x00000000   Number         0  ipcp.o ABSOLUTE
    ..\Middlewares\Third_Party\LwIP\src\netif\ppp\ipv6cp.c 0x00000000   Number         0  ipv6cp.o ABSOLUTE
    ..\Middlewares\Third_Party\LwIP\src\netif\ppp\lcp.c 0x00000000   Number         0  lcp.o ABSOLUTE
    ..\Middlewares\Third_Party\LwIP\src\netif\ppp\magic.c 0x00000000   Number         0  magic.o ABSOLUTE
    ..\Middlewares\Third_Party\LwIP\src\netif\ppp\mppe.c 0x00000000   Number         0  mppe.o ABSOLUTE
    ..\Middlewares\Third_Party\LwIP\src\netif\ppp\multilink.c 0x00000000   Number         0  multilink.o ABSOLUTE
    ..\Middlewares\Third_Party\LwIP\src\netif\ppp\ppp.c 0x00000000   Number         0  ppp.o ABSOLUTE
    ..\Middlewares\Third_Party\LwIP\src\netif\ppp\pppapi.c 0x00000000   Number         0  pppapi.o ABSOLUTE
    ..\Middlewares\Third_Party\LwIP\src\netif\ppp\pppcrypt.c 0x00000000   Number         0  pppcrypt.o ABSOLUTE
    ..\Middlewares\Third_Party\LwIP\src\netif\ppp\pppoe.c 0x00000000   Number         0  pppoe.o ABSOLUTE
    ..\Middlewares\Third_Party\LwIP\src\netif\ppp\pppol2tp.c 0x00000000   Number         0  pppol2tp.o ABSOLUTE
    ..\Middlewares\Third_Party\LwIP\src\netif\ppp\pppos.c 0x00000000   Number         0  pppos.o ABSOLUTE
    ..\Middlewares\Third_Party\LwIP\src\netif\ppp\upap.c 0x00000000   Number         0  upap.o ABSOLUTE
    ..\Middlewares\Third_Party\LwIP\src\netif\ppp\utils.c 0x00000000   Number         0  utils.o ABSOLUTE
    ..\Middlewares\Third_Party\LwIP\src\netif\ppp\vj.c 0x00000000   Number         0  vj.o ABSOLUTE
    ..\Middlewares\Third_Party\LwIP\src\netif\slipif.c 0x00000000   Number         0  slipif.o ABSOLUTE
    ..\Middlewares\Third_Party\LwIP\src\netif\zepif.c 0x00000000   Number         0  zepif.o ABSOLUTE
    ..\User\Business_Logic_Layer\ota_business.c 0x00000000   Number         0  ota_business.o ABSOLUTE
    ..\User\Hardware_Driver_Layer\base_function.c 0x00000000   Number         0  base_function.o ABSOLUTE
    ..\User\Hardware_Driver_Layer\basetimer_driver.c 0x00000000   Number         0  basetimer_driver.o ABSOLUTE
    ..\User\Hardware_Driver_Layer\bootloader.c 0x00000000   Number         0  bootloader.o ABSOLUTE
    ..\User\Hardware_Driver_Layer\crc_driver.c 0x00000000   Number         0  crc_driver.o ABSOLUTE
    ..\User\Hardware_Driver_Layer\flash_diver.c 0x00000000   Number         0  flash_diver.o ABSOLUTE
    ..\User\Hardware_Driver_Layer\iwdg_driver.c 0x00000000   Number         0  iwdg_driver.o ABSOLUTE
    ..\User\Hardware_Driver_Layer\led_driver.c 0x00000000   Number         0  led_driver.o ABSOLUTE
    ..\User\Hardware_Driver_Layer\pwm_driver.c 0x00000000   Number         0  pwm_driver.o ABSOLUTE
    ..\User\Hardware_Driver_Layer\tcp_driver.c 0x00000000   Number         0  tcp_driver.o ABSOLUTE
    ..\User\Hardware_Driver_Layer\uart3_driver.c 0x00000000   Number         0  uart3_driver.o ABSOLUTE
    ..\User\Hardware_Driver_Layer\uart_debug_driver.c 0x00000000   Number         0  uart_debug_driver.o ABSOLUTE
    ..\User\Hardware_Driver_Layer\uart_msp_init.c 0x00000000   Number         0  uart_msp_init.o ABSOLUTE
    ..\User\Hardware_Driver_Layer\wwdg_driver.c 0x00000000   Number         0  wwdg_driver.o ABSOLUTE
    ..\\Drivers\\STM32F4xx_HAL_Driver\\Src\\stm32f4xx_hal_crc.c 0x00000000   Number         0  stm32f4xx_hal_crc.o ABSOLUTE
    ..\\Drivers\\STM32F4xx_HAL_Driver\\Src\\stm32f4xx_hal_iwdg.c 0x00000000   Number         0  stm32f4xx_hal_iwdg.o ABSOLUTE
    ..\\Drivers\\STM32F4xx_HAL_Driver\\Src\\stm32f4xx_hal_wwdg.c 0x00000000   Number         0  stm32f4xx_hal_wwdg.o ABSOLUTE
    ..\\User\\Business_Logic_Layer\\ota_business.c 0x00000000   Number         0  ota_business.o ABSOLUTE
    ..\\User\\Hardware_Driver_Layer\\base_function.c 0x00000000   Number         0  base_function.o ABSOLUTE
    ..\\User\\Hardware_Driver_Layer\\basetimer_driver.c 0x00000000   Number         0  basetimer_driver.o ABSOLUTE
    ..\\User\\Hardware_Driver_Layer\\bootloader.c 0x00000000   Number         0  bootloader.o ABSOLUTE
    ..\\User\\Hardware_Driver_Layer\\crc_driver.c 0x00000000   Number         0  crc_driver.o ABSOLUTE
    ..\\User\\Hardware_Driver_Layer\\flash_diver.c 0x00000000   Number         0  flash_diver.o ABSOLUTE
    ..\\User\\Hardware_Driver_Layer\\iwdg_driver.c 0x00000000   Number         0  iwdg_driver.o ABSOLUTE
    ..\\User\\Hardware_Driver_Layer\\led_driver.c 0x00000000   Number         0  led_driver.o ABSOLUTE
    ..\\User\\Hardware_Driver_Layer\\pwm_driver.c 0x00000000   Number         0  pwm_driver.o ABSOLUTE
    ..\\User\\Hardware_Driver_Layer\\tcp_driver.c 0x00000000   Number         0  tcp_driver.o ABSOLUTE
    ..\\User\\Hardware_Driver_Layer\\uart3_driver.c 0x00000000   Number         0  uart3_driver.o ABSOLUTE
    ..\\User\\Hardware_Driver_Layer\\uart_debug_driver.c 0x00000000   Number         0  uart_debug_driver.o ABSOLUTE
    ..\\User\\Hardware_Driver_Layer\\uart_msp_init.c 0x00000000   Number         0  uart_msp_init.o ABSOLUTE
    ..\\User\\Hardware_Driver_Layer\\wwdg_driver.c 0x00000000   Number         0  wwdg_driver.o ABSOLUTE
    cdrcmple.s                               0x00000000   Number         0  cdrcmple.o ABSOLUTE
    dc.s                                     0x00000000   Number         0  dc.o ABSOLUTE
    handlers.s                               0x00000000   Number         0  handlers.o ABSOLUTE
    init.s                                   0x00000000   Number         0  init.o ABSOLUTE
    startup_stm32f407xx.s                    0x00000000   Number         0  startup_stm32f407xx.o ABSOLUTE
    RESET                                    0x08000000   Section      392  startup_stm32f407xx.o(RESET)
    .ARM.Collect$$$$00000000                 0x08000188   Section        0  entry.o(.ARM.Collect$$$$00000000)
    .ARM.Collect$$$$00000001                 0x08000188   Section        4  entry2.o(.ARM.Collect$$$$00000001)
    .ARM.Collect$$$$00000004                 0x0800018c   Section        4  entry5.o(.ARM.Collect$$$$00000004)
    .ARM.Collect$$$$00000008                 0x08000190   Section        0  entry7b.o(.ARM.Collect$$$$00000008)
    .ARM.Collect$$$$0000000A                 0x08000190   Section        0  entry8b.o(.ARM.Collect$$$$0000000A)
    .ARM.Collect$$$$0000000B                 0x08000190   Section        8  entry9a.o(.ARM.Collect$$$$0000000B)
    .ARM.Collect$$$$0000000E                 0x08000198   Section        4  entry12b.o(.ARM.Collect$$$$0000000E)
    .ARM.Collect$$$$0000000F                 0x0800019c   Section        0  entry10a.o(.ARM.Collect$$$$0000000F)
    .ARM.Collect$$$$00000011                 0x0800019c   Section        0  entry11a.o(.ARM.Collect$$$$00000011)
    .ARM.Collect$$$$00002712                 0x0800019c   Section        4  entry2.o(.ARM.Collect$$$$00002712)
    __lit__00000000                          0x0800019c   Data           4  entry2.o(.ARM.Collect$$$$00002712)
    .text                                    0x080001a0   Section       36  startup_stm32f407xx.o(.text)
    $v0                                      0x080001a0   Number         0  startup_stm32f407xx.o(.text)
    .text                                    0x080001c4   Section        0  uldiv.o(.text)
    .text                                    0x08000226   Section        0  llushr.o(.text)
    .text                                    0x08000246   Section        0  memmovea.o(.text)
    .text                                    0x08000286   Section        0  memseta.o(.text)
    .text                                    0x080002aa   Section        0  uidiv.o(.text)
    .text                                    0x080002d6   Section        0  llshl.o(.text)
    .text                                    0x080002f4   Section        0  iusefp.o(.text)
    .text                                    0x080002f4   Section        0  dadd.o(.text)
    .text                                    0x08000442   Section        0  dmul.o(.text)
    .text                                    0x08000526   Section        0  ddiv.o(.text)
    .text                                    0x08000604   Section        0  dfixul.o(.text)
    .text                                    0x08000634   Section       48  cdrcmple.o(.text)
    .text                                    0x08000664   Section       36  init.o(.text)
    .text                                    0x08000688   Section        0  llsshr.o(.text)
    .text                                    0x080006ac   Section        0  depilogue.o(.text)
    i.BusFault_Handler                       0x08000766   Section        0  stm32f4xx_it.o(i.BusFault_Handler)
    i.DMA1_Stream1_IRQHandler                0x08000768   Section        0  uart3_driver.o(i.DMA1_Stream1_IRQHandler)
    i.DMA1_Stream3_IRQHandler                0x0800079c   Section        0  uart3_driver.o(i.DMA1_Stream3_IRQHandler)
    i.DMA2_Stream5_IRQHandler                0x080007a8   Section        0  uart_debug_driver.o(i.DMA2_Stream5_IRQHandler)
    i.DMA2_Stream7_IRQHandler                0x080007c4   Section        0  uart_debug_driver.o(i.DMA2_Stream7_IRQHandler)
    i.DMA_CalcBaseAndBitshift                0x080007d0   Section        0  stm32f4xx_hal_dma.o(i.DMA_CalcBaseAndBitshift)
    DMA_CalcBaseAndBitshift                  0x080007d1   Thumb Code    34  stm32f4xx_hal_dma.o(i.DMA_CalcBaseAndBitshift)
    i.DMA_CheckFifoParam                     0x080007f8   Section        0  stm32f4xx_hal_dma.o(i.DMA_CheckFifoParam)
    DMA_CheckFifoParam                       0x080007f9   Thumb Code    84  stm32f4xx_hal_dma.o(i.DMA_CheckFifoParam)
    i.DMA_SetConfig                          0x0800084c   Section        0  stm32f4xx_hal_dma.o(i.DMA_SetConfig)
    DMA_SetConfig                            0x0800084d   Thumb Code    40  stm32f4xx_hal_dma.o(i.DMA_SetConfig)
    i.DMA_Sprintf                            0x08000874   Section        0  uart_debug_driver.o(i.DMA_Sprintf)
    i.DMA_Sprintf_ISR                        0x08000908   Section        0  uart_debug_driver.o(i.DMA_Sprintf_ISR)
    i.DMA_Sprintf_String                     0x08000a04   Section        0  uart_debug_driver.o(i.DMA_Sprintf_String)
    i.DMA_UART1_Buff_ckeck                   0x08000a68   Section        0  uart_debug_driver.o(i.DMA_UART1_Buff_ckeck)
    i.DMA_UART_Debug_Driver_Init             0x08000ab4   Section        0  uart_debug_driver.o(i.DMA_UART_Debug_Driver_Init)
    i.Data_Buff_Queue_Init                   0x08000b88   Section        0  base_function.o(i.Data_Buff_Queue_Init)
    i.DebugMon_Handler                       0x08000bf0   Section        0  stm32f4xx_it.o(i.DebugMon_Handler)
    i.ETH_IRQHandler                         0x08000bf4   Section        0  stm32f4xx_it.o(i.ETH_IRQHandler)
    i.ETH_WKUP_IRQHandler                    0x08000c00   Section        0  stm32f4xx_it.o(i.ETH_WKUP_IRQHandler)
    i.Error_Handler                          0x08000c0c   Section        0  main.o(i.Error_Handler)
    i.HAL_DMA_Abort                          0x08000c10   Section        0  stm32f4xx_hal_dma.o(i.HAL_DMA_Abort)
    i.HAL_DMA_Abort_IT                       0x08000ca2   Section        0  stm32f4xx_hal_dma.o(i.HAL_DMA_Abort_IT)
    i.HAL_DMA_IRQHandler                     0x08000cc8   Section        0  stm32f4xx_hal_dma.o(i.HAL_DMA_IRQHandler)
    i.HAL_DMA_Init                           0x08000e68   Section        0  stm32f4xx_hal_dma.o(i.HAL_DMA_Init)
    i.HAL_DMA_Start_IT                       0x08000f3c   Section        0  stm32f4xx_hal_dma.o(i.HAL_DMA_Start_IT)
    i.HAL_Delay                              0x08000fac   Section        0  stm32f4xx_hal.o(i.HAL_Delay)
    i.HAL_ETH_ErrorCallback                  0x08001004   Section        0  stm32f4xx_hal_eth.o(i.HAL_ETH_ErrorCallback)
    i.HAL_ETH_IRQHandler                     0x08001008   Section        0  stm32f4xx_hal_eth.o(i.HAL_ETH_IRQHandler)
    i.HAL_ETH_PMTCallback                    0x080010d8   Section        0  stm32f4xx_hal_eth.o(i.HAL_ETH_PMTCallback)
    i.HAL_ETH_RxCpltCallback                 0x080010da   Section        0  stm32f4xx_hal_eth.o(i.HAL_ETH_RxCpltCallback)
    i.HAL_ETH_TxCpltCallback                 0x080010dc   Section        0  stm32f4xx_hal_eth.o(i.HAL_ETH_TxCpltCallback)
    i.HAL_ETH_WakeUpCallback                 0x080010de   Section        0  stm32f4xx_hal_eth.o(i.HAL_ETH_WakeUpCallback)
    i.HAL_GPIO_Init                          0x080010e0   Section        0  stm32f4xx_hal_gpio.o(i.HAL_GPIO_Init)
    i.HAL_GPIO_TogglePin                     0x080012d0   Section        0  stm32f4xx_hal_gpio.o(i.HAL_GPIO_TogglePin)
    i.HAL_GPIO_WritePin                      0x080012e0   Section        0  stm32f4xx_hal_gpio.o(i.HAL_GPIO_WritePin)
    i.HAL_GetTick                            0x080012ec   Section        0  stm32f4xx_hal.o(i.HAL_GetTick)
    i.HAL_IncTick                            0x080012f8   Section        0  stm32f4xx_hal.o(i.HAL_IncTick)
    i.HAL_Init                               0x08001308   Section        0  stm32f4xx_hal.o(i.HAL_Init)
    i.HAL_InitTick                           0x0800133c   Section        0  stm32f4xx_hal.o(i.HAL_InitTick)
    i.HAL_MspInit                            0x0800137c   Section        0  stm32f4xx_hal_msp.o(i.HAL_MspInit)
    i.HAL_NVIC_EnableIRQ                     0x080013ac   Section        0  stm32f4xx_hal_cortex.o(i.HAL_NVIC_EnableIRQ)
    i.HAL_NVIC_SetPriority                   0x080013c8   Section        0  stm32f4xx_hal_cortex.o(i.HAL_NVIC_SetPriority)
    i.HAL_NVIC_SetPriorityGrouping           0x08001408   Section        0  stm32f4xx_hal_cortex.o(i.HAL_NVIC_SetPriorityGrouping)
    i.HAL_RCC_ClockConfig                    0x0800142c   Section        0  stm32f4xx_hal_rcc.o(i.HAL_RCC_ClockConfig)
    i.HAL_RCC_GetPCLK1Freq                   0x08001560   Section        0  stm32f4xx_hal_rcc.o(i.HAL_RCC_GetPCLK1Freq)
    i.HAL_RCC_GetPCLK2Freq                   0x08001580   Section        0  stm32f4xx_hal_rcc.o(i.HAL_RCC_GetPCLK2Freq)
    i.HAL_RCC_GetSysClockFreq                0x080015a0   Section        0  stm32f4xx_hal_rcc.o(i.HAL_RCC_GetSysClockFreq)
    i.HAL_RCC_OscConfig                      0x08001600   Section        0  stm32f4xx_hal_rcc.o(i.HAL_RCC_OscConfig)
    i.HAL_SYSTICK_Config                     0x0800196c   Section        0  stm32f4xx_hal_cortex.o(i.HAL_SYSTICK_Config)
    i.HAL_UARTEx_RxEventCallback             0x08001994   Section        0  stm32f4xx_hal_uart.o(i.HAL_UARTEx_RxEventCallback)
    i.HAL_UART_DMAStop                       0x08001996   Section        0  stm32f4xx_hal_uart.o(i.HAL_UART_DMAStop)
    i.HAL_UART_ErrorCallback                 0x08001a06   Section        0  stm32f4xx_hal_uart.o(i.HAL_UART_ErrorCallback)
    i.HAL_UART_IRQHandler                    0x08001a08   Section        0  stm32f4xx_hal_uart.o(i.HAL_UART_IRQHandler)
    i.HAL_UART_Init                          0x08001c78   Section        0  stm32f4xx_hal_uart.o(i.HAL_UART_Init)
    i.HAL_UART_MspInit                       0x08001cdc   Section        0  uart_msp_init.o(i.HAL_UART_MspInit)
    i.HAL_UART_Receive                       0x08001d8c   Section        0  stm32f4xx_hal_uart.o(i.HAL_UART_Receive)
    i.HAL_UART_Receive_DMA                   0x08001e3c   Section        0  stm32f4xx_hal_uart.o(i.HAL_UART_Receive_DMA)
    i.HAL_UART_RxCpltCallback                0x08001e58   Section        0  stm32f4xx_hal_uart.o(i.HAL_UART_RxCpltCallback)
    i.HAL_UART_RxHalfCpltCallback            0x08001e5a   Section        0  stm32f4xx_hal_uart.o(i.HAL_UART_RxHalfCpltCallback)
    i.HAL_UART_Transmit_DMA                  0x08001e5c   Section        0  stm32f4xx_hal_uart.o(i.HAL_UART_Transmit_DMA)
    i.HAL_UART_TxCpltCallback                0x08001ed4   Section        0  stm32f4xx_hal_uart.o(i.HAL_UART_TxCpltCallback)
    i.HAL_UART_TxHalfCpltCallback            0x08001ed6   Section        0  stm32f4xx_hal_uart.o(i.HAL_UART_TxHalfCpltCallback)
    i.HardFault_Handler                      0x08001ed8   Section        0  stm32f4xx_it.o(i.HardFault_Handler)
    i.LED_Driver_Check                       0x08001eda   Section        0  led_driver.o(i.LED_Driver_Check)
    i.LED_Driver_Init                        0x08001f2c   Section        0  led_driver.o(i.LED_Driver_Init)
    i.LED_Driver_OFF                         0x08001f84   Section        0  led_driver.o(i.LED_Driver_OFF)
    i.LED_Driver_ON                          0x08001fa4   Section        0  led_driver.o(i.LED_Driver_ON)
    i.LED_Driver_Turn                        0x08001fc4   Section        0  led_driver.o(i.LED_Driver_Turn)
    i.MemManage_Handler                      0x08001fe0   Section        0  stm32f4xx_it.o(i.MemManage_Handler)
    i.NMI_Handler                            0x08001fe2   Section        0  stm32f4xx_it.o(i.NMI_Handler)
    i.PendSV_Handler                         0x08001fe4   Section        0  stm32f4xx_it.o(i.PendSV_Handler)
    i.SVC_Handler                            0x08001fe6   Section        0  stm32f4xx_it.o(i.SVC_Handler)
    i.SysTick_Handler                        0x08001fe8   Section        0  stm32f4xx_it.o(i.SysTick_Handler)
    i.SystemClock_Config                     0x08001ff8   Section        0  main.o(i.SystemClock_Config)
    i.SystemInit                             0x0800208c   Section        0  system_stm32f4xx.o(i.SystemInit)
    i.TIM7_IRQHandler                        0x080020a8   Section        0  basetimer_driver.o(i.TIM7_IRQHandler)
    i.UART1_Driver_Init                      0x080020cc   Section        0  uart_debug_driver.o(i.UART1_Driver_Init)
    UART1_Driver_Init                        0x080020cd   Thumb Code    60  uart_debug_driver.o(i.UART1_Driver_Init)
    i.UART3_DMA_Driver_Init                  0x08002110   Section        0  uart3_driver.o(i.UART3_DMA_Driver_Init)
    i.UART3_Driver_Init                      0x080021d8   Section        0  uart3_driver.o(i.UART3_Driver_Init)
    i.UART3_Receive_Data_Wait                0x0800222c   Section        0  uart3_driver.o(i.UART3_Receive_Data_Wait)
    i.UART3_Send_Hex_Data                    0x0800224c   Section        0  uart3_driver.o(i.UART3_Send_Hex_Data)
    i.UART_DMAAbortOnError                   0x0800225c   Section        0  stm32f4xx_hal_uart.o(i.UART_DMAAbortOnError)
    UART_DMAAbortOnError                     0x0800225d   Thumb Code    16  stm32f4xx_hal_uart.o(i.UART_DMAAbortOnError)
    i.UART_DMAError                          0x0800226c   Section        0  stm32f4xx_hal_uart.o(i.UART_DMAError)
    UART_DMAError                            0x0800226d   Thumb Code    74  stm32f4xx_hal_uart.o(i.UART_DMAError)
    i.UART_DMAReceiveCplt                    0x080022b6   Section        0  stm32f4xx_hal_uart.o(i.UART_DMAReceiveCplt)
    UART_DMAReceiveCplt                      0x080022b7   Thumb Code   134  stm32f4xx_hal_uart.o(i.UART_DMAReceiveCplt)
    i.UART_DMARxHalfCplt                     0x0800233c   Section        0  stm32f4xx_hal_uart.o(i.UART_DMARxHalfCplt)
    UART_DMARxHalfCplt                       0x0800233d   Thumb Code    30  stm32f4xx_hal_uart.o(i.UART_DMARxHalfCplt)
    i.UART_DMATransmitCplt                   0x0800235a   Section        0  stm32f4xx_hal_uart.o(i.UART_DMATransmitCplt)
    UART_DMATransmitCplt                     0x0800235b   Thumb Code    66  stm32f4xx_hal_uart.o(i.UART_DMATransmitCplt)
    i.UART_DMATxHalfCplt                     0x0800239c   Section        0  stm32f4xx_hal_uart.o(i.UART_DMATxHalfCplt)
    UART_DMATxHalfCplt                       0x0800239d   Thumb Code    10  stm32f4xx_hal_uart.o(i.UART_DMATxHalfCplt)
    i.UART_EndRxTransfer                     0x080023a6   Section        0  stm32f4xx_hal_uart.o(i.UART_EndRxTransfer)
    UART_EndRxTransfer                       0x080023a7   Thumb Code    78  stm32f4xx_hal_uart.o(i.UART_EndRxTransfer)
    i.UART_EndTxTransfer                     0x080023f4   Section        0  stm32f4xx_hal_uart.o(i.UART_EndTxTransfer)
    UART_EndTxTransfer                       0x080023f5   Thumb Code    28  stm32f4xx_hal_uart.o(i.UART_EndTxTransfer)
    i.UART_Receive_IT                        0x08002410   Section        0  stm32f4xx_hal_uart.o(i.UART_Receive_IT)
    UART_Receive_IT                          0x08002411   Thumb Code   194  stm32f4xx_hal_uart.o(i.UART_Receive_IT)
    i.UART_SetConfig                         0x080024d4   Section        0  stm32f4xx_hal_uart.o(i.UART_SetConfig)
    UART_SetConfig                           0x080024d5   Thumb Code   258  stm32f4xx_hal_uart.o(i.UART_SetConfig)
    i.UART_Start_Receive_DMA                 0x080025e0   Section        0  stm32f4xx_hal_uart.o(i.UART_Start_Receive_DMA)
    i.UART_WaitOnFlagUntilTimeout            0x08002670   Section        0  stm32f4xx_hal_uart.o(i.UART_WaitOnFlagUntilTimeout)
    UART_WaitOnFlagUntilTimeout              0x08002671   Thumb Code   114  stm32f4xx_hal_uart.o(i.UART_WaitOnFlagUntilTimeout)
    i.USART1_IRQHandler                      0x080026e4   Section        0  uart_debug_driver.o(i.USART1_IRQHandler)
    i.USART3_IRQHandler                      0x08002768   Section        0  uart3_driver.o(i.USART3_IRQHandler)
    i.UsageFault_Handler                     0x08002788   Section        0  stm32f4xx_it.o(i.UsageFault_Handler)
    i.__0printf                              0x0800278c   Section        0  printfa.o(i.__0printf)
    i.__0vsnprintf                           0x080027ac   Section        0  printfa.o(i.__0vsnprintf)
    i.__NVIC_SetPriority                     0x080027e0   Section        0  stm32f4xx_hal_cortex.o(i.__NVIC_SetPriority)
    __NVIC_SetPriority                       0x080027e1   Thumb Code    32  stm32f4xx_hal_cortex.o(i.__NVIC_SetPriority)
    i.__scatterload_copy                     0x08002800   Section       14  handlers.o(i.__scatterload_copy)
    i.__scatterload_null                     0x0800280e   Section        2  handlers.o(i.__scatterload_null)
    i.__scatterload_zeroinit                 0x08002810   Section       14  handlers.o(i.__scatterload_zeroinit)
    i._fp_digits                             0x08002820   Section        0  printfa.o(i._fp_digits)
    _fp_digits                               0x08002821   Thumb Code   366  printfa.o(i._fp_digits)
    i._printf_core                           0x080029a4   Section        0  printfa.o(i._printf_core)
    _printf_core                             0x080029a5   Thumb Code  1704  printfa.o(i._printf_core)
    i._printf_post_padding                   0x08003058   Section        0  printfa.o(i._printf_post_padding)
    _printf_post_padding                     0x08003059   Thumb Code    36  printfa.o(i._printf_post_padding)
    i._printf_pre_padding                    0x0800307c   Section        0  printfa.o(i._printf_pre_padding)
    _printf_pre_padding                      0x0800307d   Thumb Code    46  printfa.o(i._printf_pre_padding)
    i._snputc                                0x080030aa   Section        0  printfa.o(i._snputc)
    _snputc                                  0x080030ab   Thumb Code    22  printfa.o(i._snputc)
    i.fputc                                  0x080030c0   Section        0  uart_debug_driver.o(i.fputc)
    i.main                                   0x080030d4   Section        0  main.o(i.main)
    i.malloc                                 0x08003220   Section        0  malloc.o(i.malloc)
    .constdata                               0x0800328c   Section        8  stm32f4xx_hal_dma.o(.constdata)
    flagBitshiftOffset                       0x0800328c   Data           8  stm32f4xx_hal_dma.o(.constdata)
    .constdata                               0x08003294   Section       16  system_stm32f4xx.o(.constdata)
    .constdata                               0x080032a4   Section        8  system_stm32f4xx.o(.constdata)
    .data                                    0x20000000   Section       12  stm32f4xx_hal.o(.data)
    .data                                    0x2000000c   Section        4  system_stm32f4xx.o(.data)
    .data                                    0x20000010   Section        4  basetimer_driver.o(.data)
    .data                                    0x20000014   Section        1  wwdg_driver.o(.data)
    .data                                    0x20000018   Section       12  uart_debug_driver.o(.data)
    format_len                               0x2000001c   Data           4  uart_debug_driver.o(.data)
    format_len                               0x20000020   Data           4  uart_debug_driver.o(.data)
    .data                                    0x20000024   Section        4  stdout.o(.data)
    .data                                    0x20000028   Section        4  mvars.o(.data)
    .data                                    0x2000002c   Section        4  mvars.o(.data)
    .bss                                     0x20000030   Section      584  ethernetif.o(.bss)
    .bss                                     0x20000278   Section     2284  uart_debug_driver.o(.bss)
    Debug_Buff                               0x20000278   Data        1004  uart_debug_driver.o(.bss)
    Shadow_Debug_Buff                        0x20000664   Data        1004  uart_debug_driver.o(.bss)
    .bss                                     0x20000b64   Section      376  uart3_driver.o(.bss)
    UART3_Handle                             0x20000b64   Data          72  uart3_driver.o(.bss)
    DMA_USART3_TX_Config                     0x20000bac   Data          96  uart3_driver.o(.bss)
    DMA_USART3_RX_Config                     0x20000c0c   Data          96  uart3_driver.o(.bss)
    HEAP                                     0x20000ce0   Section      512  startup_stm32f407xx.o(HEAP)
    STACK                                    0x20000ee0   Section     1024  startup_stm32f407xx.o(STACK)

    Global Symbols

    Symbol Name                              Value     Ov Type        Size  Object(Section)

    BuildAttributes$$THM_ISAv4$E$P$D$K$B$S$7EM$VFPi3$EXTD16$VFPS$VFMA$PE$A:L22UL41UL21$X:L11$S22US41US21$IEEE1$IW$USESV6$~STKCKD$USESV7$~SHL$OSPACE$ROPI$EBA8$MICROLIB$REQ8$PRES8$EABIv2 0x00000000   Number         0  anon$$obj.o ABSOLUTE
    __ARM_use_no_argv                        0x00000000   Number         0  main.o ABSOLUTE
    _printf_a                                0x00000000   Number         0  stubs.o ABSOLUTE
    _printf_c                                0x00000000   Number         0  stubs.o ABSOLUTE
    _printf_charcount                        0x00000000   Number         0  stubs.o ABSOLUTE
    _printf_d                                0x00000000   Number         0  stubs.o ABSOLUTE
    _printf_e                                0x00000000   Number         0  stubs.o ABSOLUTE
    _printf_f                                0x00000000   Number         0  stubs.o ABSOLUTE
    _printf_flags                            0x00000000   Number         0  stubs.o ABSOLUTE
    _printf_fp_dec                           0x00000000   Number         0  stubs.o ABSOLUTE
    _printf_fp_hex                           0x00000000   Number         0  stubs.o ABSOLUTE
    _printf_g                                0x00000000   Number         0  stubs.o ABSOLUTE
    _printf_i                                0x00000000   Number         0  stubs.o ABSOLUTE
    _printf_int_dec                          0x00000000   Number         0  stubs.o ABSOLUTE
    _printf_l                                0x00000000   Number         0  stubs.o ABSOLUTE
    _printf_lc                               0x00000000   Number         0  stubs.o ABSOLUTE
    _printf_ll                               0x00000000   Number         0  stubs.o ABSOLUTE
    _printf_lld                              0x00000000   Number         0  stubs.o ABSOLUTE
    _printf_lli                              0x00000000   Number         0  stubs.o ABSOLUTE
    _printf_llo                              0x00000000   Number         0  stubs.o ABSOLUTE
    _printf_llu                              0x00000000   Number         0  stubs.o ABSOLUTE
    _printf_llx                              0x00000000   Number         0  stubs.o ABSOLUTE
    _printf_longlong_dec                     0x00000000   Number         0  stubs.o ABSOLUTE
    _printf_longlong_hex                     0x00000000   Number         0  stubs.o ABSOLUTE
    _printf_longlong_oct                     0x00000000   Number         0  stubs.o ABSOLUTE
    _printf_ls                               0x00000000   Number         0  stubs.o ABSOLUTE
    _printf_mbtowc                           0x00000000   Number         0  stubs.o ABSOLUTE
    _printf_n                                0x00000000   Number         0  stubs.o ABSOLUTE
    _printf_o                                0x00000000   Number         0  stubs.o ABSOLUTE
    _printf_p                                0x00000000   Number         0  stubs.o ABSOLUTE
    _printf_percent                          0x00000000   Number         0  stubs.o ABSOLUTE
    _printf_pre_padding                      0x00000000   Number         0  stubs.o ABSOLUTE
    _printf_return_value                     0x00000000   Number         0  stubs.o ABSOLUTE
    _printf_s                                0x00000000   Number         0  stubs.o ABSOLUTE
    _printf_sizespec                         0x00000000   Number         0  stubs.o ABSOLUTE
    _printf_str                              0x00000000   Number         0  stubs.o ABSOLUTE
    _printf_truncate_signed                  0x00000000   Number         0  stubs.o ABSOLUTE
    _printf_truncate_unsigned                0x00000000   Number         0  stubs.o ABSOLUTE
    _printf_u                                0x00000000   Number         0  stubs.o ABSOLUTE
    _printf_wc                               0x00000000   Number         0  stubs.o ABSOLUTE
    _printf_wctomb                           0x00000000   Number         0  stubs.o ABSOLUTE
    _printf_widthprec                        0x00000000   Number         0  stubs.o ABSOLUTE
    _printf_x                                0x00000000   Number         0  stubs.o ABSOLUTE
    __arm_fini_                               - Undefined Weak Reference
    __cpp_initialize__aeabi_                  - Undefined Weak Reference
    __cxa_finalize                            - Undefined Weak Reference
    __decompress                              - Undefined Weak Reference
    _clock_init                               - Undefined Weak Reference
    _microlib_exit                            - Undefined Weak Reference
    _scanf_longlong                           - Undefined Weak Reference
    _scanf_real                               - Undefined Weak Reference
    _scanf_string                             - Undefined Weak Reference
    __Vectors_Size                           0x00000188   Number         0  startup_stm32f407xx.o ABSOLUTE
    __Vectors                                0x08000000   Data           4  startup_stm32f407xx.o(RESET)
    __Vectors_End                            0x08000188   Data           0  startup_stm32f407xx.o(RESET)
    __main                                   0x08000189   Thumb Code     0  entry.o(.ARM.Collect$$$$00000000)
    _main_stk                                0x08000189   Thumb Code     0  entry2.o(.ARM.Collect$$$$00000001)
    _main_scatterload                        0x0800018d   Thumb Code     0  entry5.o(.ARM.Collect$$$$00000004)
    __main_after_scatterload                 0x08000191   Thumb Code     0  entry5.o(.ARM.Collect$$$$00000004)
    _main_clock                              0x08000191   Thumb Code     0  entry7b.o(.ARM.Collect$$$$00000008)
    _main_cpp_init                           0x08000191   Thumb Code     0  entry8b.o(.ARM.Collect$$$$0000000A)
    _main_init                               0x08000191   Thumb Code     0  entry9a.o(.ARM.Collect$$$$0000000B)
    __rt_lib_shutdown_fini                   0x08000199   Thumb Code     0  entry12b.o(.ARM.Collect$$$$0000000E)
    __rt_final_cpp                           0x0800019d   Thumb Code     0  entry10a.o(.ARM.Collect$$$$0000000F)
    __rt_final_exit                          0x0800019d   Thumb Code     0  entry11a.o(.ARM.Collect$$$$00000011)
    Reset_Handler                            0x080001a1   Thumb Code     8  startup_stm32f407xx.o(.text)
    ADC_IRQHandler                           0x080001bb   Thumb Code     0  startup_stm32f407xx.o(.text)
    CAN1_RX0_IRQHandler                      0x080001bb   Thumb Code     0  startup_stm32f407xx.o(.text)
    CAN1_RX1_IRQHandler                      0x080001bb   Thumb Code     0  startup_stm32f407xx.o(.text)
    CAN1_SCE_IRQHandler                      0x080001bb   Thumb Code     0  startup_stm32f407xx.o(.text)
    CAN1_TX_IRQHandler                       0x080001bb   Thumb Code     0  startup_stm32f407xx.o(.text)
    CAN2_RX0_IRQHandler                      0x080001bb   Thumb Code     0  startup_stm32f407xx.o(.text)
    CAN2_RX1_IRQHandler                      0x080001bb   Thumb Code     0  startup_stm32f407xx.o(.text)
    CAN2_SCE_IRQHandler                      0x080001bb   Thumb Code     0  startup_stm32f407xx.o(.text)
    CAN2_TX_IRQHandler                       0x080001bb   Thumb Code     0  startup_stm32f407xx.o(.text)
    DCMI_IRQHandler                          0x080001bb   Thumb Code     0  startup_stm32f407xx.o(.text)
    DMA1_Stream0_IRQHandler                  0x080001bb   Thumb Code     0  startup_stm32f407xx.o(.text)
    DMA1_Stream2_IRQHandler                  0x080001bb   Thumb Code     0  startup_stm32f407xx.o(.text)
    DMA1_Stream4_IRQHandler                  0x080001bb   Thumb Code     0  startup_stm32f407xx.o(.text)
    DMA1_Stream5_IRQHandler                  0x080001bb   Thumb Code     0  startup_stm32f407xx.o(.text)
    DMA1_Stream6_IRQHandler                  0x080001bb   Thumb Code     0  startup_stm32f407xx.o(.text)
    DMA1_Stream7_IRQHandler                  0x080001bb   Thumb Code     0  startup_stm32f407xx.o(.text)
    DMA2_Stream0_IRQHandler                  0x080001bb   Thumb Code     0  startup_stm32f407xx.o(.text)
    DMA2_Stream1_IRQHandler                  0x080001bb   Thumb Code     0  startup_stm32f407xx.o(.text)
    DMA2_Stream2_IRQHandler                  0x080001bb   Thumb Code     0  startup_stm32f407xx.o(.text)
    DMA2_Stream3_IRQHandler                  0x080001bb   Thumb Code     0  startup_stm32f407xx.o(.text)
    DMA2_Stream4_IRQHandler                  0x080001bb   Thumb Code     0  startup_stm32f407xx.o(.text)
    DMA2_Stream6_IRQHandler                  0x080001bb   Thumb Code     0  startup_stm32f407xx.o(.text)
    EXTI0_IRQHandler                         0x080001bb   Thumb Code     0  startup_stm32f407xx.o(.text)
    EXTI15_10_IRQHandler                     0x080001bb   Thumb Code     0  startup_stm32f407xx.o(.text)
    EXTI1_IRQHandler                         0x080001bb   Thumb Code     0  startup_stm32f407xx.o(.text)
    EXTI2_IRQHandler                         0x080001bb   Thumb Code     0  startup_stm32f407xx.o(.text)
    EXTI3_IRQHandler                         0x080001bb   Thumb Code     0  startup_stm32f407xx.o(.text)
    EXTI4_IRQHandler                         0x080001bb   Thumb Code     0  startup_stm32f407xx.o(.text)
    EXTI9_5_IRQHandler                       0x080001bb   Thumb Code     0  startup_stm32f407xx.o(.text)
    FLASH_IRQHandler                         0x080001bb   Thumb Code     0  startup_stm32f407xx.o(.text)
    FMC_IRQHandler                           0x080001bb   Thumb Code     0  startup_stm32f407xx.o(.text)
    FPU_IRQHandler                           0x080001bb   Thumb Code     0  startup_stm32f407xx.o(.text)
    HASH_RNG_IRQHandler                      0x080001bb   Thumb Code     0  startup_stm32f407xx.o(.text)
    I2C1_ER_IRQHandler                       0x080001bb   Thumb Code     0  startup_stm32f407xx.o(.text)
    I2C1_EV_IRQHandler                       0x080001bb   Thumb Code     0  startup_stm32f407xx.o(.text)
    I2C2_ER_IRQHandler                       0x080001bb   Thumb Code     0  startup_stm32f407xx.o(.text)
    I2C2_EV_IRQHandler                       0x080001bb   Thumb Code     0  startup_stm32f407xx.o(.text)
    I2C3_ER_IRQHandler                       0x080001bb   Thumb Code     0  startup_stm32f407xx.o(.text)
    I2C3_EV_IRQHandler                       0x080001bb   Thumb Code     0  startup_stm32f407xx.o(.text)
    OTG_FS_IRQHandler                        0x080001bb   Thumb Code     0  startup_stm32f407xx.o(.text)
    OTG_FS_WKUP_IRQHandler                   0x080001bb   Thumb Code     0  startup_stm32f407xx.o(.text)
    OTG_HS_EP1_IN_IRQHandler                 0x080001bb   Thumb Code     0  startup_stm32f407xx.o(.text)
    OTG_HS_EP1_OUT_IRQHandler                0x080001bb   Thumb Code     0  startup_stm32f407xx.o(.text)
    OTG_HS_IRQHandler                        0x080001bb   Thumb Code     0  startup_stm32f407xx.o(.text)
    OTG_HS_WKUP_IRQHandler                   0x080001bb   Thumb Code     0  startup_stm32f407xx.o(.text)
    PVD_IRQHandler                           0x080001bb   Thumb Code     0  startup_stm32f407xx.o(.text)
    RCC_IRQHandler                           0x080001bb   Thumb Code     0  startup_stm32f407xx.o(.text)
    RTC_Alarm_IRQHandler                     0x080001bb   Thumb Code     0  startup_stm32f407xx.o(.text)
    RTC_WKUP_IRQHandler                      0x080001bb   Thumb Code     0  startup_stm32f407xx.o(.text)
    SDIO_IRQHandler                          0x080001bb   Thumb Code     0  startup_stm32f407xx.o(.text)
    SPI1_IRQHandler                          0x080001bb   Thumb Code     0  startup_stm32f407xx.o(.text)
    SPI2_IRQHandler                          0x080001bb   Thumb Code     0  startup_stm32f407xx.o(.text)
    SPI3_IRQHandler                          0x080001bb   Thumb Code     0  startup_stm32f407xx.o(.text)
    TAMP_STAMP_IRQHandler                    0x080001bb   Thumb Code     0  startup_stm32f407xx.o(.text)
    TIM1_BRK_TIM9_IRQHandler                 0x080001bb   Thumb Code     0  startup_stm32f407xx.o(.text)
    TIM1_CC_IRQHandler                       0x080001bb   Thumb Code     0  startup_stm32f407xx.o(.text)
    TIM1_TRG_COM_TIM11_IRQHandler            0x080001bb   Thumb Code     0  startup_stm32f407xx.o(.text)
    TIM1_UP_TIM10_IRQHandler                 0x080001bb   Thumb Code     0  startup_stm32f407xx.o(.text)
    TIM2_IRQHandler                          0x080001bb   Thumb Code     0  startup_stm32f407xx.o(.text)
    TIM3_IRQHandler                          0x080001bb   Thumb Code     0  startup_stm32f407xx.o(.text)
    TIM4_IRQHandler                          0x080001bb   Thumb Code     0  startup_stm32f407xx.o(.text)
    TIM5_IRQHandler                          0x080001bb   Thumb Code     0  startup_stm32f407xx.o(.text)
    TIM6_DAC_IRQHandler                      0x080001bb   Thumb Code     0  startup_stm32f407xx.o(.text)
    TIM8_BRK_TIM12_IRQHandler                0x080001bb   Thumb Code     0  startup_stm32f407xx.o(.text)
    TIM8_CC_IRQHandler                       0x080001bb   Thumb Code     0  startup_stm32f407xx.o(.text)
    TIM8_TRG_COM_TIM14_IRQHandler            0x080001bb   Thumb Code     0  startup_stm32f407xx.o(.text)
    TIM8_UP_TIM13_IRQHandler                 0x080001bb   Thumb Code     0  startup_stm32f407xx.o(.text)
    UART4_IRQHandler                         0x080001bb   Thumb Code     0  startup_stm32f407xx.o(.text)
    UART5_IRQHandler                         0x080001bb   Thumb Code     0  startup_stm32f407xx.o(.text)
    USART2_IRQHandler                        0x080001bb   Thumb Code     0  startup_stm32f407xx.o(.text)
    USART6_IRQHandler                        0x080001bb   Thumb Code     0  startup_stm32f407xx.o(.text)
    WWDG_IRQHandler                          0x080001bb   Thumb Code     0  startup_stm32f407xx.o(.text)
    __aeabi_uldivmod                         0x080001c5   Thumb Code    98  uldiv.o(.text)
    __aeabi_llsr                             0x08000227   Thumb Code    32  llushr.o(.text)
    _ll_ushift_r                             0x08000227   Thumb Code     0  llushr.o(.text)
    ___aeabi_memcpy8$move                    0x08000247   Thumb Code     0  memmovea.o(.text)
    __aeabi_memcpy                           0x08000247   Thumb Code    64  memmovea.o(.text)
    __aeabi_memcpy4                          0x08000247   Thumb Code     0  memmovea.o(.text)
    __aeabi_memmove                          0x08000247   Thumb Code     0  memmovea.o(.text)
    __aeabi_memmove4                         0x08000247   Thumb Code     0  memmovea.o(.text)
    __aeabi_memmove8                         0x08000247   Thumb Code     0  memmovea.o(.text)
    __aeabi_memset                           0x08000287   Thumb Code    14  memseta.o(.text)
    __aeabi_memset4                          0x08000287   Thumb Code     0  memseta.o(.text)
    __aeabi_memset8                          0x08000287   Thumb Code     0  memseta.o(.text)
    __aeabi_memclr                           0x08000295   Thumb Code     4  memseta.o(.text)
    __aeabi_memclr4                          0x08000295   Thumb Code     0  memseta.o(.text)
    __aeabi_memclr8                          0x08000295   Thumb Code     0  memseta.o(.text)
    _memset$wrapper                          0x08000299   Thumb Code    18  memseta.o(.text)
    __aeabi_uidiv                            0x080002ab   Thumb Code     0  uidiv.o(.text)
    __aeabi_uidivmod                         0x080002ab   Thumb Code    44  uidiv.o(.text)
    __aeabi_llsl                             0x080002d7   Thumb Code    30  llshl.o(.text)
    _ll_shift_l                              0x080002d7   Thumb Code     0  llshl.o(.text)
    __I$use$fp                               0x080002f5   Thumb Code     0  iusefp.o(.text)
    __aeabi_dadd                             0x080002f5   Thumb Code   322  dadd.o(.text)
    __aeabi_dsub                             0x08000437   Thumb Code     6  dadd.o(.text)
    __aeabi_drsub                            0x0800043d   Thumb Code     6  dadd.o(.text)
    __aeabi_dmul                             0x08000443   Thumb Code   228  dmul.o(.text)
    __aeabi_ddiv                             0x08000527   Thumb Code   222  ddiv.o(.text)
    __aeabi_d2ulz                            0x08000605   Thumb Code    48  dfixul.o(.text)
    __aeabi_cdrcmple                         0x08000635   Thumb Code    48  cdrcmple.o(.text)
    __scatterload                            0x08000665   Thumb Code    28  init.o(.text)
    __scatterload_rt2                        0x08000665   Thumb Code     0  init.o(.text)
    __aeabi_lasr                             0x08000689   Thumb Code    36  llsshr.o(.text)
    _ll_sshift_r                             0x08000689   Thumb Code     0  llsshr.o(.text)
    _double_round                            0x080006ad   Thumb Code    30  depilogue.o(.text)
    _double_epilogue                         0x080006cb   Thumb Code   156  depilogue.o(.text)
    BusFault_Handler                         0x08000767   Thumb Code     2  stm32f4xx_it.o(i.BusFault_Handler)
    DMA1_Stream1_IRQHandler                  0x08000769   Thumb Code    28  uart3_driver.o(i.DMA1_Stream1_IRQHandler)
    DMA1_Stream3_IRQHandler                  0x0800079d   Thumb Code     6  uart3_driver.o(i.DMA1_Stream3_IRQHandler)
    DMA2_Stream5_IRQHandler                  0x080007a9   Thumb Code    22  uart_debug_driver.o(i.DMA2_Stream5_IRQHandler)
    DMA2_Stream7_IRQHandler                  0x080007c5   Thumb Code     6  uart_debug_driver.o(i.DMA2_Stream7_IRQHandler)
    DMA_Sprintf                              0x08000875   Thumb Code   136  uart_debug_driver.o(i.DMA_Sprintf)
    DMA_Sprintf_ISR                          0x08000909   Thumb Code   228  uart_debug_driver.o(i.DMA_Sprintf_ISR)
    DMA_Sprintf_String                       0x08000a05   Thumb Code    82  uart_debug_driver.o(i.DMA_Sprintf_String)
    DMA_UART1_Buff_ckeck                     0x08000a69   Thumb Code    72  uart_debug_driver.o(i.DMA_UART1_Buff_ckeck)
    DMA_UART_Debug_Driver_Init               0x08000ab5   Thumb Code   196  uart_debug_driver.o(i.DMA_UART_Debug_Driver_Init)
    Data_Buff_Queue_Init                     0x08000b89   Thumb Code    44  base_function.o(i.Data_Buff_Queue_Init)
    DebugMon_Handler                         0x08000bf1   Thumb Code     2  stm32f4xx_it.o(i.DebugMon_Handler)
    ETH_IRQHandler                           0x08000bf5   Thumb Code     6  stm32f4xx_it.o(i.ETH_IRQHandler)
    ETH_WKUP_IRQHandler                      0x08000c01   Thumb Code     6  stm32f4xx_it.o(i.ETH_WKUP_IRQHandler)
    Error_Handler                            0x08000c0d   Thumb Code     4  main.o(i.Error_Handler)
    HAL_DMA_Abort                            0x08000c11   Thumb Code   146  stm32f4xx_hal_dma.o(i.HAL_DMA_Abort)
    HAL_DMA_Abort_IT                         0x08000ca3   Thumb Code    36  stm32f4xx_hal_dma.o(i.HAL_DMA_Abort_IT)
    HAL_DMA_IRQHandler                       0x08000cc9   Thumb Code   412  stm32f4xx_hal_dma.o(i.HAL_DMA_IRQHandler)
    HAL_DMA_Init                             0x08000e69   Thumb Code   206  stm32f4xx_hal_dma.o(i.HAL_DMA_Init)
    HAL_DMA_Start_IT                         0x08000f3d   Thumb Code   110  stm32f4xx_hal_dma.o(i.HAL_DMA_Start_IT)
    HAL_Delay                                0x08000fad   Thumb Code    72  stm32f4xx_hal.o(i.HAL_Delay)
    HAL_ETH_ErrorCallback                    0x08001005   Thumb Code     2  stm32f4xx_hal_eth.o(i.HAL_ETH_ErrorCallback)
    HAL_ETH_IRQHandler                       0x08001009   Thumb Code   196  stm32f4xx_hal_eth.o(i.HAL_ETH_IRQHandler)
    HAL_ETH_PMTCallback                      0x080010d9   Thumb Code     2  stm32f4xx_hal_eth.o(i.HAL_ETH_PMTCallback)
    HAL_ETH_RxCpltCallback                   0x080010db   Thumb Code     2  stm32f4xx_hal_eth.o(i.HAL_ETH_RxCpltCallback)
    HAL_ETH_TxCpltCallback                   0x080010dd   Thumb Code     2  stm32f4xx_hal_eth.o(i.HAL_ETH_TxCpltCallback)
    HAL_ETH_WakeUpCallback                   0x080010df   Thumb Code     2  stm32f4xx_hal_eth.o(i.HAL_ETH_WakeUpCallback)
    HAL_GPIO_Init                            0x080010e1   Thumb Code   450  stm32f4xx_hal_gpio.o(i.HAL_GPIO_Init)
    HAL_GPIO_TogglePin                       0x080012d1   Thumb Code    16  stm32f4xx_hal_gpio.o(i.HAL_GPIO_TogglePin)
    HAL_GPIO_WritePin                        0x080012e1   Thumb Code    10  stm32f4xx_hal_gpio.o(i.HAL_GPIO_WritePin)
    HAL_GetTick                              0x080012ed   Thumb Code     6  stm32f4xx_hal.o(i.HAL_GetTick)
    HAL_IncTick                              0x080012f9   Thumb Code    12  stm32f4xx_hal.o(i.HAL_IncTick)
    HAL_Init                                 0x08001309   Thumb Code    48  stm32f4xx_hal.o(i.HAL_Init)
    HAL_InitTick                             0x0800133d   Thumb Code    54  stm32f4xx_hal.o(i.HAL_InitTick)
    HAL_MspInit                              0x0800137d   Thumb Code    42  stm32f4xx_hal_msp.o(i.HAL_MspInit)
    HAL_NVIC_EnableIRQ                       0x080013ad   Thumb Code    26  stm32f4xx_hal_cortex.o(i.HAL_NVIC_EnableIRQ)
    HAL_NVIC_SetPriority                     0x080013c9   Thumb Code    60  stm32f4xx_hal_cortex.o(i.HAL_NVIC_SetPriority)
    HAL_NVIC_SetPriorityGrouping             0x08001409   Thumb Code    26  stm32f4xx_hal_cortex.o(i.HAL_NVIC_SetPriorityGrouping)
    HAL_RCC_ClockConfig                      0x0800142d   Thumb Code   288  stm32f4xx_hal_rcc.o(i.HAL_RCC_ClockConfig)
    HAL_RCC_GetPCLK1Freq                     0x08001561   Thumb Code    20  stm32f4xx_hal_rcc.o(i.HAL_RCC_GetPCLK1Freq)
    HAL_RCC_GetPCLK2Freq                     0x08001581   Thumb Code    20  stm32f4xx_hal_rcc.o(i.HAL_RCC_GetPCLK2Freq)
    HAL_RCC_GetSysClockFreq                  0x080015a1   Thumb Code    88  stm32f4xx_hal_rcc.o(i.HAL_RCC_GetSysClockFreq)
    HAL_RCC_OscConfig                        0x08001601   Thumb Code   856  stm32f4xx_hal_rcc.o(i.HAL_RCC_OscConfig)
    HAL_SYSTICK_Config                       0x0800196d   Thumb Code    40  stm32f4xx_hal_cortex.o(i.HAL_SYSTICK_Config)
    HAL_UARTEx_RxEventCallback               0x08001995   Thumb Code     2  stm32f4xx_hal_uart.o(i.HAL_UARTEx_RxEventCallback)
    HAL_UART_DMAStop                         0x08001997   Thumb Code   112  stm32f4xx_hal_uart.o(i.HAL_UART_DMAStop)
    HAL_UART_ErrorCallback                   0x08001a07   Thumb Code     2  stm32f4xx_hal_uart.o(i.HAL_UART_ErrorCallback)
    HAL_UART_IRQHandler                      0x08001a09   Thumb Code   618  stm32f4xx_hal_uart.o(i.HAL_UART_IRQHandler)
    HAL_UART_Init                            0x08001c79   Thumb Code   100  stm32f4xx_hal_uart.o(i.HAL_UART_Init)
    HAL_UART_MspInit                         0x08001cdd   Thumb Code   154  uart_msp_init.o(i.HAL_UART_MspInit)
    HAL_UART_Receive                         0x08001d8d   Thumb Code   176  stm32f4xx_hal_uart.o(i.HAL_UART_Receive)
    HAL_UART_Receive_DMA                     0x08001e3d   Thumb Code    28  stm32f4xx_hal_uart.o(i.HAL_UART_Receive_DMA)
    HAL_UART_RxCpltCallback                  0x08001e59   Thumb Code     2  stm32f4xx_hal_uart.o(i.HAL_UART_RxCpltCallback)
    HAL_UART_RxHalfCpltCallback              0x08001e5b   Thumb Code     2  stm32f4xx_hal_uart.o(i.HAL_UART_RxHalfCpltCallback)
    HAL_UART_Transmit_DMA                    0x08001e5d   Thumb Code   106  stm32f4xx_hal_uart.o(i.HAL_UART_Transmit_DMA)
    HAL_UART_TxCpltCallback                  0x08001ed5   Thumb Code     2  stm32f4xx_hal_uart.o(i.HAL_UART_TxCpltCallback)
    HAL_UART_TxHalfCpltCallback              0x08001ed7   Thumb Code     2  stm32f4xx_hal_uart.o(i.HAL_UART_TxHalfCpltCallback)
    HardFault_Handler                        0x08001ed9   Thumb Code     2  stm32f4xx_it.o(i.HardFault_Handler)
    LED_Driver_Check                         0x08001edb   Thumb Code    80  led_driver.o(i.LED_Driver_Check)
    LED_Driver_Init                          0x08001f2d   Thumb Code    80  led_driver.o(i.LED_Driver_Init)
    LED_Driver_OFF                           0x08001f85   Thumb Code    26  led_driver.o(i.LED_Driver_OFF)
    LED_Driver_ON                            0x08001fa5   Thumb Code    28  led_driver.o(i.LED_Driver_ON)
    LED_Driver_Turn                          0x08001fc5   Thumb Code    24  led_driver.o(i.LED_Driver_Turn)
    MemManage_Handler                        0x08001fe1   Thumb Code     2  stm32f4xx_it.o(i.MemManage_Handler)
    NMI_Handler                              0x08001fe3   Thumb Code     2  stm32f4xx_it.o(i.NMI_Handler)
    PendSV_Handler                           0x08001fe5   Thumb Code     2  stm32f4xx_it.o(i.PendSV_Handler)
    SVC_Handler                              0x08001fe7   Thumb Code     2  stm32f4xx_it.o(i.SVC_Handler)
    SysTick_Handler                          0x08001fe9   Thumb Code    14  stm32f4xx_it.o(i.SysTick_Handler)
    SystemClock_Config                       0x08001ff9   Thumb Code   138  main.o(i.SystemClock_Config)
    SystemInit                               0x0800208d   Thumb Code    22  system_stm32f4xx.o(i.SystemInit)
    TIM7_IRQHandler                          0x080020a9   Thumb Code    26  basetimer_driver.o(i.TIM7_IRQHandler)
    UART3_DMA_Driver_Init                    0x08002111   Thumb Code   188  uart3_driver.o(i.UART3_DMA_Driver_Init)
    UART3_Driver_Init                        0x080021d9   Thumb Code    72  uart3_driver.o(i.UART3_Driver_Init)
    UART3_Receive_Data_Wait                  0x0800222d   Thumb Code    24  uart3_driver.o(i.UART3_Receive_Data_Wait)
    UART3_Send_Hex_Data                      0x0800224d   Thumb Code    10  uart3_driver.o(i.UART3_Send_Hex_Data)
    UART_Start_Receive_DMA                   0x080025e1   Thumb Code   130  stm32f4xx_hal_uart.o(i.UART_Start_Receive_DMA)
    USART1_IRQHandler                        0x080026e5   Thumb Code   128  uart_debug_driver.o(i.USART1_IRQHandler)
    USART3_IRQHandler                        0x08002769   Thumb Code    24  uart3_driver.o(i.USART3_IRQHandler)
    UsageFault_Handler                       0x08002789   Thumb Code     2  stm32f4xx_it.o(i.UsageFault_Handler)
    __0printf                                0x0800278d   Thumb Code    22  printfa.o(i.__0printf)
    __1printf                                0x0800278d   Thumb Code     0  printfa.o(i.__0printf)
    __2printf                                0x0800278d   Thumb Code     0  printfa.o(i.__0printf)
    __c89printf                              0x0800278d   Thumb Code     0  printfa.o(i.__0printf)
    printf                                   0x0800278d   Thumb Code     0  printfa.o(i.__0printf)
    __0vsnprintf                             0x080027ad   Thumb Code    46  printfa.o(i.__0vsnprintf)
    __1vsnprintf                             0x080027ad   Thumb Code     0  printfa.o(i.__0vsnprintf)
    __2vsnprintf                             0x080027ad   Thumb Code     0  printfa.o(i.__0vsnprintf)
    __c89vsnprintf                           0x080027ad   Thumb Code     0  printfa.o(i.__0vsnprintf)
    vsnprintf                                0x080027ad   Thumb Code     0  printfa.o(i.__0vsnprintf)
    __scatterload_copy                       0x08002801   Thumb Code    14  handlers.o(i.__scatterload_copy)
    __scatterload_null                       0x0800280f   Thumb Code     2  handlers.o(i.__scatterload_null)
    __scatterload_zeroinit                   0x08002811   Thumb Code    14  handlers.o(i.__scatterload_zeroinit)
    fputc                                    0x080030c1   Thumb Code    16  uart_debug_driver.o(i.fputc)
    main                                     0x080030d5   Thumb Code   192  main.o(i.main)
    malloc                                   0x08003221   Thumb Code    92  malloc.o(i.malloc)
    AHBPrescTable                            0x08003294   Data          16  system_stm32f4xx.o(.constdata)
    APBPrescTable                            0x080032a4   Data           8  system_stm32f4xx.o(.constdata)
    Region$$Table$$Base                      0x080032ac   Number         0  anon$$obj.o(Region$$Table)
    Region$$Table$$Limit                     0x080032cc   Number         0  anon$$obj.o(Region$$Table)
    uwTickFreq                               0x20000000   Data           1  stm32f4xx_hal.o(.data)
    uwTickPrio                               0x20000004   Data           4  stm32f4xx_hal.o(.data)
    uwTick                                   0x20000008   Data           4  stm32f4xx_hal.o(.data)
    SystemCoreClock                          0x2000000c   Data           4  system_stm32f4xx.o(.data)
    FreeRTOS_10usRun_Tick                    0x20000010   Data           4  basetimer_driver.o(.data)
    WWDG_Full_Count                          0x20000014   Data           1  wwdg_driver.o(.data)
    Init_Finish_Flag                         0x20000018   Data           1  uart_debug_driver.o(.data)
    __stdout                                 0x20000024   Data           4  stdout.o(.data)
    __microlib_freelist                      0x20000028   Data           4  mvars.o(.data)
    __microlib_freelist_initialised          0x2000002c   Data           4  mvars.o(.data)
    DMARxDscrTab                             0x20000030   Data         160  ethernetif.o(.bss)
    DMATxDscrTab                             0x200000d0   Data         160  ethernetif.o(.bss)
    heth                                     0x20000170   Data         176  ethernetif.o(.bss)
    TxConfig                                 0x20000220   Data          56  ethernetif.o(.bss)
    LAN8742                                  0x20000258   Data          32  ethernetif.o(.bss)
    SYS_UartDMA_Rx_Queue                     0x20000a50   Data          12  uart_debug_driver.o(.bss)
    huart1                                   0x20000a5c   Data          72  uart_debug_driver.o(.bss)
    DMA_Uart_TX_Config                       0x20000aa4   Data          96  uart_debug_driver.o(.bss)
    DMA_Uart_RX_Config                       0x20000b04   Data          96  uart_debug_driver.o(.bss)
    UART3_Driver_Data                        0x20000c6c   Data         112  uart3_driver.o(.bss)
    __heap_base                              0x20000ce0   Data           0  startup_stm32f407xx.o(HEAP)
    __heap_limit                             0x20000ee0   Data           0  startup_stm32f407xx.o(HEAP)
    __initial_sp                             0x200012e0   Data           0  startup_stm32f407xx.o(STACK)



==============================================================================

Memory Map of the image

  Image Entry point : 0x08000189

  Load Region LR_IROM1 (Base: 0x08000000, Size: 0x000032fc, Max: 0x00100000, ABSOLUTE)

    Execution Region ER_IROM1 (Exec base: 0x08000000, Load base: 0x08000000, Size: 0x000032cc, Max: 0x00100000, ABSOLUTE)

    Exec Addr    Load Addr    Size         Type   Attr      Idx    E Section Name        Object

    0x08000000   0x08000000   0x00000188   Data   RO            3    RESET               startup_stm32f407xx.o
    0x08000188   0x08000188   0x00000000   Code   RO         8062  * .ARM.Collect$$$$00000000  mc_w.l(entry.o)
    0x08000188   0x08000188   0x00000004   Code   RO         8411    .ARM.Collect$$$$00000001  mc_w.l(entry2.o)
    0x0800018c   0x0800018c   0x00000004   Code   RO         8414    .ARM.Collect$$$$00000004  mc_w.l(entry5.o)
    0x08000190   0x08000190   0x00000000   Code   RO         8416    .ARM.Collect$$$$00000008  mc_w.l(entry7b.o)
    0x08000190   0x08000190   0x00000000   Code   RO         8418    .ARM.Collect$$$$0000000A  mc_w.l(entry8b.o)
    0x08000190   0x08000190   0x00000008   Code   RO         8419    .ARM.Collect$$$$0000000B  mc_w.l(entry9a.o)
    0x08000198   0x08000198   0x00000004   Code   RO         8426    .ARM.Collect$$$$0000000E  mc_w.l(entry12b.o)
    0x0800019c   0x0800019c   0x00000000   Code   RO         8421    .ARM.Collect$$$$0000000F  mc_w.l(entry10a.o)
    0x0800019c   0x0800019c   0x00000000   Code   RO         8423    .ARM.Collect$$$$00000011  mc_w.l(entry11a.o)
    0x0800019c   0x0800019c   0x00000004   Code   RO         8412    .ARM.Collect$$$$00002712  mc_w.l(entry2.o)
    0x080001a0   0x080001a0   0x00000024   Code   RO            4    .text               startup_stm32f407xx.o
    0x080001c4   0x080001c4   0x00000062   Code   RO         8065    .text               mc_w.l(uldiv.o)
    0x08000226   0x08000226   0x00000020   Code   RO         8067    .text               mc_w.l(llushr.o)
    0x08000246   0x08000246   0x00000040   Code   RO         8102    .text               mc_w.l(memmovea.o)
    0x08000286   0x08000286   0x00000024   Code   RO         8104    .text               mc_w.l(memseta.o)
    0x080002aa   0x080002aa   0x0000002c   Code   RO         8428    .text               mc_w.l(uidiv.o)
    0x080002d6   0x080002d6   0x0000001e   Code   RO         8430    .text               mc_w.l(llshl.o)
    0x080002f4   0x080002f4   0x00000000   Code   RO         8449    .text               mc_w.l(iusefp.o)
    0x080002f4   0x080002f4   0x0000014e   Code   RO         8450    .text               mf_w.l(dadd.o)
    0x08000442   0x08000442   0x000000e4   Code   RO         8452    .text               mf_w.l(dmul.o)
    0x08000526   0x08000526   0x000000de   Code   RO         8454    .text               mf_w.l(ddiv.o)
    0x08000604   0x08000604   0x00000030   Code   RO         8456    .text               mf_w.l(dfixul.o)
    0x08000634   0x08000634   0x00000030   Code   RO         8458    .text               mf_w.l(cdrcmple.o)
    0x08000664   0x08000664   0x00000024   Code   RO         8460    .text               mc_w.l(init.o)
    0x08000688   0x08000688   0x00000024   Code   RO         8462    .text               mc_w.l(llsshr.o)
    0x080006ac   0x080006ac   0x000000ba   Code   RO         8470    .text               mf_w.l(depilogue.o)
    0x08000766   0x08000766   0x00000002   Code   RO          309    i.BusFault_Handler  stm32f4xx_it.o
    0x08000768   0x08000768   0x00000034   Code   RO         7984    i.DMA1_Stream1_IRQHandler  uart3_driver.o
    0x0800079c   0x0800079c   0x0000000c   Code   RO         7985    i.DMA1_Stream3_IRQHandler  uart3_driver.o
    0x080007a8   0x080007a8   0x0000001c   Code   RO         7887    i.DMA2_Stream5_IRQHandler  uart_debug_driver.o
    0x080007c4   0x080007c4   0x0000000c   Code   RO         7888    i.DMA2_Stream7_IRQHandler  uart_debug_driver.o
    0x080007d0   0x080007d0   0x00000028   Code   RO         1263    i.DMA_CalcBaseAndBitshift  stm32f4xx_hal_dma.o
    0x080007f8   0x080007f8   0x00000054   Code   RO         1264    i.DMA_CheckFifoParam  stm32f4xx_hal_dma.o
    0x0800084c   0x0800084c   0x00000028   Code   RO         1265    i.DMA_SetConfig     stm32f4xx_hal_dma.o
    0x08000874   0x08000874   0x00000094   Code   RO         7889    i.DMA_Sprintf       uart_debug_driver.o
    0x08000908   0x08000908   0x000000fc   Code   RO         7890    i.DMA_Sprintf_ISR   uart_debug_driver.o
    0x08000a04   0x08000a04   0x00000064   Code   RO         7891    i.DMA_Sprintf_String  uart_debug_driver.o
    0x08000a68   0x08000a68   0x0000004c   Code   RO         7892    i.DMA_UART1_Buff_ckeck  uart_debug_driver.o
    0x08000ab4   0x08000ab4   0x000000d4   Code   RO         7893    i.DMA_UART_Debug_Driver_Init  uart_debug_driver.o
    0x08000b88   0x08000b88   0x00000068   Code   RO         7336    i.Data_Buff_Queue_Init  base_function.o
    0x08000bf0   0x08000bf0   0x00000002   Code   RO          310    i.DebugMon_Handler  stm32f4xx_it.o
    0x08000bf2   0x08000bf2   0x00000002   PAD
    0x08000bf4   0x08000bf4   0x0000000c   Code   RO          311    i.ETH_IRQHandler    stm32f4xx_it.o
    0x08000c00   0x08000c00   0x0000000c   Code   RO          312    i.ETH_WKUP_IRQHandler  stm32f4xx_it.o
    0x08000c0c   0x08000c0c   0x00000004   Code   RO           13    i.Error_Handler     main.o
    0x08000c10   0x08000c10   0x00000092   Code   RO         1266    i.HAL_DMA_Abort     stm32f4xx_hal_dma.o
    0x08000ca2   0x08000ca2   0x00000024   Code   RO         1267    i.HAL_DMA_Abort_IT  stm32f4xx_hal_dma.o
    0x08000cc6   0x08000cc6   0x00000002   PAD
    0x08000cc8   0x08000cc8   0x000001a0   Code   RO         1271    i.HAL_DMA_IRQHandler  stm32f4xx_hal_dma.o
    0x08000e68   0x08000e68   0x000000d4   Code   RO         1272    i.HAL_DMA_Init      stm32f4xx_hal_dma.o
    0x08000f3c   0x08000f3c   0x0000006e   Code   RO         1276    i.HAL_DMA_Start_IT  stm32f4xx_hal_dma.o
    0x08000faa   0x08000faa   0x00000002   PAD
    0x08000fac   0x08000fac   0x00000058   Code   RO         1691    i.HAL_Delay         stm32f4xx_hal.o
    0x08001004   0x08001004   0x00000002   Code   RO         1951    i.HAL_ETH_ErrorCallback  stm32f4xx_hal_eth.o
    0x08001006   0x08001006   0x00000002   PAD
    0x08001008   0x08001008   0x000000d0   Code   RO         1962    i.HAL_ETH_IRQHandler  stm32f4xx_hal_eth.o
    0x080010d8   0x080010d8   0x00000002   Code   RO         1966    i.HAL_ETH_PMTCallback  stm32f4xx_hal_eth.o
    0x080010da   0x080010da   0x00000002   Code   RO         1974    i.HAL_ETH_RxCpltCallback  stm32f4xx_hal_eth.o
    0x080010dc   0x080010dc   0x00000002   Code   RO         1990    i.HAL_ETH_TxCpltCallback  stm32f4xx_hal_eth.o
    0x080010de   0x080010de   0x00000002   Code   RO         1995    i.HAL_ETH_WakeUpCallback  stm32f4xx_hal_eth.o
    0x080010e0   0x080010e0   0x000001f0   Code   RO         1159    i.HAL_GPIO_Init     stm32f4xx_hal_gpio.o
    0x080012d0   0x080012d0   0x00000010   Code   RO         1162    i.HAL_GPIO_TogglePin  stm32f4xx_hal_gpio.o
    0x080012e0   0x080012e0   0x0000000a   Code   RO         1163    i.HAL_GPIO_WritePin  stm32f4xx_hal_gpio.o
    0x080012ea   0x080012ea   0x00000002   PAD
    0x080012ec   0x080012ec   0x0000000c   Code   RO         1697    i.HAL_GetTick       stm32f4xx_hal.o
    0x080012f8   0x080012f8   0x00000010   Code   RO         1703    i.HAL_IncTick       stm32f4xx_hal.o
    0x08001308   0x08001308   0x00000034   Code   RO         1704    i.HAL_Init          stm32f4xx_hal.o
    0x0800133c   0x0800133c   0x00000040   Code   RO         1705    i.HAL_InitTick      stm32f4xx_hal.o
    0x0800137c   0x0800137c   0x00000030   Code   RO          397    i.HAL_MspInit       stm32f4xx_hal_msp.o
    0x080013ac   0x080013ac   0x0000001a   Code   RO         1549    i.HAL_NVIC_EnableIRQ  stm32f4xx_hal_cortex.o
    0x080013c6   0x080013c6   0x00000002   PAD
    0x080013c8   0x080013c8   0x00000040   Code   RO         1555    i.HAL_NVIC_SetPriority  stm32f4xx_hal_cortex.o
    0x08001408   0x08001408   0x00000024   Code   RO         1556    i.HAL_NVIC_SetPriorityGrouping  stm32f4xx_hal_cortex.o
    0x0800142c   0x0800142c   0x00000134   Code   RO          805    i.HAL_RCC_ClockConfig  stm32f4xx_hal_rcc.o
    0x08001560   0x08001560   0x00000020   Code   RO          812    i.HAL_RCC_GetPCLK1Freq  stm32f4xx_hal_rcc.o
    0x08001580   0x08001580   0x00000020   Code   RO          813    i.HAL_RCC_GetPCLK2Freq  stm32f4xx_hal_rcc.o
    0x080015a0   0x080015a0   0x00000060   Code   RO          814    i.HAL_RCC_GetSysClockFreq  stm32f4xx_hal_rcc.o
    0x08001600   0x08001600   0x0000036c   Code   RO          817    i.HAL_RCC_OscConfig  stm32f4xx_hal_rcc.o
    0x0800196c   0x0800196c   0x00000028   Code   RO         1560    i.HAL_SYSTICK_Config  stm32f4xx_hal_cortex.o
    0x08001994   0x08001994   0x00000002   Code   RO         3268    i.HAL_UARTEx_RxEventCallback  stm32f4xx_hal_uart.o
    0x08001996   0x08001996   0x00000070   Code   RO         3280    i.HAL_UART_DMAStop  stm32f4xx_hal_uart.o
    0x08001a06   0x08001a06   0x00000002   Code   RO         3282    i.HAL_UART_ErrorCallback  stm32f4xx_hal_uart.o
    0x08001a08   0x08001a08   0x00000270   Code   RO         3285    i.HAL_UART_IRQHandler  stm32f4xx_hal_uart.o
    0x08001c78   0x08001c78   0x00000064   Code   RO         3286    i.HAL_UART_Init     stm32f4xx_hal_uart.o
    0x08001cdc   0x08001cdc   0x000000b0   Code   RO         7768    i.HAL_UART_MspInit  uart_msp_init.o
    0x08001d8c   0x08001d8c   0x000000b0   Code   RO         3289    i.HAL_UART_Receive  stm32f4xx_hal_uart.o
    0x08001e3c   0x08001e3c   0x0000001c   Code   RO         3290    i.HAL_UART_Receive_DMA  stm32f4xx_hal_uart.o
    0x08001e58   0x08001e58   0x00000002   Code   RO         3292    i.HAL_UART_RxCpltCallback  stm32f4xx_hal_uart.o
    0x08001e5a   0x08001e5a   0x00000002   Code   RO         3293    i.HAL_UART_RxHalfCpltCallback  stm32f4xx_hal_uart.o
    0x08001e5c   0x08001e5c   0x00000078   Code   RO         3295    i.HAL_UART_Transmit_DMA  stm32f4xx_hal_uart.o
    0x08001ed4   0x08001ed4   0x00000002   Code   RO         3297    i.HAL_UART_TxCpltCallback  stm32f4xx_hal_uart.o
    0x08001ed6   0x08001ed6   0x00000002   Code   RO         3298    i.HAL_UART_TxHalfCpltCallback  stm32f4xx_hal_uart.o
    0x08001ed8   0x08001ed8   0x00000002   Code   RO          313    i.HardFault_Handler  stm32f4xx_it.o
    0x08001eda   0x08001eda   0x00000050   Code   RO         7642    i.LED_Driver_Check  led_driver.o
    0x08001f2a   0x08001f2a   0x00000002   PAD
    0x08001f2c   0x08001f2c   0x00000058   Code   RO         7643    i.LED_Driver_Init   led_driver.o
    0x08001f84   0x08001f84   0x00000020   Code   RO         7644    i.LED_Driver_OFF    led_driver.o
    0x08001fa4   0x08001fa4   0x00000020   Code   RO         7645    i.LED_Driver_ON     led_driver.o
    0x08001fc4   0x08001fc4   0x0000001c   Code   RO         7646    i.LED_Driver_Turn   led_driver.o
    0x08001fe0   0x08001fe0   0x00000002   Code   RO          314    i.MemManage_Handler  stm32f4xx_it.o
    0x08001fe2   0x08001fe2   0x00000002   Code   RO          315    i.NMI_Handler       stm32f4xx_it.o
    0x08001fe4   0x08001fe4   0x00000002   Code   RO          316    i.PendSV_Handler    stm32f4xx_it.o
    0x08001fe6   0x08001fe6   0x00000002   Code   RO          317    i.SVC_Handler       stm32f4xx_it.o
    0x08001fe8   0x08001fe8   0x0000000e   Code   RO          318    i.SysTick_Handler   stm32f4xx_it.o
    0x08001ff6   0x08001ff6   0x00000002   PAD
    0x08001ff8   0x08001ff8   0x00000094   Code   RO           14    i.SystemClock_Config  main.o
    0x0800208c   0x0800208c   0x0000001c   Code   RO         3761    i.SystemInit        system_stm32f4xx.o
    0x080020a8   0x080020a8   0x00000024   Code   RO         7431    i.TIM7_IRQHandler   basetimer_driver.o
    0x080020cc   0x080020cc   0x00000044   Code   RO         7894    i.UART1_Driver_Init  uart_debug_driver.o
    0x08002110   0x08002110   0x000000c8   Code   RO         7986    i.UART3_DMA_Driver_Init  uart3_driver.o
    0x080021d8   0x080021d8   0x00000054   Code   RO         7987    i.UART3_Driver_Init  uart3_driver.o
    0x0800222c   0x0800222c   0x00000020   Code   RO         7988    i.UART3_Receive_Data_Wait  uart3_driver.o
    0x0800224c   0x0800224c   0x00000010   Code   RO         7989    i.UART3_Send_Hex_Data  uart3_driver.o
    0x0800225c   0x0800225c   0x00000010   Code   RO         3299    i.UART_DMAAbortOnError  stm32f4xx_hal_uart.o
    0x0800226c   0x0800226c   0x0000004a   Code   RO         3300    i.UART_DMAError     stm32f4xx_hal_uart.o
    0x080022b6   0x080022b6   0x00000086   Code   RO         3301    i.UART_DMAReceiveCplt  stm32f4xx_hal_uart.o
    0x0800233c   0x0800233c   0x0000001e   Code   RO         3303    i.UART_DMARxHalfCplt  stm32f4xx_hal_uart.o
    0x0800235a   0x0800235a   0x00000042   Code   RO         3305    i.UART_DMATransmitCplt  stm32f4xx_hal_uart.o
    0x0800239c   0x0800239c   0x0000000a   Code   RO         3307    i.UART_DMATxHalfCplt  stm32f4xx_hal_uart.o
    0x080023a6   0x080023a6   0x0000004e   Code   RO         3309    i.UART_EndRxTransfer  stm32f4xx_hal_uart.o
    0x080023f4   0x080023f4   0x0000001c   Code   RO         3310    i.UART_EndTxTransfer  stm32f4xx_hal_uart.o
    0x08002410   0x08002410   0x000000c2   Code   RO         3311    i.UART_Receive_IT   stm32f4xx_hal_uart.o
    0x080024d2   0x080024d2   0x00000002   PAD
    0x080024d4   0x080024d4   0x0000010c   Code   RO         3312    i.UART_SetConfig    stm32f4xx_hal_uart.o
    0x080025e0   0x080025e0   0x00000090   Code   RO         3313    i.UART_Start_Receive_DMA  stm32f4xx_hal_uart.o
    0x08002670   0x08002670   0x00000072   Code   RO         3315    i.UART_WaitOnFlagUntilTimeout  stm32f4xx_hal_uart.o
    0x080026e2   0x080026e2   0x00000002   PAD
    0x080026e4   0x080026e4   0x00000084   Code   RO         7895    i.USART1_IRQHandler  uart_debug_driver.o
    0x08002768   0x08002768   0x00000020   Code   RO         7990    i.USART3_IRQHandler  uart3_driver.o
    0x08002788   0x08002788   0x00000002   Code   RO          319    i.UsageFault_Handler  stm32f4xx_it.o
    0x0800278a   0x0800278a   0x00000002   PAD
    0x0800278c   0x0800278c   0x00000020   Code   RO         8349    i.__0printf         mc_w.l(printfa.o)
    0x080027ac   0x080027ac   0x00000034   Code   RO         8354    i.__0vsnprintf      mc_w.l(printfa.o)
    0x080027e0   0x080027e0   0x00000020   Code   RO         1562    i.__NVIC_SetPriority  stm32f4xx_hal_cortex.o
    0x08002800   0x08002800   0x0000000e   Code   RO         8477    i.__scatterload_copy  mc_w.l(handlers.o)
    0x0800280e   0x0800280e   0x00000002   Code   RO         8478    i.__scatterload_null  mc_w.l(handlers.o)
    0x08002810   0x08002810   0x0000000e   Code   RO         8479    i.__scatterload_zeroinit  mc_w.l(handlers.o)
    0x0800281e   0x0800281e   0x00000002   PAD
    0x08002820   0x08002820   0x00000184   Code   RO         8356    i._fp_digits        mc_w.l(printfa.o)
    0x080029a4   0x080029a4   0x000006b4   Code   RO         8357    i._printf_core      mc_w.l(printfa.o)
    0x08003058   0x08003058   0x00000024   Code   RO         8358    i._printf_post_padding  mc_w.l(printfa.o)
    0x0800307c   0x0800307c   0x0000002e   Code   RO         8359    i._printf_pre_padding  mc_w.l(printfa.o)
    0x080030aa   0x080030aa   0x00000016   Code   RO         8360    i._snputc           mc_w.l(printfa.o)
    0x080030c0   0x080030c0   0x00000014   Code   RO         7896    i.fputc             uart_debug_driver.o
    0x080030d4   0x080030d4   0x0000014c   Code   RO           15    i.main              main.o
    0x08003220   0x08003220   0x0000006c   Code   RO         8378    i.malloc            mc_w.l(malloc.o)
    0x0800328c   0x0800328c   0x00000008   Data   RO         1278    .constdata          stm32f4xx_hal_dma.o
    0x08003294   0x08003294   0x00000010   Data   RO         3762    .constdata          system_stm32f4xx.o
    0x080032a4   0x080032a4   0x00000008   Data   RO         3763    .constdata          system_stm32f4xx.o
    0x080032ac   0x080032ac   0x00000020   Data   RO         8475    Region$$Table       anon$$obj.o


    Execution Region RW_IRAM1 (Exec base: 0x20000000, Load base: 0x080032cc, Size: 0x000012e0, Max: 0x0001c000, ABSOLUTE)

    Exec Addr    Load Addr    Size         Type   Attr      Idx    E Section Name        Object

    0x20000000   0x080032cc   0x0000000c   Data   RW         1711    .data               stm32f4xx_hal.o
    0x2000000c   0x080032d8   0x00000004   Data   RW         3764    .data               system_stm32f4xx.o
    0x20000010   0x080032dc   0x00000004   Data   RW         7435    .data               basetimer_driver.o
    0x20000014   0x080032e0   0x00000001   Data   RW         7733    .data               wwdg_driver.o
    0x20000015   0x080032e1   0x00000003   PAD
    0x20000018   0x080032e4   0x0000000c   Data   RW         7898    .data               uart_debug_driver.o
    0x20000024   0x080032f0   0x00000004   Data   RW         8427    .data               mc_w.l(stdout.o)
    0x20000028   0x080032f4   0x00000004   Data   RW         8432    .data               mc_w.l(mvars.o)
    0x2000002c   0x080032f8   0x00000004   Data   RW         8433    .data               mc_w.l(mvars.o)
    0x20000030        -       0x00000248   Zero   RW          439    .bss                ethernetif.o
    0x20000278        -       0x000008ec   Zero   RW         7897    .bss                uart_debug_driver.o
    0x20000b64        -       0x00000178   Zero   RW         7991    .bss                uart3_driver.o
    0x20000cdc   0x080032fc   0x00000004   PAD
    0x20000ce0        -       0x00000200   Zero   RW            2    HEAP                startup_stm32f407xx.o
    0x20000ee0        -       0x00000400   Zero   RW            1    STACK               startup_stm32f407xx.o


    Execution Region RW_IRAM2 (Exec base: 0x2001c000, Load base: 0x080032fc, Size: 0x00000000, Max: 0x00004000, ABSOLUTE)

    **** No section assigned to this execution region ****


==============================================================================

Image component sizes


      Code (inc. data)   RO Data    RW Data    ZI Data      Debug   Object Name

       104         60          0          0          0       2267   base_function.o
        36         10          0          4          0       2002   basetimer_driver.o
         0          0          0          0          0        898   crc_driver.o
         0          0          0          0        584      10366   ethernetif.o
       260         22          0          0          0       4928   led_driver.o
       484        150          0          0          0     739077   main.o
        36          8        392          0       1536        904   startup_stm32f407xx.o
       232         40          0         12          0      10073   stm32f4xx_hal.o
       198         14          0          0          0      34215   stm32f4xx_hal_cortex.o
      1084         16          8          0          0       7950   stm32f4xx_hal_dma.o
       218         12          0          0          0       6282   stm32f4xx_hal_eth.o
       522         46          0          0          0       3109   stm32f4xx_hal_gpio.o
        48          6          0          0          0        994   stm32f4xx_hal_msp.o
      1344         72          0          0          0       5640   stm32f4xx_hal_rcc.o
      2328         44          0          0          0      20438   stm32f4xx_hal_uart.o
        54         12          0          0          0       5877   stm32f4xx_it.o
        28          6         24          4          0       1427   system_stm32f4xx.o
       428         76          0          0        376       6568   uart3_driver.o
      1048        102          0         12       2284      11178   uart_debug_driver.o
       176         22          0          0          0       1459   uart_msp_init.o
         0          0          0          1          0        354   wwdg_driver.o

    ----------------------------------------------------------------------
      8650        718        456         36       4784     876006   Object Totals
         0          0         32          0          0          0   (incl. Generated)
        22          0          0          3          4          0   (incl. Padding)

    ----------------------------------------------------------------------

      Code (inc. data)   RO Data    RW Data    ZI Data      Debug   Library Member Name

         0          0          0          0          0          0   entry.o
         0          0          0          0          0          0   entry10a.o
         0          0          0          0          0          0   entry11a.o
         4          0          0          0          0          0   entry12b.o
         8          4          0          0          0          0   entry2.o
         4          0          0          0          0          0   entry5.o
         0          0          0          0          0          0   entry7b.o
         0          0          0          0          0          0   entry8b.o
         8          4          0          0          0          0   entry9a.o
        30          0          0          0          0          0   handlers.o
        36          8          0          0          0         68   init.o
         0          0          0          0          0          0   iusefp.o
        30          0          0          0          0         68   llshl.o
        36          0          0          0          0         68   llsshr.o
        32          0          0          0          0         68   llushr.o
       108         16          0          0          0         84   malloc.o
        64          0          0          0          0         76   memmovea.o
        36          0          0          0          0        108   memseta.o
         0          0          0          8          0          0   mvars.o
      2292         96          0          0          0        612   printfa.o
         0          0          0          4          0          0   stdout.o
        44          0          0          0          0         80   uidiv.o
        98          0          0          0          0         92   uldiv.o
        48          0          0          0          0         68   cdrcmple.o
       334          0          0          0          0        148   dadd.o
       222          0          0          0          0        100   ddiv.o
       186          0          0          0          0        176   depilogue.o
        48          0          0          0          0         68   dfixul.o
       228          0          0          0          0         96   dmul.o

    ----------------------------------------------------------------------
      3898        128          0         12          0       1980   Library Totals
         2          0          0          0          0          0   (incl. Padding)

    ----------------------------------------------------------------------

      Code (inc. data)   RO Data    RW Data    ZI Data      Debug   Library Name

      2830        128          0         12          0       1324   mc_w.l
      1066          0          0          0          0        656   mf_w.l

    ----------------------------------------------------------------------
      3898        128          0         12          0       1980   Library Totals

    ----------------------------------------------------------------------

==============================================================================


      Code (inc. data)   RO Data    RW Data    ZI Data      Debug   

     12548        846        456         48       4784     868150   Grand Totals
     12548        846        456         48       4784     868150   ELF Image Totals
     12548        846        456         48          0          0   ROM Totals

==============================================================================

    Total RO  Size (Code + RO Data)                13004 (  12.70kB)
    Total RW  Size (RW Data + ZI Data)              4832 (   4.72kB)
    Total ROM Size (Code + RO Data + RW Data)      13052 (  12.75kB)

==============================================================================

