<html>
<body>
<pre>
<h1>µVision Build Log</h1>
<h2>Tool Versions:</h2>
IDE-Version: ¦ÌVision V5.36.0.0
Copyright (C) 2021 ARM Ltd and ARM Germany GmbH. All rights reserved.
License Information: LB T, TLB_Family, LIC=03C6R-KPVFT-63YMB-2HYQI-ZKPDM-QKB9J
 
Tool Versions:
Toolchain:       MDK-ARM Plus  Version: 5.36.0.0
Toolchain Path:  H:\Keil_v5\ARM\ARMCC\Bin
C Compiler:      Armcc.exe V5.06 update 7 (build 960)
Assembler:       Armasm.exe V5.06 update 7 (build 960)
Linker/Locator:  ArmLink.exe V5.06 update 7 (build 960)
Library Manager: ArmAr.exe V5.06 update 7 (build 960)
Hex Converter:   FromElf.exe V5.06 update 7 (build 960)
CPU DLL:         SARMCM3.DLL V5.36.0.0
Dialog DLL:      DCM.DLL V1.17.3.0
Target DLL:      Segger\JL2CM3.dll V2.99.40.0
Dialog DLL:      TCM.DLL V1.53.0.0
 
<h2>Project:</h2>
H:\Personal_Project_V1.0\Working_Area\Personal_Project\STM32\STM32F407\STM32F407ZGT6_Embedded_Boot_V1.0\MDK-ARM\STM32F407ZGT6_Embedded_V1.0.uvprojx
Project File Date:  01/04/2025

<h2>Output:</h2>
*** Using Compiler 'V5.06 update 7 (build 960)', folder: 'H:\Keil_v5\ARM\ARMCC\Bin'
Build target 'STM32F407ZGT6_Embedded_V1.0'
compiling uart_debug_driver.c...
linking...
Program Size: Code=12548 RO-data=456 RW-data=48 ZI-data=4784  
FromELF: creating hex file...
After Build - User command #1: fromelf.exe --bin -o "H:\Personal_Project_V1.0\Working_Area\Personal_Project\STM32\STM32F407\STM32F407ZGT6_Embedded_Boot_V1.0\MDK-ARM\Out\STM32F407ZGT6_Embedded_V1.bin" "H:\Personal_Project_V1.0\Working_Area\Personal_Project\STM32\STM32F407\STM32F407ZGT6_Embedded_Boot_V1.0\MDK-ARM\Out\STM32F407ZGT6_Embedded_V1.0"
After Build - User command #2: fromelf.exe --text -c -o "H:\Personal_Project_V1.0\Working_Area\Personal_Project\STM32\STM32F407\STM32F407ZGT6_Embedded_Boot_V1.0\MDK-ARM\Out\STM32F407ZGT6_Embedded_V1.asm" "H:\Personal_Project_V1.0\Working_Area\Personal_Project\STM32\STM32F407\STM32F407ZGT6_Embedded_Boot_V1.0\MDK-ARM\Out\STM32F407ZGT6_Embedded_V1.0"
".\Out\STM32F407ZGT6_Embedded_V1.0" - 0 Error(s), 0 Warning(s).

<h2>Software Packages used:</h2>

Package Vendor: ARM
                http://www.keil.com/pack/ARM.CMSIS.5.8.0.pack
                ARM.CMSIS.5.8.0
                CMSIS (Common Microcontroller Software Interface Standard)
   * Component: CORE Version: 5.5.0

Package Vendor: Keil
                https://www.keil.com/pack/Keil.STM32F4xx_DFP.3.0.0.pack
                Keil.STM32F4xx_DFP.3.0.0
                STMicroelectronics STM32F4 Series Device Support

<h2>Collection of Component include folders:</h2>
  .\RTE\_STM32F407ZGT6_Embedded_V1.0
  H:\Keil_v5\ARM\CMSIS\5.8.0\CMSIS\Core\Include

<h2>Collection of Component Files used:</h2>

   * Component: ARM::CMSIS:CORE:5.5.0
      Include file:  CMSIS\Core\Include\tz_context.h
Build Time Elapsed:  00:00:01
</pre>
</body>
</html>
