Component: ARM Compiler 5.06 update 7 (build 960) Tool: armlink [4d3601]

==============================================================================

Section Cross References

    startup_stm32f407xx.o(RESET) refers to startup_stm32f407xx.o(STACK) for __initial_sp
    startup_stm32f407xx.o(RESET) refers to startup_stm32f407xx.o(.text) for Reset_Handler
    startup_stm32f407xx.o(RESET) refers to stm32f4xx_it.o(i.NMI_Handler) for NMI_Handler
    startup_stm32f407xx.o(RESET) refers to stm32f4xx_it.o(i.HardFault_Handler) for HardFault_Handler
    startup_stm32f407xx.o(RESET) refers to stm32f4xx_it.o(i.MemManage_Handler) for MemManage_Handler
    startup_stm32f407xx.o(RESET) refers to stm32f4xx_it.o(i.BusFault_Handler) for BusFault_Handler
    startup_stm32f407xx.o(RESET) refers to stm32f4xx_it.o(i.UsageFault_Handler) for UsageFault_Handler
    startup_stm32f407xx.o(RESET) refers to stm32f4xx_it.o(i.SVC_Handler) for SVC_Handler
    startup_stm32f407xx.o(RESET) refers to stm32f4xx_it.o(i.DebugMon_Handler) for DebugMon_Handler
    startup_stm32f407xx.o(RESET) refers to stm32f4xx_it.o(i.PendSV_Handler) for PendSV_Handler
    startup_stm32f407xx.o(RESET) refers to stm32f4xx_it.o(i.SysTick_Handler) for SysTick_Handler
    startup_stm32f407xx.o(RESET) refers to uart_debug_driver.o(i.USART1_IRQHandler) for USART1_IRQHandler
    startup_stm32f407xx.o(RESET) refers to basetimer_driver.o(i.TIM7_IRQHandler) for TIM7_IRQHandler
    startup_stm32f407xx.o(RESET) refers to stm32f4xx_it.o(i.ETH_IRQHandler) for ETH_IRQHandler
    startup_stm32f407xx.o(RESET) refers to stm32f4xx_it.o(i.ETH_WKUP_IRQHandler) for ETH_WKUP_IRQHandler
    startup_stm32f407xx.o(RESET) refers to uart_debug_driver.o(i.DMA2_Stream5_IRQHandler) for DMA2_Stream5_IRQHandler
    startup_stm32f407xx.o(RESET) refers to uart_debug_driver.o(i.DMA2_Stream7_IRQHandler) for DMA2_Stream7_IRQHandler
    startup_stm32f407xx.o(.text) refers to system_stm32f4xx.o(i.SystemInit) for SystemInit
    startup_stm32f407xx.o(.text) refers to entry.o(.ARM.Collect$$$$00000000) for __main
    main.o(i.SystemClock_Config) refers to memseta.o(.text) for __aeabi_memclr4
    main.o(i.SystemClock_Config) refers to stm32f4xx_hal_rcc.o(i.HAL_RCC_OscConfig) for HAL_RCC_OscConfig
    main.o(i.SystemClock_Config) refers to stm32f4xx_hal_rcc.o(i.HAL_RCC_ClockConfig) for HAL_RCC_ClockConfig
    main.o(i.main) refers to stm32f4xx_hal.o(i.HAL_Init) for HAL_Init
    main.o(i.main) refers to main.o(i.SystemClock_Config) for SystemClock_Config
    main.o(i.main) refers to stm32f4xx_hal.o(i.HAL_Delay) for HAL_Delay
    main.o(i.main) refers to led_driver.o(i.LED_Driver_Init) for LED_Driver_Init
    main.o(i.main) refers to led_driver.o(i.LED_Driver_Check) for LED_Driver_Check
    main.o(i.main) refers to uart_debug_driver.o(i.DMA_UART_Debug_Driver_Init) for DMA_UART_Debug_Driver_Init
    main.o(i.main) refers to uart_debug_driver.o(i.DMA_Sprintf) for DMA_Sprintf
    main.o(i.main) refers to wwdg_driver.o(.data) for WWDG_Full_Count
    stm32f4xx_it.o(i.ETH_IRQHandler) refers to stm32f4xx_hal_eth.o(i.HAL_ETH_IRQHandler) for HAL_ETH_IRQHandler
    stm32f4xx_it.o(i.ETH_IRQHandler) refers to ethernetif.o(.bss) for heth
    stm32f4xx_it.o(i.ETH_WKUP_IRQHandler) refers to stm32f4xx_hal_eth.o(i.HAL_ETH_IRQHandler) for HAL_ETH_IRQHandler
    stm32f4xx_it.o(i.ETH_WKUP_IRQHandler) refers to ethernetif.o(.bss) for heth
    stm32f4xx_it.o(i.SysTick_Handler) refers to stm32f4xx_hal.o(i.HAL_IncTick) for HAL_IncTick
    ethernetif.o(i.ETH_PHY_IO_GetTick) refers to stm32f4xx_hal.o(i.HAL_GetTick) for HAL_GetTick
    ethernetif.o(i.ETH_PHY_IO_Init) refers to stm32f4xx_hal_eth.o(i.HAL_ETH_SetMDIOClockRange) for HAL_ETH_SetMDIOClockRange
    ethernetif.o(i.ETH_PHY_IO_Init) refers to ethernetif.o(.bss) for .bss
    ethernetif.o(i.ETH_PHY_IO_ReadReg) refers to stm32f4xx_hal_eth.o(i.HAL_ETH_ReadPHYRegister) for HAL_ETH_ReadPHYRegister
    ethernetif.o(i.ETH_PHY_IO_ReadReg) refers to ethernetif.o(.bss) for .bss
    ethernetif.o(i.ETH_PHY_IO_WriteReg) refers to stm32f4xx_hal_eth.o(i.HAL_ETH_WritePHYRegister) for HAL_ETH_WritePHYRegister
    ethernetif.o(i.ETH_PHY_IO_WriteReg) refers to ethernetif.o(.bss) for .bss
    ethernetif.o(i.HAL_ETH_MspDeInit) refers to stm32f4xx_hal_gpio.o(i.HAL_GPIO_DeInit) for HAL_GPIO_DeInit
    ethernetif.o(i.HAL_ETH_MspDeInit) refers to stm32f4xx_hal_cortex.o(i.HAL_NVIC_DisableIRQ) for HAL_NVIC_DisableIRQ
    ethernetif.o(i.HAL_ETH_MspInit) refers to memseta.o(.text) for __aeabi_memclr4
    ethernetif.o(i.HAL_ETH_MspInit) refers to stm32f4xx_hal_gpio.o(i.HAL_GPIO_Init) for HAL_GPIO_Init
    ethernetif.o(i.HAL_ETH_MspInit) refers to stm32f4xx_hal_cortex.o(i.HAL_NVIC_SetPriority) for HAL_NVIC_SetPriority
    ethernetif.o(i.HAL_ETH_MspInit) refers to stm32f4xx_hal_cortex.o(i.HAL_NVIC_EnableIRQ) for HAL_NVIC_EnableIRQ
    ethernetif.o(i.HAL_ETH_RxAllocateCallback) refers to memp.o(i.memp_malloc_pool) for memp_malloc_pool
[...]
    tcp_driver.o(i.TCP_Send_Massage) refers to tcp_driver.o(.bss) for .bss
    uart_debug_driver.o(i.DMA2_Stream5_IRQHandler) refers to stm32f4xx_hal_dma.o(i.HAL_DMA_IRQHandler) for HAL_DMA_IRQHandler
    uart_debug_driver.o(i.DMA2_Stream5_IRQHandler) refers to uart_debug_driver.o(.bss) for .bss
    uart_debug_driver.o(i.DMA2_Stream7_IRQHandler) refers to stm32f4xx_hal_dma.o(i.HAL_DMA_IRQHandler) for HAL_DMA_IRQHandler
    uart_debug_driver.o(i.DMA2_Stream7_IRQHandler) refers to uart_debug_driver.o(.bss) for .bss
    uart_debug_driver.o(i.DMA_Sprintf) refers to printfa.o(i.__0vsnprintf) for vsnprintf
    uart_debug_driver.o(i.DMA_Sprintf) refers to memmovea.o(.text) for __aeabi_memcpy4
    uart_debug_driver.o(i.DMA_Sprintf) refers to stm32f4xx_hal_uart.o(i.HAL_UART_Transmit_DMA) for HAL_UART_Transmit_DMA
    uart_debug_driver.o(i.DMA_Sprintf) refers to uart_debug_driver.o(.bss) for .bss
    uart_debug_driver.o(i.DMA_Sprintf) refers to uart_debug_driver.o(.data) for .data
    uart_debug_driver.o(i.DMA_Sprintf_ISR) refers to printfa.o(i.__0vsnprintf) for vsnprintf
    uart_debug_driver.o(i.DMA_Sprintf_ISR) refers to memmovea.o(.text) for __aeabi_memcpy4
    uart_debug_driver.o(i.DMA_Sprintf_ISR) refers to stm32f4xx_hal_uart.o(i.HAL_UART_Transmit_DMA) for HAL_UART_Transmit_DMA
    uart_debug_driver.o(i.DMA_Sprintf_ISR) refers to uart_debug_driver.o(.bss) for .bss
    uart_debug_driver.o(i.DMA_Sprintf_ISR) refers to uart_debug_driver.o(.data) for .data
    uart_debug_driver.o(i.DMA_Sprintf_ISR) refers to wwdg_driver.o(.data) for WWDG_Full_Count
    uart_debug_driver.o(i.DMA_Sprintf_String) refers to stm32f4xx_hal_uart.o(i.HAL_UART_Transmit_DMA) for HAL_UART_Transmit_DMA
    uart_debug_driver.o(i.DMA_Sprintf_String) refers to wwdg_driver.o(.data) for WWDG_Full_Count
    uart_debug_driver.o(i.DMA_Sprintf_String) refers to uart_debug_driver.o(.bss) for .bss
    uart_debug_driver.o(i.DMA_UART1_Buff_ckeck) refers to memmovea.o(.text) for __aeabi_memcpy4
    uart_debug_driver.o(i.DMA_UART1_Buff_ckeck) refers to stm32f4xx_hal_uart.o(i.HAL_UART_Transmit_DMA) for HAL_UART_Transmit_DMA
    uart_debug_driver.o(i.DMA_UART1_Buff_ckeck) refers to uart_debug_driver.o(.bss) for .bss
    uart_debug_driver.o(i.DMA_UART_Debug_Driver_Init) refers to uart_debug_driver.o(i.UART1_Driver_Init) for UART1_Driver_Init
    uart_debug_driver.o(i.DMA_UART_Debug_Driver_Init) refers to stm32f4xx_hal_dma.o(i.HAL_DMA_Init) for HAL_DMA_Init
    uart_debug_driver.o(i.DMA_UART_Debug_Driver_Init) refers to stm32f4xx_hal_cortex.o(i.HAL_NVIC_SetPriority) for HAL_NVIC_SetPriority
    uart_debug_driver.o(i.DMA_UART_Debug_Driver_Init) refers to stm32f4xx_hal_cortex.o(i.HAL_NVIC_EnableIRQ) for HAL_NVIC_EnableIRQ
    uart_debug_driver.o(i.DMA_UART_Debug_Driver_Init) refers to uart_debug_driver.o(.data) for .data
    uart_debug_driver.o(i.DMA_UART_Debug_Driver_Init) refers to uart_debug_driver.o(.bss) for .bss
    uart_debug_driver.o(i.UART1_Driver_Init) refers to stm32f4xx_hal_uart.o(i.HAL_UART_Init) for HAL_UART_Init
    uart_debug_driver.o(i.UART1_Driver_Init) refers to main.o(i.Error_Handler) for Error_Handler
    uart_debug_driver.o(i.UART1_Driver_Init) refers to stm32f4xx_hal_cortex.o(i.HAL_NVIC_SetPriority) for HAL_NVIC_SetPriority
    uart_debug_driver.o(i.UART1_Driver_Init) refers to stm32f4xx_hal_cortex.o(i.HAL_NVIC_EnableIRQ) for HAL_NVIC_EnableIRQ
    uart_debug_driver.o(i.UART1_Driver_Init) refers to uart_debug_driver.o(.bss) for .bss
    uart_debug_driver.o(i.USART1_IRQHandler) refers to stm32f4xx_hal_uart.o(i.HAL_UART_Receive_DMA) for HAL_UART_Receive_DMA
    uart_debug_driver.o(i.USART1_IRQHandler) refers to led_driver.o(i.LED_Driver_Turn) for LED_Driver_Turn
    uart_debug_driver.o(i.USART1_IRQHandler) refers to stm32f4xx_hal_uart.o(i.HAL_UART_IRQHandler) for HAL_UART_IRQHandler
    uart_debug_driver.o(i.USART1_IRQHandler) refers to stm32f4xx_hal_uart.o(i.HAL_UART_DMAStop) for HAL_UART_DMAStop
    uart_debug_driver.o(i.USART1_IRQHandler) refers to uart_debug_driver.o(.bss) for .bss
    uart_debug_driver.o(i.fputc) refers to uart_debug_driver.o(.bss) for .bss
    entry.o(.ARM.Collect$$$$00000000) refers (Special) to entry10a.o(.ARM.Collect$$$$0000000F) for __rt_final_cpp
    entry.o(.ARM.Collect$$$$00000000) refers (Special) to entry11a.o(.ARM.Collect$$$$00000011) for __rt_final_exit
    entry.o(.ARM.Collect$$$$00000000) refers (Special) to entry12b.o(.ARM.Collect$$$$0000000E) for __rt_lib_shutdown_fini
    entry.o(.ARM.Collect$$$$00000000) refers (Special) to entry7b.o(.ARM.Collect$$$$00000008) for _main_clock
    entry.o(.ARM.Collect$$$$00000000) refers (Special) to entry8b.o(.ARM.Collect$$$$0000000A) for _main_cpp_init
    entry.o(.ARM.Collect$$$$00000000) refers (Special) to entry9a.o(.ARM.Collect$$$$0000000B) for _main_init
    entry.o(.ARM.Collect$$$$00000000) refers (Special) to entry5.o(.ARM.Collect$$$$00000004) for _main_scatterload
    entry.o(.ARM.Collect$$$$00000000) refers (Special) to entry2.o(.ARM.Collect$$$$00000001) for _main_stk
    uldiv.o(.text) refers to llushr.o(.text) for __aeabi_llsr
    uldiv.o(.text) refers to llshl.o(.text) for __aeabi_llsl
    ctype_o.o(.text) refers to ctype_o.o(.constdata) for .constdata
    ctype_o.o(.constdata) refers to ctype_o.o(.constdata) for __ctype_table
    isalnum_o.o(.text) refers to ctype_o.o(.text) for __rt_ctype_table
    isalpha_o.o(.text) refers to ctype_o.o(.text) for __rt_ctype_table
    isblank_o.o(.text) refers to ctype_o.o(.constdata) for __ctype_table
    iscntrl_o.o(.text) refers to ctype_o.o(.text) for __rt_ctype_table
    isdigit_o.o(.text) refers to ctype_o.o(.text) for __rt_ctype_table
    isgraph_o.o(.text) refers to ctype_o.o(.text) for __rt_ctype_table
    islower_o.o(.text) refers to ctype_o.o(.text) for __rt_ctype_table
    isprint_o.o(.text) refers to ctype_o.o(.text) for __rt_ctype_table
    ispunct_o.o(.text) refers to ctype_o.o(.text) for __rt_ctype_table
    isspace_o.o(.text) refers to ctype_o.o(.text) for __rt_ctype_table
    isupper_o.o(.text) refers to ctype_o.o(.text) for __rt_ctype_table
    isxdigit_o.o(.text) refers to ctype_o.o(.text) for __rt_ctype_table
    rand.o(.text) refers to rand.o(.data) for .data
    printfb.o(i.__0fprintf$bare) refers to printfb.o(i._printf_core) for _printf_core
    printfb.o(i.__0fprintf$bare) refers to uart_debug_driver.o(i.fputc) for fputc
    printfb.o(i.__0printf$bare) refers to printfb.o(i._printf_core) for _printf_core
    printfb.o(i.__0printf$bare) refers to uart_debug_driver.o(i.fputc) for fputc
    printfb.o(i.__0printf$bare) refers to stdout.o(.data) for __stdout
    printfb.o(i.__0snprintf$bare) refers to printfb.o(i._printf_core) for _printf_core
    printfb.o(i.__0snprintf$bare) refers to printfb.o(i._snputc) for _snputc
    printfb.o(i.__0sprintf$bare) refers to printfb.o(i._printf_core) for _printf_core
    printfb.o(i.__0sprintf$bare) refers to printfb.o(i._sputc) for _sputc
    printfb.o(i.__0vfprintf$bare) refers to printfb.o(i._printf_core) for _printf_core
    printfb.o(i.__0vfprintf$bare) refers to uart_debug_driver.o(i.fputc) for fputc
    printfb.o(i.__0vprintf$bare) refers to printfb.o(i._printf_core) for _printf_core
    printfb.o(i.__0vprintf$bare) refers to uart_debug_driver.o(i.fputc) for fputc
    printfb.o(i.__0vprintf$bare) refers to stdout.o(.data) for __stdout
    printfb.o(i.__0vsnprintf$bare) refers to printfb.o(i._printf_core) for _printf_core
    printfb.o(i.__0vsnprintf$bare) refers to printfb.o(i._snputc) for _snputc
    printfb.o(i.__0vsprintf$bare) refers to printfb.o(i._printf_core) for _printf_core
    printfb.o(i.__0vsprintf$bare) refers to printfb.o(i._sputc) for _sputc
    printf0.o(i.__0fprintf$0) refers to printf0.o(i._printf_core) for _printf_core
    printf0.o(i.__0fprintf$0) refers to uart_debug_driver.o(i.fputc) for fputc
    printf0.o(i.__0printf$0) refers to printf0.o(i._printf_core) for _printf_core
    printf0.o(i.__0printf$0) refers to uart_debug_driver.o(i.fputc) for fputc
    printf0.o(i.__0printf$0) refers to stdout.o(.data) for __stdout
    printf0.o(i.__0snprintf$0) refers to printf0.o(i._printf_core) for _printf_core
    printf0.o(i.__0snprintf$0) refers to printf0.o(i._snputc) for _snputc
    printf0.o(i.__0sprintf$0) refers to printf0.o(i._printf_core) for _printf_core
    printf0.o(i.__0sprintf$0) refers to printf0.o(i._sputc) for _sputc
    printf0.o(i.__0vfprintf$0) refers to printf0.o(i._printf_core) for _printf_core
    printf0.o(i.__0vfprintf$0) refers to uart_debug_driver.o(i.fputc) for fputc
    printf0.o(i.__0vprintf$0) refers to printf0.o(i._printf_core) for _printf_core
    printf0.o(i.__0vprintf$0) refers to uart_debug_driver.o(i.fputc) for fputc
    printf0.o(i.__0vprintf$0) refers to stdout.o(.data) for __stdout
    printf0.o(i.__0vsnprintf$0) refers to printf0.o(i._printf_core) for _printf_core
    printf0.o(i.__0vsnprintf$0) refers to printf0.o(i._snputc) for _snputc
    printf0.o(i.__0vsprintf$0) refers to printf0.o(i._printf_core) for _printf_core
    printf0.o(i.__0vsprintf$0) refers to printf0.o(i._sputc) for _sputc
    printf1.o(i.__0fprintf$1) refers to printf1.o(i._printf_core) for _printf_core
    printf1.o(i.__0fprintf$1) refers to uart_debug_driver.o(i.fputc) for fputc
    printf1.o(i.__0printf$1) refers to printf1.o(i._printf_core) for _printf_core
    printf1.o(i.__0printf$1) refers to uart_debug_driver.o(i.fputc) for fputc
    printf1.o(i.__0printf$1) refers to stdout.o(.data) for __stdout
    printf1.o(i.__0snprintf$1) refers to printf1.o(i._printf_core) for _printf_core
    printf1.o(i.__0snprintf$1) refers to printf1.o(i._snputc) for _snputc
    printf1.o(i.__0sprintf$1) refers to printf1.o(i._printf_core) for _printf_core
    printf1.o(i.__0sprintf$1) refers to printf1.o(i._sputc) for _sputc
    printf1.o(i.__0vfprintf$1) refers to printf1.o(i._printf_core) for _printf_core
    printf1.o(i.__0vfprintf$1) refers to uart_debug_driver.o(i.fputc) for fputc
    printf1.o(i.__0vprintf$1) refers to printf1.o(i._printf_core) for _printf_core
    printf1.o(i.__0vprintf$1) refers to uart_debug_driver.o(i.fputc) for fputc
    printf1.o(i.__0vprintf$1) refers to stdout.o(.data) for __stdout
    printf1.o(i.__0vsnprintf$1) refers to printf1.o(i._printf_core) for _printf_core
    printf1.o(i.__0vsnprintf$1) refers to printf1.o(i._snputc) for _snputc
    printf1.o(i.__0vsprintf$1) refers to printf1.o(i._printf_core) for _printf_core
    printf1.o(i.__0vsprintf$1) refers to printf1.o(i._sputc) for _sputc
    printf1.o(i._printf_core) refers to uidiv.o(.text) for __aeabi_uidivmod
    printf2.o(i.__0fprintf$2) refers to printf2.o(i._printf_core) for _printf_core
    printf2.o(i.__0fprintf$2) refers to uart_debug_driver.o(i.fputc) for fputc
    printf2.o(i.__0printf$2) refers to printf2.o(i._printf_core) for _printf_core
    printf2.o(i.__0printf$2) refers to uart_debug_driver.o(i.fputc) for fputc
    printf2.o(i.__0printf$2) refers to stdout.o(.data) for __stdout
    printf2.o(i.__0snprintf$2) refers to printf2.o(i._printf_core) for _printf_core
    printf2.o(i.__0snprintf$2) refers to printf2.o(i._snputc) for _snputc
    printf2.o(i.__0sprintf$2) refers to printf2.o(i._printf_core) for _printf_core
    printf2.o(i.__0sprintf$2) refers to printf2.o(i._sputc) for _sputc
    printf2.o(i.__0vfprintf$2) refers to printf2.o(i._printf_core) for _printf_core
    printf2.o(i.__0vfprintf$2) refers to uart_debug_driver.o(i.fputc) for fputc
    printf2.o(i.__0vprintf$2) refers to printf2.o(i._printf_core) for _printf_core
    printf2.o(i.__0vprintf$2) refers to uart_debug_driver.o(i.fputc) for fputc
    printf2.o(i.__0vprintf$2) refers to stdout.o(.data) for __stdout
    printf2.o(i.__0vsnprintf$2) refers to printf2.o(i._printf_core) for _printf_core
    printf2.o(i.__0vsnprintf$2) refers to printf2.o(i._snputc) for _snputc
    printf2.o(i.__0vsprintf$2) refers to printf2.o(i._printf_core) for _printf_core
    printf2.o(i.__0vsprintf$2) refers to printf2.o(i._sputc) for _sputc
    printf3.o(i.__0fprintf$3) refers to printf3.o(i._printf_core) for _printf_core
    printf3.o(i.__0fprintf$3) refers to uart_debug_driver.o(i.fputc) for fputc
    printf3.o(i.__0printf$3) refers to printf3.o(i._printf_core) for _printf_core
    printf3.o(i.__0printf$3) refers to uart_debug_driver.o(i.fputc) for fputc
    printf3.o(i.__0printf$3) refers to stdout.o(.data) for __stdout
    printf3.o(i.__0snprintf$3) refers to printf3.o(i._printf_core) for _printf_core
    printf3.o(i.__0snprintf$3) refers to printf3.o(i._snputc) for _snputc
    printf3.o(i.__0sprintf$3) refers to printf3.o(i._printf_core) for _printf_core
    printf3.o(i.__0sprintf$3) refers to printf3.o(i._sputc) for _sputc
    printf3.o(i.__0vfprintf$3) refers to printf3.o(i._printf_core) for _printf_core
    printf3.o(i.__0vfprintf$3) refers to uart_debug_driver.o(i.fputc) for fputc
    printf3.o(i.__0vprintf$3) refers to printf3.o(i._printf_core) for _printf_core
    printf3.o(i.__0vprintf$3) refers to uart_debug_driver.o(i.fputc) for fputc
    printf3.o(i.__0vprintf$3) refers to stdout.o(.data) for __stdout
    printf3.o(i.__0vsnprintf$3) refers to printf3.o(i._printf_core) for _printf_core
    printf3.o(i.__0vsnprintf$3) refers to printf3.o(i._snputc) for _snputc
    printf3.o(i.__0vsprintf$3) refers to printf3.o(i._printf_core) for _printf_core
    printf3.o(i.__0vsprintf$3) refers to printf3.o(i._sputc) for _sputc
    printf3.o(i._printf_core) refers to uidiv.o(.text) for __aeabi_uidivmod
    printf4.o(i.__0fprintf$4) refers to printf4.o(i._printf_core) for _printf_core
    printf4.o(i.__0fprintf$4) refers to uart_debug_driver.o(i.fputc) for fputc
    printf4.o(i.__0printf$4) refers to printf4.o(i._printf_core) for _printf_core
    printf4.o(i.__0printf$4) refers to uart_debug_driver.o(i.fputc) for fputc
    printf4.o(i.__0printf$4) refers to stdout.o(.data) for __stdout
    printf4.o(i.__0snprintf$4) refers to printf4.o(i._printf_core) for _printf_core
    printf4.o(i.__0snprintf$4) refers to printf4.o(i._snputc) for _snputc
    printf4.o(i.__0sprintf$4) refers to printf4.o(i._printf_core) for _printf_core
    printf4.o(i.__0sprintf$4) refers to printf4.o(i._sputc) for _sputc
    printf4.o(i.__0vfprintf$4) refers to printf4.o(i._printf_core) for _printf_core
    printf4.o(i.__0vfprintf$4) refers to uart_debug_driver.o(i.fputc) for fputc
    printf4.o(i.__0vprintf$4) refers to printf4.o(i._printf_core) for _printf_core
    printf4.o(i.__0vprintf$4) refers to uart_debug_driver.o(i.fputc) for fputc
    printf4.o(i.__0vprintf$4) refers to stdout.o(.data) for __stdout
    printf4.o(i.__0vsnprintf$4) refers to printf4.o(i._printf_core) for _printf_core
    printf4.o(i.__0vsnprintf$4) refers to printf4.o(i._snputc) for _snputc
    printf4.o(i.__0vsprintf$4) refers to printf4.o(i._printf_core) for _printf_core
    printf4.o(i.__0vsprintf$4) refers to printf4.o(i._sputc) for _sputc
    printf4.o(i._printf_core) refers to uldiv.o(.text) for __aeabi_uldivmod
    printf5.o(i.__0fprintf$5) refers to printf5.o(i._printf_core) for _printf_core
    printf5.o(i.__0fprintf$5) refers to uart_debug_driver.o(i.fputc) for fputc
    printf5.o(i.__0printf$5) refers to printf5.o(i._printf_core) for _printf_core
    printf5.o(i.__0printf$5) refers to uart_debug_driver.o(i.fputc) for fputc
    printf5.o(i.__0printf$5) refers to stdout.o(.data) for __stdout
    printf5.o(i.__0snprintf$5) refers to printf5.o(i._printf_core) for _printf_core
    printf5.o(i.__0snprintf$5) refers to printf5.o(i._snputc) for _snputc
    printf5.o(i.__0sprintf$5) refers to printf5.o(i._printf_core) for _printf_core
    printf5.o(i.__0sprintf$5) refers to printf5.o(i._sputc) for _sputc
    printf5.o(i.__0vfprintf$5) refers to printf5.o(i._printf_core) for _printf_core
    printf5.o(i.__0vfprintf$5) refers to uart_debug_driver.o(i.fputc) for fputc
    printf5.o(i.__0vprintf$5) refers to printf5.o(i._printf_core) for _printf_core
    printf5.o(i.__0vprintf$5) refers to uart_debug_driver.o(i.fputc) for fputc
    printf5.o(i.__0vprintf$5) refers to stdout.o(.data) for __stdout
    printf5.o(i.__0vsnprintf$5) refers to printf5.o(i._printf_core) for _printf_core
    printf5.o(i.__0vsnprintf$5) refers to printf5.o(i._snputc) for _snputc
    printf5.o(i.__0vsprintf$5) refers to printf5.o(i._printf_core) for _printf_core
    printf5.o(i.__0vsprintf$5) refers to printf5.o(i._sputc) for _sputc
    printf5.o(i._printf_core) refers to uldiv.o(.text) for __aeabi_uldivmod
    printf6.o(i.__0fprintf$6) refers to printf6.o(i._printf_core) for _printf_core
    printf6.o(i.__0fprintf$6) refers to uart_debug_driver.o(i.fputc) for fputc
    printf6.o(i.__0printf$6) refers to printf6.o(i._printf_core) for _printf_core
    printf6.o(i.__0printf$6) refers to uart_debug_driver.o(i.fputc) for fputc
    printf6.o(i.__0printf$6) refers to stdout.o(.data) for __stdout
    printf6.o(i.__0snprintf$6) refers to printf6.o(i._printf_core) for _printf_core
    printf6.o(i.__0snprintf$6) refers to printf6.o(i._snputc) for _snputc
    printf6.o(i.__0sprintf$6) refers to printf6.o(i._printf_core) for _printf_core
    printf6.o(i.__0sprintf$6) refers to printf6.o(i._sputc) for _sputc
    printf6.o(i.__0vfprintf$6) refers to printf6.o(i._printf_core) for _printf_core
    printf6.o(i.__0vfprintf$6) refers to uart_debug_driver.o(i.fputc) for fputc
    printf6.o(i.__0vprintf$6) refers to printf6.o(i._printf_core) for _printf_core
    printf6.o(i.__0vprintf$6) refers to uart_debug_driver.o(i.fputc) for fputc
    printf6.o(i.__0vprintf$6) refers to stdout.o(.data) for __stdout
    printf6.o(i.__0vsnprintf$6) refers to printf6.o(i._printf_core) for _printf_core
    printf6.o(i.__0vsnprintf$6) refers to printf6.o(i._snputc) for _snputc
    printf6.o(i.__0vsprintf$6) refers to printf6.o(i._printf_core) for _printf_core
    printf6.o(i.__0vsprintf$6) refers to printf6.o(i._sputc) for _sputc
    printf6.o(i._printf_core) refers to printf6.o(i._printf_pre_padding) for _printf_pre_padding
    printf6.o(i._printf_core) refers to uidiv.o(.text) for __aeabi_uidivmod
    printf6.o(i._printf_core) refers to printf6.o(i._printf_post_padding) for _printf_post_padding
    printf7.o(i.__0fprintf$7) refers to printf7.o(i._printf_core) for _printf_core
    printf7.o(i.__0fprintf$7) refers to uart_debug_driver.o(i.fputc) for fputc
    printf7.o(i.__0printf$7) refers to printf7.o(i._printf_core) for _printf_core
    printf7.o(i.__0printf$7) refers to uart_debug_driver.o(i.fputc) for fputc
    printf7.o(i.__0printf$7) refers to stdout.o(.data) for __stdout
    printf7.o(i.__0snprintf$7) refers to printf7.o(i._printf_core) for _printf_core
    printf7.o(i.__0snprintf$7) refers to printf7.o(i._snputc) for _snputc
    printf7.o(i.__0sprintf$7) refers to printf7.o(i._printf_core) for _printf_core
    printf7.o(i.__0sprintf$7) refers to printf7.o(i._sputc) for _sputc
    printf7.o(i.__0vfprintf$7) refers to printf7.o(i._printf_core) for _printf_core
    printf7.o(i.__0vfprintf$7) refers to uart_debug_driver.o(i.fputc) for fputc
    printf7.o(i.__0vprintf$7) refers to printf7.o(i._printf_core) for _printf_core
    printf7.o(i.__0vprintf$7) refers to uart_debug_driver.o(i.fputc) for fputc
    printf7.o(i.__0vprintf$7) refers to stdout.o(.data) for __stdout
    printf7.o(i.__0vsnprintf$7) refers to printf7.o(i._printf_core) for _printf_core
    printf7.o(i.__0vsnprintf$7) refers to printf7.o(i._snputc) for _snputc
    printf7.o(i.__0vsprintf$7) refers to printf7.o(i._printf_core) for _printf_core
    printf7.o(i.__0vsprintf$7) refers to printf7.o(i._sputc) for _sputc
    printf7.o(i._printf_core) refers to printf7.o(i._printf_pre_padding) for _printf_pre_padding
    printf7.o(i._printf_core) refers to uldiv.o(.text) for __aeabi_uldivmod
    printf7.o(i._printf_core) refers to printf7.o(i._printf_post_padding) for _printf_post_padding
    printf8.o(i.__0fprintf$8) refers to printf8.o(i._printf_core) for _printf_core
    printf8.o(i.__0fprintf$8) refers to uart_debug_driver.o(i.fputc) for fputc
    printf8.o(i.__0printf$8) refers to printf8.o(i._printf_core) for _printf_core
    printf8.o(i.__0printf$8) refers to uart_debug_driver.o(i.fputc) for fputc
    printf8.o(i.__0printf$8) refers to stdout.o(.data) for __stdout
    printf8.o(i.__0snprintf$8) refers to printf8.o(i._printf_core) for _printf_core
    printf8.o(i.__0snprintf$8) refers to printf8.o(i._snputc) for _snputc
    printf8.o(i.__0sprintf$8) refers to printf8.o(i._printf_core) for _printf_core
    printf8.o(i.__0sprintf$8) refers to printf8.o(i._sputc) for _sputc
    printf8.o(i.__0vfprintf$8) refers to printf8.o(i._printf_core) for _printf_core
    printf8.o(i.__0vfprintf$8) refers to uart_debug_driver.o(i.fputc) for fputc
    printf8.o(i.__0vprintf$8) refers to printf8.o(i._printf_core) for _printf_core
    printf8.o(i.__0vprintf$8) refers to uart_debug_driver.o(i.fputc) for fputc
    printf8.o(i.__0vprintf$8) refers to stdout.o(.data) for __stdout
    printf8.o(i.__0vsnprintf$8) refers to printf8.o(i._printf_core) for _printf_core
    printf8.o(i.__0vsnprintf$8) refers to printf8.o(i._snputc) for _snputc
    printf8.o(i.__0vsprintf$8) refers to printf8.o(i._printf_core) for _printf_core
    printf8.o(i.__0vsprintf$8) refers to printf8.o(i._sputc) for _sputc
    printf8.o(i._printf_core) refers to printf8.o(i._printf_pre_padding) for _printf_pre_padding
    printf8.o(i._printf_core) refers to uldiv.o(.text) for __aeabi_uldivmod
    printf8.o(i._printf_core) refers to printf8.o(i._printf_post_padding) for _printf_post_padding
    printfa.o(i.__0fprintf) refers (Special) to iusefp.o(.text) for __I$use$fp
    printfa.o(i.__0fprintf) refers to printfa.o(i._printf_core) for _printf_core
    printfa.o(i.__0fprintf) refers to uart_debug_driver.o(i.fputc) for fputc
    printfa.o(i.__0printf) refers (Special) to iusefp.o(.text) for __I$use$fp
    printfa.o(i.__0printf) refers to printfa.o(i._printf_core) for _printf_core
    printfa.o(i.__0printf) refers to uart_debug_driver.o(i.fputc) for fputc
    printfa.o(i.__0printf) refers to stdout.o(.data) for __stdout
    printfa.o(i.__0snprintf) refers (Special) to iusefp.o(.text) for __I$use$fp
    printfa.o(i.__0snprintf) refers to printfa.o(i._printf_core) for _printf_core
    printfa.o(i.__0snprintf) refers to printfa.o(i._snputc) for _snputc
    printfa.o(i.__0sprintf) refers (Special) to iusefp.o(.text) for __I$use$fp
    printfa.o(i.__0sprintf) refers to printfa.o(i._printf_core) for _printf_core
    printfa.o(i.__0sprintf) refers to printfa.o(i._sputc) for _sputc
    printfa.o(i.__0vfprintf) refers (Special) to iusefp.o(.text) for __I$use$fp
    printfa.o(i.__0vfprintf) refers to printfa.o(i._printf_core) for _printf_core
    printfa.o(i.__0vfprintf) refers to uart_debug_driver.o(i.fputc) for fputc
    printfa.o(i.__0vprintf) refers (Special) to iusefp.o(.text) for __I$use$fp
    printfa.o(i.__0vprintf) refers to printfa.o(i._printf_core) for _printf_core
    printfa.o(i.__0vprintf) refers to uart_debug_driver.o(i.fputc) for fputc
    printfa.o(i.__0vprintf) refers to stdout.o(.data) for __stdout
    printfa.o(i.__0vsnprintf) refers (Special) to iusefp.o(.text) for __I$use$fp
    printfa.o(i.__0vsnprintf) refers to printfa.o(i._printf_core) for _printf_core
    printfa.o(i.__0vsnprintf) refers to printfa.o(i._snputc) for _snputc
    printfa.o(i.__0vsprintf) refers (Special) to iusefp.o(.text) for __I$use$fp
    printfa.o(i.__0vsprintf) refers to printfa.o(i._printf_core) for _printf_core
    printfa.o(i.__0vsprintf) refers to printfa.o(i._sputc) for _sputc
    printfa.o(i._fp_digits) refers (Special) to iusefp.o(.text) for __I$use$fp
    printfa.o(i._fp_digits) refers to dmul.o(.text) for __aeabi_dmul
    printfa.o(i._fp_digits) refers to ddiv.o(.text) for __aeabi_ddiv
    printfa.o(i._fp_digits) refers to cdrcmple.o(.text) for __aeabi_cdrcmple
    printfa.o(i._fp_digits) refers to dadd.o(.text) for __aeabi_dadd
    printfa.o(i._fp_digits) refers to dfixul.o(.text) for __aeabi_d2ulz
    printfa.o(i._fp_digits) refers to uldiv.o(.text) for __aeabi_uldivmod
    printfa.o(i._printf_core) refers (Special) to iusefp.o(.text) for __I$use$fp
    printfa.o(i._printf_core) refers to printfa.o(i._printf_pre_padding) for _printf_pre_padding
    printfa.o(i._printf_core) refers to uldiv.o(.text) for __aeabi_uldivmod
    printfa.o(i._printf_core) refers to printfa.o(i._printf_post_padding) for _printf_post_padding
    printfa.o(i._printf_core) refers to printfa.o(i._fp_digits) for _fp_digits
    printfa.o(i._printf_core) refers to uidiv.o(.text) for __aeabi_uidivmod
    printfa.o(i._printf_post_padding) refers (Special) to iusefp.o(.text) for __I$use$fp
    printfa.o(i._printf_pre_padding) refers (Special) to iusefp.o(.text) for __I$use$fp
    printfa.o(i._snputc) refers (Special) to iusefp.o(.text) for __I$use$fp
    printfa.o(i._sputc) refers (Special) to iusefp.o(.text) for __I$use$fp
    atoi.o(.text) refers to errno.o(i.__aeabi_errno_addr) for __aeabi_errno_addr
    atoi.o(.text) refers to strtol.o(.text) for strtol
    entry2.o(.ARM.Collect$$$$00000001) refers to entry2.o(.ARM.Collect$$$$00002712) for __lit__00000000
    entry2.o(.ARM.Collect$$$$00002712) refers to startup_stm32f407xx.o(STACK) for __initial_sp
    entry2.o(__vectab_stack_and_reset_area) refers to startup_stm32f407xx.o(STACK) for __initial_sp
    entry2.o(__vectab_stack_and_reset_area) refers to entry.o(.ARM.Collect$$$$00000000) for __main
    entry5.o(.ARM.Collect$$$$00000004) refers to init.o(.text) for __scatterload
    entry9a.o(.ARM.Collect$$$$0000000B) refers to main.o(i.main) for main
    entry9b.o(.ARM.Collect$$$$0000000C) refers to main.o(i.main) for main
    errno.o(i.__aeabi_errno_addr) refers to errno.o(.data) for .data
    errno.o(i.__read_errno) refers to errno.o(.data) for .data
    errno.o(i.__set_errno) refers to errno.o(.data) for .data
    strtol.o(.text) refers to ctype_o.o(.text) for __rt_ctype_table
    strtol.o(.text) refers to _strtoul.o(.text) for _strtoul
    strtol.o(.text) refers to errno.o(i.__aeabi_errno_addr) for __aeabi_errno_addr
    dadd.o(.text) refers to llshl.o(.text) for __aeabi_llsl
    dadd.o(.text) refers to llsshr.o(.text) for __aeabi_lasr
    dadd.o(.text) refers to depilogue.o(.text) for _double_epilogue
    dmul.o(.text) refers to depilogue.o(.text) for _double_epilogue
    ddiv.o(.text) refers to depilogue.o(.text) for _double_round
    dfixul.o(.text) refers to llushr.o(.text) for __aeabi_llsr
    dfixul.o(.text) refers to llshl.o(.text) for __aeabi_llsl
    init.o(.text) refers to entry5.o(.ARM.Collect$$$$00000004) for __main_after_scatterload
    _strtoul.o(.text) refers to _chval.o(.text) for _chval
    _strtoul.o(.text) refers to errno.o(i.__aeabi_errno_addr) for __aeabi_errno_addr
    depilogue.o(.text) refers to llshl.o(.text) for __aeabi_llsl
    depilogue.o(.text) refers to llushr.o(.text) for __aeabi_llsr


==============================================================================

Removing Unused input sections from the image.

    Removing startup_stm32f407xx.o(HEAP), (512 bytes).
    Removing main.o(.rev16_text), (4 bytes).
    Removing main.o(.revsh_text), (4 bytes).
    Removing main.o(.rrx_text), (6 bytes).
    Removing stm32f4xx_it.o(.rev16_text), (4 bytes).
    Removing stm32f4xx_it.o(.revsh_text), (4 bytes).
    Removing stm32f4xx_it.o(.rrx_text), (6 bytes).
    Removing stm32f4xx_hal_msp.o(.rev16_text), (4 bytes).
    Removing stm32f4xx_hal_msp.o(.revsh_text), (4 bytes).
    Removing stm32f4xx_hal_msp.o(.rrx_text), (6 bytes).
    Removing ethernetif.o(.rev16_text), (4 bytes).
    Removing ethernetif.o(.revsh_text), (4 bytes).
    Removing ethernetif.o(.rrx_text), (6 bytes).
    Removing ethernetif.o(i.ETH_PHY_IO_DeInit), (4 bytes).
    Removing ethernetif.o(i.ETH_PHY_IO_GetTick), (4 bytes).
    Removing ethernetif.o(i.ETH_PHY_IO_Init), (16 bytes).
    Removing ethernetif.o(i.ETH_PHY_IO_ReadReg), (28 bytes).
    Removing ethernetif.o(i.ETH_PHY_IO_WriteReg), (28 bytes).
    Removing ethernetif.o(i.HAL_ETH_MspDeInit), (100 bytes).
    Removing ethernetif.o(i.HAL_ETH_MspInit), (248 bytes).
    Removing ethernetif.o(i.HAL_ETH_RxAllocateCallback), (72 bytes).
    Removing ethernetif.o(i.HAL_ETH_RxLinkCallback), (42 bytes).
    Removing ethernetif.o(i.HAL_ETH_TxFreeCallback), (4 bytes).
    Removing ethernetif.o(i.ethernet_link_check_state), (148 bytes).
    Removing ethernetif.o(i.ethernetif_init), (144 bytes).
    Removing ethernetif.o(i.ethernetif_input), (60 bytes).
    Removing ethernetif.o(i.low_level_init), (232 bytes).
    Removing ethernetif.o(i.low_level_output), (112 bytes).
    Removing ethernetif.o(i.pbuf_free_custom), (32 bytes).
    Removing ethernetif.o(i.sys_now), (4 bytes).
    Removing ethernetif.o(.bss), (18819 bytes).
    Removing ethernetif.o(.constdata), (12 bytes).
    Removing ethernetif.o(.data), (24 bytes).
    Removing ethernetif.o(.data), (4 bytes).
    Removing lwip.o(.rev16_text), (4 bytes).
    Removing lwip.o(.revsh_text), (4 bytes).
    Removing lwip.o(.rrx_text), (6 bytes).
    Removing lwip.o(i.MX_LWIP_Init), (304 bytes).
    Removing lwip.o(i.MX_LWIP_Process), (56 bytes).
    Removing lwip.o(i.ethernet_link_status_updated), (2 bytes).
    Removing lwip.o(i.sio_open), (4 bytes).
    Removing lwip.o(i.sio_read), (4 bytes).
    Removing lwip.o(i.sio_send), (2 bytes).
    Removing lwip.o(i.sio_tryread), (4 bytes).
    Removing lwip.o(.bss), (52 bytes).
    Removing lwip.o(.data), (28 bytes).
    Removing lan8742.o(i.LAN8742_ClearIT), (32 bytes).
    Removing lan8742.o(i.LAN8742_DeInit), (32 bytes).
    Removing lan8742.o(i.LAN8742_DisableIT), (58 bytes).
    Removing lan8742.o(i.LAN8742_DisableLoopbackMode), (58 bytes).
    Removing lan8742.o(i.LAN8742_DisablePowerDownMode), (58 bytes).
    Removing lan8742.o(i.LAN8742_EnableIT), (58 bytes).
    Removing lan8742.o(i.LAN8742_EnableLoopbackMode), (58 bytes).
    Removing lan8742.o(i.LAN8742_EnablePowerDownMode), (58 bytes).
    Removing lan8742.o(i.LAN8742_GetITStatus), (44 bytes).
    Removing lan8742.o(i.LAN8742_GetLinkState), (148 bytes).
    Removing lan8742.o(i.LAN8742_Init), (204 bytes).
    Removing lan8742.o(i.LAN8742_RegisterBusIO), (44 bytes).
    Removing lan8742.o(i.LAN8742_SetLinkState), (98 bytes).
    Removing lan8742.o(i.LAN8742_StartAutoNego), (58 bytes).
    Removing stm32f4xx_hal_rcc.o(.rev16_text), (4 bytes).
    Removing stm32f4xx_hal_rcc.o(.revsh_text), (4 bytes).
    Removing stm32f4xx_hal_rcc.o(.rrx_text), (6 bytes).
    Removing stm32f4xx_hal_rcc.o(i.HAL_RCC_CSSCallback), (2 bytes).
    Removing stm32f4xx_hal_rcc.o(i.HAL_RCC_DeInit), (4 bytes).
    Removing stm32f4xx_hal_rcc.o(i.HAL_RCC_DisableCSS), (12 bytes).
    Removing stm32f4xx_hal_rcc.o(i.HAL_RCC_EnableCSS), (12 bytes).
    Removing stm32f4xx_hal_rcc.o(i.HAL_RCC_GetClockConfig), (64 bytes).
    Removing stm32f4xx_hal_rcc.o(i.HAL_RCC_GetHCLKFreq), (12 bytes).
    Removing stm32f4xx_hal_rcc.o(i.HAL_RCC_GetOscConfig), (180 bytes).
    Removing stm32f4xx_hal_rcc.o(i.HAL_RCC_MCOConfig), (140 bytes).
    Removing stm32f4xx_hal_rcc.o(i.HAL_RCC_NMI_IRQHandler), (28 bytes).
    Removing stm32f4xx_hal_rcc_ex.o(.rev16_text), (4 bytes).
    Removing stm32f4xx_hal_rcc_ex.o(.revsh_text), (4 bytes).
    Removing stm32f4xx_hal_rcc_ex.o(.rrx_text), (6 bytes).
    Removing stm32f4xx_hal_rcc_ex.o(i.HAL_RCCEx_DisablePLLI2S), (52 bytes).
    Removing stm32f4xx_hal_rcc_ex.o(i.HAL_RCCEx_EnablePLLI2S), (104 bytes).
    Removing stm32f4xx_hal_rcc_ex.o(i.HAL_RCCEx_GetPeriphCLKConfig), (52 bytes).
    Removing stm32f4xx_hal_rcc_ex.o(i.HAL_RCCEx_GetPeriphCLKFreq), (96 bytes).
    Removing stm32f4xx_hal_rcc_ex.o(i.HAL_RCCEx_PeriphCLKConfig), (316 bytes).
    Removing stm32f4xx_hal_rcc_ex.o(i.HAL_RCC_DeInit), (308 bytes).
    Removing stm32f4xx_hal_flash.o(.rev16_text), (4 bytes).
    Removing stm32f4xx_hal_flash.o(.revsh_text), (4 bytes).
    Removing stm32f4xx_hal_flash.o(.rrx_text), (6 bytes).
    Removing stm32f4xx_hal_flash.o(i.FLASH_Program_Byte), (32 bytes).
    Removing stm32f4xx_hal_flash.o(i.FLASH_Program_DoubleWord), (44 bytes).
    Removing stm32f4xx_hal_flash.o(i.FLASH_Program_HalfWord), (36 bytes).
    Removing stm32f4xx_hal_flash.o(i.FLASH_Program_Word), (36 bytes).
    Removing stm32f4xx_hal_flash.o(i.FLASH_SetErrorCode), (104 bytes).
    Removing stm32f4xx_hal_flash.o(i.FLASH_WaitForLastOperation), (80 bytes).
    Removing stm32f4xx_hal_flash.o(i.HAL_FLASH_EndOfOperationCallback), (2 bytes).
    Removing stm32f4xx_hal_flash.o(i.HAL_FLASH_GetError), (12 bytes).
    Removing stm32f4xx_hal_flash.o(i.HAL_FLASH_IRQHandler), (204 bytes).
    Removing stm32f4xx_hal_flash.o(i.HAL_FLASH_Lock), (20 bytes).
    Removing stm32f4xx_hal_flash.o(i.HAL_FLASH_OB_Launch), (24 bytes).
    Removing stm32f4xx_hal_flash.o(i.HAL_FLASH_OB_Lock), (20 bytes).
    Removing stm32f4xx_hal_flash.o(i.HAL_FLASH_OB_Unlock), (40 bytes).
    Removing stm32f4xx_hal_flash.o(i.HAL_FLASH_OperationErrorCallback), (2 bytes).
    Removing stm32f4xx_hal_flash.o(i.HAL_FLASH_Program), (124 bytes).
    Removing stm32f4xx_hal_flash.o(i.HAL_FLASH_Program_IT), (108 bytes).
    Removing stm32f4xx_hal_flash.o(i.HAL_FLASH_Unlock), (44 bytes).
    Removing stm32f4xx_hal_flash.o(.bss), (32 bytes).
    Removing stm32f4xx_hal_flash_ex.o(.rev16_text), (4 bytes).
    Removing stm32f4xx_hal_flash_ex.o(.revsh_text), (4 bytes).
    Removing stm32f4xx_hal_flash_ex.o(.rrx_text), (6 bytes).
    Removing stm32f4xx_hal_flash_ex.o(i.FLASH_Erase_Sector), (80 bytes).
    Removing stm32f4xx_hal_flash_ex.o(i.FLASH_FlushCaches), (84 bytes).
    Removing stm32f4xx_hal_flash_ex.o(i.FLASH_MassErase), (40 bytes).
    Removing stm32f4xx_hal_flash_ex.o(i.HAL_FLASHEx_Erase), (152 bytes).
    Removing stm32f4xx_hal_flash_ex.o(i.HAL_FLASHEx_Erase_IT), (104 bytes).
    Removing stm32f4xx_hal_flash_ex.o(i.HAL_FLASHEx_OBGetConfig), (64 bytes).
    Removing stm32f4xx_hal_flash_ex.o(i.HAL_FLASHEx_OBProgram), (204 bytes).
    Removing stm32f4xx_hal_flash_ramfunc.o(.rev16_text), (4 bytes).
    Removing stm32f4xx_hal_flash_ramfunc.o(.revsh_text), (4 bytes).
    Removing stm32f4xx_hal_flash_ramfunc.o(.rrx_text), (6 bytes).
    Removing stm32f4xx_hal_gpio.o(.rev16_text), (4 bytes).
    Removing stm32f4xx_hal_gpio.o(.revsh_text), (4 bytes).
    Removing stm32f4xx_hal_gpio.o(.rrx_text), (6 bytes).
    Removing stm32f4xx_hal_gpio.o(i.HAL_GPIO_DeInit), (360 bytes).
    Removing stm32f4xx_hal_gpio.o(i.HAL_GPIO_EXTI_Callback), (2 bytes).
    Removing stm32f4xx_hal_gpio.o(i.HAL_GPIO_EXTI_IRQHandler), (24 bytes).
    Removing stm32f4xx_hal_gpio.o(i.HAL_GPIO_LockPin), (34 bytes).
    Removing stm32f4xx_hal_gpio.o(i.HAL_GPIO_ReadPin), (10 bytes).
    Removing stm32f4xx_hal_dma_ex.o(.rev16_text), (4 bytes).
    Removing stm32f4xx_hal_dma_ex.o(.revsh_text), (4 bytes).
    Removing stm32f4xx_hal_dma_ex.o(.rrx_text), (6 bytes).
    Removing stm32f4xx_hal_dma_ex.o(i.DMA_MultiBufferSetConfig), (30 bytes).
    Removing stm32f4xx_hal_dma_ex.o(i.HAL_DMAEx_ChangeMemory), (14 bytes).
    Removing stm32f4xx_hal_dma_ex.o(i.HAL_DMAEx_MultiBufferStart), (100 bytes).
    Removing stm32f4xx_hal_dma_ex.o(i.HAL_DMAEx_MultiBufferStart_IT), (2432 bytes).
    Removing stm32f4xx_hal_dma.o(.rev16_text), (4 bytes).
    Removing stm32f4xx_hal_dma.o(.revsh_text), (4 bytes).
    Removing stm32f4xx_hal_dma.o(.rrx_text), (6 bytes).
    Removing stm32f4xx_hal_dma.o(i.HAL_DMA_DeInit), (98 bytes).
    Removing stm32f4xx_hal_dma.o(i.HAL_DMA_GetError), (4 bytes).
    Removing stm32f4xx_hal_dma.o(i.HAL_DMA_GetState), (6 bytes).
    Removing stm32f4xx_hal_dma.o(i.HAL_DMA_PollForTransfer), (288 bytes).
    Removing stm32f4xx_hal_dma.o(i.HAL_DMA_RegisterCallback), (82 bytes).
    Removing stm32f4xx_hal_dma.o(i.HAL_DMA_Start), (70 bytes).
    Removing stm32f4xx_hal_dma.o(i.HAL_DMA_UnRegisterCallback), (96 bytes).
    Removing stm32f4xx_hal_pwr.o(.rev16_text), (4 bytes).
    Removing stm32f4xx_hal_pwr.o(.revsh_text), (4 bytes).
    Removing stm32f4xx_hal_pwr.o(.rrx_text), (6 bytes).
    Removing stm32f4xx_hal_pwr.o(i.HAL_PWR_ConfigPVD), (124 bytes).
    Removing stm32f4xx_hal_pwr.o(i.HAL_PWR_DeInit), (24 bytes).
    Removing stm32f4xx_hal_pwr.o(i.HAL_PWR_DisableBkUpAccess), (24 bytes).
    Removing stm32f4xx_hal_pwr.o(i.HAL_PWR_DisablePVD), (12 bytes).
    Removing stm32f4xx_hal_pwr.o(i.HAL_PWR_DisableSEVOnPend), (16 bytes).
    Removing stm32f4xx_hal_pwr.o(i.HAL_PWR_DisableSleepOnExit), (16 bytes).
    Removing stm32f4xx_hal_pwr.o(i.HAL_PWR_DisableWakeUpPin), (16 bytes).
    Removing stm32f4xx_hal_pwr.o(i.HAL_PWR_EnableBkUpAccess), (24 bytes).
    Removing stm32f4xx_hal_pwr.o(i.HAL_PWR_EnablePVD), (12 bytes).
    Removing stm32f4xx_hal_pwr.o(i.HAL_PWR_EnableSEVOnPend), (16 bytes).
    Removing stm32f4xx_hal_pwr.o(i.HAL_PWR_EnableSleepOnExit), (16 bytes).
    Removing stm32f4xx_hal_pwr.o(i.HAL_PWR_EnableWakeUpPin), (16 bytes).
    Removing stm32f4xx_hal_pwr.o(i.HAL_PWR_EnterSLEEPMode), (36 bytes).
    Removing stm32f4xx_hal_pwr.o(i.HAL_PWR_EnterSTANDBYMode), (32 bytes).
    Removing stm32f4xx_hal_pwr.o(i.HAL_PWR_EnterSTOPMode), (60 bytes).
    Removing stm32f4xx_hal_pwr.o(i.HAL_PWR_PVDCallback), (2 bytes).
    Removing stm32f4xx_hal_pwr.o(i.HAL_PWR_PVD_IRQHandler), (28 bytes).
    Removing stm32f4xx_hal_pwr_ex.o(.rev16_text), (4 bytes).
    Removing stm32f4xx_hal_pwr_ex.o(.revsh_text), (4 bytes).
    Removing stm32f4xx_hal_pwr_ex.o(.rrx_text), (6 bytes).
    Removing stm32f4xx_hal_pwr_ex.o(i.HAL_PWREx_ControlVoltageScaling), (88 bytes).
    Removing stm32f4xx_hal_pwr_ex.o(i.HAL_PWREx_DisableBkUpReg), (60 bytes).
    Removing stm32f4xx_hal_pwr_ex.o(i.HAL_PWREx_DisableFlashPowerDown), (12 bytes).
    Removing stm32f4xx_hal_pwr_ex.o(i.HAL_PWREx_EnableBkUpReg), (60 bytes).
    Removing stm32f4xx_hal_pwr_ex.o(i.HAL_PWREx_EnableFlashPowerDown), (12 bytes).
    Removing stm32f4xx_hal_pwr_ex.o(i.HAL_PWREx_GetVoltageRange), (16 bytes).
    Removing stm32f4xx_hal_cortex.o(.rev16_text), (4 bytes).
    Removing stm32f4xx_hal_cortex.o(.revsh_text), (4 bytes).
    Removing stm32f4xx_hal_cortex.o(.rrx_text), (6 bytes).
    Removing stm32f4xx_hal_cortex.o(i.HAL_CORTEX_ClearEvent), (6 bytes).
    Removing stm32f4xx_hal_cortex.o(i.HAL_MPU_ConfigRegion), (84 bytes).
    Removing stm32f4xx_hal_cortex.o(i.HAL_MPU_Disable), (28 bytes).
    Removing stm32f4xx_hal_cortex.o(i.HAL_MPU_Enable), (36 bytes).
    Removing stm32f4xx_hal_cortex.o(i.HAL_NVIC_ClearPendingIRQ), (26 bytes).
    Removing stm32f4xx_hal_cortex.o(i.HAL_NVIC_DisableIRQ), (34 bytes).
    Removing stm32f4xx_hal_cortex.o(i.HAL_NVIC_GetActive), (36 bytes).
    Removing stm32f4xx_hal_cortex.o(i.HAL_NVIC_GetPendingIRQ), (36 bytes).
    Removing stm32f4xx_hal_cortex.o(i.HAL_NVIC_GetPriority), (82 bytes).
    Removing stm32f4xx_hal_cortex.o(i.HAL_NVIC_GetPriorityGrouping), (16 bytes).
    Removing stm32f4xx_hal_cortex.o(i.HAL_NVIC_SetPendingIRQ), (26 bytes).
    Removing stm32f4xx_hal_cortex.o(i.HAL_NVIC_SystemReset), (36 bytes).
    Removing stm32f4xx_hal_cortex.o(i.HAL_SYSTICK_CLKSourceConfig), (24 bytes).
    Removing stm32f4xx_hal_cortex.o(i.HAL_SYSTICK_Callback), (2 bytes).
    Removing stm32f4xx_hal_cortex.o(i.HAL_SYSTICK_IRQHandler), (8 bytes).
    Removing stm32f4xx_hal.o(.rev16_text), (4 bytes).
    Removing stm32f4xx_hal.o(.revsh_text), (4 bytes).
    Removing stm32f4xx_hal.o(.rrx_text), (6 bytes).
    Removing stm32f4xx_hal.o(i.HAL_DBGMCU_DisableDBGSleepMode), (16 bytes).
    Removing stm32f4xx_hal.o(i.HAL_DBGMCU_DisableDBGStandbyMode), (16 bytes).
    Removing stm32f4xx_hal.o(i.HAL_DBGMCU_DisableDBGStopMode), (16 bytes).
    Removing stm32f4xx_hal.o(i.HAL_DBGMCU_EnableDBGSleepMode), (16 bytes).
    Removing stm32f4xx_hal.o(i.HAL_DBGMCU_EnableDBGStandbyMode), (16 bytes).
    Removing stm32f4xx_hal.o(i.HAL_DBGMCU_EnableDBGStopMode), (16 bytes).
    Removing stm32f4xx_hal.o(i.HAL_DeInit), (72 bytes).
    Removing stm32f4xx_hal.o(i.HAL_DisableCompensationCell), (12 bytes).
    Removing stm32f4xx_hal.o(i.HAL_EnableCompensationCell), (12 bytes).
    Removing stm32f4xx_hal.o(i.HAL_GetDEVID), (16 bytes).
    Removing stm32f4xx_hal.o(i.HAL_GetHalVersion), (8 bytes).
    Removing stm32f4xx_hal.o(i.HAL_GetREVID), (12 bytes).
    Removing stm32f4xx_hal.o(i.HAL_GetTickFreq), (12 bytes).
    Removing stm32f4xx_hal.o(i.HAL_GetTickPrio), (12 bytes).
    Removing stm32f4xx_hal.o(i.HAL_GetUIDw0), (12 bytes).
    Removing stm32f4xx_hal.o(i.HAL_GetUIDw1), (12 bytes).
    Removing stm32f4xx_hal.o(i.HAL_GetUIDw2), (12 bytes).
    Removing stm32f4xx_hal.o(i.HAL_MspDeInit), (2 bytes).
    Removing stm32f4xx_hal.o(i.HAL_MspInit), (2 bytes).
    Removing stm32f4xx_hal.o(i.HAL_ResumeTick), (14 bytes).
    Removing stm32f4xx_hal.o(i.HAL_SetTickFreq), (36 bytes).
    Removing stm32f4xx_hal.o(i.HAL_SuspendTick), (14 bytes).
    Removing stm32f4xx_hal_exti.o(.rev16_text), (4 bytes).
    Removing stm32f4xx_hal_exti.o(.revsh_text), (4 bytes).
    Removing stm32f4xx_hal_exti.o(.rrx_text), (6 bytes).
    Removing stm32f4xx_hal_exti.o(i.HAL_EXTI_ClearConfigLine), (108 bytes).
    Removing stm32f4xx_hal_exti.o(i.HAL_EXTI_ClearPending), (20 bytes).
    Removing stm32f4xx_hal_exti.o(i.HAL_EXTI_GenerateSWI), (20 bytes).
    Removing stm32f4xx_hal_exti.o(i.HAL_EXTI_GetConfigLine), (144 bytes).
    Removing stm32f4xx_hal_exti.o(i.HAL_EXTI_GetHandle), (12 bytes).
    Removing stm32f4xx_hal_exti.o(i.HAL_EXTI_GetPending), (24 bytes).
    Removing stm32f4xx_hal_exti.o(i.HAL_EXTI_IRQHandler), (36 bytes).
    Removing stm32f4xx_hal_exti.o(i.HAL_EXTI_RegisterCallback), (14 bytes).
    Removing stm32f4xx_hal_exti.o(i.HAL_EXTI_SetConfigLine), (168 bytes).
    Removing stm32f4xx_hal_eth.o(.rev16_text), (4 bytes).
    Removing stm32f4xx_hal_eth.o(.revsh_text), (4 bytes).
    Removing stm32f4xx_hal_eth.o(.rrx_text), (6 bytes).
    Removing stm32f4xx_hal_eth.o(i.ETH_DMARxDescListInit), (106 bytes).
    Removing stm32f4xx_hal_eth.o(i.ETH_FlushTransmitFIFO), (46 bytes).
    Removing stm32f4xx_hal_eth.o(i.ETH_MACDMAConfig), (154 bytes).
    Removing stm32f4xx_hal_eth.o(i.ETH_Prepare_Tx_Descriptors), (354 bytes).
    Removing stm32f4xx_hal_eth.o(i.ETH_SetDMAConfig), (192 bytes).
    Removing stm32f4xx_hal_eth.o(i.ETH_SetMACConfig), (248 bytes).
    Removing stm32f4xx_hal_eth.o(i.ETH_UpdateDescriptor), (152 bytes).
    Removing stm32f4xx_hal_eth.o(i.HAL_ETH_DeInit), (24 bytes).
    Removing stm32f4xx_hal_eth.o(i.HAL_ETH_EnterPowerDownMode), (34 bytes).
    Removing stm32f4xx_hal_eth.o(i.HAL_ETH_ExitPowerDownMode), (72 bytes).
    Removing stm32f4xx_hal_eth.o(i.HAL_ETH_GetDMAConfig), (252 bytes).
    Removing stm32f4xx_hal_eth.o(i.HAL_ETH_GetDMAError), (6 bytes).
    Removing stm32f4xx_hal_eth.o(i.HAL_ETH_GetError), (6 bytes).
    Removing stm32f4xx_hal_eth.o(i.HAL_ETH_GetMACConfig), (222 bytes).
    Removing stm32f4xx_hal_eth.o(i.HAL_ETH_GetMACError), (6 bytes).
    Removing stm32f4xx_hal_eth.o(i.HAL_ETH_GetMACFilterConfig), (122 bytes).
    Removing stm32f4xx_hal_eth.o(i.HAL_ETH_GetMACWakeUpSource), (6 bytes).
    Removing stm32f4xx_hal_eth.o(i.HAL_ETH_GetRxDataErrorCode), (14 bytes).
    Removing stm32f4xx_hal_eth.o(i.HAL_ETH_GetState), (6 bytes).
    Removing stm32f4xx_hal_eth.o(i.HAL_ETH_Init), (280 bytes).
    Removing stm32f4xx_hal_eth.o(i.HAL_ETH_MspDeInit), (2 bytes).
    Removing stm32f4xx_hal_eth.o(i.HAL_ETH_MspInit), (2 bytes).
    Removing stm32f4xx_hal_eth.o(i.HAL_ETH_ReadData), (236 bytes).
    Removing stm32f4xx_hal_eth.o(i.HAL_ETH_ReadPHYRegister), (98 bytes).
    Removing stm32f4xx_hal_eth.o(i.HAL_ETH_RegisterRxAllocateCallback), (14 bytes).
    Removing stm32f4xx_hal_eth.o(i.HAL_ETH_RegisterRxLinkCallback), (14 bytes).
    Removing stm32f4xx_hal_eth.o(i.HAL_ETH_RegisterTxFreeCallback), (14 bytes).
    Removing stm32f4xx_hal_eth.o(i.HAL_ETH_ReleaseTxPacket), (88 bytes).
    Removing stm32f4xx_hal_eth.o(i.HAL_ETH_RxAllocateCallback), (2 bytes).
    Removing stm32f4xx_hal_eth.o(i.HAL_ETH_RxLinkCallback), (2 bytes).
    Removing stm32f4xx_hal_eth.o(i.HAL_ETH_SetDMAConfig), (24 bytes).
    Removing stm32f4xx_hal_eth.o(i.HAL_ETH_SetHashTable), (56 bytes).
    Removing stm32f4xx_hal_eth.o(i.HAL_ETH_SetMACConfig), (24 bytes).
    Removing stm32f4xx_hal_eth.o(i.HAL_ETH_SetMACFilterConfig), (116 bytes).
    Removing stm32f4xx_hal_eth.o(i.HAL_ETH_SetMDIOClockRange), (116 bytes).
    Removing stm32f4xx_hal_eth.o(i.HAL_ETH_SetRxVLANIdentifier), (52 bytes).
    Removing stm32f4xx_hal_eth.o(i.HAL_ETH_SetSourceMACAddrMatch), (58 bytes).
    Removing stm32f4xx_hal_eth.o(i.HAL_ETH_SetWakeUpFilter), (42 bytes).
    Removing stm32f4xx_hal_eth.o(i.HAL_ETH_Start), (122 bytes).
    Removing stm32f4xx_hal_eth.o(i.HAL_ETH_Start_IT), (188 bytes).
    Removing stm32f4xx_hal_eth.o(i.HAL_ETH_Stop), (114 bytes).
    Removing stm32f4xx_hal_eth.o(i.HAL_ETH_Stop_IT), (160 bytes).
    Removing stm32f4xx_hal_eth.o(i.HAL_ETH_Transmit), (182 bytes).
    Removing stm32f4xx_hal_eth.o(i.HAL_ETH_Transmit_IT), (102 bytes).
    Removing stm32f4xx_hal_eth.o(i.HAL_ETH_TxFreeCallback), (2 bytes).
    Removing stm32f4xx_hal_eth.o(i.HAL_ETH_UnRegisterRxAllocateCallback), (16 bytes).
    Removing stm32f4xx_hal_eth.o(i.HAL_ETH_UnRegisterRxLinkCallback), (16 bytes).
    Removing stm32f4xx_hal_eth.o(i.HAL_ETH_UnRegisterTxFreeCallback), (16 bytes).
    Removing stm32f4xx_hal_eth.o(i.HAL_ETH_WritePHYRegister), (86 bytes).
    Removing stm32f4xx_hal_tim.o(.rev16_text), (4 bytes).
    Removing stm32f4xx_hal_tim.o(.revsh_text), (4 bytes).
    Removing stm32f4xx_hal_tim.o(.rrx_text), (6 bytes).
    Removing stm32f4xx_hal_tim.o(i.HAL_TIM_Base_DeInit), (92 bytes).
    Removing stm32f4xx_hal_tim.o(i.HAL_TIM_Base_GetState), (6 bytes).
    Removing stm32f4xx_hal_tim.o(i.HAL_TIM_Base_Init), (90 bytes).
    Removing stm32f4xx_hal_tim.o(i.HAL_TIM_Base_MspDeInit), (2 bytes).
    Removing stm32f4xx_hal_tim.o(i.HAL_TIM_Base_MspInit), (2 bytes).
    Removing stm32f4xx_hal_tim.o(i.HAL_TIM_Base_Start), (120 bytes).
    Removing stm32f4xx_hal_tim.o(i.HAL_TIM_Base_Start_DMA), (192 bytes).
    Removing stm32f4xx_hal_tim.o(i.HAL_TIM_Base_Start_IT), (128 bytes).
    Removing stm32f4xx_hal_tim.o(i.HAL_TIM_Base_Stop), (38 bytes).
    Removing stm32f4xx_hal_tim.o(i.HAL_TIM_Base_Stop_DMA), (58 bytes).
    Removing stm32f4xx_hal_tim.o(i.HAL_TIM_Base_Stop_IT), (48 bytes).
    Removing stm32f4xx_hal_tim.o(i.HAL_TIM_ConfigClockSource), (220 bytes).
    Removing stm32f4xx_hal_tim.o(i.HAL_TIM_ConfigOCrefClear), (216 bytes).
    Removing stm32f4xx_hal_tim.o(i.HAL_TIM_ConfigTI1Input), (16 bytes).
    Removing stm32f4xx_hal_tim.o(i.HAL_TIM_DMABurstState), (6 bytes).
    Removing stm32f4xx_hal_tim.o(i.HAL_TIM_DMABurst_MultiReadStart), (332 bytes).
    Removing stm32f4xx_hal_tim.o(i.HAL_TIM_DMABurst_MultiWriteStart), (332 bytes).
    Removing stm32f4xx_hal_tim.o(i.HAL_TIM_DMABurst_ReadStart), (18 bytes).
    Removing stm32f4xx_hal_tim.o(i.HAL_TIM_DMABurst_ReadStop), (106 bytes).
    Removing stm32f4xx_hal_tim.o(i.HAL_TIM_DMABurst_WriteStart), (18 bytes).
    Removing stm32f4xx_hal_tim.o(i.HAL_TIM_DMABurst_WriteStop), (106 bytes).
    Removing stm32f4xx_hal_tim.o(i.HAL_TIM_Encoder_DeInit), (76 bytes).
    Removing stm32f4xx_hal_tim.o(i.HAL_TIM_Encoder_GetState), (6 bytes).
    Removing stm32f4xx_hal_tim.o(i.HAL_TIM_Encoder_Init), (164 bytes).
    Removing stm32f4xx_hal_tim.o(i.HAL_TIM_Encoder_MspDeInit), (2 bytes).
    Removing stm32f4xx_hal_tim.o(i.HAL_TIM_Encoder_MspInit), (2 bytes).
    Removing stm32f4xx_hal_tim.o(i.HAL_TIM_Encoder_Start), (142 bytes).
    Removing stm32f4xx_hal_tim.o(i.HAL_TIM_Encoder_Start_DMA), (428 bytes).
    Removing stm32f4xx_hal_tim.o(i.HAL_TIM_Encoder_Start_IT), (182 bytes).
    Removing stm32f4xx_hal_tim.o(i.HAL_TIM_Encoder_Stop), (102 bytes).
    Removing stm32f4xx_hal_tim.o(i.HAL_TIM_Encoder_Stop_DMA), (172 bytes).
    Removing stm32f4xx_hal_tim.o(i.HAL_TIM_Encoder_Stop_IT), (144 bytes).
    Removing stm32f4xx_hal_tim.o(i.HAL_TIM_ErrorCallback), (2 bytes).
    Removing stm32f4xx_hal_tim.o(i.HAL_TIM_GenerateEvent), (38 bytes).
    Removing stm32f4xx_hal_tim.o(i.HAL_TIM_GetActiveChannel), (4 bytes).
    Removing stm32f4xx_hal_tim.o(i.HAL_TIM_GetChannelState), (34 bytes).
    Removing stm32f4xx_hal_tim.o(i.HAL_TIM_IC_CaptureCallback), (2 bytes).
    Removing stm32f4xx_hal_tim.o(i.HAL_TIM_IC_CaptureHalfCpltCallback), (2 bytes).
    Removing stm32f4xx_hal_tim.o(i.HAL_TIM_IC_ConfigChannel), (292 bytes).
    Removing stm32f4xx_hal_tim.o(i.HAL_TIM_IC_DeInit), (92 bytes).
    Removing stm32f4xx_hal_tim.o(i.HAL_TIM_IC_GetState), (6 bytes).
    Removing stm32f4xx_hal_tim.o(i.HAL_TIM_IC_Init), (90 bytes).
    Removing stm32f4xx_hal_tim.o(i.HAL_TIM_IC_MspDeInit), (2 bytes).
    Removing stm32f4xx_hal_tim.o(i.HAL_TIM_IC_MspInit), (2 bytes).
    Removing stm32f4xx_hal_tim.o(i.HAL_TIM_IC_Start), (228 bytes).
    Removing stm32f4xx_hal_tim.o(i.HAL_TIM_IC_Start_DMA), (460 bytes).
    Removing stm32f4xx_hal_tim.o(i.HAL_TIM_IC_Start_IT), (268 bytes).
    Removing stm32f4xx_hal_tim.o(i.HAL_TIM_IC_Stop), (82 bytes).
    Removing stm32f4xx_hal_tim.o(i.HAL_TIM_IC_Stop_DMA), (160 bytes).
    Removing stm32f4xx_hal_tim.o(i.HAL_TIM_IC_Stop_IT), (146 bytes).
    Removing stm32f4xx_hal_tim.o(i.HAL_TIM_IRQHandler), (304 bytes).
    Removing stm32f4xx_hal_tim.o(i.HAL_TIM_OC_ConfigChannel), (82 bytes).
    Removing stm32f4xx_hal_tim.o(i.HAL_TIM_OC_DeInit), (92 bytes).
    Removing stm32f4xx_hal_tim.o(i.HAL_TIM_OC_DelayElapsedCallback), (2 bytes).
    Removing stm32f4xx_hal_tim.o(i.HAL_TIM_OC_GetState), (6 bytes).
    Removing stm32f4xx_hal_tim.o(i.HAL_TIM_OC_Init), (90 bytes).
    Removing stm32f4xx_hal_tim.o(i.HAL_TIM_OC_MspDeInit), (2 bytes).
    Removing stm32f4xx_hal_tim.o(i.HAL_TIM_OC_MspInit), (2 bytes).
    Removing stm32f4xx_hal_tim.o(i.HAL_TIM_OC_Start), (200 bytes).
    Removing stm32f4xx_hal_tim.o(i.HAL_TIM_OC_Start_DMA), (448 bytes).
    Removing stm32f4xx_hal_tim.o(i.HAL_TIM_OC_Start_IT), (244 bytes).
    Removing stm32f4xx_hal_tim.o(i.HAL_TIM_OC_Stop), (124 bytes).
    Removing stm32f4xx_hal_tim.o(i.HAL_TIM_OC_Stop_DMA), (204 bytes).
    Removing stm32f4xx_hal_tim.o(i.HAL_TIM_OC_Stop_IT), (188 bytes).
    Removing stm32f4xx_hal_tim.o(i.HAL_TIM_OnePulse_ConfigChannel), (230 bytes).
    Removing stm32f4xx_hal_tim.o(i.HAL_TIM_OnePulse_DeInit), (76 bytes).
    Removing stm32f4xx_hal_tim.o(i.HAL_TIM_OnePulse_GetState), (6 bytes).
    Removing stm32f4xx_hal_tim.o(i.HAL_TIM_OnePulse_Init), (86 bytes).
    Removing stm32f4xx_hal_tim.o(i.HAL_TIM_OnePulse_MspDeInit), (2 bytes).
    Removing stm32f4xx_hal_tim.o(i.HAL_TIM_OnePulse_MspInit), (2 bytes).
    Removing stm32f4xx_hal_tim.o(i.HAL_TIM_OnePulse_Start), (112 bytes).
    Removing stm32f4xx_hal_tim.o(i.HAL_TIM_OnePulse_Start_IT), (132 bytes).
    Removing stm32f4xx_hal_tim.o(i.HAL_TIM_OnePulse_Stop), (112 bytes).
    Removing stm32f4xx_hal_tim.o(i.HAL_TIM_OnePulse_Stop_IT), (132 bytes).
    Removing stm32f4xx_hal_tim.o(i.HAL_TIM_PWM_ConfigChannel), (204 bytes).
    Removing stm32f4xx_hal_tim.o(i.HAL_TIM_PWM_DeInit), (92 bytes).
    Removing stm32f4xx_hal_tim.o(i.HAL_TIM_PWM_GetState), (6 bytes).
    Removing stm32f4xx_hal_tim.o(i.HAL_TIM_PWM_Init), (90 bytes).
    Removing stm32f4xx_hal_tim.o(i.HAL_TIM_PWM_MspDeInit), (2 bytes).
    Removing stm32f4xx_hal_tim.o(i.HAL_TIM_PWM_MspInit), (2 bytes).
    Removing stm32f4xx_hal_tim.o(i.HAL_TIM_PWM_PulseFinishedCallback), (2 bytes).
    Removing stm32f4xx_hal_tim.o(i.HAL_TIM_PWM_PulseFinishedHalfCpltCallback), (2 bytes).
    Removing stm32f4xx_hal_tim.o(i.HAL_TIM_PWM_Start), (200 bytes).
    Removing stm32f4xx_hal_tim.o(i.HAL_TIM_PWM_Start_DMA), (448 bytes).
    Removing stm32f4xx_hal_tim.o(i.HAL_TIM_PWM_Start_IT), (244 bytes).
    Removing stm32f4xx_hal_tim.o(i.HAL_TIM_PWM_Stop), (124 bytes).
    Removing stm32f4xx_hal_tim.o(i.HAL_TIM_PWM_Stop_DMA), (204 bytes).
    Removing stm32f4xx_hal_tim.o(i.HAL_TIM_PWM_Stop_IT), (188 bytes).
    Removing stm32f4xx_hal_tim.o(i.HAL_TIM_PeriodElapsedCallback), (2 bytes).
    Removing stm32f4xx_hal_tim.o(i.HAL_TIM_PeriodElapsedHalfCpltCallback), (2 bytes).
    Removing stm32f4xx_hal_tim.o(i.HAL_TIM_ReadCapturedValue), (42 bytes).
    Removing stm32f4xx_hal_tim.o(i.HAL_TIM_SlaveConfigSynchro), (86 bytes).
    Removing stm32f4xx_hal_tim.o(i.HAL_TIM_SlaveConfigSynchro_IT), (86 bytes).
    Removing stm32f4xx_hal_tim.o(i.HAL_TIM_TriggerCallback), (2 bytes).
    Removing stm32f4xx_hal_tim.o(i.HAL_TIM_TriggerHalfCpltCallback), (2 bytes).
    Removing stm32f4xx_hal_tim.o(i.TIM_Base_SetConfig), (216 bytes).
    Removing stm32f4xx_hal_tim.o(i.TIM_CCxChannelCmd), (26 bytes).
    Removing stm32f4xx_hal_tim.o(i.TIM_DMACaptureCplt), (110 bytes).
    Removing stm32f4xx_hal_tim.o(i.TIM_DMACaptureHalfCplt), (56 bytes).
    Removing stm32f4xx_hal_tim.o(i.TIM_DMADelayPulseCplt), (94 bytes).
    Removing stm32f4xx_hal_tim.o(i.TIM_DMADelayPulseHalfCplt), (56 bytes).
    Removing stm32f4xx_hal_tim.o(i.TIM_DMAError), (84 bytes).
    Removing stm32f4xx_hal_tim.o(i.TIM_DMAPeriodElapsedCplt), (22 bytes).
    Removing stm32f4xx_hal_tim.o(i.TIM_DMAPeriodElapsedHalfCplt), (10 bytes).
    Removing stm32f4xx_hal_tim.o(i.TIM_DMATriggerCplt), (22 bytes).
    Removing stm32f4xx_hal_tim.o(i.TIM_DMATriggerHalfCplt), (10 bytes).
    Removing stm32f4xx_hal_tim.o(i.TIM_ETR_SetConfig), (20 bytes).
    Removing stm32f4xx_hal_tim.o(i.TIM_ITRx_SetConfig), (16 bytes).
    Removing stm32f4xx_hal_tim.o(i.TIM_OC1_SetConfig), (96 bytes).
    Removing stm32f4xx_hal_tim.o(i.TIM_OC2_SetConfig), (108 bytes).
    Removing stm32f4xx_hal_tim.o(i.TIM_OC3_SetConfig), (104 bytes).
    Removing stm32f4xx_hal_tim.o(i.TIM_OC4_SetConfig), (80 bytes).
    Removing stm32f4xx_hal_tim.o(i.TIM_SlaveTimer_SetConfig), (140 bytes).
    Removing stm32f4xx_hal_tim.o(i.TIM_TI1_ConfigInputStage), (34 bytes).
    Removing stm32f4xx_hal_tim.o(i.TIM_TI1_SetConfig), (128 bytes).
    Removing stm32f4xx_hal_tim.o(i.TIM_TI2_ConfigInputStage), (36 bytes).
    Removing stm32f4xx_hal_tim.o(i.TIM_TI2_SetConfig), (54 bytes).
    Removing stm32f4xx_hal_tim_ex.o(.rev16_text), (4 bytes).
    Removing stm32f4xx_hal_tim_ex.o(.revsh_text), (4 bytes).
    Removing stm32f4xx_hal_tim_ex.o(.rrx_text), (6 bytes).
    Removing stm32f4xx_hal_tim_ex.o(i.HAL_TIMEx_BreakCallback), (2 bytes).
    Removing stm32f4xx_hal_tim_ex.o(i.HAL_TIMEx_CommutCallback), (2 bytes).
    Removing stm32f4xx_hal_tim_ex.o(i.HAL_TIMEx_CommutHalfCpltCallback), (2 bytes).
    Removing stm32f4xx_hal_tim_ex.o(i.HAL_TIMEx_ConfigBreakDeadTime), (84 bytes).
    Removing stm32f4xx_hal_tim_ex.o(i.HAL_TIMEx_ConfigCommutEvent), (112 bytes).
    Removing stm32f4xx_hal_tim_ex.o(i.HAL_TIMEx_ConfigCommutEvent_DMA), (144 bytes).
    Removing stm32f4xx_hal_tim_ex.o(i.HAL_TIMEx_ConfigCommutEvent_IT), (112 bytes).
    Removing stm32f4xx_hal_tim_ex.o(i.HAL_TIMEx_GetChannelNState), (34 bytes).
    Removing stm32f4xx_hal_tim_ex.o(i.HAL_TIMEx_HallSensor_DeInit), (76 bytes).
    Removing stm32f4xx_hal_tim_ex.o(i.HAL_TIMEx_HallSensor_GetState), (6 bytes).
    Removing stm32f4xx_hal_tim_ex.o(i.HAL_TIMEx_HallSensor_Init), (208 bytes).
    Removing stm32f4xx_hal_tim_ex.o(i.HAL_TIMEx_HallSensor_MspDeInit), (2 bytes).
    Removing stm32f4xx_hal_tim_ex.o(i.HAL_TIMEx_HallSensor_MspInit), (2 bytes).
    Removing stm32f4xx_hal_tim_ex.o(i.HAL_TIMEx_HallSensor_Start), (168 bytes).
    Removing stm32f4xx_hal_tim_ex.o(i.HAL_TIMEx_HallSensor_Start_DMA), (224 bytes).
    Removing stm32f4xx_hal_tim_ex.o(i.HAL_TIMEx_HallSensor_Start_IT), (180 bytes).
    Removing stm32f4xx_hal_tim_ex.o(i.HAL_TIMEx_HallSensor_Stop), (58 bytes).
    Removing stm32f4xx_hal_tim_ex.o(i.HAL_TIMEx_HallSensor_Stop_DMA), (70 bytes).
    Removing stm32f4xx_hal_tim_ex.o(i.HAL_TIMEx_HallSensor_Stop_IT), (68 bytes).
    Removing stm32f4xx_hal_tim_ex.o(i.HAL_TIMEx_MasterConfigSynchronization), (144 bytes).
    Removing stm32f4xx_hal_tim_ex.o(i.HAL_TIMEx_OCN_Start), (192 bytes).
    Removing stm32f4xx_hal_tim_ex.o(i.HAL_TIMEx_OCN_Start_DMA), (392 bytes).
    Removing stm32f4xx_hal_tim_ex.o(i.HAL_TIMEx_OCN_Start_IT), (232 bytes).
    Removing stm32f4xx_hal_tim_ex.o(i.HAL_TIMEx_OCN_Stop), (104 bytes).
    Removing stm32f4xx_hal_tim_ex.o(i.HAL_TIMEx_OCN_Stop_DMA), (168 bytes).
    Removing stm32f4xx_hal_tim_ex.o(i.HAL_TIMEx_OCN_Stop_IT), (170 bytes).
    Removing stm32f4xx_hal_tim_ex.o(i.HAL_TIMEx_OnePulseN_Start), (100 bytes).
    Removing stm32f4xx_hal_tim_ex.o(i.HAL_TIMEx_OnePulseN_Start_IT), (120 bytes).
    Removing stm32f4xx_hal_tim_ex.o(i.HAL_TIMEx_OnePulseN_Stop), (98 bytes).
    Removing stm32f4xx_hal_tim_ex.o(i.HAL_TIMEx_OnePulseN_Stop_IT), (120 bytes).
    Removing stm32f4xx_hal_tim_ex.o(i.HAL_TIMEx_PWMN_Start), (192 bytes).
    Removing stm32f4xx_hal_tim_ex.o(i.HAL_TIMEx_PWMN_Start_DMA), (392 bytes).
    Removing stm32f4xx_hal_tim_ex.o(i.HAL_TIMEx_PWMN_Start_IT), (232 bytes).
    Removing stm32f4xx_hal_tim_ex.o(i.HAL_TIMEx_PWMN_Stop), (104 bytes).
    Removing stm32f4xx_hal_tim_ex.o(i.HAL_TIMEx_PWMN_Stop_DMA), (168 bytes).
    Removing stm32f4xx_hal_tim_ex.o(i.HAL_TIMEx_PWMN_Stop_IT), (170 bytes).
    Removing stm32f4xx_hal_tim_ex.o(i.HAL_TIMEx_RemapConfig), (28 bytes).
    Removing stm32f4xx_hal_tim_ex.o(i.TIMEx_DMACommutationCplt), (16 bytes).
    Removing stm32f4xx_hal_tim_ex.o(i.TIMEx_DMACommutationHalfCplt), (16 bytes).
    Removing stm32f4xx_hal_tim_ex.o(i.TIM_CCxNChannelCmd), (26 bytes).
    Removing stm32f4xx_hal_tim_ex.o(i.TIM_DMADelayPulseNCplt), (74 bytes).
    Removing stm32f4xx_hal_tim_ex.o(i.TIM_DMAErrorCCxN), (62 bytes).
    Removing stm32f4xx_hal_uart.o(.rev16_text), (4 bytes).
    Removing stm32f4xx_hal_uart.o(.revsh_text), (4 bytes).
    Removing stm32f4xx_hal_uart.o(.rrx_text), (6 bytes).
    Removing stm32f4xx_hal_uart.o(i.HAL_HalfDuplex_EnableReceiver), (50 bytes).
    Removing stm32f4xx_hal_uart.o(i.HAL_HalfDuplex_EnableTransmitter), (50 bytes).
    Removing stm32f4xx_hal_uart.o(i.HAL_HalfDuplex_Init), (110 bytes).
    Removing stm32f4xx_hal_uart.o(i.HAL_LIN_Init), (130 bytes).
    Removing stm32f4xx_hal_uart.o(i.HAL_LIN_SendBreak), (60 bytes).
    Removing stm32f4xx_hal_uart.o(i.HAL_MultiProcessor_EnterMuteMode), (62 bytes).
    Removing stm32f4xx_hal_uart.o(i.HAL_MultiProcessor_ExitMuteMode), (62 bytes).
    Removing stm32f4xx_hal_uart.o(i.HAL_MultiProcessor_Init), (144 bytes).
    Removing stm32f4xx_hal_uart.o(i.HAL_UARTEx_GetRxEventType), (4 bytes).
    Removing stm32f4xx_hal_uart.o(i.HAL_UARTEx_ReceiveToIdle), (240 bytes).
    Removing stm32f4xx_hal_uart.o(i.HAL_UARTEx_ReceiveToIdle_DMA), (78 bytes).
    Removing stm32f4xx_hal_uart.o(i.HAL_UARTEx_ReceiveToIdle_IT), (78 bytes).
    Removing stm32f4xx_hal_uart.o(i.HAL_UART_Abort), (210 bytes).
    Removing stm32f4xx_hal_uart.o(i.HAL_UART_AbortCpltCallback), (2 bytes).
    Removing stm32f4xx_hal_uart.o(i.HAL_UART_AbortReceive), (148 bytes).
    Removing stm32f4xx_hal_uart.o(i.HAL_UART_AbortReceiveCpltCallback), (2 bytes).
    Removing stm32f4xx_hal_uart.o(i.HAL_UART_AbortReceive_IT), (152 bytes).
    Removing stm32f4xx_hal_uart.o(i.HAL_UART_AbortTransmit), (98 bytes).
    Removing stm32f4xx_hal_uart.o(i.HAL_UART_AbortTransmitCpltCallback), (2 bytes).
    Removing stm32f4xx_hal_uart.o(i.HAL_UART_AbortTransmit_IT), (104 bytes).
    Removing stm32f4xx_hal_uart.o(i.HAL_UART_Abort_IT), (244 bytes).
    Removing stm32f4xx_hal_uart.o(i.HAL_UART_DMAPause), (120 bytes).
    Removing stm32f4xx_hal_uart.o(i.HAL_UART_DMAResume), (114 bytes).
    Removing stm32f4xx_hal_uart.o(i.HAL_UART_DeInit), (54 bytes).
    Removing stm32f4xx_hal_uart.o(i.HAL_UART_GetError), (4 bytes).
    Removing stm32f4xx_hal_uart.o(i.HAL_UART_GetState), (10 bytes).
    Removing stm32f4xx_hal_uart.o(i.HAL_UART_MspDeInit), (2 bytes).
    Removing stm32f4xx_hal_uart.o(i.HAL_UART_MspInit), (2 bytes).
    Removing stm32f4xx_hal_uart.o(i.HAL_UART_Receive), (176 bytes).
    Removing stm32f4xx_hal_uart.o(i.HAL_UART_Receive_IT), (28 bytes).
    Removing stm32f4xx_hal_uart.o(i.HAL_UART_Transmit), (160 bytes).
    Removing stm32f4xx_hal_uart.o(i.HAL_UART_Transmit_IT), (50 bytes).
    Removing stm32f4xx_hal_uart.o(i.UART_DMARxAbortCallback), (44 bytes).
    Removing stm32f4xx_hal_uart.o(i.UART_DMARxOnlyAbortCallback), (22 bytes).
    Removing stm32f4xx_hal_uart.o(i.UART_DMATxAbortCallback), (44 bytes).
    Removing stm32f4xx_hal_uart.o(i.UART_DMATxOnlyAbortCallback), (20 bytes).
    Removing stm32f4xx_hal_uart.o(i.UART_Start_Receive_IT), (54 bytes).
    Removing stm32f4xx_hal_uart.o(i.UART_WaitOnFlagUntilTimeout), (114 bytes).
    Removing stm32f4xx_hal_iwdg.o(.rev16_text), (4 bytes).
    Removing stm32f4xx_hal_iwdg.o(.revsh_text), (4 bytes).
    Removing stm32f4xx_hal_iwdg.o(.rrx_text), (6 bytes).
    Removing stm32f4xx_hal_iwdg.o(i.HAL_IWDG_Init), (90 bytes).
    Removing stm32f4xx_hal_iwdg.o(i.HAL_IWDG_Refresh), (12 bytes).
    Removing stm32f4xx_hal_wwdg.o(.rev16_text), (4 bytes).
    Removing stm32f4xx_hal_wwdg.o(.revsh_text), (4 bytes).
    Removing stm32f4xx_hal_wwdg.o(.rrx_text), (6 bytes).
    Removing stm32f4xx_hal_wwdg.o(i.HAL_WWDG_EarlyWakeupCallback), (2 bytes).
    Removing stm32f4xx_hal_wwdg.o(i.HAL_WWDG_IRQHandler), (30 bytes).
    Removing stm32f4xx_hal_wwdg.o(i.HAL_WWDG_Init), (42 bytes).
    Removing stm32f4xx_hal_wwdg.o(i.HAL_WWDG_MspInit), (2 bytes).
    Removing stm32f4xx_hal_wwdg.o(i.HAL_WWDG_Refresh), (10 bytes).
    Removing stm32f4xx_hal_crc.o(.rev16_text), (4 bytes).
    Removing stm32f4xx_hal_crc.o(.revsh_text), (4 bytes).
    Removing stm32f4xx_hal_crc.o(.rrx_text), (6 bytes).
    Removing stm32f4xx_hal_crc.o(i.HAL_CRC_Accumulate), (38 bytes).
    Removing stm32f4xx_hal_crc.o(i.HAL_CRC_Calculate), (46 bytes).
    Removing stm32f4xx_hal_crc.o(i.HAL_CRC_DeInit), (50 bytes).
    Removing stm32f4xx_hal_crc.o(i.HAL_CRC_GetState), (4 bytes).
    Removing stm32f4xx_hal_crc.o(i.HAL_CRC_Init), (34 bytes).
    Removing stm32f4xx_hal_crc.o(i.HAL_CRC_MspDeInit), (2 bytes).
    Removing stm32f4xx_hal_crc.o(i.HAL_CRC_MspInit), (2 bytes).
    Removing system_stm32f4xx.o(.rev16_text), (4 bytes).
    Removing system_stm32f4xx.o(.revsh_text), (4 bytes).
    Removing system_stm32f4xx.o(.rrx_text), (6 bytes).
    Removing system_stm32f4xx.o(i.SystemCoreClockUpdate), (120 bytes).
    Removing auth.o(.rev16_text), (4 bytes).
    Removing auth.o(.revsh_text), (4 bytes).
    Removing auth.o(.rrx_text), (6 bytes).
    Removing ccp.o(.rev16_text), (4 bytes).
    Removing ccp.o(.revsh_text), (4 bytes).
    Removing ccp.o(.rrx_text), (6 bytes).
    Removing chap_ms.o(.rev16_text), (4 bytes).
    Removing chap_ms.o(.revsh_text), (4 bytes).
    Removing chap_ms.o(.rrx_text), (6 bytes).
    Removing chap-md5.o(.rev16_text), (4 bytes).
    Removing chap-md5.o(.revsh_text), (4 bytes).
    Removing chap-md5.o(.rrx_text), (6 bytes).
    Removing chap-new.o(.rev16_text), (4 bytes).
    Removing chap-new.o(.revsh_text), (4 bytes).
    Removing chap-new.o(.rrx_text), (6 bytes).
    Removing demand.o(.rev16_text), (4 bytes).
    Removing demand.o(.revsh_text), (4 bytes).
    Removing demand.o(.rrx_text), (6 bytes).
    Removing eap.o(.rev16_text), (4 bytes).
    Removing eap.o(.revsh_text), (4 bytes).
    Removing eap.o(.rrx_text), (6 bytes).
    Removing eui64.o(.rev16_text), (4 bytes).
    Removing eui64.o(.revsh_text), (4 bytes).
    Removing eui64.o(.rrx_text), (6 bytes).
    Removing fsm.o(.rev16_text), (4 bytes).
    Removing fsm.o(.revsh_text), (4 bytes).
    Removing fsm.o(.rrx_text), (6 bytes).
    Removing ipcp.o(.rev16_text), (4 bytes).
    Removing ipcp.o(.revsh_text), (4 bytes).
    Removing ipcp.o(.rrx_text), (6 bytes).
    Removing ipv6cp.o(.rev16_text), (4 bytes).
    Removing ipv6cp.o(.revsh_text), (4 bytes).
    Removing ipv6cp.o(.rrx_text), (6 bytes).
    Removing lcp.o(.rev16_text), (4 bytes).
    Removing lcp.o(.revsh_text), (4 bytes).
    Removing lcp.o(.rrx_text), (6 bytes).
    Removing magic.o(.rev16_text), (4 bytes).
    Removing magic.o(.revsh_text), (4 bytes).
    Removing magic.o(.rrx_text), (6 bytes).
    Removing mppe.o(.rev16_text), (4 bytes).
    Removing mppe.o(.revsh_text), (4 bytes).
    Removing mppe.o(.rrx_text), (6 bytes).
    Removing multilink.o(.rev16_text), (4 bytes).
    Removing multilink.o(.revsh_text), (4 bytes).
    Removing multilink.o(.rrx_text), (6 bytes).
    Removing ppp.o(.rev16_text), (4 bytes).
    Removing ppp.o(.revsh_text), (4 bytes).
    Removing ppp.o(.rrx_text), (6 bytes).
    Removing pppapi.o(.rev16_text), (4 bytes).
    Removing pppapi.o(.revsh_text), (4 bytes).
    Removing pppapi.o(.rrx_text), (6 bytes).
    Removing pppcrypt.o(.rev16_text), (4 bytes).
    Removing pppcrypt.o(.revsh_text), (4 bytes).
    Removing pppcrypt.o(.rrx_text), (6 bytes).
    Removing pppoe.o(.rev16_text), (4 bytes).
    Removing pppoe.o(.revsh_text), (4 bytes).
    Removing pppoe.o(.rrx_text), (6 bytes).
    Removing pppol2tp.o(.rev16_text), (4 bytes).
    Removing pppol2tp.o(.revsh_text), (4 bytes).
    Removing pppol2tp.o(.rrx_text), (6 bytes).
    Removing pppos.o(.rev16_text), (4 bytes).
    Removing pppos.o(.revsh_text), (4 bytes).
    Removing pppos.o(.rrx_text), (6 bytes).
    Removing upap.o(.rev16_text), (4 bytes).
    Removing upap.o(.revsh_text), (4 bytes).
    Removing upap.o(.rrx_text), (6 bytes).
    Removing utils.o(.rev16_text), (4 bytes).
    Removing utils.o(.revsh_text), (4 bytes).
    Removing utils.o(.rrx_text), (6 bytes).
    Removing vj.o(.rev16_text), (4 bytes).
    Removing vj.o(.revsh_text), (4 bytes).
    Removing vj.o(.rrx_text), (6 bytes).
    Removing bridgeif.o(.rev16_text), (4 bytes).
    Removing bridgeif.o(.revsh_text), (4 bytes).
    Removing bridgeif.o(.rrx_text), (6 bytes).
    Removing bridgeif_fdb.o(.rev16_text), (4 bytes).
    Removing bridgeif_fdb.o(.revsh_text), (4 bytes).
    Removing bridgeif_fdb.o(.rrx_text), (6 bytes).
    Removing bridgeif_fdb.o(i.bridgeif_age_tmr), (188 bytes).
    Removing bridgeif_fdb.o(i.bridgeif_fdb_get_dst_ports), (64 bytes).
    Removing bridgeif_fdb.o(i.bridgeif_fdb_init), (204 bytes).
    Removing bridgeif_fdb.o(i.bridgeif_fdb_update_src), (114 bytes).
    Removing ethernet.o(.rev16_text), (4 bytes).
    Removing ethernet.o(.revsh_text), (4 bytes).
    Removing ethernet.o(.rrx_text), (6 bytes).
    Removing ethernet.o(i.ethernet_input), (164 bytes).
    Removing ethernet.o(i.ethernet_output), (248 bytes).
    Removing ethernet.o(.constdata), (6 bytes).
    Removing ethernet.o(.constdata), (6 bytes).
    Removing lowpan6.o(.rev16_text), (4 bytes).
    Removing lowpan6.o(.revsh_text), (4 bytes).
    Removing lowpan6.o(.rrx_text), (6 bytes).
    Removing lowpan6_ble.o(.rev16_text), (4 bytes).
    Removing lowpan6_ble.o(.revsh_text), (4 bytes).
    Removing lowpan6_ble.o(.rrx_text), (6 bytes).
    Removing lowpan6_common.o(.rev16_text), (4 bytes).
    Removing lowpan6_common.o(.revsh_text), (4 bytes).
    Removing lowpan6_common.o(.rrx_text), (6 bytes).
    Removing slipif.o(.rev16_text), (4 bytes).
    Removing slipif.o(.revsh_text), (4 bytes).
    Removing slipif.o(.rrx_text), (6 bytes).
    Removing slipif.o(i.slipif_init), (232 bytes).
    Removing slipif.o(i.slipif_output), (284 bytes).
    Removing slipif.o(i.slipif_output_v4), (4 bytes).
    Removing slipif.o(i.slipif_poll), (224 bytes).
    Removing slipif.o(i.slipif_rxbyte), (340 bytes).
    Removing zepif.o(.rev16_text), (4 bytes).
    Removing zepif.o(.revsh_text), (4 bytes).
    Removing zepif.o(.rrx_text), (6 bytes).
    Removing ecp.o(.rev16_text), (4 bytes).
    Removing ecp.o(.revsh_text), (4 bytes).
    Removing ecp.o(.rrx_text), (6 bytes).
    Removing api_lib.o(.rev16_text), (4 bytes).
    Removing api_lib.o(.revsh_text), (4 bytes).
    Removing api_lib.o(.rrx_text), (6 bytes).
    Removing api_msg.o(.rev16_text), (4 bytes).
    Removing api_msg.o(.revsh_text), (4 bytes).
    Removing api_msg.o(.rrx_text), (6 bytes).
    Removing err.o(.rev16_text), (4 bytes).
    Removing err.o(.revsh_text), (4 bytes).
    Removing err.o(.rrx_text), (6 bytes).
    Removing if_api.o(.rev16_text), (4 bytes).
    Removing if_api.o(.revsh_text), (4 bytes).
    Removing if_api.o(.rrx_text), (6 bytes).
    Removing netbuf.o(.rev16_text), (4 bytes).
    Removing netbuf.o(.revsh_text), (4 bytes).
    Removing netbuf.o(.rrx_text), (6 bytes).
    Removing netdb.o(.rev16_text), (4 bytes).
    Removing netdb.o(.revsh_text), (4 bytes).
    Removing netdb.o(.rrx_text), (6 bytes).
    Removing netifapi.o(.rev16_text), (4 bytes).
    Removing netifapi.o(.revsh_text), (4 bytes).
    Removing netifapi.o(.rrx_text), (6 bytes).
    Removing sockets.o(.rev16_text), (4 bytes).
    Removing sockets.o(.revsh_text), (4 bytes).
    Removing sockets.o(.rrx_text), (6 bytes).
    Removing tcpip.o(.rev16_text), (4 bytes).
    Removing tcpip.o(.revsh_text), (4 bytes).
    Removing tcpip.o(.rrx_text), (6 bytes).
    Removing altcp.o(.rev16_text), (4 bytes).
    Removing altcp.o(.revsh_text), (4 bytes).
    Removing altcp.o(.rrx_text), (6 bytes).
    Removing altcp_alloc.o(.rev16_text), (4 bytes).
    Removing altcp_alloc.o(.revsh_text), (4 bytes).
    Removing altcp_alloc.o(.rrx_text), (6 bytes).
    Removing altcp_tcp.o(.rev16_text), (4 bytes).
    Removing altcp_tcp.o(.revsh_text), (4 bytes).
    Removing altcp_tcp.o(.rrx_text), (6 bytes).
    Removing def.o(.rev16_text), (4 bytes).
    Removing def.o(.revsh_text), (4 bytes).
    Removing def.o(.rrx_text), (6 bytes).
    Removing def.o(i.lwip_htonl), (4 bytes).
    Removing def.o(i.lwip_htons), (4 bytes).
    Removing def.o(i.lwip_itoa), (100 bytes).
    Removing def.o(i.lwip_stricmp), (48 bytes).
    Removing def.o(i.lwip_strnicmp), (52 bytes).
    Removing def.o(i.lwip_strnstr), (64 bytes).
    Removing dns.o(.rev16_text), (4 bytes).
    Removing dns.o(.revsh_text), (4 bytes).
    Removing dns.o(.rrx_text), (6 bytes).
    Removing inet_chksum.o(.rev16_text), (4 bytes).
    Removing inet_chksum.o(.revsh_text), (4 bytes).
    Removing inet_chksum.o(.rrx_text), (6 bytes).
    Removing inet_chksum.o(i.inet_chksum), (12 bytes).
    Removing inet_chksum.o(i.inet_chksum_pbuf), (74 bytes).
    Removing inet_chksum.o(i.inet_chksum_pseudo), (40 bytes).
    Removing inet_chksum.o(i.inet_chksum_pseudo_partial), (44 bytes).
    Removing inet_chksum.o(i.inet_cksum_pseudo_base), (110 bytes).
    Removing inet_chksum.o(i.inet_cksum_pseudo_partial_base), (264 bytes).
    Removing inet_chksum.o(i.ip_chksum_pseudo), (12 bytes).
    Removing inet_chksum.o(i.ip_chksum_pseudo_partial), (16 bytes).
    Removing inet_chksum.o(i.lwip_standard_chksum), (88 bytes).
    Removing init.o(.rev16_text), (4 bytes).
    Removing init.o(.revsh_text), (4 bytes).
    Removing init.o(.rrx_text), (6 bytes).
    Removing init.o(i.lwip_init), (30 bytes).
    Removing ip.o(.rev16_text), (4 bytes).
    Removing ip.o(.revsh_text), (4 bytes).
    Removing ip.o(.rrx_text), (6 bytes).
    Removing ip.o(.bss), (24 bytes).
    Removing mem.o(.rev16_text), (4 bytes).
    Removing mem.o(.revsh_text), (4 bytes).
    Removing mem.o(.rrx_text), (6 bytes).
    Removing mem.o(i.mem_calloc), (34 bytes).
    Removing mem.o(i.mem_free), (416 bytes).
    Removing mem.o(i.mem_init), (56 bytes).
    Removing mem.o(i.mem_malloc), (572 bytes).
    Removing mem.o(i.mem_to_ptr), (16 bytes).
    Removing mem.o(i.mem_trim), (452 bytes).
    Removing mem.o(i.plug_holes), (416 bytes).
    Removing mem.o(i.ptr_to_mem), (12 bytes).
    Removing mem.o(.bss), (1619 bytes).
    Removing mem.o(.data), (12 bytes).
    Removing memp.o(.rev16_text), (4 bytes).
    Removing memp.o(.revsh_text), (4 bytes).
    Removing memp.o(.rrx_text), (6 bytes).
    Removing memp.o(i.do_memp_free_pool), (156 bytes).
    Removing memp.o(i.do_memp_malloc_pool), (164 bytes).
    Removing memp.o(i.memp_free), (156 bytes).
    Removing memp.o(i.memp_free_pool), (136 bytes).
    Removing memp.o(i.memp_init), (32 bytes).
    Removing memp.o(i.memp_init_pool), (42 bytes).
    Removing memp.o(i.memp_malloc), (164 bytes).
    Removing memp.o(i.memp_malloc_pool), (140 bytes).
    Removing memp.o(.bss), (131 bytes).
    Removing memp.o(.bss), (783 bytes).
    Removing memp.o(.bss), (227 bytes).
    Removing memp.o(.bss), (259 bytes).
    Removing memp.o(.bss), (163 bytes).
    Removing memp.o(.bss), (363 bytes).
    Removing memp.o(.bss), (51 bytes).
    Removing memp.o(.bss), (259 bytes).
    Removing memp.o(.bss), (9731 bytes).
    Removing memp.o(.constdata), (12 bytes).
    Removing memp.o(.constdata), (12 bytes).
    Removing memp.o(.constdata), (12 bytes).
    Removing memp.o(.constdata), (12 bytes).
    Removing memp.o(.constdata), (12 bytes).
    Removing memp.o(.constdata), (12 bytes).
    Removing memp.o(.constdata), (12 bytes).
    Removing memp.o(.constdata), (12 bytes).
    Removing memp.o(.constdata), (12 bytes).
    Removing memp.o(.constdata), (36 bytes).
    Removing memp.o(.data), (4 bytes).
    Removing memp.o(.data), (4 bytes).
    Removing memp.o(.data), (4 bytes).
    Removing memp.o(.data), (4 bytes).
    Removing memp.o(.data), (4 bytes).
    Removing memp.o(.data), (4 bytes).
    Removing memp.o(.data), (4 bytes).
    Removing memp.o(.data), (4 bytes).
    Removing memp.o(.data), (4 bytes).
    Removing netif.o(.rev16_text), (4 bytes).
    Removing netif.o(.revsh_text), (4 bytes).
    Removing netif.o(.rrx_text), (6 bytes).
    Removing netif.o(i.netif_add), (472 bytes).
    Removing netif.o(i.netif_add_noaddr), (18 bytes).
    Removing netif.o(i.netif_do_ip_addr_changed), (22 bytes).
    Removing netif.o(i.netif_do_set_gw), (22 bytes).
    Removing netif.o(i.netif_do_set_ipaddr), (196 bytes).
    Removing netif.o(i.netif_do_set_netmask), (22 bytes).
    Removing netif.o(i.netif_find), (64 bytes).
    Removing netif.o(i.netif_get_by_index), (40 bytes).
    Removing netif.o(i.netif_index_to_name), (38 bytes).
    Removing netif.o(i.netif_init), (2 bytes).
    Removing netif.o(i.netif_input), (216 bytes).
    Removing netif.o(i.netif_issue_reports), (192 bytes).
    Removing netif.o(i.netif_name_to_index), (20 bytes).
    Removing netif.o(i.netif_null_output_ip4), (6 bytes).
    Removing netif.o(i.netif_remove), (80 bytes).
    Removing netif.o(i.netif_set_addr), (96 bytes).
    Removing netif.o(i.netif_set_default), (12 bytes).
    Removing netif.o(i.netif_set_down), (168 bytes).
    Removing netif.o(i.netif_set_gw), (156 bytes).
    Removing netif.o(i.netif_set_ipaddr), (164 bytes).
    Removing netif.o(i.netif_set_link_callback), (8 bytes).
    Removing netif.o(i.netif_set_link_down), (172 bytes).
    Removing netif.o(i.netif_set_link_up), (192 bytes).
    Removing netif.o(i.netif_set_netmask), (164 bytes).
    Removing netif.o(i.netif_set_up), (160 bytes).
    Removing netif.o(.data), (12 bytes).
    Removing pbuf.o(.rev16_text), (4 bytes).
    Removing pbuf.o(.revsh_text), (4 bytes).
    Removing pbuf.o(.rrx_text), (6 bytes).
    Removing pbuf.o(i.pbuf_add_header), (6 bytes).
    Removing pbuf.o(i.pbuf_add_header_force), (6 bytes).
    Removing pbuf.o(i.pbuf_add_header_impl), (192 bytes).
    Removing pbuf.o(i.pbuf_alloc), (564 bytes).
    Removing pbuf.o(i.pbuf_alloc_reference), (176 bytes).
    Removing pbuf.o(i.pbuf_alloced_custom), (54 bytes).
    Removing pbuf.o(i.pbuf_cat), (304 bytes).
    Removing pbuf.o(i.pbuf_chain), (18 bytes).
    Removing pbuf.o(i.pbuf_clen), (18 bytes).
    Removing pbuf.o(i.pbuf_clone), (156 bytes).
    Removing pbuf.o(i.pbuf_coalesce), (40 bytes).
    Removing pbuf.o(i.pbuf_copy), (480 bytes).
    Removing pbuf.o(i.pbuf_copy_partial), (280 bytes).
    Removing pbuf.o(i.pbuf_dechain), (244 bytes).
    Removing pbuf.o(i.pbuf_free), (340 bytes).
    Removing pbuf.o(i.pbuf_free_header), (50 bytes).
    Removing pbuf.o(i.pbuf_free_ooseq), (36 bytes).
    Removing pbuf.o(i.pbuf_get_at), (18 bytes).
    Removing pbuf.o(i.pbuf_get_contiguous), (264 bytes).
    Removing pbuf.o(i.pbuf_header), (6 bytes).
    Removing pbuf.o(i.pbuf_header_force), (6 bytes).
    Removing pbuf.o(i.pbuf_header_impl), (14 bytes).
    Removing pbuf.o(i.pbuf_init_alloced_pbuf), (28 bytes).
    Removing pbuf.o(i.pbuf_memcmp), (92 bytes).
    Removing pbuf.o(i.pbuf_memfind), (60 bytes).
    Removing pbuf.o(i.pbuf_put_at), (30 bytes).
    Removing pbuf.o(i.pbuf_realloc), (308 bytes).
    Removing pbuf.o(i.pbuf_ref), (140 bytes).
    Removing pbuf.o(i.pbuf_remove_header), (208 bytes).
    Removing pbuf.o(i.pbuf_skip), (4 bytes).
    Removing pbuf.o(i.pbuf_skip_const), (24 bytes).
    Removing pbuf.o(i.pbuf_strstr), (56 bytes).
    Removing pbuf.o(i.pbuf_take), (376 bytes).
    Removing pbuf.o(i.pbuf_take_at), (224 bytes).
    Removing pbuf.o(i.pbuf_try_get_at), (32 bytes).
    Removing pbuf.o(.data), (1 bytes).
    Removing raw.o(.rev16_text), (4 bytes).
    Removing raw.o(.revsh_text), (4 bytes).
    Removing raw.o(.rrx_text), (6 bytes).
    Removing stats.o(.rev16_text), (4 bytes).
    Removing stats.o(.revsh_text), (4 bytes).
    Removing stats.o(.rrx_text), (6 bytes).
    Removing sys.o(.rev16_text), (4 bytes).
    Removing sys.o(.revsh_text), (4 bytes).
    Removing sys.o(.rrx_text), (6 bytes).
    Removing tcp.o(.rev16_text), (4 bytes).
    Removing tcp.o(.revsh_text), (4 bytes).
    Removing tcp.o(.rrx_text), (6 bytes).
    Removing tcp.o(i.tcp_abandon), (428 bytes).
    Removing tcp.o(i.tcp_abort), (6 bytes).
    Removing tcp.o(i.tcp_accept), (14 bytes).
    Removing tcp.o(i.tcp_accept_null), (152 bytes).
    Removing tcp.o(i.tcp_alloc), (292 bytes).
    Removing tcp.o(i.tcp_arg), (8 bytes).
    Removing tcp.o(i.tcp_bind), (332 bytes).
    Removing tcp.o(i.tcp_bind_netif), (12 bytes).
    Removing tcp.o(i.tcp_close), (160 bytes).
    Removing tcp.o(i.tcp_close_shutdown), (476 bytes).
    Removing tcp.o(i.tcp_close_shutdown_fin), (196 bytes).
    Removing tcp.o(i.tcp_connect), (480 bytes).
    Removing tcp.o(i.tcp_debug_state_str), (12 bytes).
    Removing tcp.o(i.tcp_eff_send_mss_netif), (184 bytes).
    Removing tcp.o(i.tcp_err), (164 bytes).
    Removing tcp.o(i.tcp_fasttmr), (108 bytes).
    Removing tcp.o(i.tcp_free), (144 bytes).
    Removing tcp.o(i.tcp_free_ooseq), (20 bytes).
    Removing tcp.o(i.tcp_init), (24 bytes).
    Removing tcp.o(i.tcp_kill_state), (188 bytes).
    Removing tcp.o(i.tcp_listen_closed), (112 bytes).
    Removing tcp.o(i.tcp_listen_with_backlog), (6 bytes).
    Removing tcp.o(i.tcp_listen_with_backlog_and_err), (384 bytes).
    Removing tcp.o(i.tcp_netif_ip_addr_changed), (76 bytes).
    Removing tcp.o(i.tcp_netif_ip_addr_changed_pcblist), (192 bytes).
    Removing tcp.o(i.tcp_new), (6 bytes).
    Removing tcp.o(i.tcp_new_ip_type), (6 bytes).
    Removing tcp.o(i.tcp_new_port), (96 bytes).
    Removing tcp.o(i.tcp_next_iss), (152 bytes).
    Removing tcp.o(i.tcp_pcb_purge), (204 bytes).
    Removing tcp.o(i.tcp_pcb_remove), (400 bytes).
    Removing tcp.o(i.tcp_poll), (204 bytes).
    Removing tcp.o(i.tcp_process_refused_data), (260 bytes).
    Removing tcp.o(i.tcp_recv), (164 bytes).
    Removing tcp.o(i.tcp_recv_null), (176 bytes).
    Removing tcp.o(i.tcp_recved), (256 bytes).
    Removing tcp.o(i.tcp_remove_listener), (88 bytes).
    Removing tcp.o(i.tcp_seg_copy), (172 bytes).
    Removing tcp.o(i.tcp_seg_free), (28 bytes).
    Removing tcp.o(i.tcp_segs_free), (18 bytes).
    Removing tcp.o(i.tcp_sent), (164 bytes).
    Removing tcp.o(i.tcp_setprio), (136 bytes).
    Removing tcp.o(i.tcp_shutdown), (220 bytes).
    Removing tcp.o(i.tcp_slowtmr), (1488 bytes).
    Removing tcp.o(i.tcp_tcp_get_tcp_addrinfo), (38 bytes).
    Removing tcp.o(i.tcp_tmr), (32 bytes).
    Removing tcp.o(i.tcp_txnow), (32 bytes).
    Removing tcp.o(i.tcp_update_rcv_ann_wnd), (244 bytes).
    Removing tcp.o(.constdata), (84 bytes).
    Removing tcp.o(.conststring), (118 bytes).
    Removing tcp.o(.data), (32 bytes).
    Removing tcp_in.o(.rev16_text), (4 bytes).
    Removing tcp_in.o(.revsh_text), (4 bytes).
    Removing tcp_in.o(.rrx_text), (6 bytes).
    Removing tcp_in.o(i.tcp_free_acked_segments), (316 bytes).
    Removing tcp_in.o(i.tcp_get_next_optbyte), (40 bytes).
    Removing tcp_in.o(i.tcp_input), (1616 bytes).
    Removing tcp_in.o(i.tcp_input_delayed_close), (212 bytes).
    Removing tcp_in.o(i.tcp_listen_input), (408 bytes).
    Removing tcp_in.o(i.tcp_oos_insert_segment), (268 bytes).
    Removing tcp_in.o(i.tcp_parseopt), (252 bytes).
    Removing tcp_in.o(i.tcp_process), (1218 bytes).
    Removing tcp_in.o(i.tcp_receive), (2308 bytes).
    Removing tcp_in.o(i.tcp_timewait_input), (256 bytes).
    Removing tcp_in.o(i.tcp_trigger_input_pcb_close), (16 bytes).
    Removing tcp_in.o(.bss), (16 bytes).
    Removing tcp_in.o(.data), (36 bytes).
    Removing tcp_out.o(.rev16_text), (4 bytes).
    Removing tcp_out.o(.revsh_text), (4 bytes).
    Removing tcp_out.o(.rrx_text), (6 bytes).
    Removing tcp_out.o(i.tcp_create_segment), (384 bytes).
    Removing tcp_out.o(i.tcp_enqueue_flags), (564 bytes).
    Removing tcp_out.o(i.tcp_keepalive), (204 bytes).
    Removing tcp_out.o(i.tcp_output), (736 bytes).
    Removing tcp_out.o(i.tcp_output_alloc_header), (204 bytes).
    Removing tcp_out.o(i.tcp_output_alloc_header_common), (272 bytes).
    Removing tcp_out.o(i.tcp_output_control_segment), (224 bytes).
    Removing tcp_out.o(i.tcp_output_fill_options), (216 bytes).
    Removing tcp_out.o(i.tcp_output_segment), (476 bytes).
    Removing tcp_out.o(i.tcp_output_segment_busy), (168 bytes).
    Removing tcp_out.o(i.tcp_pbuf_prealloc), (336 bytes).
    Removing tcp_out.o(i.tcp_rexmit), (236 bytes).
    Removing tcp_out.o(i.tcp_rexmit_fast), (232 bytes).
    Removing tcp_out.o(i.tcp_rexmit_rto), (164 bytes).
    Removing tcp_out.o(i.tcp_rexmit_rto_commit), (172 bytes).
    Removing tcp_out.o(i.tcp_rexmit_rto_prepare), (248 bytes).
    Removing tcp_out.o(i.tcp_route), (16 bytes).
    Removing tcp_out.o(i.tcp_rst), (276 bytes).
    Removing tcp_out.o(i.tcp_send_empty_ack), (236 bytes).
    Removing tcp_out.o(i.tcp_send_fin), (204 bytes).
    Removing tcp_out.o(i.tcp_split_unsent_seg), (556 bytes).
    Removing tcp_out.o(i.tcp_write), (1720 bytes).
    Removing tcp_out.o(i.tcp_write_checks), (372 bytes).
    Removing tcp_out.o(i.tcp_zero_window_probe), (320 bytes).
    Removing tcp_out.o(.conststring), (85 bytes).
    Removing timeouts.o(.rev16_text), (4 bytes).
    Removing timeouts.o(.revsh_text), (4 bytes).
    Removing timeouts.o(.rrx_text), (6 bytes).
    Removing timeouts.o(i.lwip_cyclic_timer), (60 bytes).
    Removing timeouts.o(i.sys_check_timeouts), (84 bytes).
    Removing timeouts.o(i.sys_restart_timeouts), (40 bytes).
    Removing timeouts.o(i.sys_timeout), (196 bytes).
    Removing timeouts.o(i.sys_timeout_abs), (248 bytes).
    Removing timeouts.o(i.sys_timeouts_init), (40 bytes).
    Removing timeouts.o(i.sys_timeouts_sleeptime), (40 bytes).
    Removing timeouts.o(i.sys_untimeout), (60 bytes).
    Removing timeouts.o(i.tcp_timer_needed), (52 bytes).
    Removing timeouts.o(i.tcpip_tcp_timer), (56 bytes).
    Removing timeouts.o(.constdata), (24 bytes).
    Removing timeouts.o(.constdata), (4 bytes).
    Removing timeouts.o(.data), (12 bytes).
    Removing udp.o(.rev16_text), (4 bytes).
    Removing udp.o(.revsh_text), (4 bytes).
    Removing udp.o(.rrx_text), (6 bytes).
    Removing udp.o(i.udp_bind), (308 bytes).
    Removing udp.o(i.udp_bind_netif), (12 bytes).
    Removing udp.o(i.udp_connect), (256 bytes).
    Removing udp.o(i.udp_disconnect), (152 bytes).
    Removing udp.o(i.udp_init), (24 bytes).
    Removing udp.o(i.udp_input), (488 bytes).
    Removing udp.o(i.udp_input_local_match), (268 bytes).
    Removing udp.o(i.udp_netif_ip_addr_changed), (52 bytes).
    Removing udp.o(i.udp_new), (26 bytes).
    Removing udp.o(i.udp_new_ip_type), (4 bytes).
    Removing udp.o(i.udp_recv), (136 bytes).
    Removing udp.o(i.udp_remove), (176 bytes).
    Removing udp.o(i.udp_send), (188 bytes).
    Removing udp.o(i.udp_sendto), (276 bytes).
    Removing udp.o(i.udp_sendto_if), (320 bytes).
    Removing udp.o(i.udp_sendto_if_src), (584 bytes).
    Removing udp.o(.data), (8 bytes).
    Removing autoip.o(.rev16_text), (4 bytes).
    Removing autoip.o(.revsh_text), (4 bytes).
    Removing autoip.o(.rrx_text), (6 bytes).
    Removing dhcp.o(.rev16_text), (4 bytes).
    Removing dhcp.o(.revsh_text), (4 bytes).
    Removing dhcp.o(.rrx_text), (6 bytes).
    Removing etharp.o(.rev16_text), (4 bytes).
    Removing etharp.o(.revsh_text), (4 bytes).
    Removing etharp.o(.rrx_text), (6 bytes).
    Removing etharp.o(i.etharp_cleanup_netif), (44 bytes).
    Removing etharp.o(i.etharp_find_addr), (220 bytes).
    Removing etharp.o(i.etharp_find_entry), (608 bytes).
    Removing etharp.o(i.etharp_free_entry), (36 bytes).
    Removing etharp.o(i.etharp_get_entry), (252 bytes).
    Removing etharp.o(i.etharp_input), (260 bytes).
    Removing etharp.o(i.etharp_output), (432 bytes).
    Removing etharp.o(i.etharp_output_to_arp_index), (272 bytes).
    Removing etharp.o(i.etharp_query), (488 bytes).
    Removing etharp.o(i.etharp_raw), (372 bytes).
    Removing etharp.o(i.etharp_request), (12 bytes).
    Removing etharp.o(i.etharp_request_dst), (32 bytes).
    Removing etharp.o(i.etharp_tmr), (96 bytes).
    Removing etharp.o(i.etharp_update_arp_entry), (284 bytes).
    Removing etharp.o(.bss), (240 bytes).
    Removing etharp.o(.conststring), (65 bytes).
    Removing etharp.o(.data), (1 bytes).
    Removing icmp.o(.rev16_text), (4 bytes).
    Removing icmp.o(.revsh_text), (4 bytes).
    Removing icmp.o(.rrx_text), (6 bytes).
    Removing icmp.o(i.icmp_dest_unreach), (8 bytes).
    Removing icmp.o(i.icmp_input), (488 bytes).
    Removing icmp.o(i.icmp_send_response), (272 bytes).
    Removing icmp.o(i.icmp_time_exceeded), (8 bytes).
    Removing igmp.o(.rev16_text), (4 bytes).
    Removing igmp.o(.revsh_text), (4 bytes).
    Removing igmp.o(.rrx_text), (6 bytes).
    Removing ip4.o(.rev16_text), (4 bytes).
    Removing ip4.o(.revsh_text), (4 bytes).
    Removing ip4.o(.rrx_text), (6 bytes).
    Removing ip4.o(i.ip4_input), (372 bytes).
    Removing ip4.o(i.ip4_input_accept), (44 bytes).
    Removing ip4.o(i.ip4_output), (176 bytes).
    Removing ip4.o(i.ip4_output_if), (30 bytes).
    Removing ip4.o(i.ip4_output_if_src), (376 bytes).
    Removing ip4.o(i.ip4_route), (96 bytes).
    Removing ip4.o(.data), (2 bytes).
    Removing ip4_addr.o(.rev16_text), (4 bytes).
    Removing ip4_addr.o(.revsh_text), (4 bytes).
    Removing ip4_addr.o(.rrx_text), (6 bytes).
    Removing ip4_addr.o(i.ip4_addr_isbroadcast_u32), (46 bytes).
    Removing ip4_addr.o(i.ip4_addr_netmask_valid), (38 bytes).
    Removing ip4_addr.o(i.ip4addr_aton), (396 bytes).
    Removing ip4_addr.o(i.ip4addr_ntoa), (12 bytes).
    Removing ip4_addr.o(i.ip4addr_ntoa_r), (120 bytes).
    Removing ip4_addr.o(i.ipaddr_addr), (20 bytes).
    Removing ip4_addr.o(.bss), (16 bytes).
    Removing ip4_addr.o(.constdata), (4 bytes).
    Removing ip4_addr.o(.constdata), (4 bytes).
    Removing ip4_frag.o(.rev16_text), (4 bytes).
    Removing ip4_frag.o(.revsh_text), (4 bytes).
    Removing ip4_frag.o(.rrx_text), (6 bytes).
    Removing ip4_frag.o(i.ip4_frag), (608 bytes).
    Removing ip4_frag.o(i.ip4_reass), (648 bytes).
    Removing ip4_frag.o(i.ip_frag_free_pbuf_custom_ref), (144 bytes).
    Removing ip4_frag.o(i.ip_reass_chain_frag_into_datagram_and_validate), (584 bytes).
    Removing ip4_frag.o(i.ip_reass_dequeue_datagram), (188 bytes).
    Removing ip4_frag.o(i.ip_reass_free_complete_datagram), (408 bytes).
    Removing ip4_frag.o(i.ip_reass_remove_oldest_datagram), (128 bytes).
    Removing ip4_frag.o(i.ip_reass_tmr), (44 bytes).
    Removing ip4_frag.o(i.ipfrag_free_pbuf_custom), (152 bytes).
    Removing ip4_frag.o(.data), (8 bytes).
    Removing dhcp6.o(.rev16_text), (4 bytes).
    Removing dhcp6.o(.revsh_text), (4 bytes).
    Removing dhcp6.o(.rrx_text), (6 bytes).
    Removing ethip6.o(.rev16_text), (4 bytes).
    Removing ethip6.o(.revsh_text), (4 bytes).
    Removing ethip6.o(.rrx_text), (6 bytes).
    Removing icmp6.o(.rev16_text), (4 bytes).
    Removing icmp6.o(.revsh_text), (4 bytes).
    Removing icmp6.o(.rrx_text), (6 bytes).
    Removing inet6.o(.rev16_text), (4 bytes).
    Removing inet6.o(.revsh_text), (4 bytes).
    Removing inet6.o(.rrx_text), (6 bytes).
    Removing ip6.o(.rev16_text), (4 bytes).
    Removing ip6.o(.revsh_text), (4 bytes).
    Removing ip6.o(.rrx_text), (6 bytes).
    Removing ip6_addr.o(.rev16_text), (4 bytes).
    Removing ip6_addr.o(.revsh_text), (4 bytes).
    Removing ip6_addr.o(.rrx_text), (6 bytes).
    Removing ip6_frag.o(.rev16_text), (4 bytes).
    Removing ip6_frag.o(.revsh_text), (4 bytes).
    Removing ip6_frag.o(.rrx_text), (6 bytes).
    Removing mld6.o(.rev16_text), (4 bytes).
    Removing mld6.o(.revsh_text), (4 bytes).
    Removing mld6.o(.rrx_text), (6 bytes).
    Removing nd6.o(.rev16_text), (4 bytes).
    Removing nd6.o(.revsh_text), (4 bytes).
    Removing nd6.o(.rrx_text), (6 bytes).
    Removing mqtt.o(.rev16_text), (4 bytes).
    Removing mqtt.o(.revsh_text), (4 bytes).
    Removing mqtt.o(.rrx_text), (6 bytes).
    Removing mqtt.o(i.mqtt_append_request), (272 bytes).
    Removing mqtt.o(i.mqtt_clear_requests), (84 bytes).
    Removing mqtt.o(i.mqtt_client_connect), (1384 bytes).
    Removing mqtt.o(i.mqtt_client_free), (4 bytes).
    Removing mqtt.o(i.mqtt_client_is_connected), (176 bytes).
    Removing mqtt.o(i.mqtt_client_new), (10 bytes).
    Removing mqtt.o(i.mqtt_close), (240 bytes).
    Removing mqtt.o(i.mqtt_create_request), (212 bytes).
    Removing mqtt.o(i.mqtt_cyclic_timer), (328 bytes).
    Removing mqtt.o(i.mqtt_disconnect), (172 bytes).
    Removing mqtt.o(i.mqtt_init_requests), (84 bytes).
    Removing mqtt.o(i.mqtt_message_received), (724 bytes).
    Removing mqtt.o(i.mqtt_output_append_fixed_header), (68 bytes).
    Removing mqtt.o(i.mqtt_output_append_string), (48 bytes).
    Removing mqtt.o(i.mqtt_output_append_u16), (24 bytes).
    Removing mqtt.o(i.mqtt_output_append_u8), (4 bytes).
    Removing mqtt.o(i.mqtt_output_check_space), (192 bytes).
    Removing mqtt.o(i.mqtt_output_send), (372 bytes).
    Removing mqtt.o(i.mqtt_parse_incoming), (288 bytes).
    Removing mqtt.o(i.mqtt_publish), (580 bytes).
    Removing mqtt.o(i.mqtt_request_time_elapsed), (220 bytes).
    Removing mqtt.o(i.mqtt_ringbuf_advance_get_idx), (204 bytes).
    Removing mqtt.o(i.mqtt_ringbuf_get_ptr), (8 bytes).
    Removing mqtt.o(i.mqtt_ringbuf_len), (20 bytes).
    Removing mqtt.o(i.mqtt_ringbuf_put), (24 bytes).
    Removing mqtt.o(i.mqtt_set_inpub_callback), (176 bytes).
    Removing mqtt.o(i.mqtt_sub_unsub), (560 bytes).
    Removing mqtt.o(i.mqtt_take_request), (208 bytes).
    Removing mqtt.o(i.mqtt_tcp_connect_cb), (92 bytes).
    Removing mqtt.o(i.mqtt_tcp_err_cb), (168 bytes).
    Removing mqtt.o(i.mqtt_tcp_poll_cb), (18 bytes).
    Removing mqtt.o(i.mqtt_tcp_recv_cb), (296 bytes).
    Removing mqtt.o(i.mqtt_tcp_sent_cb), (62 bytes).
    Removing mqtt.o(i.msg_generate_packet_id), (20 bytes).
    Removing mqtt.o(i.pub_ack_rec_rel_response), (74 bytes).
    Removing mqtt.o(.conststring), (133 bytes).
    Removing ota_business.o(.rev16_text), (4 bytes).
    Removing ota_business.o(.revsh_text), (4 bytes).
    Removing ota_business.o(.rrx_text), (6 bytes).
    Removing ota_business.o(i.OTA_Business_Init), (2 bytes).
    Removing ota_business.o(.bss), (36 bytes).
    Removing func_hardware_api.o(.rev16_text), (4 bytes).
    Removing func_hardware_api.o(.revsh_text), (4 bytes).
    Removing func_hardware_api.o(.rrx_text), (6 bytes).
    Removing func_hardware_api.o(i.UARTx_DMA_Init), (18 bytes).
    Removing func_hardware_api.o(.bss), (100 bytes).
    Removing func_hardware_api.o(.bss), (100 bytes).
    Removing func_hardware_api.o(.data), (324 bytes).
    Removing driver_example.o(.rev16_text), (4 bytes).
    Removing driver_example.o(.revsh_text), (4 bytes).
    Removing driver_example.o(.rrx_text), (6 bytes).
    Removing driver_example.o(i.UART1_Example), (408 bytes).
    Removing driver_example.o(.bss), (50 bytes).
    Removing driver_example.o(.constdata), (49 bytes).
    Removing bootloader.o(.rev16_text), (4 bytes).
    Removing bootloader.o(.revsh_text), (4 bytes).
    Removing bootloader.o(.rrx_text), (6 bytes).
    Removing bootloader.o(i.Jump_Code_District), (64 bytes).
    Removing iwdg_driver.o(.rev16_text), (4 bytes).
    Removing iwdg_driver.o(.revsh_text), (4 bytes).
    Removing iwdg_driver.o(.rrx_text), (6 bytes).
    Removing iwdg_driver.o(i.IWDG_Init), (64 bytes).
    Removing led_driver.o(.rev16_text), (4 bytes).
    Removing led_driver.o(.revsh_text), (4 bytes).
    Removing led_driver.o(.rrx_text), (6 bytes).
    Removing pwm_driver.o(.rev16_text), (4 bytes).
    Removing pwm_driver.o(.revsh_text), (4 bytes).
    Removing pwm_driver.o(.rrx_text), (6 bytes).
    Removing pwm_driver.o(i.PWM_Init), (108 bytes).
    Removing pwm_driver.o(i.PWM_MspInit), (60 bytes).
    Removing pwm_driver.o(i.TIM_PWM_Ctl), (2 bytes).
    Removing wwdg_driver.o(.rev16_text), (4 bytes).
    Removing wwdg_driver.o(.revsh_text), (4 bytes).
    Removing wwdg_driver.o(.rrx_text), (6 bytes).
    Removing wwdg_driver.o(i.WWDG_DeInit), (16 bytes).
    Removing wwdg_driver.o(i.WWDG_Init), (96 bytes).
    Removing wwdg_driver.o(.bss), (20 bytes).
    Removing uart_msp_init.o(.rev16_text), (4 bytes).
    Removing uart_msp_init.o(.revsh_text), (4 bytes).
    Removing uart_msp_init.o(.rrx_text), (6 bytes).
    Removing uart_msp_init.o(i.HAL_UART_MspDeInit), (76 bytes).
    Removing my_base_function.o(i.Uint8_Convert_Uint32), (28 bytes).
    Removing my_base_function.o(i.Uint8_Convert_Uint64), (42 bytes).
    Removing basetimer_driver.o(.rev16_text), (4 bytes).
    Removing basetimer_driver.o(.revsh_text), (4 bytes).
    Removing basetimer_driver.o(.rrx_text), (6 bytes).
    Removing basetimer_driver.o(i.TIM7_Base_Init), (156 bytes).
    Removing basetimer_driver.o(i.TIMx_Base_Config_Init), (72 bytes).
    Removing basetimer_driver.o(.bss), (72 bytes).
    Removing basetimer_driver.o(.constdata), (12 bytes).
    Removing tcp_driver.o(.rev16_text), (4 bytes).
    Removing tcp_driver.o(.revsh_text), (4 bytes).
    Removing tcp_driver.o(.rrx_text), (6 bytes).
    Removing tcp_driver.o(i.ETH_RSTN_IO_Init), (92 bytes).
    Removing tcp_driver.o(i.Ethernet_GPIO_Init), (92 bytes).
    Removing tcp_driver.o(i.TCP_Driver_Bind), (76 bytes).
    Removing tcp_driver.o(i.TCP_Driver_Connect), (88 bytes).
    Removing tcp_driver.o(i.TCP_Driver_Init), (14 bytes).
    Removing tcp_driver.o(i.TCP_Error_Printf), (2 bytes).
    Removing tcp_driver.o(i.TCP_Receive_Massage), (2 bytes).
    Removing tcp_driver.o(i.TCP_Send_Massage), (40 bytes).
    Removing tcp_driver.o(i.TCP_State_Printf), (2 bytes).
    Removing tcp_driver.o(.bss), (1640 bytes).
    Removing tcp_driver.o(.constdata), (510 bytes).
    Removing tcp_driver.o(.constdata), (132 bytes).
    Removing uart_debug_driver.o(.rev16_text), (4 bytes).
    Removing uart_debug_driver.o(.revsh_text), (4 bytes).
    Removing uart_debug_driver.o(.rrx_text), (6 bytes).
    Removing uart_debug_driver.o(i.DMA_Sprintf_ISR), (252 bytes).
    Removing uart_debug_driver.o(i.DMA_Sprintf_String), (100 bytes).
    Removing uart_debug_driver.o(i.DMA_UART1_Buff_ckeck), (76 bytes).
    Removing uart_debug_driver.o(i.fputc), (20 bytes).

1165 unused section(s) (total 135127 bytes) removed from the image.
