<html>
<body>
<pre>
<h1>µVision Build Log</h1>
<h2>Tool Versions:</h2>
IDE-Version: ¦ÌVision V5.36.0.0
Copyright (C) 2021 ARM Ltd and ARM Germany GmbH. All rights reserved.
License Information: T LB 2472686303@qq.com Flex license: MDK Plus 5.36 (Flex): 3 user(s) (mdk_plus) Support: Dec 2022
 
Tool Versions:
Toolchain:       MDK Plus 5.36 (Flex): 3 user(s)  Version: 5.36.0.0
Toolchain Path:  D:\Keil_v5\ARM\ARMCLANG\Bin
C Compiler:      ArmClang.exe V6.16
Assembler:       Armasm.exe V6.16
Linker/Locator:  ArmLink.exe V6.16
Library Manager: ArmAr.exe V6.16
Hex Converter:   FromElf.exe V6.16
CPU DLL:         SARMCM3.DLL V5.36.0.0
Dialog DLL:      DARMCM1.DLL V1.19.4.0
Target DLL:      Segger\JL2CM3.dll V2.99.40.0
Dialog DLL:      TARMCM1.DLL V1.14.4.0
 
<h2>Project:</h2>
D:\Work_Area\Software\Anker\A83B3\Updata_Versions\Anker_Product_Test_V1.2\project\zr356x_dev.uvproj
Project File Date:  05/23/2025

<h2>Output:</h2>
*** Using Compiler 'V6.16', folder: 'D:\Keil_v5\ARM\ARMCLANG\Bin'
Rebuild target 'zr356x_dev'
compiling iic_slave_global_variables_policy.c...
compiling iic_slave_init_policy.c...
compiling iic_slave_read_policy.c...
compiling iic_slave_callback_policy.c...
assembling startup_CMSDK_CM0.s...
compiling serial.c...
compiling iic_slave_main_policy.c...
compiling main.c...
compiling iic_slave_drive_policy.c...
compiling device_compatibility_policy.c...
compiling anker_policy.c...
compiling iic_slave_write_policy.c...
compiling pd_message_decode.c...
linking...
Program Size: Code=87148 RO-data=1252 RW-data=284 ZI-data=2460  
FromELF: creating hex file...
After Build - User command #1: fromelf.exe --bin -o "..\out\Objects\..\zr356x_dev.bin" "..\out\Objects\zr356x_dev.axf"
After Build - User command #2: fromelf.exe --text -a -c -o "..\out\Objects\..\zr356x_dev.txt" "..\out\Objects\zr356x_dev.axf"
"..\out\Objects\zr356x_dev.axf" - 0 Error(s), 0 Warning(s).
Build Time Elapsed:  00:00:02
</pre>
</body>
</html>
