<!doctype html public "-//w3c//dtd html 4.0 transitional//en">
<html><head>
<title>Static Call Graph - [..\out\Objects\zr356x_dev.axf]</title></head>
<body><HR>
<H1>Static Call Graph for image ..\out\Objects\zr356x_dev.axf</H1><HR>
<BR><P>#&#060CALLGRAPH&#062# ARM Linker, 6160001: Last Updated: Thu May 29 16:32:14 2025
<BR><P>
<H3>Maximum Stack Usage =        400 bytes + Unknown(Cycles, Untraceable Function Pointers)</H3><H3>
Call chain for Maximum Stack Depth:</H3>
main &rArr; Device_Run &rArr; UFCS_Process &rArr; ufcs_pro &rArr; DPDM_VarTimer2_Start &rArr; Nvic_Irq_Enable
<P>
<H3>
Mutually Recursive functions
</H3> <LI><a href="#[1]">NMI_Handler</a>&nbsp;&nbsp;&nbsp;&rArr;&nbsp;&nbsp;&nbsp;<a href="#[1]">NMI_Handler</a><BR>
 <LI><a href="#[2]">HardFault_Handler</a>&nbsp;&nbsp;&nbsp;&rArr;&nbsp;&nbsp;&nbsp;<a href="#[2]">HardFault_Handler</a><BR>
 <LI><a href="#[3]">SVC_Handler</a>&nbsp;&nbsp;&nbsp;&rArr;&nbsp;&nbsp;&nbsp;<a href="#[3]">SVC_Handler</a><BR>
 <LI><a href="#[4]">PendSV_Handler</a>&nbsp;&nbsp;&nbsp;&rArr;&nbsp;&nbsp;&nbsp;<a href="#[4]">PendSV_Handler</a><BR>
 <LI><a href="#[5]">SysTick_Handler</a>&nbsp;&nbsp;&nbsp;&rArr;&nbsp;&nbsp;&nbsp;<a href="#[5]">SysTick_Handler</a><BR>
 <LI><a href="#[17]">BTM4_Handler</a>&nbsp;&nbsp;&nbsp;&rArr;&nbsp;&nbsp;&nbsp;<a href="#[17]">BTM4_Handler</a><BR>
</UL>
<P>
<H3>
Function Pointers
</H3><UL>
 <LI><a href="#[1b]">ABN_Handler</a> from zr_abn.o(.text.ABN_Handler) referenced from startup_cmsdk_cm0.o(RESET)
 <LI><a href="#[11]">ADC_Handler</a> from zr_adc.o(.text.ADC_Handler) referenced from startup_cmsdk_cm0.o(RESET)
 <LI><a href="#[18]">ATM0_Handler</a> from iic_slave_drive_policy.o(.text.ATM0_Handler) referenced from startup_cmsdk_cm0.o(RESET)
 <LI><a href="#[19]">ATM1_Handler</a> from pd_pro.o(.text.ATM1_Handler) referenced from startup_cmsdk_cm0.o(RESET)
 <LI><a href="#[3a]">Abnormal_Occurred</a> from iic_slave_callback_policy.o(.text.Abnormal_Occurred) referenced from iic_slave_callback_policy.o(.text.Init_CallBack)
 <LI><a href="#[3b]">Abnormal_Release</a> from iic_slave_callback_policy.o(.text.Abnormal_Release) referenced from iic_slave_callback_policy.o(.text.Init_CallBack)
 <LI><a href="#[13]">BTM0_Handler</a> from zr_plug.o(.text.BTM0_Handler) referenced from startup_cmsdk_cm0.o(RESET)
 <LI><a href="#[14]">BTM1_Handler</a> from zr_dpdm.o(.text.BTM1_Handler) referenced from startup_cmsdk_cm0.o(RESET)
 <LI><a href="#[15]">BTM2_Handler</a> from pd_pro.o(.text.BTM2_Handler) referenced from startup_cmsdk_cm0.o(RESET)
 <LI><a href="#[16]">BTM3_Handler</a> from zr_dpdm.o(.text.BTM3_Handler) referenced from startup_cmsdk_cm0.o(RESET)
 <LI><a href="#[17]">BTM4_Handler</a> from startup_cmsdk_cm0.o(.text) referenced from startup_cmsdk_cm0.o(RESET)
 <LI><a href="#[20]">DPDM1_Apple_Handler</a> from zr_dpdm.o(.text.DPDM1_Apple_Handler) referenced from zr_dpdm.o(.text.DPDM_Policy)
 <LI><a href="#[21]">DPDM1_Apple_IN_Handler</a> from zr_dpdm.o(.text.DPDM1_Apple_IN_Handler) referenced from zr_dpdm.o(.text.DPDM_Policy)
 <LI><a href="#[1f]">DPDM1_Ideal_Handler</a> from zr_dpdm.o(.text.DPDM1_Ideal_Handler) referenced from zr_dpdm.o(.text.DPDM_Policy)
 <LI><a href="#[24]">DPDM1_PD_HDRST_Handler</a> from zr_dpdm.o(.text.DPDM1_PD_HDRST_Handler) referenced from zr_dpdm.o(.text.DPDM_Policy)
 <LI><a href="#[23]">DPDM1_PRO_Handler</a> from zr_dpdm.o(.text.DPDM1_PRO_Handler) referenced from zr_dpdm.o(.text.DPDM_Policy)
 <LI><a href="#[22]">DPDM1_Samsung_Handler</a> from zr_dpdm.o(.text.DPDM1_Samsung_Handler) referenced from zr_dpdm.o(.text.DPDM_Policy)
 <LI><a href="#[26]">DPDM2_Apple_Handler</a> from zr_dpdm.o(.text.DPDM2_Apple_Handler) referenced from zr_dpdm.o(.text.DPDM_Policy)
 <LI><a href="#[27]">DPDM2_Apple_IN_Handler</a> from zr_dpdm.o(.text.DPDM2_Apple_IN_Handler) referenced from zr_dpdm.o(.text.DPDM_Policy)
 <LI><a href="#[25]">DPDM2_Ideal_Handler</a> from zr_dpdm.o(.text.DPDM2_Ideal_Handler) referenced from zr_dpdm.o(.text.DPDM_Policy)
 <LI><a href="#[2a]">DPDM2_PD_HDRST_Handler</a> from zr_dpdm.o(.text.DPDM2_PD_HDRST_Handler) referenced from zr_dpdm.o(.text.DPDM_Policy)
 <LI><a href="#[29]">DPDM2_PRO_Handler</a> from zr_dpdm.o(.text.DPDM2_PRO_Handler) referenced from zr_dpdm.o(.text.DPDM_Policy)
 <LI><a href="#[28]">DPDM2_Samsung_Handler</a> from zr_dpdm.o(.text.DPDM2_Samsung_Handler) referenced from zr_dpdm.o(.text.DPDM_Policy)
 <LI><a href="#[a]">DPDM_Handler</a> from zr_dpdm.o(.text.DPDM_Handler) referenced from startup_cmsdk_cm0.o(RESET)
 <LI><a href="#[2c]">DPDM_PRO_DM_ZERO_Handler</a> from zr_dpdm.o(.text.DPDM_PRO_DM_ZERO_Handler) referenced from zr_dpdm.o(.text.DPDM_Policy)
 <LI><a href="#[2b]">DPDM_PRO_Ideal_Handler</a> from zr_dpdm.o(.text.DPDM_PRO_Ideal_Handler) referenced from zr_dpdm.o(.text.DPDM_Policy)
 <LI><a href="#[2e]">DPDM_PRO_QC2_Handler</a> from zr_dpdm.o(.text.DPDM_PRO_QC2_Handler) referenced from zr_dpdm.o(.text.DPDM_Policy)
 <LI><a href="#[2f]">DPDM_PRO_QC3_Handler</a> from zr_dpdm.o(.text.DPDM_PRO_QC3_Handler) referenced from zr_dpdm.o(.text.DPDM_Policy)
 <LI><a href="#[2d]">DPDM_PRO_QC_PRE_Handler</a> from zr_dpdm.o(.text.DPDM_PRO_QC_PRE_Handler) referenced from zr_dpdm.o(.text.DPDM_Policy)
 <LI><a href="#[38]">DPDM_PRO_RST_Handler</a> from zr_dpdm.o(.text.DPDM_PRO_RST_Handler) referenced from zr_dpdm.o(.text.DPDM_Policy)
 <LI><a href="#[30]">DPDM_PRO_SCP_Handler</a> from zr_dpdm.o(.text.DPDM_PRO_SCP_Handler) referenced from zr_dpdm.o(.text.DPDM_Policy)
 <LI><a href="#[34]">DPDM_PRO_SFCP_DM0P6V_Handler</a> from zr_dpdm.o(.text.DPDM_PRO_SFCP_DM0P6V_Handler) referenced from zr_dpdm.o(.text.DPDM_Policy)
 <LI><a href="#[35]">DPDM_PRO_SFCP_Handler</a> from zr_dpdm.o(.text.DPDM_PRO_SFCP_Handler) referenced from zr_dpdm.o(.text.DPDM_Policy)
 <LI><a href="#[33]">DPDM_PRO_SFCP_PRE_Handler</a> from zr_dpdm.o(.text.DPDM_PRO_SFCP_PRE_Handler) referenced from zr_dpdm.o(.text.DPDM_Policy)
 <LI><a href="#[32]">DPDM_PRO_TFCP_Handler</a> from zr_dpdm.o(.text.DPDM_PRO_TFCP_Handler) referenced from zr_dpdm.o(.text.DPDM_Policy)
 <LI><a href="#[31]">DPDM_PRO_TFCP_PRE_Handler</a> from zr_dpdm.o(.text.DPDM_PRO_TFCP_PRE_Handler) referenced from zr_dpdm.o(.text.DPDM_Policy)
 <LI><a href="#[36]">DPDM_PRO_UFCS_Handler</a> from zr_dpdm.o(.text.DPDM_PRO_UFCS_Handler) referenced from zr_dpdm.o(.text.DPDM_Policy)
 <LI><a href="#[37]">DPDM_PRO_VOOC_Handler</a> from zr_dpdm.o(.text.DPDM_PRO_VOOC_Handler) referenced from zr_dpdm.o(.text.DPDM_Policy)
 <LI><a href="#[c]">GPIO_Handler</a> from startup_cmsdk_cm0.o(.text) referenced from startup_cmsdk_cm0.o(RESET)
 <LI><a href="#[2]">HardFault_Handler</a> from startup_cmsdk_cm0.o(.text) referenced from startup_cmsdk_cm0.o(RESET)
 <LI><a href="#[8]">I2CM_Handler</a> from startup_cmsdk_cm0.o(.text) referenced from startup_cmsdk_cm0.o(RESET)
 <LI><a href="#[b]">I2CS_Handler</a> from iic_slave_drive_policy.o(.text.I2CS_Handler) referenced from startup_cmsdk_cm0.o(RESET)
 <LI><a href="#[42]">Ideal_Check_ABN_Handler</a> from zr_plug.o(.text.Ideal_Check_ABN_Handler) referenced from zr_plug.o(.text.Scan_Ideal_Handler)
 <LI><a href="#[41]">Ideal_Power_Off_Handler</a> from zr_plug.o(.text.Ideal_Power_Off_Handler) referenced from zr_plug.o(.text.Scan_Ideal_Handler)
 <LI><a href="#[44]">Ideal_Ready_Handler</a> from zr_plug.o(.text.Ideal_Ready_Handler) referenced from zr_plug.o(.text.Scan_Ideal_Handler)
 <LI><a href="#[43]">Ideal_Wait_ON_Handler</a> from zr_plug.o(.text.Ideal_Wait_ON_Handler) referenced from zr_plug.o(.text.Scan_Ideal_Handler)
 <LI><a href="#[1]">NMI_Handler</a> from startup_cmsdk_cm0.o(.text) referenced from startup_cmsdk_cm0.o(RESET)
 <LI><a href="#[9]">PD_Handler</a> from pd_phy.o(.text.PD_Handler) referenced from startup_cmsdk_cm0.o(RESET)
 <LI><a href="#[1a]">PLUG_Handler</a> from zr_plug.o(.text.PLUG_Handler) referenced from startup_cmsdk_cm0.o(RESET)
 <LI><a href="#[d]">POWER_Handler</a> from zr_power.o(.text.POWER_Handler) referenced from startup_cmsdk_cm0.o(RESET)
 <LI><a href="#[9d]">PRO_AFC_Handler</a> from dpdm_protocol.o(.text.PRO_AFC_Handler) referenced from dpdm_protocol.o(.data.PRO_FSM)
 <LI><a href="#[9a]">PRO_IDLE_Handler</a> from dpdm_protocol.o(.text.PRO_IDLE_Handler) referenced from dpdm_protocol.o(.data.PRO_FSM)
 <LI><a href="#[9b]">PRO_READY_Handler</a> from dpdm_protocol.o(.text.PRO_READY_Handler) referenced from dpdm_protocol.o(.data.PRO_FSM)
 <LI><a href="#[9c]">PRO_SCP_Handler</a> from dpdm_protocol.o(.text.PRO_SCP_Handler) referenced from dpdm_protocol.o(.data.PRO_FSM)
 <LI><a href="#[a0]">PRO_SCP_Rst_Handler</a> from dpdm_protocol.o(.text.PRO_SCP_Rst_Handler) referenced from dpdm_protocol.o(.data.PRO_FSM)
 <LI><a href="#[9e]">PRO_TFCP_Handler</a> from dpdm_protocol.o(.text.PRO_TFCP_Handler) referenced from dpdm_protocol.o(.data.PRO_FSM)
 <LI><a href="#[9f]">PRO_VOOC_Handler</a> from dpdm_protocol.o(.text.PRO_VOOC_Handler) referenced from dpdm_protocol.o(.data.PRO_FSM)
 <LI><a href="#[4]">PendSV_Handler</a> from startup_cmsdk_cm0.o(.text) referenced from startup_cmsdk_cm0.o(RESET)
 <LI><a href="#[39]">Power_Adjust_Fun</a> from iic_slave_callback_policy.o(.text.Power_Adjust_Fun) referenced from iic_slave_callback_policy.o(.text.Init_CallBack)
 <LI><a href="#[0]">Reset_Handler</a> from startup_cmsdk_cm0.o(.text) referenced from startup_cmsdk_cm0.o(RESET)
 <LI><a href="#[10]">SCP_Handler</a> from zr_scp_app.o(.text.SCP_Handler) referenced from startup_cmsdk_cm0.o(RESET)
 <LI><a href="#[45]">SUB_Ctr_Ideal_Handler</a> from zr_plug.o(.text.SUB_Ctr_Ideal_Handler) referenced from zr_plug.o(.text.Scan_Status_Handler)
 <LI><a href="#[3]">SVC_Handler</a> from startup_cmsdk_cm0.o(.text) referenced from startup_cmsdk_cm0.o(RESET)
 <LI><a href="#[57]">Scan_Duo_AA_A_A_Handler</a> from zr_plug.o(.text.Scan_Duo_AA_A_A_Handler) referenced from zr_plug.o(.rodata.ScanStatusMachine)
 <LI><a href="#[55]">Scan_Duo_AA_A_X_Handler</a> from zr_plug.o(.text.Scan_Duo_AA_A_X_Handler) referenced from zr_plug.o(.rodata.ScanStatusMachine)
 <LI><a href="#[56]">Scan_Duo_AA_X_A_Handler</a> from zr_plug.o(.text.Scan_Duo_AA_X_A_Handler) referenced from zr_plug.o(.rodata.ScanStatusMachine)
 <LI><a href="#[54]">Scan_Duo_AA_X_X_Handler</a> from zr_plug.o(.text.Scan_Duo_AA_X_X_Handler) referenced from zr_plug.o(.rodata.ScanStatusMachine)
 <LI><a href="#[5d]">Scan_Duo_CA_C_A_Handler</a> from zr_plug.o(.text.Scan_Duo_CA_C_A_Handler) referenced from zr_plug.o(.rodata.ScanStatusMachine)
 <LI><a href="#[59]">Scan_Duo_CA_C_X_Handler</a> from zr_plug.o(.text.Scan_Duo_CA_C_X_Handler) referenced from zr_plug.o(.rodata.ScanStatusMachine)
 <LI><a href="#[5c]">Scan_Duo_CA_T_A_Handler</a> from zr_plug.o(.text.Scan_Duo_CA_T_A_Handler) referenced from zr_plug.o(.rodata.ScanStatusMachine)
 <LI><a href="#[5b]">Scan_Duo_CA_T_T_Handler</a> from zr_plug.o(.text.Scan_Duo_CA_T_T_Handler) referenced from zr_plug.o(.rodata.ScanStatusMachine)
 <LI><a href="#[5a]">Scan_Duo_CA_X_A_Handler</a> from zr_plug.o(.text.Scan_Duo_CA_X_A_Handler) referenced from zr_plug.o(.rodata.ScanStatusMachine)
 <LI><a href="#[58]">Scan_Duo_CA_X_T_Handler</a> from zr_plug.o(.text.Scan_Duo_CA_X_T_Handler) referenced from zr_plug.o(.rodata.ScanStatusMachine)
 <LI><a href="#[61]">Scan_Duo_CC_C_C_Handler</a> from zr_plug.o(.text.Scan_Duo_CC_C_C_Handler) referenced from zr_plug.o(.rodata.ScanStatusMachine)
 <LI><a href="#[64]">Scan_Duo_CC_C_T_Handler</a> from zr_plug.o(.text.Scan_Duo_CC_C_T_Handler) referenced from zr_plug.o(.rodata.ScanStatusMachine)
 <LI><a href="#[5f]">Scan_Duo_CC_C_X_Handler</a> from zr_plug.o(.text.Scan_Duo_CC_C_X_Handler) referenced from zr_plug.o(.rodata.ScanStatusMachine)
 <LI><a href="#[65]">Scan_Duo_CC_T_C_Handler</a> from zr_plug.o(.text.Scan_Duo_CC_T_C_Handler) referenced from zr_plug.o(.rodata.ScanStatusMachine)
 <LI><a href="#[66]">Scan_Duo_CC_T_T_Handler</a> from zr_plug.o(.text.Scan_Duo_CC_T_T_Handler) referenced from zr_plug.o(.rodata.ScanStatusMachine)
 <LI><a href="#[63]">Scan_Duo_CC_T_X_Handler</a> from zr_plug.o(.text.Scan_Duo_CC_T_X_Handler) referenced from zr_plug.o(.rodata.ScanStatusMachine)
 <LI><a href="#[60]">Scan_Duo_CC_X_C_Handler</a> from zr_plug.o(.text.Scan_Duo_CC_X_C_Handler) referenced from zr_plug.o(.rodata.ScanStatusMachine)
 <LI><a href="#[62]">Scan_Duo_CC_X_T_Handler</a> from zr_plug.o(.text.Scan_Duo_CC_X_T_Handler) referenced from zr_plug.o(.rodata.ScanStatusMachine)
 <LI><a href="#[5e]">Scan_Duo_CC_X_X_Handler</a> from zr_plug.o(.text.Scan_Duo_CC_X_X_Handler) referenced from zr_plug.o(.rodata.ScanStatusMachine)
 <LI><a href="#[53]">Scan_Ideal_Handler</a> from zr_plug.o(.text.Scan_Ideal_Handler) referenced from zr_plug.o(.rodata.ScanStatusMachine)
 <LI><a href="#[68]">Scan_Single_A_A_Handler</a> from zr_plug.o(.text.Scan_Single_A_A_Handler) referenced from zr_plug.o(.rodata.ScanStatusMachine)
 <LI><a href="#[67]">Scan_Single_A_X_Handler</a> from zr_plug.o(.text.Scan_Single_A_X_Handler) referenced from zr_plug.o(.rodata.ScanStatusMachine)
 <LI><a href="#[6a]">Scan_Single_C_C_Handler</a> from zr_plug.o(.text.Scan_Single_C_C_Handler) referenced from zr_plug.o(.rodata.ScanStatusMachine)
 <LI><a href="#[6b]">Scan_Single_C_T_Handler</a> from zr_plug.o(.text.Scan_Single_C_T_Handler) referenced from zr_plug.o(.rodata.ScanStatusMachine)
 <LI><a href="#[69]">Scan_Single_C_X_Handler</a> from zr_plug.o(.text.Scan_Single_C_X_Handler) referenced from zr_plug.o(.rodata.ScanStatusMachine)
 <LI><a href="#[40]">Scp_Max_Volt_Curr_Calculate</a> from zr_scp_app.o(.text.Scp_Max_Volt_Curr_Calculate) referenced from dpdm_protocol.o(.text.PRO_SCP_Handler)
 <LI><a href="#[46]">Sub_Buck_Off_Handler</a> from zr_plug.o(.text.Sub_Buck_Off_Handler) referenced from zr_plug.o(.text.Scan_Status_Handler)
 <LI><a href="#[4d]">Sub_Buck_On_Handler</a> from zr_plug.o(.text.Sub_Buck_On_Handler) referenced from zr_plug.o(.text.Scan_Status_Handler)
 <LI><a href="#[4e]">Sub_Buck_Sok_Handler</a> from zr_plug.o(.text.Sub_Buck_Sok_Handler) referenced from zr_plug.o(.text.Scan_Status_Handler)
 <LI><a href="#[4a]">Sub_Ctr_Check_Handler</a> from zr_plug.o(.text.Sub_Ctr_Check_Handler) referenced from zr_plug.o(.text.Scan_Status_Handler)
 <LI><a href="#[4f]">Sub_Ctr_Ready_Handler</a> from zr_plug.o(.text.Sub_Ctr_Ready_Handler) referenced from zr_plug.o(.text.Scan_Status_Handler)
 <LI><a href="#[48]">Sub_Ctr_Wait0_Handler</a> from zr_plug.o(.text.Sub_Ctr_Wait0_Handler) referenced from zr_plug.o(.text.Scan_Status_Handler)
 <LI><a href="#[49]">Sub_Ctr_Wait1_Handler</a> from zr_plug.o(.text.Sub_Ctr_Wait1_Handler) referenced from zr_plug.o(.text.Scan_Status_Handler)
 <LI><a href="#[4c]">Sub_Ctr_Wait2_Handler</a> from zr_plug.o(.text.Sub_Ctr_Wait2_Handler) referenced from zr_plug.o(.text.Scan_Status_Handler)
 <LI><a href="#[47]">Sub_MOS_Off_Handler</a> from zr_plug.o(.text.Sub_MOS_Off_Handler) referenced from zr_plug.o(.text.Scan_Status_Handler)
 <LI><a href="#[4b]">Sub_MOS_On_Handler</a> from zr_plug.o(.text.Sub_MOS_On_Handler) referenced from zr_plug.o(.text.Scan_Status_Handler)
 <LI><a href="#[5]">SysTick_Handler</a> from startup_cmsdk_cm0.o(.text) referenced from startup_cmsdk_cm0.o(RESET)
 <LI><a href="#[f]">TFCP_Handler</a> from zr_tfcp_app.o(.text.TFCP_Handler) referenced from startup_cmsdk_cm0.o(RESET)
 <LI><a href="#[7]">TYPEC0_Handler</a> from typec.o(.text.TYPEC0_Handler) referenced from startup_cmsdk_cm0.o(RESET)
 <LI><a href="#[e]">TYPEC1_Handler</a> from typec.o(.text.TYPEC1_Handler) referenced from startup_cmsdk_cm0.o(RESET)
 <LI><a href="#[6]">UART_Handler</a> from anker_policy.o(.text.UART_Handler) referenced from startup_cmsdk_cm0.o(RESET)
 <LI><a href="#[12]">UFCS_Handler</a> from ufcs_phy.o(.text.UFCS_Handler) referenced from startup_cmsdk_cm0.o(RESET)
 <LI><a href="#[3f]">User_Pd_Policy_Hook</a> from iic_slave_callback_policy.o(.text.User_Pd_Policy_Hook) referenced from iic_slave_callback_policy.o(.text.Init_CallBack)
 <LI><a href="#[3e]">User_Pd_Request_Info_Hook</a> from iic_slave_callback_policy.o(.text.User_Pd_Request_Info_Hook) referenced from iic_slave_callback_policy.o(.text.Init_CallBack)
 <LI><a href="#[3c]">User_Typec_Attach_Hook</a> from iic_slave_callback_policy.o(.text.User_Typec_Attach_Hook) referenced from iic_slave_callback_policy.o(.text.Init_CallBack)
 <LI><a href="#[3d]">User_Typec_Detach_Hook</a> from iic_slave_callback_policy.o(.text.User_Typec_Detach_Hook) referenced from iic_slave_callback_policy.o(.text.Init_CallBack)
 <LI><a href="#[1c]">VOOC_Handler</a> from zr_vooc_app.o(.text.VOOC_Handler) referenced from startup_cmsdk_cm0.o(RESET)
 <LI><a href="#[1e]">__main</a> from entry.o(.ARM.Collect$$$$00000000) referenced from startup_cmsdk_cm0.o(.text)
 <LI><a href="#[1d]">main</a> from main.o(.text.main) referenced from entry9a.o(.ARM.Collect$$$$0000000B)
 <LI><a href="#[7a]">pd_app_accept_soft_reset</a> from pd_app.o(.text.pd_app_accept_soft_reset) referenced from pd_app.o(.rodata.pd_app_state)
 <LI><a href="#[7d]">pd_app_bist_process</a> from pd_app.o(.text.pd_app_bist_process) referenced from pd_app.o(.rodata.pd_app_state)
 <LI><a href="#[7c]">pd_app_chunk_rx</a> from pd_app.o(.text.pd_app_chunk_rx) referenced from pd_app.o(.rodata.pd_app_state)
 <LI><a href="#[7e]">pd_app_discid_prim</a> from pd_app.o(.text.pd_app_discid_prim) referenced from pd_app.o(.rodata.pd_app_state)
 <LI><a href="#[7f]">pd_app_discid_sec</a> from pd_app.o(.text.pd_app_discid_sec) referenced from pd_app.o(.rodata.pd_app_state)
 <LI><a href="#[70]">pd_app_discovery</a> from pd_app.o(.text.pd_app_discovery) referenced from pd_app.o(.rodata.pd_app_state)
 <LI><a href="#[86]">pd_app_dr_change</a> from pd_app.o(.text.pd_app_dr_change) referenced from pd_app.o(.rodata.pd_app_state)
 <LI><a href="#[6c]">pd_app_enter</a> from pd_app.o(.text.pd_app_enter) referenced from pd_app.o(.rodata.pd_app_state)
 <LI><a href="#[84]">pd_app_epr_check_cable</a> from pd_app.o(.text.pd_app_epr_check_cable) referenced from pd_app.o(.rodata.pd_app_state)
 <LI><a href="#[82]">pd_app_epr_check_vconn</a> from pd_app.o(.text.pd_app_epr_check_vconn) referenced from pd_app.o(.rodata.pd_app_state)
 <LI><a href="#[85]">pd_app_epr_result</a> from pd_app.o(.text.pd_app_epr_result) referenced from pd_app.o(.rodata.pd_app_state)
 <LI><a href="#[77]">pd_app_hard_reset_rx</a> from pd_app.o(.text.pd_app_hard_reset_rx) referenced from pd_app.o(.rodata.pd_app_state)
 <LI><a href="#[78]">pd_app_hard_reset_tx</a> from pd_app.o(.text.pd_app_hard_reset_tx) referenced from pd_app.o(.rodata.pd_app_state)
 <LI><a href="#[74]">pd_app_nego_cap_prim</a> from pd_app.o(.text.pd_app_nego_cap_prim) referenced from pd_app.o(.rodata.pd_app_state)
 <LI><a href="#[75]">pd_app_nego_cap_sec</a> from pd_app.o(.text.pd_app_nego_cap_sec) referenced from pd_app.o(.rodata.pd_app_state)
 <LI><a href="#[87]">pd_app_no_pd</a> from pd_app.o(.text.pd_app_no_pd) referenced from pd_app.o(.rodata.pd_app_state)
 <LI><a href="#[76]">pd_app_regulation_vol</a> from pd_app.o(.text.pd_app_regulation_vol) referenced from pd_app.o(.rodata.pd_app_state)
 <LI><a href="#[83]">pd_app_reset_cable</a> from pd_app.o(.text.pd_app_reset_cable) referenced from pd_app.o(.rodata.pd_app_state)
 <LI><a href="#[72]">pd_app_send_epr_src_cap</a> from pd_app.o(.text.pd_app_send_epr_src_cap) referenced from pd_app.o(.rodata.pd_app_state)
 <LI><a href="#[71]">pd_app_send_src_cap</a> from pd_app.o(.text.pd_app_send_src_cap) referenced from pd_app.o(.rodata.pd_app_state)
 <LI><a href="#[6d]">pd_app_src_ready</a> from pd_app.o(.text.pd_app_src_ready) referenced from pd_app.o(.rodata.pd_app_state)
 <LI><a href="#[6f]">pd_app_startup</a> from pd_app.o(.text.pd_app_startup) referenced from pd_app.o(.rodata.pd_app_state)
 <LI><a href="#[79]">pd_app_to_default</a> from pd_app.o(.text.pd_app_to_default) referenced from pd_app.o(.rodata.pd_app_state)
 <LI><a href="#[6e]">pd_app_tx_message</a> from pd_app.o(.text.pd_app_tx_message) referenced from pd_app.o(.rodata.pd_app_state)
 <LI><a href="#[81]">pd_app_vcs_request_process</a> from pd_app.o(.text.pd_app_vcs_request_process) referenced from pd_app.o(.rodata.pd_app_state)
 <LI><a href="#[80]">pd_app_vcs_response_process</a> from pd_app.o(.text.pd_app_vcs_response_process) referenced from pd_app.o(.rodata.pd_app_state)
 <LI><a href="#[73]">pd_app_wait_nego</a> from pd_app.o(.text.pd_app_wait_nego) referenced from pd_app.o(.rodata.pd_app_state)
 <LI><a href="#[7b]">pd_app_wait_new_cap</a> from pd_app.o(.text.pd_app_wait_new_cap) referenced from pd_app.o(.rodata.pd_app_state)
 <LI><a href="#[92]">ufcs_app_cable_detect_wait_accept</a> from ufcs_app.o(.text.ufcs_app_cable_detect_wait_accept) referenced from ufcs_app.o(.rodata.ufcs_app_state)
 <LI><a href="#[95]">ufcs_app_end_cable_detect</a> from ufcs_app.o(.text.ufcs_app_end_cable_detect) referenced from ufcs_app.o(.rodata.ufcs_app_state)
 <LI><a href="#[93]">ufcs_app_get_cable_info</a> from ufcs_app.o(.text.ufcs_app_get_cable_info) referenced from ufcs_app.o(.rodata.ufcs_app_state)
 <LI><a href="#[8a]">ufcs_app_idle</a> from ufcs_app.o(.text.ufcs_app_idle) referenced from ufcs_app.o(.rodata.ufcs_app_state)
 <LI><a href="#[97]">ufcs_app_linereset_recover</a> from ufcs_app.o(.text.ufcs_app_linereset_recover) referenced from ufcs_app.o(.rodata.ufcs_app_state)
 <LI><a href="#[8c]">ufcs_app_negotiate</a> from ufcs_app.o(.text.ufcs_app_negotiate) referenced from ufcs_app.o(.rodata.ufcs_app_state)
 <LI><a href="#[98]">ufcs_app_power_change</a> from ufcs_app.o(.text.ufcs_app_power_change) referenced from ufcs_app.o(.rodata.ufcs_app_state)
 <LI><a href="#[8d]">ufcs_app_regulation_vol</a> from ufcs_app.o(.text.ufcs_app_regulation_vol) referenced from ufcs_app.o(.rodata.ufcs_app_state)
 <LI><a href="#[88]">ufcs_app_reset</a> from ufcs_app.o(.text.ufcs_app_reset) referenced from ufcs_app.o(.rodata.ufcs_app_state)
 <LI><a href="#[91]">ufcs_app_start_cable_detect</a> from ufcs_app.o(.text.ufcs_app_start_cable_detect) referenced from ufcs_app.o(.rodata.ufcs_app_state)
 <LI><a href="#[96]">ufcs_app_tx_cable_info</a> from ufcs_app.o(.text.ufcs_app_tx_cable_info) referenced from ufcs_app.o(.rodata.ufcs_app_state)
 <LI><a href="#[8f]">ufcs_app_tx_linereset</a> from ufcs_app.o(.text.ufcs_app_tx_linereset) referenced from ufcs_app.o(.rodata.ufcs_app_state)
 <LI><a href="#[8b]">ufcs_app_tx_message</a> from ufcs_app.o(.text.ufcs_app_tx_message) referenced from ufcs_app.o(.rodata.ufcs_app_state)
 <LI><a href="#[8e]">ufcs_app_tx_softreset</a> from ufcs_app.o(.text.ufcs_app_tx_softreset) referenced from ufcs_app.o(.rodata.ufcs_app_state)
 <LI><a href="#[90]">ufcs_app_wait_cable_detect</a> from ufcs_app.o(.text.ufcs_app_wait_cable_detect) referenced from ufcs_app.o(.rodata.ufcs_app_state)
 <LI><a href="#[94]">ufcs_app_wait_cable_info</a> from ufcs_app.o(.text.ufcs_app_wait_cable_info) referenced from ufcs_app.o(.rodata.ufcs_app_state)
 <LI><a href="#[99]">ufcs_app_wait_change_request</a> from ufcs_app.o(.text.ufcs_app_wait_change_request) referenced from ufcs_app.o(.rodata.ufcs_app_state)
 <LI><a href="#[89]">ufcs_app_wait_ping</a> from ufcs_app.o(.text.ufcs_app_wait_ping) referenced from ufcs_app.o(.rodata.ufcs_app_state)
 <LI><a href="#[51]">ufcs_phy_tx_packet</a> from ufcs_phy.o(.text.ufcs_phy_tx_packet) referenced from ufcs_phy.o(.text.ufcs_phy)
 <LI><a href="#[52]">ufcs_phy_tx_packet_end</a> from ufcs_phy.o(.text.ufcs_phy_tx_packet_end) referenced from ufcs_phy.o(.text.ufcs_phy)
 <LI><a href="#[50]">ufcs_phy_tx_reset</a> from ufcs_phy.o(.text.ufcs_phy_tx_reset) referenced from ufcs_phy.o(.text.ufcs_phy)
</UL>
<P>
<H3>
Global Symbols
</H3>
<P><STRONG><a name="[1e]"></a>__main</STRONG> (Thumb, 0 bytes, Stack size unknown bytes, entry.o(.ARM.Collect$$$$00000000))
<BR>[Address Reference Count : 1]<UL><LI> startup_cmsdk_cm0.o(.text)
</UL>
<P><STRONG><a name="[2b1]"></a>_main_stk</STRONG> (Thumb, 0 bytes, Stack size unknown bytes, entry2.o(.ARM.Collect$$$$00000001))

<P><STRONG><a name="[a1]"></a>_main_scatterload</STRONG> (Thumb, 0 bytes, Stack size unknown bytes, entry5.o(.ARM.Collect$$$$00000004))
<BR><BR>[Calls]<UL><LI><a href="#[a2]">&gt;&gt;</a>&nbsp;&nbsp;&nbsp;__scatterload
</UL>

<P><STRONG><a name="[b9]"></a>__main_after_scatterload</STRONG> (Thumb, 0 bytes, Stack size unknown bytes, entry5.o(.ARM.Collect$$$$00000004))
<BR><BR>[Called By]<UL><LI><a href="#[a2]">&gt;&gt;</a>&nbsp;&nbsp;&nbsp;__scatterload
</UL>

<P><STRONG><a name="[2b2]"></a>_main_clock</STRONG> (Thumb, 0 bytes, Stack size unknown bytes, entry7b.o(.ARM.Collect$$$$00000008))

<P><STRONG><a name="[2b3]"></a>_main_cpp_init</STRONG> (Thumb, 0 bytes, Stack size unknown bytes, entry8b.o(.ARM.Collect$$$$0000000A))

<P><STRONG><a name="[2b4]"></a>_main_init</STRONG> (Thumb, 0 bytes, Stack size unknown bytes, entry9a.o(.ARM.Collect$$$$0000000B))

<P><STRONG><a name="[2b5]"></a>__rt_final_cpp</STRONG> (Thumb, 0 bytes, Stack size unknown bytes, entry10a.o(.ARM.Collect$$$$0000000D))

<P><STRONG><a name="[2b6]"></a>__rt_final_exit</STRONG> (Thumb, 0 bytes, Stack size unknown bytes, entry11a.o(.ARM.Collect$$$$0000000F))

<P><STRONG><a name="[0]"></a>Reset_Handler</STRONG> (Thumb, 30 bytes, Stack size 0 bytes, startup_cmsdk_cm0.o(.text))
<BR>[Address Reference Count : 1]<UL><LI> startup_cmsdk_cm0.o(RESET)
</UL>
<P><STRONG><a name="[1]"></a>NMI_Handler</STRONG> (Thumb, 2 bytes, Stack size 0 bytes, startup_cmsdk_cm0.o(.text))
<BR><BR>[Calls]<UL><LI><a href="#[1]">&gt;&gt;</a>&nbsp;&nbsp;&nbsp;NMI_Handler
</UL>
<BR>[Called By]<UL><LI><a href="#[1]">&gt;&gt;</a>&nbsp;&nbsp;&nbsp;NMI_Handler
</UL>
<BR>[Address Reference Count : 1]<UL><LI> startup_cmsdk_cm0.o(RESET)
</UL>
<P><STRONG><a name="[2]"></a>HardFault_Handler</STRONG> (Thumb, 2 bytes, Stack size 0 bytes, startup_cmsdk_cm0.o(.text))
<BR><BR>[Calls]<UL><LI><a href="#[2]">&gt;&gt;</a>&nbsp;&nbsp;&nbsp;HardFault_Handler
</UL>
<BR>[Called By]<UL><LI><a href="#[2]">&gt;&gt;</a>&nbsp;&nbsp;&nbsp;HardFault_Handler
</UL>
<BR>[Address Reference Count : 1]<UL><LI> startup_cmsdk_cm0.o(RESET)
</UL>
<P><STRONG><a name="[3]"></a>SVC_Handler</STRONG> (Thumb, 2 bytes, Stack size 0 bytes, startup_cmsdk_cm0.o(.text))
<BR><BR>[Calls]<UL><LI><a href="#[3]">&gt;&gt;</a>&nbsp;&nbsp;&nbsp;SVC_Handler
</UL>
<BR>[Called By]<UL><LI><a href="#[3]">&gt;&gt;</a>&nbsp;&nbsp;&nbsp;SVC_Handler
</UL>
<BR>[Address Reference Count : 1]<UL><LI> startup_cmsdk_cm0.o(RESET)
</UL>
<P><STRONG><a name="[4]"></a>PendSV_Handler</STRONG> (Thumb, 2 bytes, Stack size 0 bytes, startup_cmsdk_cm0.o(.text))
<BR><BR>[Calls]<UL><LI><a href="#[4]">&gt;&gt;</a>&nbsp;&nbsp;&nbsp;PendSV_Handler
</UL>
<BR>[Called By]<UL><LI><a href="#[4]">&gt;&gt;</a>&nbsp;&nbsp;&nbsp;PendSV_Handler
</UL>
<BR>[Address Reference Count : 1]<UL><LI> startup_cmsdk_cm0.o(RESET)
</UL>
<P><STRONG><a name="[5]"></a>SysTick_Handler</STRONG> (Thumb, 2 bytes, Stack size 0 bytes, startup_cmsdk_cm0.o(.text))
<BR><BR>[Calls]<UL><LI><a href="#[5]">&gt;&gt;</a>&nbsp;&nbsp;&nbsp;SysTick_Handler
</UL>
<BR>[Called By]<UL><LI><a href="#[5]">&gt;&gt;</a>&nbsp;&nbsp;&nbsp;SysTick_Handler
</UL>
<BR>[Address Reference Count : 1]<UL><LI> startup_cmsdk_cm0.o(RESET)
</UL>
<P><STRONG><a name="[17]"></a>BTM4_Handler</STRONG> (Thumb, 0 bytes, Stack size 0 bytes, startup_cmsdk_cm0.o(.text))
<BR><BR>[Calls]<UL><LI><a href="#[17]">&gt;&gt;</a>&nbsp;&nbsp;&nbsp;BTM4_Handler
</UL>
<BR>[Called By]<UL><LI><a href="#[17]">&gt;&gt;</a>&nbsp;&nbsp;&nbsp;BTM4_Handler
</UL>
<BR>[Address Reference Count : 1]<UL><LI> startup_cmsdk_cm0.o(RESET)
</UL>
<P><STRONG><a name="[c]"></a>GPIO_Handler</STRONG> (Thumb, 0 bytes, Stack size 0 bytes, startup_cmsdk_cm0.o(.text))
<BR>[Address Reference Count : 1]<UL><LI> startup_cmsdk_cm0.o(RESET)
</UL>
<P><STRONG><a name="[8]"></a>I2CM_Handler</STRONG> (Thumb, 0 bytes, Stack size 0 bytes, startup_cmsdk_cm0.o(.text))
<BR>[Address Reference Count : 1]<UL><LI> startup_cmsdk_cm0.o(RESET)
</UL>
<P><STRONG><a name="[a4]"></a>__aeabi_memset</STRONG> (Thumb, 14 bytes, Stack size 0 bytes, memseta.o(.text))
<BR><BR>[Called By]<UL><LI><a href="#[a5]">&gt;&gt;</a>&nbsp;&nbsp;&nbsp;_memset$wrapper
<LI><a href="#[a3]">&gt;&gt;</a>&nbsp;&nbsp;&nbsp;__aeabi_memclr
</UL>

<P><STRONG><a name="[2b7]"></a>__aeabi_memset4</STRONG> (Thumb, 0 bytes, Stack size 0 bytes, memseta.o(.text), UNUSED)

<P><STRONG><a name="[2b8]"></a>__aeabi_memset8</STRONG> (Thumb, 0 bytes, Stack size 0 bytes, memseta.o(.text), UNUSED)

<P><STRONG><a name="[a3]"></a>__aeabi_memclr</STRONG> (Thumb, 4 bytes, Stack size 0 bytes, memseta.o(.text))
<BR><BR>[Calls]<UL><LI><a href="#[a4]">&gt;&gt;</a>&nbsp;&nbsp;&nbsp;__aeabi_memset
</UL>
<BR>[Called By]<UL><LI><a href="#[20f]">&gt;&gt;</a>&nbsp;&nbsp;&nbsp;PD_Hardware_Init
<LI><a href="#[12f]">&gt;&gt;</a>&nbsp;&nbsp;&nbsp;VOOC_Var_Reset
<LI><a href="#[12b]">&gt;&gt;</a>&nbsp;&nbsp;&nbsp;SCP_Reset
<LI><a href="#[228]">&gt;&gt;</a>&nbsp;&nbsp;&nbsp;TFCP_Process
<LI><a href="#[133]">&gt;&gt;</a>&nbsp;&nbsp;&nbsp;TFCP_Reset
<LI><a href="#[223]">&gt;&gt;</a>&nbsp;&nbsp;&nbsp;SCP_Process
<LI><a href="#[285]">&gt;&gt;</a>&nbsp;&nbsp;&nbsp;UFCS_Hardware_Init
<LI><a href="#[282]">&gt;&gt;</a>&nbsp;&nbsp;&nbsp;UFCS_Reset
<LI><a href="#[28b]">&gt;&gt;</a>&nbsp;&nbsp;&nbsp;ufcs_pro
<LI><a href="#[23e]">&gt;&gt;</a>&nbsp;&nbsp;&nbsp;SCP_IRQ_Process
<LI><a href="#[f]">&gt;&gt;</a>&nbsp;&nbsp;&nbsp;TFCP_Handler
</UL>

<P><STRONG><a name="[22b]"></a>__aeabi_memclr4</STRONG> (Thumb, 0 bytes, Stack size 0 bytes, memseta.o(.text))
<BR><BR>[Called By]<UL><LI><a href="#[215]">&gt;&gt;</a>&nbsp;&nbsp;&nbsp;Pd_Get_Tx_Buff_Start_Address
<LI><a href="#[2a9]">&gt;&gt;</a>&nbsp;&nbsp;&nbsp;update_spr_pdo_buffer
<LI><a href="#[2a8]">&gt;&gt;</a>&nbsp;&nbsp;&nbsp;pd_message_construct
<LI><a href="#[12f]">&gt;&gt;</a>&nbsp;&nbsp;&nbsp;VOOC_Var_Reset
</UL>

<P><STRONG><a name="[2b9]"></a>__aeabi_memclr8</STRONG> (Thumb, 0 bytes, Stack size 0 bytes, memseta.o(.text), UNUSED)

<P><STRONG><a name="[a5]"></a>_memset$wrapper</STRONG> (Thumb, 18 bytes, Stack size 8 bytes, memseta.o(.text), UNUSED)
<BR><BR>[Calls]<UL><LI><a href="#[a4]">&gt;&gt;</a>&nbsp;&nbsp;&nbsp;__aeabi_memset
</UL>

<P><STRONG><a name="[a6]"></a>calloc</STRONG> (Thumb, 28 bytes, Stack size 8 bytes, calloc.o(.text))
<BR><BR>[Stack]<UL><LI>Max Depth = 28<LI>Call Chain = calloc &rArr; malloc
</UL>
<BR>[Calls]<UL><LI><a href="#[a7]">&gt;&gt;</a>&nbsp;&nbsp;&nbsp;malloc
</UL>
<BR>[Called By]<UL><LI><a href="#[9e]">&gt;&gt;</a>&nbsp;&nbsp;&nbsp;PRO_TFCP_Handler
</UL>

<P><STRONG><a name="[a8]"></a>__aeabi_dadd</STRONG> (Thumb, 328 bytes, Stack size 48 bytes, dadd.o(.text))
<BR><BR>[Stack]<UL><LI>Max Depth = 104<LI>Call Chain = __aeabi_dadd &rArr; _double_epilogue &rArr; __aeabi_llsr
</UL>
<BR>[Calls]<UL><LI><a href="#[aa]">&gt;&gt;</a>&nbsp;&nbsp;&nbsp;__aeabi_lasr
<LI><a href="#[a9]">&gt;&gt;</a>&nbsp;&nbsp;&nbsp;__aeabi_llsl
<LI><a href="#[ac]">&gt;&gt;</a>&nbsp;&nbsp;&nbsp;_double_round
<LI><a href="#[ab]">&gt;&gt;</a>&nbsp;&nbsp;&nbsp;_double_epilogue
</UL>
<BR>[Called By]<UL><LI><a href="#[223]">&gt;&gt;</a>&nbsp;&nbsp;&nbsp;SCP_Process
<LI><a href="#[ae]">&gt;&gt;</a>&nbsp;&nbsp;&nbsp;__aeabi_drsub
<LI><a href="#[ad]">&gt;&gt;</a>&nbsp;&nbsp;&nbsp;__aeabi_dsub
</UL>

<P><STRONG><a name="[ad]"></a>__aeabi_dsub</STRONG> (Thumb, 12 bytes, Stack size 8 bytes, dadd.o(.text), UNUSED)
<BR><BR>[Calls]<UL><LI><a href="#[a8]">&gt;&gt;</a>&nbsp;&nbsp;&nbsp;__aeabi_dadd
</UL>

<P><STRONG><a name="[ae]"></a>__aeabi_drsub</STRONG> (Thumb, 12 bytes, Stack size 8 bytes, dadd.o(.text), UNUSED)
<BR><BR>[Calls]<UL><LI><a href="#[a8]">&gt;&gt;</a>&nbsp;&nbsp;&nbsp;__aeabi_dadd
</UL>

<P><STRONG><a name="[af]"></a>__aeabi_dmul</STRONG> (Thumb, 202 bytes, Stack size 72 bytes, dmul.o(.text))
<BR><BR>[Stack]<UL><LI>Max Depth = 128<LI>Call Chain = __aeabi_dmul &rArr; _double_epilogue &rArr; __aeabi_llsr
</UL>
<BR>[Calls]<UL><LI><a href="#[ab]">&gt;&gt;</a>&nbsp;&nbsp;&nbsp;_double_epilogue
</UL>
<BR>[Called By]<UL><LI><a href="#[cd]">&gt;&gt;</a>&nbsp;&nbsp;&nbsp;Adc_Get_Channel_Data
<LI><a href="#[228]">&gt;&gt;</a>&nbsp;&nbsp;&nbsp;TFCP_Process
<LI><a href="#[c2]">&gt;&gt;</a>&nbsp;&nbsp;&nbsp;AFC_Process
<LI><a href="#[223]">&gt;&gt;</a>&nbsp;&nbsp;&nbsp;SCP_Process
<LI><a href="#[119]">&gt;&gt;</a>&nbsp;&nbsp;&nbsp;DPDM_QC2_9V_Handler
<LI><a href="#[117]">&gt;&gt;</a>&nbsp;&nbsp;&nbsp;DPDM_QC2_12V_Handler
<LI><a href="#[35]">&gt;&gt;</a>&nbsp;&nbsp;&nbsp;DPDM_PRO_SFCP_Handler
<LI><a href="#[13e]">&gt;&gt;</a>&nbsp;&nbsp;&nbsp;DevType_Proc
<LI><a href="#[29b]">&gt;&gt;</a>&nbsp;&nbsp;&nbsp;X2_Proc
<LI><a href="#[29a]">&gt;&gt;</a>&nbsp;&nbsp;&nbsp;X6_Proc
<LI><a href="#[298]">&gt;&gt;</a>&nbsp;&nbsp;&nbsp;X8_Proc
<LI><a href="#[252]">&gt;&gt;</a>&nbsp;&nbsp;&nbsp;SCP_Step_Iset_Offset
<LI><a href="#[251]">&gt;&gt;</a>&nbsp;&nbsp;&nbsp;SCP_Step_Vset_Offset
<LI><a href="#[248]">&gt;&gt;</a>&nbsp;&nbsp;&nbsp;SCP_Iset_Offset
<LI><a href="#[250]">&gt;&gt;</a>&nbsp;&nbsp;&nbsp;SCP_Vset_Offset
<LI><a href="#[247]">&gt;&gt;</a>&nbsp;&nbsp;&nbsp;SCP_Iset
<LI><a href="#[24f]">&gt;&gt;</a>&nbsp;&nbsp;&nbsp;SCP_Vset
</UL>

<P><STRONG><a name="[b0]"></a>__aeabi_ddiv</STRONG> (Thumb, 234 bytes, Stack size 40 bytes, ddiv.o(.text))
<BR><BR>[Stack]<UL><LI>Max Depth = 48<LI>Call Chain = __aeabi_ddiv &rArr; _double_round
</UL>
<BR>[Calls]<UL><LI><a href="#[ac]">&gt;&gt;</a>&nbsp;&nbsp;&nbsp;_double_round
</UL>
<BR>[Called By]<UL><LI><a href="#[c2]">&gt;&gt;</a>&nbsp;&nbsp;&nbsp;AFC_Process
<LI><a href="#[223]">&gt;&gt;</a>&nbsp;&nbsp;&nbsp;SCP_Process
<LI><a href="#[13e]">&gt;&gt;</a>&nbsp;&nbsp;&nbsp;DevType_Proc
<LI><a href="#[29a]">&gt;&gt;</a>&nbsp;&nbsp;&nbsp;X6_Proc
<LI><a href="#[298]">&gt;&gt;</a>&nbsp;&nbsp;&nbsp;X8_Proc
</UL>

<P><STRONG><a name="[29f]"></a>__aeabi_dcmpge</STRONG> (Thumb, 44 bytes, Stack size 8 bytes, dcmpge.o(.text))
<BR><BR>[Stack]<UL><LI>Max Depth = 8<LI>Call Chain = __aeabi_dcmpge
</UL>
<BR>[Called By]<UL><LI><a href="#[29a]">&gt;&gt;</a>&nbsp;&nbsp;&nbsp;X6_Proc
</UL>

<P><STRONG><a name="[13f]"></a>__aeabi_dcmpgt</STRONG> (Thumb, 44 bytes, Stack size 8 bytes, dcmpgt.o(.text))
<BR><BR>[Stack]<UL><LI>Max Depth = 8<LI>Call Chain = __aeabi_dcmpgt
</UL>
<BR>[Called By]<UL><LI><a href="#[13e]">&gt;&gt;</a>&nbsp;&nbsp;&nbsp;DevType_Proc
<LI><a href="#[298]">&gt;&gt;</a>&nbsp;&nbsp;&nbsp;X8_Proc
<LI><a href="#[252]">&gt;&gt;</a>&nbsp;&nbsp;&nbsp;SCP_Step_Iset_Offset
<LI><a href="#[248]">&gt;&gt;</a>&nbsp;&nbsp;&nbsp;SCP_Iset_Offset
<LI><a href="#[247]">&gt;&gt;</a>&nbsp;&nbsp;&nbsp;SCP_Iset
<LI><a href="#[24f]">&gt;&gt;</a>&nbsp;&nbsp;&nbsp;SCP_Vset
</UL>

<P><STRONG><a name="[b1]"></a>__aeabi_i2d</STRONG> (Thumb, 34 bytes, Stack size 16 bytes, dflti.o(.text))
<BR><BR>[Stack]<UL><LI>Max Depth = 72<LI>Call Chain = __aeabi_i2d &rArr; _double_epilogue &rArr; __aeabi_llsr
</UL>
<BR>[Calls]<UL><LI><a href="#[ab]">&gt;&gt;</a>&nbsp;&nbsp;&nbsp;_double_epilogue
</UL>
<BR>[Called By]<UL><LI><a href="#[cd]">&gt;&gt;</a>&nbsp;&nbsp;&nbsp;Adc_Get_Channel_Data
<LI><a href="#[228]">&gt;&gt;</a>&nbsp;&nbsp;&nbsp;TFCP_Process
<LI><a href="#[252]">&gt;&gt;</a>&nbsp;&nbsp;&nbsp;SCP_Step_Iset_Offset
<LI><a href="#[251]">&gt;&gt;</a>&nbsp;&nbsp;&nbsp;SCP_Step_Vset_Offset
<LI><a href="#[248]">&gt;&gt;</a>&nbsp;&nbsp;&nbsp;SCP_Iset_Offset
<LI><a href="#[250]">&gt;&gt;</a>&nbsp;&nbsp;&nbsp;SCP_Vset_Offset
<LI><a href="#[247]">&gt;&gt;</a>&nbsp;&nbsp;&nbsp;SCP_Iset
<LI><a href="#[24f]">&gt;&gt;</a>&nbsp;&nbsp;&nbsp;SCP_Vset
</UL>

<P><STRONG><a name="[b2]"></a>__aeabi_ui2d</STRONG> (Thumb, 24 bytes, Stack size 16 bytes, dfltui.o(.text))
<BR><BR>[Stack]<UL><LI>Max Depth = 72<LI>Call Chain = __aeabi_ui2d &rArr; _double_epilogue &rArr; __aeabi_llsr
</UL>
<BR>[Calls]<UL><LI><a href="#[ab]">&gt;&gt;</a>&nbsp;&nbsp;&nbsp;_double_epilogue
</UL>
<BR>[Called By]<UL><LI><a href="#[228]">&gt;&gt;</a>&nbsp;&nbsp;&nbsp;TFCP_Process
<LI><a href="#[c2]">&gt;&gt;</a>&nbsp;&nbsp;&nbsp;AFC_Process
<LI><a href="#[223]">&gt;&gt;</a>&nbsp;&nbsp;&nbsp;SCP_Process
<LI><a href="#[119]">&gt;&gt;</a>&nbsp;&nbsp;&nbsp;DPDM_QC2_9V_Handler
<LI><a href="#[117]">&gt;&gt;</a>&nbsp;&nbsp;&nbsp;DPDM_QC2_12V_Handler
<LI><a href="#[35]">&gt;&gt;</a>&nbsp;&nbsp;&nbsp;DPDM_PRO_SFCP_Handler
<LI><a href="#[13e]">&gt;&gt;</a>&nbsp;&nbsp;&nbsp;DevType_Proc
<LI><a href="#[29b]">&gt;&gt;</a>&nbsp;&nbsp;&nbsp;X2_Proc
<LI><a href="#[29a]">&gt;&gt;</a>&nbsp;&nbsp;&nbsp;X6_Proc
<LI><a href="#[298]">&gt;&gt;</a>&nbsp;&nbsp;&nbsp;X8_Proc
</UL>

<P><STRONG><a name="[b3]"></a>__aeabi_d2iz</STRONG> (Thumb, 62 bytes, Stack size 16 bytes, dfixi.o(.text))
<BR><BR>[Stack]<UL><LI>Max Depth = 24<LI>Call Chain = __aeabi_d2iz &rArr; __aeabi_llsr
</UL>
<BR>[Calls]<UL><LI><a href="#[b4]">&gt;&gt;</a>&nbsp;&nbsp;&nbsp;__aeabi_llsr
</UL>
<BR>[Called By]<UL><LI><a href="#[cd]">&gt;&gt;</a>&nbsp;&nbsp;&nbsp;Adc_Get_Channel_Data
<LI><a href="#[228]">&gt;&gt;</a>&nbsp;&nbsp;&nbsp;TFCP_Process
<LI><a href="#[c2]">&gt;&gt;</a>&nbsp;&nbsp;&nbsp;AFC_Process
<LI><a href="#[223]">&gt;&gt;</a>&nbsp;&nbsp;&nbsp;SCP_Process
<LI><a href="#[13e]">&gt;&gt;</a>&nbsp;&nbsp;&nbsp;DevType_Proc
<LI><a href="#[29b]">&gt;&gt;</a>&nbsp;&nbsp;&nbsp;X2_Proc
<LI><a href="#[29a]">&gt;&gt;</a>&nbsp;&nbsp;&nbsp;X6_Proc
<LI><a href="#[298]">&gt;&gt;</a>&nbsp;&nbsp;&nbsp;X8_Proc
<LI><a href="#[252]">&gt;&gt;</a>&nbsp;&nbsp;&nbsp;SCP_Step_Iset_Offset
<LI><a href="#[251]">&gt;&gt;</a>&nbsp;&nbsp;&nbsp;SCP_Step_Vset_Offset
<LI><a href="#[248]">&gt;&gt;</a>&nbsp;&nbsp;&nbsp;SCP_Iset_Offset
<LI><a href="#[250]">&gt;&gt;</a>&nbsp;&nbsp;&nbsp;SCP_Vset_Offset
<LI><a href="#[247]">&gt;&gt;</a>&nbsp;&nbsp;&nbsp;SCP_Iset
<LI><a href="#[24f]">&gt;&gt;</a>&nbsp;&nbsp;&nbsp;SCP_Vset
</UL>

<P><STRONG><a name="[b5]"></a>__aeabi_d2uiz</STRONG> (Thumb, 50 bytes, Stack size 8 bytes, dfixui.o(.text))
<BR><BR>[Stack]<UL><LI>Max Depth = 16<LI>Call Chain = __aeabi_d2uiz &rArr; __aeabi_llsr
</UL>
<BR>[Calls]<UL><LI><a href="#[b4]">&gt;&gt;</a>&nbsp;&nbsp;&nbsp;__aeabi_llsr
</UL>
<BR>[Called By]<UL><LI><a href="#[119]">&gt;&gt;</a>&nbsp;&nbsp;&nbsp;DPDM_QC2_9V_Handler
<LI><a href="#[117]">&gt;&gt;</a>&nbsp;&nbsp;&nbsp;DPDM_QC2_12V_Handler
<LI><a href="#[35]">&gt;&gt;</a>&nbsp;&nbsp;&nbsp;DPDM_PRO_SFCP_Handler
</UL>

<P><STRONG><a name="[11c]"></a>__aeabi_uidiv</STRONG> (Thumb, 0 bytes, Stack size 16 bytes, uidiv_div0.o(.text))
<BR><BR>[Stack]<UL><LI>Max Depth = 16<LI>Call Chain = __aeabi_uidiv
</UL>
<BR>[Called By]<UL><LI><a href="#[18a]">&gt;&gt;</a>&nbsp;&nbsp;&nbsp;Update_UFCS_PDO
<LI><a href="#[188]">&gt;&gt;</a>&nbsp;&nbsp;&nbsp;Update_PD_PDO
<LI><a href="#[1e7]">&gt;&gt;</a>&nbsp;&nbsp;&nbsp;IICSlave_Address_Init
<LI><a href="#[e6]">&gt;&gt;</a>&nbsp;&nbsp;&nbsp;Uart_Baudrate_Cfg
<LI><a href="#[2a8]">&gt;&gt;</a>&nbsp;&nbsp;&nbsp;pd_message_construct
<LI><a href="#[76]">&gt;&gt;</a>&nbsp;&nbsp;&nbsp;pd_app_regulation_vol
<LI><a href="#[75]">&gt;&gt;</a>&nbsp;&nbsp;&nbsp;pd_app_nego_cap_sec
<LI><a href="#[11f]">&gt;&gt;</a>&nbsp;&nbsp;&nbsp;DPDM_Policy
<LI><a href="#[228]">&gt;&gt;</a>&nbsp;&nbsp;&nbsp;TFCP_Process
<LI><a href="#[227]">&gt;&gt;</a>&nbsp;&nbsp;&nbsp;TFCP_WDT_Control
<LI><a href="#[40]">&gt;&gt;</a>&nbsp;&nbsp;&nbsp;Scp_Max_Volt_Curr_Calculate
<LI><a href="#[223]">&gt;&gt;</a>&nbsp;&nbsp;&nbsp;SCP_Process
<LI><a href="#[28b]">&gt;&gt;</a>&nbsp;&nbsp;&nbsp;ufcs_pro
<LI><a href="#[8d]">&gt;&gt;</a>&nbsp;&nbsp;&nbsp;ufcs_app_regulation_vol
<LI><a href="#[8c]">&gt;&gt;</a>&nbsp;&nbsp;&nbsp;ufcs_app_negotiate
<LI><a href="#[2f]">&gt;&gt;</a>&nbsp;&nbsp;&nbsp;DPDM_PRO_QC3_Handler
<LI><a href="#[203]">&gt;&gt;</a>&nbsp;&nbsp;&nbsp;PB_Proc
<LI><a href="#[252]">&gt;&gt;</a>&nbsp;&nbsp;&nbsp;SCP_Step_Iset_Offset
<LI><a href="#[248]">&gt;&gt;</a>&nbsp;&nbsp;&nbsp;SCP_Iset_Offset
<LI><a href="#[247]">&gt;&gt;</a>&nbsp;&nbsp;&nbsp;SCP_Iset
<LI><a href="#[24f]">&gt;&gt;</a>&nbsp;&nbsp;&nbsp;SCP_Vset
</UL>

<P><STRONG><a name="[b7]"></a>__aeabi_uidivmod</STRONG> (Thumb, 62 bytes, Stack size 16 bytes, uidiv_div0.o(.text))
<BR><BR>[Stack]<UL><LI>Max Depth = 16<LI>Call Chain = __aeabi_uidivmod
</UL>
<BR>[Called By]<UL><LI><a href="#[b6]">&gt;&gt;</a>&nbsp;&nbsp;&nbsp;__aeabi_idivmod$div0
<LI><a href="#[29b]">&gt;&gt;</a>&nbsp;&nbsp;&nbsp;X2_Proc
</UL>

<P><STRONG><a name="[230]"></a>__aeabi_idiv</STRONG> (Thumb, 0 bytes, Stack size 16 bytes, idiv_div0.o(.text))
<BR><BR>[Stack]<UL><LI>Max Depth = 16<LI>Call Chain = __aeabi_idiv
</UL>
<BR>[Called By]<UL><LI><a href="#[39]">&gt;&gt;</a>&nbsp;&nbsp;&nbsp;Power_Adjust_Fun
<LI><a href="#[29b]">&gt;&gt;</a>&nbsp;&nbsp;&nbsp;X2_Proc
</UL>

<P><STRONG><a name="[b6]"></a>__aeabi_idivmod$div0</STRONG> (Thumb, 74 bytes, Stack size 16 bytes, idiv_div0.o(.text), UNUSED)
<BR><BR>[Calls]<UL><LI><a href="#[b7]">&gt;&gt;</a>&nbsp;&nbsp;&nbsp;__aeabi_uidivmod
</UL>

<P><STRONG><a name="[a9]"></a>__aeabi_llsl</STRONG> (Thumb, 32 bytes, Stack size 8 bytes, llshl.o(.text))
<BR><BR>[Stack]<UL><LI>Max Depth = 8<LI>Call Chain = __aeabi_llsl
</UL>
<BR>[Called By]<UL><LI><a href="#[ab]">&gt;&gt;</a>&nbsp;&nbsp;&nbsp;_double_epilogue
<LI><a href="#[a8]">&gt;&gt;</a>&nbsp;&nbsp;&nbsp;__aeabi_dadd
</UL>

<P><STRONG><a name="[2ba]"></a>_ll_shift_l</STRONG> (Thumb, 0 bytes, Stack size 8 bytes, llshl.o(.text), UNUSED)

<P><STRONG><a name="[b4]"></a>__aeabi_llsr</STRONG> (Thumb, 34 bytes, Stack size 8 bytes, llushr.o(.text))
<BR><BR>[Stack]<UL><LI>Max Depth = 8<LI>Call Chain = __aeabi_llsr
</UL>
<BR>[Called By]<UL><LI><a href="#[b3]">&gt;&gt;</a>&nbsp;&nbsp;&nbsp;__aeabi_d2iz
<LI><a href="#[b5]">&gt;&gt;</a>&nbsp;&nbsp;&nbsp;__aeabi_d2uiz
<LI><a href="#[ab]">&gt;&gt;</a>&nbsp;&nbsp;&nbsp;_double_epilogue
</UL>

<P><STRONG><a name="[2bb]"></a>_ll_ushift_r</STRONG> (Thumb, 0 bytes, Stack size 8 bytes, llushr.o(.text), UNUSED)

<P><STRONG><a name="[aa]"></a>__aeabi_lasr</STRONG> (Thumb, 38 bytes, Stack size 8 bytes, llsshr.o(.text))
<BR><BR>[Stack]<UL><LI>Max Depth = 8<LI>Call Chain = __aeabi_lasr
</UL>
<BR>[Called By]<UL><LI><a href="#[a8]">&gt;&gt;</a>&nbsp;&nbsp;&nbsp;__aeabi_dadd
</UL>

<P><STRONG><a name="[2bc]"></a>_ll_sshift_r</STRONG> (Thumb, 0 bytes, Stack size 8 bytes, llsshr.o(.text), UNUSED)

<P><STRONG><a name="[2bd]"></a>__I$use$fp</STRONG> (Thumb, 0 bytes, Stack size 8 bytes, iusefp.o(.text), UNUSED)

<P><STRONG><a name="[ac]"></a>_double_round</STRONG> (Thumb, 26 bytes, Stack size 8 bytes, depilogue.o(.text))
<BR><BR>[Stack]<UL><LI>Max Depth = 8<LI>Call Chain = _double_round
</UL>
<BR>[Called By]<UL><LI><a href="#[ab]">&gt;&gt;</a>&nbsp;&nbsp;&nbsp;_double_epilogue
<LI><a href="#[a8]">&gt;&gt;</a>&nbsp;&nbsp;&nbsp;__aeabi_dadd
<LI><a href="#[b0]">&gt;&gt;</a>&nbsp;&nbsp;&nbsp;__aeabi_ddiv
</UL>

<P><STRONG><a name="[ab]"></a>_double_epilogue</STRONG> (Thumb, 164 bytes, Stack size 48 bytes, depilogue.o(.text))
<BR><BR>[Stack]<UL><LI>Max Depth = 56<LI>Call Chain = _double_epilogue &rArr; __aeabi_llsr
</UL>
<BR>[Calls]<UL><LI><a href="#[b8]">&gt;&gt;</a>&nbsp;&nbsp;&nbsp;__ARM_clz
<LI><a href="#[b4]">&gt;&gt;</a>&nbsp;&nbsp;&nbsp;__aeabi_llsr
<LI><a href="#[a9]">&gt;&gt;</a>&nbsp;&nbsp;&nbsp;__aeabi_llsl
<LI><a href="#[ac]">&gt;&gt;</a>&nbsp;&nbsp;&nbsp;_double_round
</UL>
<BR>[Called By]<UL><LI><a href="#[af]">&gt;&gt;</a>&nbsp;&nbsp;&nbsp;__aeabi_dmul
<LI><a href="#[b1]">&gt;&gt;</a>&nbsp;&nbsp;&nbsp;__aeabi_i2d
<LI><a href="#[b2]">&gt;&gt;</a>&nbsp;&nbsp;&nbsp;__aeabi_ui2d
<LI><a href="#[a8]">&gt;&gt;</a>&nbsp;&nbsp;&nbsp;__aeabi_dadd
</UL>

<P><STRONG><a name="[2b0]"></a>__ARM_dcmp4</STRONG> (Thumb, 84 bytes, Stack size 12 bytes, dcmp4.o(.text))
<BR><BR>[Stack]<UL><LI>Max Depth = 12<LI>Call Chain = __ARM_dcmp4
</UL>
<BR>[Called By]<UL><LI><a href="#[26a]">&gt;&gt;</a>&nbsp;&nbsp;&nbsp;fmin
</UL>

<P><STRONG><a name="[2be]"></a>_dcmp4</STRONG> (Thumb, 0 bytes, Stack size 12 bytes, dcmp4.o(.text), UNUSED)

<P><STRONG><a name="[a2]"></a>__scatterload</STRONG> (Thumb, 28 bytes, Stack size 0 bytes, init.o(.text))
<BR><BR>[Calls]<UL><LI><a href="#[b9]">&gt;&gt;</a>&nbsp;&nbsp;&nbsp;__main_after_scatterload
</UL>
<BR>[Called By]<UL><LI><a href="#[a1]">&gt;&gt;</a>&nbsp;&nbsp;&nbsp;_main_scatterload
</UL>

<P><STRONG><a name="[2bf]"></a>__scatterload_rt2</STRONG> (Thumb, 0 bytes, Stack size 0 bytes, init.o(.text), UNUSED)

<P><STRONG><a name="[1b]"></a>ABN_Handler</STRONG> (Thumb, 188 bytes, Stack size 24 bytes, zr_abn.o(.text.ABN_Handler))
<BR><BR>[Stack]<UL><LI>Max Depth = 24<LI>Call Chain = ABN_Handler
</UL>
<BR>[Address Reference Count : 1]<UL><LI> startup_cmsdk_cm0.o(RESET)
</UL>
<P><STRONG><a name="[ba]"></a>ABN_Init</STRONG> (Thumb, 60 bytes, Stack size 16 bytes, zr_abn.o(.text.ABN_Init))
<BR><BR>[Stack]<UL><LI>Max Depth = 24<LI>Call Chain = ABN_Init &rArr; Nvic_Irq_Enable
</UL>
<BR>[Calls]<UL><LI><a href="#[be]">&gt;&gt;</a>&nbsp;&nbsp;&nbsp;Nvic_Irq_Enable
<LI><a href="#[bd]">&gt;&gt;</a>&nbsp;&nbsp;&nbsp;Rcc_Module_Rst_Release
<LI><a href="#[bb]">&gt;&gt;</a>&nbsp;&nbsp;&nbsp;Rcc_Module_Rst
<LI><a href="#[bc]">&gt;&gt;</a>&nbsp;&nbsp;&nbsp;Rcc_Module_Clk_Enable
</UL>
<BR>[Called By]<UL><LI><a href="#[145]">&gt;&gt;</a>&nbsp;&nbsp;&nbsp;Device_Init
</UL>

<P><STRONG><a name="[bf]"></a>ABN_Process</STRONG> (Thumb, 180 bytes, Stack size 16 bytes, zr_abn.o(.text.ABN_Process))
<BR><BR>[Stack]<UL><LI>Max Depth = 24<LI>Call Chain = ABN_Process &rArr; Device_Get_Port_State
</UL>
<BR>[Calls]<UL><LI><a href="#[c0]">&gt;&gt;</a>&nbsp;&nbsp;&nbsp;Device_Get_Port_State
</UL>
<BR>[Called By]<UL><LI><a href="#[14c]">&gt;&gt;</a>&nbsp;&nbsp;&nbsp;Device_Run
</UL>

<P><STRONG><a name="[11]"></a>ADC_Handler</STRONG> (Thumb, 224 bytes, Stack size 16 bytes, zr_adc.o(.text.ADC_Handler))
<BR><BR>[Stack]<UL><LI>Max Depth = 16<LI>Call Chain = ADC_Handler
</UL>
<BR>[Address Reference Count : 1]<UL><LI> startup_cmsdk_cm0.o(RESET)
</UL>
<P><STRONG><a name="[c1]"></a>ADC_Init</STRONG> (Thumb, 48 bytes, Stack size 16 bytes, zr_adc.o(.text.ADC_Init))
<BR><BR>[Stack]<UL><LI>Max Depth = 24<LI>Call Chain = ADC_Init &rArr; Nvic_Irq_Enable
</UL>
<BR>[Calls]<UL><LI><a href="#[be]">&gt;&gt;</a>&nbsp;&nbsp;&nbsp;Nvic_Irq_Enable
<LI><a href="#[bd]">&gt;&gt;</a>&nbsp;&nbsp;&nbsp;Rcc_Module_Rst_Release
<LI><a href="#[bb]">&gt;&gt;</a>&nbsp;&nbsp;&nbsp;Rcc_Module_Rst
<LI><a href="#[bc]">&gt;&gt;</a>&nbsp;&nbsp;&nbsp;Rcc_Module_Clk_Enable
</UL>
<BR>[Called By]<UL><LI><a href="#[145]">&gt;&gt;</a>&nbsp;&nbsp;&nbsp;Device_Init
</UL>

<P><STRONG><a name="[c2]"></a>AFC_Process</STRONG> (Thumb, 272 bytes, Stack size 24 bytes, zr_scp_app.o(.text.AFC_Process))
<BR><BR>[Stack]<UL><LI>Max Depth = 152<LI>Call Chain = AFC_Process &rArr; __aeabi_dmul &rArr; _double_epilogue &rArr; __aeabi_llsr
</UL>
<BR>[Calls]<UL><LI><a href="#[b3]">&gt;&gt;</a>&nbsp;&nbsp;&nbsp;__aeabi_d2iz
<LI><a href="#[af]">&gt;&gt;</a>&nbsp;&nbsp;&nbsp;__aeabi_dmul
<LI><a href="#[b2]">&gt;&gt;</a>&nbsp;&nbsp;&nbsp;__aeabi_ui2d
<LI><a href="#[b0]">&gt;&gt;</a>&nbsp;&nbsp;&nbsp;__aeabi_ddiv
<LI><a href="#[c3]">&gt;&gt;</a>&nbsp;&nbsp;&nbsp;SCP_FIFO_TX_Data
</UL>
<BR>[Called By]<UL><LI><a href="#[9d]">&gt;&gt;</a>&nbsp;&nbsp;&nbsp;PRO_AFC_Handler
</UL>

<P><STRONG><a name="[12c]"></a>AFC_Reset</STRONG> (Thumb, 24 bytes, Stack size 0 bytes, zr_scp_app.o(.text.AFC_Reset))
<BR><BR>[Called By]<UL><LI><a href="#[126]">&gt;&gt;</a>&nbsp;&nbsp;&nbsp;DPDM_Protocol_Reset
<LI><a href="#[9d]">&gt;&gt;</a>&nbsp;&nbsp;&nbsp;PRO_AFC_Handler
</UL>

<P><STRONG><a name="[18]"></a>ATM0_Handler</STRONG> (Thumb, 20 bytes, Stack size 8 bytes, iic_slave_drive_policy.o(.text.ATM0_Handler))
<BR><BR>[Stack]<UL><LI>Max Depth = 8<LI>Call Chain = ATM0_Handler
</UL>
<BR>[Calls]<UL><LI><a href="#[c4]">&gt;&gt;</a>&nbsp;&nbsp;&nbsp;Atm0_Clear_Int_Pending
</UL>
<BR>[Address Reference Count : 1]<UL><LI> startup_cmsdk_cm0.o(RESET)
</UL>
<P><STRONG><a name="[19]"></a>ATM1_Handler</STRONG> (Thumb, 24 bytes, Stack size 8 bytes, pd_pro.o(.text.ATM1_Handler))
<BR><BR>[Stack]<UL><LI>Max Depth = 8<LI>Call Chain = ATM1_Handler
</UL>
<BR>[Calls]<UL><LI><a href="#[c5]">&gt;&gt;</a>&nbsp;&nbsp;&nbsp;Atm_Clear_IT_Pending
</UL>
<BR>[Address Reference Count : 1]<UL><LI> startup_cmsdk_cm0.o(RESET)
</UL>
<P><STRONG><a name="[19f]"></a>Abn_Force_Ctrl</STRONG> (Thumb, 52 bytes, Stack size 0 bytes, zr_abn.o(.text.Abn_Force_Ctrl))
<BR><BR>[Called By]<UL><LI><a href="#[19b]">&gt;&gt;</a>&nbsp;&nbsp;&nbsp;Execute_Register76_Function
</UL>

<P><STRONG><a name="[181]"></a>Abn_Get_Config</STRONG> (Thumb, 8 bytes, Stack size 0 bytes, zr_abn.o(.text.Abn_Get_Config))
<BR><BR>[Called By]<UL><LI><a href="#[185]">&gt;&gt;</a>&nbsp;&nbsp;&nbsp;Execute_Register68_Function
<LI><a href="#[184]">&gt;&gt;</a>&nbsp;&nbsp;&nbsp;Execute_Register67_Function
<LI><a href="#[183]">&gt;&gt;</a>&nbsp;&nbsp;&nbsp;Execute_Register66_Function
<LI><a href="#[180]">&gt;&gt;</a>&nbsp;&nbsp;&nbsp;Execute_Register65_Function
</UL>

<P><STRONG><a name="[182]"></a>Abn_Set_Config</STRONG> (Thumb, 20 bytes, Stack size 0 bytes, zr_abn.o(.text.Abn_Set_Config))
<BR><BR>[Called By]<UL><LI><a href="#[185]">&gt;&gt;</a>&nbsp;&nbsp;&nbsp;Execute_Register68_Function
<LI><a href="#[184]">&gt;&gt;</a>&nbsp;&nbsp;&nbsp;Execute_Register67_Function
<LI><a href="#[183]">&gt;&gt;</a>&nbsp;&nbsp;&nbsp;Execute_Register66_Function
<LI><a href="#[180]">&gt;&gt;</a>&nbsp;&nbsp;&nbsp;Execute_Register65_Function
</UL>

<P><STRONG><a name="[1f2]"></a>Abnormal_Init_Hook_Func</STRONG> (Thumb, 8 bytes, Stack size 0 bytes, zr_abn.o(.text.Abnormal_Init_Hook_Func))
<BR><BR>[Called By]<UL><LI><a href="#[1ee]">&gt;&gt;</a>&nbsp;&nbsp;&nbsp;Init_CallBack
</UL>

<P><STRONG><a name="[3a]"></a>Abnormal_Occurred</STRONG> (Thumb, 52 bytes, Stack size 16 bytes, iic_slave_callback_policy.o(.text.Abnormal_Occurred))
<BR><BR>[Stack]<UL><LI>Max Depth = 28<LI>Call Chain = Abnormal_Occurred &rArr; Set_RegAddr_Data
</UL>
<BR>[Calls]<UL><LI><a href="#[c6]">&gt;&gt;</a>&nbsp;&nbsp;&nbsp;Set_RegAddr_Data
</UL>
<BR>[Address Reference Count : 1]<UL><LI> iic_slave_callback_policy.o(.text.Init_CallBack)
</UL>
<P><STRONG><a name="[3b]"></a>Abnormal_Release</STRONG> (Thumb, 8 bytes, Stack size 4 bytes, iic_slave_callback_policy.o(.text.Abnormal_Release))
<BR><BR>[Stack]<UL><LI>Max Depth = 4<LI>Call Chain = Abnormal_Release
</UL>
<BR>[Address Reference Count : 1]<UL><LI> iic_slave_callback_policy.o(.text.Init_CallBack)
</UL>
<P><STRONG><a name="[c7]"></a>Adc_Config_Init</STRONG> (Thumb, 54 bytes, Stack size 16 bytes, iic_slave_init_policy.o(.text.Adc_Config_Init))
<BR><BR>[Stack]<UL><LI>Max Depth = 44<LI>Call Chain = Adc_Config_Init &rArr; Adc_Get_Config
</UL>
<BR>[Calls]<UL><LI><a href="#[c9]">&gt;&gt;</a>&nbsp;&nbsp;&nbsp;Adc_Vin_Enable
<LI><a href="#[cc]">&gt;&gt;</a>&nbsp;&nbsp;&nbsp;Adc_Start_Adc_Channel
<LI><a href="#[cb]">&gt;&gt;</a>&nbsp;&nbsp;&nbsp;Adc_Set_Config
<LI><a href="#[ca]">&gt;&gt;</a>&nbsp;&nbsp;&nbsp;Adc_Get_Config
<LI><a href="#[c8]">&gt;&gt;</a>&nbsp;&nbsp;&nbsp;Adc_Enabled
</UL>
<BR>[Called By]<UL><LI><a href="#[1f5]">&gt;&gt;</a>&nbsp;&nbsp;&nbsp;Init_Config_Policy
</UL>

<P><STRONG><a name="[1aa]"></a>Adc_Die_Force_Close</STRONG> (Thumb, 20 bytes, Stack size 0 bytes, zr_adc.o(.text.Adc_Die_Force_Close))
<BR><BR>[Called By]<UL><LI><a href="#[1a7]">&gt;&gt;</a>&nbsp;&nbsp;&nbsp;Execute_Register78_Function
<LI><a href="#[1f5]">&gt;&gt;</a>&nbsp;&nbsp;&nbsp;Init_Config_Policy
</UL>

<P><STRONG><a name="[1c6]"></a>Adc_Die_Get</STRONG> (Thumb, 12 bytes, Stack size 0 bytes, zr_adc.o(.text.Adc_Die_Get))
<BR><BR>[Called By]<UL><LI><a href="#[1c5]">&gt;&gt;</a>&nbsp;&nbsp;&nbsp;Execute_Register9A_And_Register9B_Function
<LI><a href="#[2a8]">&gt;&gt;</a>&nbsp;&nbsp;&nbsp;pd_message_construct
<LI><a href="#[28b]">&gt;&gt;</a>&nbsp;&nbsp;&nbsp;ufcs_pro
</UL>

<P><STRONG><a name="[25a]"></a>Adc_Die_Is_Force_Closed</STRONG> (Thumb, 8 bytes, Stack size 0 bytes, zr_adc.o(.text.Adc_Die_Is_Force_Closed))
<BR><BR>[Called By]<UL><LI><a href="#[4e]">&gt;&gt;</a>&nbsp;&nbsp;&nbsp;Sub_Buck_Sok_Handler
</UL>

<P><STRONG><a name="[1a8]"></a>Adc_Disabled</STRONG> (Thumb, 12 bytes, Stack size 0 bytes, zr_adc.o(.text.Adc_Disabled))
<BR><BR>[Called By]<UL><LI><a href="#[1a7]">&gt;&gt;</a>&nbsp;&nbsp;&nbsp;Execute_Register78_Function
<LI><a href="#[1e7]">&gt;&gt;</a>&nbsp;&nbsp;&nbsp;IICSlave_Address_Init
</UL>

<P><STRONG><a name="[c8]"></a>Adc_Enabled</STRONG> (Thumb, 12 bytes, Stack size 0 bytes, zr_adc.o(.text.Adc_Enabled))
<BR><BR>[Called By]<UL><LI><a href="#[1a7]">&gt;&gt;</a>&nbsp;&nbsp;&nbsp;Execute_Register78_Function
<LI><a href="#[c7]">&gt;&gt;</a>&nbsp;&nbsp;&nbsp;Adc_Config_Init
</UL>

<P><STRONG><a name="[cd]"></a>Adc_Get_Channel_Data</STRONG> (Thumb, 84 bytes, Stack size 8 bytes, zr_adc.o(.text.Adc_Get_Channel_Data))
<BR><BR>[Stack]<UL><LI>Max Depth = 136<LI>Call Chain = Adc_Get_Channel_Data &rArr; __aeabi_dmul &rArr; _double_epilogue &rArr; __aeabi_llsr
</UL>
<BR>[Calls]<UL><LI><a href="#[b3]">&gt;&gt;</a>&nbsp;&nbsp;&nbsp;__aeabi_d2iz
<LI><a href="#[af]">&gt;&gt;</a>&nbsp;&nbsp;&nbsp;__aeabi_dmul
<LI><a href="#[b1]">&gt;&gt;</a>&nbsp;&nbsp;&nbsp;__aeabi_i2d
</UL>
<BR>[Called By]<UL><LI><a href="#[1e7]">&gt;&gt;</a>&nbsp;&nbsp;&nbsp;IICSlave_Address_Init
</UL>

<P><STRONG><a name="[ca]"></a>Adc_Get_Config</STRONG> (Thumb, 176 bytes, Stack size 28 bytes, zr_adc.o(.text.Adc_Get_Config))
<BR><BR>[Stack]<UL><LI>Max Depth = 28<LI>Call Chain = Adc_Get_Config
</UL>
<BR>[Called By]<UL><LI><a href="#[c7]">&gt;&gt;</a>&nbsp;&nbsp;&nbsp;Adc_Config_Init
</UL>

<P><STRONG><a name="[128]"></a>Adc_Iout_Get</STRONG> (Thumb, 32 bytes, Stack size 0 bytes, zr_adc.o(.text.Adc_Iout_Get))
<BR><BR>[Called By]<UL><LI><a href="#[1c2]">&gt;&gt;</a>&nbsp;&nbsp;&nbsp;Execute_Register96_And_Register97_Function
<LI><a href="#[1c1]">&gt;&gt;</a>&nbsp;&nbsp;&nbsp;Execute_Register94_And_Register95_Function
<LI><a href="#[2a8]">&gt;&gt;</a>&nbsp;&nbsp;&nbsp;pd_message_construct
<LI><a href="#[123]">&gt;&gt;</a>&nbsp;&nbsp;&nbsp;DPDM_Protocol_Process
<LI><a href="#[28b]">&gt;&gt;</a>&nbsp;&nbsp;&nbsp;ufcs_pro
</UL>

<P><STRONG><a name="[cb]"></a>Adc_Set_Config</STRONG> (Thumb, 188 bytes, Stack size 16 bytes, zr_adc.o(.text.Adc_Set_Config))
<BR><BR>[Stack]<UL><LI>Max Depth = 16<LI>Call Chain = Adc_Set_Config
</UL>
<BR>[Called By]<UL><LI><a href="#[c7]">&gt;&gt;</a>&nbsp;&nbsp;&nbsp;Adc_Config_Init
</UL>

<P><STRONG><a name="[cc]"></a>Adc_Start_Adc_Channel</STRONG> (Thumb, 24 bytes, Stack size 0 bytes, zr_adc.o(.text.Adc_Start_Adc_Channel))
<BR><BR>[Called By]<UL><LI><a href="#[c7]">&gt;&gt;</a>&nbsp;&nbsp;&nbsp;Adc_Config_Init
</UL>

<P><STRONG><a name="[1e9]"></a>Adc_Stop_Adc_Channel</STRONG> (Thumb, 24 bytes, Stack size 0 bytes, zr_adc.o(.text.Adc_Stop_Adc_Channel))
<BR><BR>[Called By]<UL><LI><a href="#[1e7]">&gt;&gt;</a>&nbsp;&nbsp;&nbsp;IICSlave_Address_Init
</UL>

<P><STRONG><a name="[1a9]"></a>Adc_Vin_Disable</STRONG> (Thumb, 12 bytes, Stack size 0 bytes, zr_adc.o(.text.Adc_Vin_Disable))
<BR><BR>[Called By]<UL><LI><a href="#[1a7]">&gt;&gt;</a>&nbsp;&nbsp;&nbsp;Execute_Register78_Function
<LI><a href="#[1e7]">&gt;&gt;</a>&nbsp;&nbsp;&nbsp;IICSlave_Address_Init
</UL>

<P><STRONG><a name="[c9]"></a>Adc_Vin_Enable</STRONG> (Thumb, 12 bytes, Stack size 0 bytes, zr_adc.o(.text.Adc_Vin_Enable))
<BR><BR>[Called By]<UL><LI><a href="#[1a7]">&gt;&gt;</a>&nbsp;&nbsp;&nbsp;Execute_Register78_Function
<LI><a href="#[c7]">&gt;&gt;</a>&nbsp;&nbsp;&nbsp;Adc_Config_Init
</UL>

<P><STRONG><a name="[1c4]"></a>Adc_Vin_Get</STRONG> (Thumb, 16 bytes, Stack size 0 bytes, zr_adc.o(.text.Adc_Vin_Get))
<BR><BR>[Called By]<UL><LI><a href="#[1c3]">&gt;&gt;</a>&nbsp;&nbsp;&nbsp;Execute_Register98_And_Register99_Function
<LI><a href="#[1e7]">&gt;&gt;</a>&nbsp;&nbsp;&nbsp;IICSlave_Address_Init
</UL>

<P><STRONG><a name="[127]"></a>Adc_Vout_Get</STRONG> (Thumb, 24 bytes, Stack size 0 bytes, zr_adc.o(.text.Adc_Vout_Get))
<BR><BR>[Called By]<UL><LI><a href="#[1c0]">&gt;&gt;</a>&nbsp;&nbsp;&nbsp;Execute_Register92_And_Register93_Function
<LI><a href="#[2a8]">&gt;&gt;</a>&nbsp;&nbsp;&nbsp;pd_message_construct
<LI><a href="#[79]">&gt;&gt;</a>&nbsp;&nbsp;&nbsp;pd_app_to_default
<LI><a href="#[150]">&gt;&gt;</a>&nbsp;&nbsp;&nbsp;PD_Process
<LI><a href="#[123]">&gt;&gt;</a>&nbsp;&nbsp;&nbsp;DPDM_Protocol_Process
<LI><a href="#[28b]">&gt;&gt;</a>&nbsp;&nbsp;&nbsp;ufcs_pro
<LI><a href="#[97]">&gt;&gt;</a>&nbsp;&nbsp;&nbsp;ufcs_app_linereset_recover
</UL>

<P><STRONG><a name="[1f7]"></a>Anker_Init_SqQueue</STRONG> (Thumb, 24 bytes, Stack size 4 bytes, iic_slave_global_variables_policy.o(.text.Anker_Init_SqQueue))
<BR><BR>[Stack]<UL><LI>Max Depth = 4<LI>Call Chain = Anker_Init_SqQueue
</UL>
<BR>[Called By]<UL><LI><a href="#[1f5]">&gt;&gt;</a>&nbsp;&nbsp;&nbsp;Init_Config_Policy
</UL>

<P><STRONG><a name="[ce]"></a>Anker_Product_Test_Policy</STRONG> (Thumb, 268 bytes, Stack size 16 bytes, anker_policy.o(.text.Anker_Product_Test_Policy))
<BR><BR>[Stack]<UL><LI>Max Depth = 120<LI>Call Chain = Anker_Product_Test_Policy &rArr; Anker_Response_UVDM &rArr; PD_Send_Message_Data &rArr; Pd_Tx_Message &rArr; pd_start_send_msg
</UL>
<BR>[Calls]<UL><LI><a href="#[d7]">&gt;&gt;</a>&nbsp;&nbsp;&nbsp;PD_Send_Not_Suppertd
<LI><a href="#[d1]">&gt;&gt;</a>&nbsp;&nbsp;&nbsp;Anker_Uart_Rec_Check
<LI><a href="#[cf]">&gt;&gt;</a>&nbsp;&nbsp;&nbsp;Anker_Uart_Enable
<LI><a href="#[d3]">&gt;&gt;</a>&nbsp;&nbsp;&nbsp;Anker_Uart_Disable
<LI><a href="#[d2]">&gt;&gt;</a>&nbsp;&nbsp;&nbsp;Anker_Response_UVDM
<LI><a href="#[d6]">&gt;&gt;</a>&nbsp;&nbsp;&nbsp;My_GetSystemTimePass
<LI><a href="#[d5]">&gt;&gt;</a>&nbsp;&nbsp;&nbsp;My_GetSystemTimeMark
<LI><a href="#[d4]">&gt;&gt;</a>&nbsp;&nbsp;&nbsp;Low_Power_Not_Sleep
<LI><a href="#[d0]">&gt;&gt;</a>&nbsp;&nbsp;&nbsp;Uart_TX_Byte
</UL>
<BR>[Called By]<UL><LI><a href="#[1fb]">&gt;&gt;</a>&nbsp;&nbsp;&nbsp;Main_Policy
</UL>

<P><STRONG><a name="[da]"></a>Anker_UVDM_Decode</STRONG> (Thumb, 292 bytes, Stack size 64 bytes, anker_policy.o(.text.Anker_UVDM_Decode))
<BR><BR>[Stack]<UL><LI>Max Depth = 76<LI>Call Chain = Anker_UVDM_Decode &rArr; My_Memory_Byte_Copy
</UL>
<BR>[Calls]<UL><LI><a href="#[d8]">&gt;&gt;</a>&nbsp;&nbsp;&nbsp;Transition_Bytes_Bit32
<LI><a href="#[dd]">&gt;&gt;</a>&nbsp;&nbsp;&nbsp;Transition_Bytes_Bit16
<LI><a href="#[dc]">&gt;&gt;</a>&nbsp;&nbsp;&nbsp;My_Memory_Byte_Copy
<LI><a href="#[db]">&gt;&gt;</a>&nbsp;&nbsp;&nbsp;Pd_Get_Rx_Buff_Start_Address
</UL>
<BR>[Called By]<UL><LI><a href="#[3f]">&gt;&gt;</a>&nbsp;&nbsp;&nbsp;User_Pd_Policy_Hook
</UL>

<P><STRONG><a name="[d3]"></a>Anker_Uart_Disable</STRONG> (Thumb, 34 bytes, Stack size 8 bytes, anker_policy.o(.text.Anker_Uart_Disable))
<BR><BR>[Stack]<UL><LI>Max Depth = 16<LI>Call Chain = Anker_Uart_Disable &rArr; Uart_Deinit
</UL>
<BR>[Calls]<UL><LI><a href="#[e0]">&gt;&gt;</a>&nbsp;&nbsp;&nbsp;Uart_TX_Disable
<LI><a href="#[e1]">&gt;&gt;</a>&nbsp;&nbsp;&nbsp;Uart_RX_Disable
<LI><a href="#[e2]">&gt;&gt;</a>&nbsp;&nbsp;&nbsp;Uart_Interrupt_Disable
<LI><a href="#[df]">&gt;&gt;</a>&nbsp;&nbsp;&nbsp;Uart_Deinit
<LI><a href="#[e3]">&gt;&gt;</a>&nbsp;&nbsp;&nbsp;Uart_Clear_Pending
<LI><a href="#[de]">&gt;&gt;</a>&nbsp;&nbsp;&nbsp;Rcc_Module_Clk_Disable
</UL>
<BR>[Called By]<UL><LI><a href="#[ce]">&gt;&gt;</a>&nbsp;&nbsp;&nbsp;Anker_Product_Test_Policy
</UL>

<P><STRONG><a name="[cf]"></a>Anker_Uart_Enable</STRONG> (Thumb, 102 bytes, Stack size 24 bytes, anker_policy.o(.text.Anker_Uart_Enable))
<BR><BR>[Stack]<UL><LI>Max Depth = 48<LI>Call Chain = Anker_Uart_Enable &rArr; Uart_Baudrate_Cfg &rArr; __aeabi_uidiv
</UL>
<BR>[Calls]<UL><LI><a href="#[e8]">&gt;&gt;</a>&nbsp;&nbsp;&nbsp;Uart_RX_Enable
<LI><a href="#[e5]">&gt;&gt;</a>&nbsp;&nbsp;&nbsp;Uart_Mode_Cfg
<LI><a href="#[e9]">&gt;&gt;</a>&nbsp;&nbsp;&nbsp;Uart_Interrupt_Enable
<LI><a href="#[e3]">&gt;&gt;</a>&nbsp;&nbsp;&nbsp;Uart_Clear_Pending
<LI><a href="#[be]">&gt;&gt;</a>&nbsp;&nbsp;&nbsp;Nvic_Irq_Enable
<LI><a href="#[e7]">&gt;&gt;</a>&nbsp;&nbsp;&nbsp;Uart_TX_Enable
<LI><a href="#[e6]">&gt;&gt;</a>&nbsp;&nbsp;&nbsp;Uart_Baudrate_Cfg
<LI><a href="#[bd]">&gt;&gt;</a>&nbsp;&nbsp;&nbsp;Rcc_Module_Rst_Release
<LI><a href="#[bb]">&gt;&gt;</a>&nbsp;&nbsp;&nbsp;Rcc_Module_Rst
<LI><a href="#[bc]">&gt;&gt;</a>&nbsp;&nbsp;&nbsp;Rcc_Module_Clk_Enable
<LI><a href="#[e4]">&gt;&gt;</a>&nbsp;&nbsp;&nbsp;Gpio_Function_Select
</UL>
<BR>[Called By]<UL><LI><a href="#[ce]">&gt;&gt;</a>&nbsp;&nbsp;&nbsp;Anker_Product_Test_Policy
</UL>

<P><STRONG><a name="[d1]"></a>Anker_Uart_Rec_Check</STRONG> (Thumb, 112 bytes, Stack size 16 bytes, anker_policy.o(.text.Anker_Uart_Rec_Check))
<BR><BR>[Stack]<UL><LI>Max Depth = 24<LI>Call Chain = Anker_Uart_Rec_Check &rArr; Transition_Bytes_Bit16
</UL>
<BR>[Calls]<UL><LI><a href="#[dd]">&gt;&gt;</a>&nbsp;&nbsp;&nbsp;Transition_Bytes_Bit16
</UL>
<BR>[Called By]<UL><LI><a href="#[ce]">&gt;&gt;</a>&nbsp;&nbsp;&nbsp;Anker_Product_Test_Policy
</UL>

<P><STRONG><a name="[c4]"></a>Atm0_Clear_Int_Pending</STRONG> (Thumb, 8 bytes, Stack size 0 bytes, zr_atm.o(.text.Atm0_Clear_Int_Pending))
<BR><BR>[Called By]<UL><LI><a href="#[18]">&gt;&gt;</a>&nbsp;&nbsp;&nbsp;ATM0_Handler
</UL>

<P><STRONG><a name="[ea]"></a>Atm0_Config_Init</STRONG> (Thumb, 44 bytes, Stack size 16 bytes, iic_slave_init_policy.o(.text.Atm0_Config_Init))
<BR><BR>[Stack]<UL><LI>Max Depth = 24<LI>Call Chain = Atm0_Config_Init &rArr; Nvic_Irq_Enable
</UL>
<BR>[Calls]<UL><LI><a href="#[be]">&gt;&gt;</a>&nbsp;&nbsp;&nbsp;Nvic_Irq_Enable
<LI><a href="#[eb]">&gt;&gt;</a>&nbsp;&nbsp;&nbsp;Atm0_Set_Reload_Value
<LI><a href="#[ec]">&gt;&gt;</a>&nbsp;&nbsp;&nbsp;Atm0_Int_Enable
<LI><a href="#[ed]">&gt;&gt;</a>&nbsp;&nbsp;&nbsp;Atm0_Enable
<LI><a href="#[bd]">&gt;&gt;</a>&nbsp;&nbsp;&nbsp;Rcc_Module_Rst_Release
<LI><a href="#[bc]">&gt;&gt;</a>&nbsp;&nbsp;&nbsp;Rcc_Module_Clk_Enable
</UL>
<BR>[Called By]<UL><LI><a href="#[1f5]">&gt;&gt;</a>&nbsp;&nbsp;&nbsp;Init_Config_Policy
</UL>

<P><STRONG><a name="[ed]"></a>Atm0_Enable</STRONG> (Thumb, 12 bytes, Stack size 0 bytes, zr_atm.o(.text.Atm0_Enable))
<BR><BR>[Called By]<UL><LI><a href="#[ea]">&gt;&gt;</a>&nbsp;&nbsp;&nbsp;Atm0_Config_Init
</UL>

<P><STRONG><a name="[ec]"></a>Atm0_Int_Enable</STRONG> (Thumb, 14 bytes, Stack size 0 bytes, zr_atm.o(.text.Atm0_Int_Enable))
<BR><BR>[Called By]<UL><LI><a href="#[ea]">&gt;&gt;</a>&nbsp;&nbsp;&nbsp;Atm0_Config_Init
</UL>

<P><STRONG><a name="[eb]"></a>Atm0_Set_Reload_Value</STRONG> (Thumb, 12 bytes, Stack size 0 bytes, zr_atm.o(.text.Atm0_Set_Reload_Value))
<BR><BR>[Called By]<UL><LI><a href="#[ea]">&gt;&gt;</a>&nbsp;&nbsp;&nbsp;Atm0_Config_Init
</UL>

<P><STRONG><a name="[c5]"></a>Atm_Clear_IT_Pending</STRONG> (Thumb, 6 bytes, Stack size 0 bytes, zr_atm.o(.text.Atm_Clear_IT_Pending))
<BR><BR>[Called By]<UL><LI><a href="#[19]">&gt;&gt;</a>&nbsp;&nbsp;&nbsp;ATM1_Handler
</UL>

<P><STRONG><a name="[277]"></a>Atm_Disable</STRONG> (Thumb, 10 bytes, Stack size 0 bytes, zr_atm.o(.text.Atm_Disable))
<BR><BR>[Called By]<UL><LI><a href="#[278]">&gt;&gt;</a>&nbsp;&nbsp;&nbsp;Timer_1MS_Init
<LI><a href="#[1cc]">&gt;&gt;</a>&nbsp;&nbsp;&nbsp;TimeSub
<LI><a href="#[6f]">&gt;&gt;</a>&nbsp;&nbsp;&nbsp;pd_app_startup
<LI><a href="#[6c]">&gt;&gt;</a>&nbsp;&nbsp;&nbsp;pd_app_enter
</UL>

<P><STRONG><a name="[1ca]"></a>Atm_Enable</STRONG> (Thumb, 10 bytes, Stack size 0 bytes, zr_atm.o(.text.Atm_Enable))
<BR><BR>[Called By]<UL><LI><a href="#[1c9]">&gt;&gt;</a>&nbsp;&nbsp;&nbsp;GetSystemTimeMark
</UL>

<P><STRONG><a name="[279]"></a>Atm_Init</STRONG> (Thumb, 42 bytes, Stack size 8 bytes, zr_atm.o(.text.Atm_Init))
<BR><BR>[Stack]<UL><LI>Max Depth = 8<LI>Call Chain = Atm_Init
</UL>
<BR>[Called By]<UL><LI><a href="#[278]">&gt;&gt;</a>&nbsp;&nbsp;&nbsp;Timer_1MS_Init
</UL>

<P><STRONG><a name="[27a]"></a>Atm_Int_Enable</STRONG> (Thumb, 10 bytes, Stack size 0 bytes, zr_atm.o(.text.Atm_Int_Enable))
<BR><BR>[Called By]<UL><LI><a href="#[278]">&gt;&gt;</a>&nbsp;&nbsp;&nbsp;Timer_1MS_Init
</UL>

<P><STRONG><a name="[13]"></a>BTM0_Handler</STRONG> (Thumb, 44 bytes, Stack size 16 bytes, zr_plug.o(.text.BTM0_Handler))
<BR><BR>[Stack]<UL><LI>Max Depth = 24<LI>Call Chain = BTM0_Handler &rArr; Scan_VatTimer_Stop
</UL>
<BR>[Calls]<UL><LI><a href="#[f0]">&gt;&gt;</a>&nbsp;&nbsp;&nbsp;BTM_Pending_Clear
<LI><a href="#[ef]">&gt;&gt;</a>&nbsp;&nbsp;&nbsp;Scan_VatTimer_Stop
<LI><a href="#[ee]">&gt;&gt;</a>&nbsp;&nbsp;&nbsp;BTM_Get_Int_Pending
</UL>
<BR>[Address Reference Count : 1]<UL><LI> startup_cmsdk_cm0.o(RESET)
</UL>
<P><STRONG><a name="[257]"></a>BTM0_Set_Reload_Value</STRONG> (Thumb, 12 bytes, Stack size 0 bytes, zr_btm.o(.text.BTM0_Set_Reload_Value))
<BR><BR>[Called By]<UL><LI><a href="#[1ed]">&gt;&gt;</a>&nbsp;&nbsp;&nbsp;Scan_VatTimer_Start
</UL>

<P><STRONG><a name="[14]"></a>BTM1_Handler</STRONG> (Thumb, 56 bytes, Stack size 8 bytes, zr_dpdm.o(.text.BTM1_Handler))
<BR><BR>[Stack]<UL><LI>Max Depth = 8<LI>Call Chain = BTM1_Handler
</UL>
<BR>[Calls]<UL><LI><a href="#[f0]">&gt;&gt;</a>&nbsp;&nbsp;&nbsp;BTM_Pending_Clear
<LI><a href="#[ee]">&gt;&gt;</a>&nbsp;&nbsp;&nbsp;BTM_Get_Int_Pending
</UL>
<BR>[Address Reference Count : 1]<UL><LI> startup_cmsdk_cm0.o(RESET)
</UL>
<P><STRONG><a name="[23b]"></a>BTM1_Set_Reload_Value</STRONG> (Thumb, 12 bytes, Stack size 0 bytes, zr_btm.o(.text.BTM1_Set_Reload_Value))
<BR><BR>[Called By]<UL><LI><a href="#[229]">&gt;&gt;</a>&nbsp;&nbsp;&nbsp;VOOC_WDT_Control
<LI><a href="#[21a]">&gt;&gt;</a>&nbsp;&nbsp;&nbsp;SCP_HWP_Timer_Control
<LI><a href="#[265]">&gt;&gt;</a>&nbsp;&nbsp;&nbsp;TFCP_WDT_Set
</UL>

<P><STRONG><a name="[15]"></a>BTM2_Handler</STRONG> (Thumb, 32 bytes, Stack size 8 bytes, pd_pro.o(.text.BTM2_Handler))
<BR><BR>[Stack]<UL><LI>Max Depth = 8<LI>Call Chain = BTM2_Handler
</UL>
<BR>[Calls]<UL><LI><a href="#[f0]">&gt;&gt;</a>&nbsp;&nbsp;&nbsp;BTM_Pending_Clear
<LI><a href="#[f1]">&gt;&gt;</a>&nbsp;&nbsp;&nbsp;BTM_Disable
</UL>
<BR>[Address Reference Count : 1]<UL><LI> startup_cmsdk_cm0.o(RESET)
</UL>
<P><STRONG><a name="[f5]"></a>BTM2_Set_Reload_Value</STRONG> (Thumb, 12 bytes, Stack size 0 bytes, zr_btm.o(.text.BTM2_Set_Reload_Value))
<BR><BR>[Called By]<UL><LI><a href="#[f4]">&gt;&gt;</a>&nbsp;&nbsp;&nbsp;BTM_MS_Init
</UL>

<P><STRONG><a name="[16]"></a>BTM3_Handler</STRONG> (Thumb, 56 bytes, Stack size 8 bytes, zr_dpdm.o(.text.BTM3_Handler))
<BR><BR>[Stack]<UL><LI>Max Depth = 8<LI>Call Chain = BTM3_Handler
</UL>
<BR>[Calls]<UL><LI><a href="#[f0]">&gt;&gt;</a>&nbsp;&nbsp;&nbsp;BTM_Pending_Clear
<LI><a href="#[ee]">&gt;&gt;</a>&nbsp;&nbsp;&nbsp;BTM_Get_Int_Pending
</UL>
<BR>[Address Reference Count : 1]<UL><LI> startup_cmsdk_cm0.o(RESET)
</UL>
<P><STRONG><a name="[121]"></a>BTM3_Set_Reload_Value</STRONG> (Thumb, 12 bytes, Stack size 0 bytes, zr_btm.o(.text.BTM3_Set_Reload_Value))
<BR><BR>[Called By]<UL><LI><a href="#[13b]">&gt;&gt;</a>&nbsp;&nbsp;&nbsp;VOOC_Public_Timer_Control
<LI><a href="#[120]">&gt;&gt;</a>&nbsp;&nbsp;&nbsp;DPDM_Pro_Public_Timer_Control
</UL>

<P><STRONG><a name="[f1]"></a>BTM_Disable</STRONG> (Thumb, 12 bytes, Stack size 0 bytes, zr_btm.o(.text.BTM_Disable))
<BR><BR>[Called By]<UL><LI><a href="#[15]">&gt;&gt;</a>&nbsp;&nbsp;&nbsp;BTM2_Handler
<LI><a href="#[f3]">&gt;&gt;</a>&nbsp;&nbsp;&nbsp;BTM_MS_Close
<LI><a href="#[13b]">&gt;&gt;</a>&nbsp;&nbsp;&nbsp;VOOC_Public_Timer_Control
<LI><a href="#[229]">&gt;&gt;</a>&nbsp;&nbsp;&nbsp;VOOC_WDT_Control
<LI><a href="#[120]">&gt;&gt;</a>&nbsp;&nbsp;&nbsp;DPDM_Pro_Public_Timer_Control
<LI><a href="#[21a]">&gt;&gt;</a>&nbsp;&nbsp;&nbsp;SCP_HWP_Timer_Control
<LI><a href="#[1ed]">&gt;&gt;</a>&nbsp;&nbsp;&nbsp;Scan_VatTimer_Start
<LI><a href="#[ef]">&gt;&gt;</a>&nbsp;&nbsp;&nbsp;Scan_VatTimer_Stop
</UL>

<P><STRONG><a name="[f8]"></a>BTM_Enable</STRONG> (Thumb, 12 bytes, Stack size 0 bytes, zr_btm.o(.text.BTM_Enable))
<BR><BR>[Called By]<UL><LI><a href="#[f4]">&gt;&gt;</a>&nbsp;&nbsp;&nbsp;BTM_MS_Init
<LI><a href="#[13b]">&gt;&gt;</a>&nbsp;&nbsp;&nbsp;VOOC_Public_Timer_Control
<LI><a href="#[229]">&gt;&gt;</a>&nbsp;&nbsp;&nbsp;VOOC_WDT_Control
<LI><a href="#[120]">&gt;&gt;</a>&nbsp;&nbsp;&nbsp;DPDM_Pro_Public_Timer_Control
<LI><a href="#[21a]">&gt;&gt;</a>&nbsp;&nbsp;&nbsp;SCP_HWP_Timer_Control
<LI><a href="#[1ed]">&gt;&gt;</a>&nbsp;&nbsp;&nbsp;Scan_VatTimer_Start
</UL>

<P><STRONG><a name="[ee]"></a>BTM_Get_Int_Pending</STRONG> (Thumb, 12 bytes, Stack size 0 bytes, zr_btm.o(.text.BTM_Get_Int_Pending))
<BR><BR>[Called By]<UL><LI><a href="#[13]">&gt;&gt;</a>&nbsp;&nbsp;&nbsp;BTM0_Handler
<LI><a href="#[16]">&gt;&gt;</a>&nbsp;&nbsp;&nbsp;BTM3_Handler
<LI><a href="#[14]">&gt;&gt;</a>&nbsp;&nbsp;&nbsp;BTM1_Handler
</UL>

<P><STRONG><a name="[f2]"></a>BTM_Init</STRONG> (Thumb, 24 bytes, Stack size 8 bytes, btm.o(.text.BTM_Init))
<BR><BR>[Stack]<UL><LI>Max Depth = 8<LI>Call Chain = BTM_Init
</UL>
<BR>[Calls]<UL><LI><a href="#[bd]">&gt;&gt;</a>&nbsp;&nbsp;&nbsp;Rcc_Module_Rst_Release
<LI><a href="#[bb]">&gt;&gt;</a>&nbsp;&nbsp;&nbsp;Rcc_Module_Rst
<LI><a href="#[bc]">&gt;&gt;</a>&nbsp;&nbsp;&nbsp;Rcc_Module_Clk_Enable
</UL>
<BR>[Called By]<UL><LI><a href="#[145]">&gt;&gt;</a>&nbsp;&nbsp;&nbsp;Device_Init
</UL>

<P><STRONG><a name="[258]"></a>BTM_Int_Disable</STRONG> (Thumb, 12 bytes, Stack size 0 bytes, zr_btm.o(.text.BTM_Int_Disable))
<BR><BR>[Called By]<UL><LI><a href="#[ef]">&gt;&gt;</a>&nbsp;&nbsp;&nbsp;Scan_VatTimer_Stop
</UL>

<P><STRONG><a name="[f7]"></a>BTM_Int_Enable</STRONG> (Thumb, 12 bytes, Stack size 0 bytes, zr_btm.o(.text.BTM_Int_Enable))
<BR><BR>[Called By]<UL><LI><a href="#[f4]">&gt;&gt;</a>&nbsp;&nbsp;&nbsp;BTM_MS_Init
<LI><a href="#[13b]">&gt;&gt;</a>&nbsp;&nbsp;&nbsp;VOOC_Public_Timer_Control
<LI><a href="#[229]">&gt;&gt;</a>&nbsp;&nbsp;&nbsp;VOOC_WDT_Control
<LI><a href="#[120]">&gt;&gt;</a>&nbsp;&nbsp;&nbsp;DPDM_Pro_Public_Timer_Control
<LI><a href="#[21a]">&gt;&gt;</a>&nbsp;&nbsp;&nbsp;SCP_HWP_Timer_Control
<LI><a href="#[1ed]">&gt;&gt;</a>&nbsp;&nbsp;&nbsp;Scan_VatTimer_Start
</UL>

<P><STRONG><a name="[f3]"></a>BTM_MS_Close</STRONG> (Thumb, 20 bytes, Stack size 8 bytes, pd_pro.o(.text.BTM_MS_Close))
<BR><BR>[Stack]<UL><LI>Max Depth = 8<LI>Call Chain = BTM_MS_Close
</UL>
<BR>[Calls]<UL><LI><a href="#[f1]">&gt;&gt;</a>&nbsp;&nbsp;&nbsp;BTM_Disable
</UL>
<BR>[Called By]<UL><LI><a href="#[73]">&gt;&gt;</a>&nbsp;&nbsp;&nbsp;pd_app_wait_nego
<LI><a href="#[6d]">&gt;&gt;</a>&nbsp;&nbsp;&nbsp;pd_app_src_ready
<LI><a href="#[6c]">&gt;&gt;</a>&nbsp;&nbsp;&nbsp;pd_app_enter
</UL>

<P><STRONG><a name="[f4]"></a>BTM_MS_Init</STRONG> (Thumb, 56 bytes, Stack size 8 bytes, pd_pro.o(.text.BTM_MS_Init))
<BR><BR>[Stack]<UL><LI>Max Depth = 16<LI>Call Chain = BTM_MS_Init &rArr; Nvic_Irq_Enable
</UL>
<BR>[Calls]<UL><LI><a href="#[be]">&gt;&gt;</a>&nbsp;&nbsp;&nbsp;Nvic_Irq_Enable
<LI><a href="#[bc]">&gt;&gt;</a>&nbsp;&nbsp;&nbsp;Rcc_Module_Clk_Enable
<LI><a href="#[f8]">&gt;&gt;</a>&nbsp;&nbsp;&nbsp;BTM_Enable
<LI><a href="#[f7]">&gt;&gt;</a>&nbsp;&nbsp;&nbsp;BTM_Int_Enable
<LI><a href="#[f5]">&gt;&gt;</a>&nbsp;&nbsp;&nbsp;BTM2_Set_Reload_Value
<LI><a href="#[f6]">&gt;&gt;</a>&nbsp;&nbsp;&nbsp;Nvic_Clear_Irq_Pending
</UL>
<BR>[Called By]<UL><LI><a href="#[78]">&gt;&gt;</a>&nbsp;&nbsp;&nbsp;pd_app_hard_reset_tx
<LI><a href="#[77]">&gt;&gt;</a>&nbsp;&nbsp;&nbsp;pd_app_hard_reset_rx
<LI><a href="#[6d]">&gt;&gt;</a>&nbsp;&nbsp;&nbsp;pd_app_src_ready
</UL>

<P><STRONG><a name="[f0]"></a>BTM_Pending_Clear</STRONG> (Thumb, 8 bytes, Stack size 0 bytes, zr_btm.o(.text.BTM_Pending_Clear))
<BR><BR>[Called By]<UL><LI><a href="#[15]">&gt;&gt;</a>&nbsp;&nbsp;&nbsp;BTM2_Handler
<LI><a href="#[13b]">&gt;&gt;</a>&nbsp;&nbsp;&nbsp;VOOC_Public_Timer_Control
<LI><a href="#[229]">&gt;&gt;</a>&nbsp;&nbsp;&nbsp;VOOC_WDT_Control
<LI><a href="#[120]">&gt;&gt;</a>&nbsp;&nbsp;&nbsp;DPDM_Pro_Public_Timer_Control
<LI><a href="#[21a]">&gt;&gt;</a>&nbsp;&nbsp;&nbsp;SCP_HWP_Timer_Control
<LI><a href="#[13]">&gt;&gt;</a>&nbsp;&nbsp;&nbsp;BTM0_Handler
<LI><a href="#[1ed]">&gt;&gt;</a>&nbsp;&nbsp;&nbsp;Scan_VatTimer_Start
<LI><a href="#[16]">&gt;&gt;</a>&nbsp;&nbsp;&nbsp;BTM3_Handler
<LI><a href="#[14]">&gt;&gt;</a>&nbsp;&nbsp;&nbsp;BTM1_Handler
</UL>

<P><STRONG><a name="[f9]"></a>Bad_Connection_Proc</STRONG> (Thumb, 44 bytes, Stack size 8 bytes, zr_vooc_app.o(.text.Bad_Connection_Proc))
<BR><BR>[Stack]<UL><LI>Max Depth = 8<LI>Call Chain = Bad_Connection_Proc
</UL>
<BR>[Calls]<UL><LI><a href="#[fa]">&gt;&gt;</a>&nbsp;&nbsp;&nbsp;VOOC_TX_Data_Set_Version
</UL>
<BR>[Called By]<UL><LI><a href="#[22a]">&gt;&gt;</a>&nbsp;&nbsp;&nbsp;VOOC_Process
</UL>

<P><STRONG><a name="[fb]"></a>CLK_Init</STRONG> (Thumb, 24 bytes, Stack size 8 bytes, system_cfg.o(.text.CLK_Init))
<BR><BR>[Stack]<UL><LI>Max Depth = 16<LI>Call Chain = CLK_Init &rArr; Rcc_System_10Mhz_Cfg
</UL>
<BR>[Calls]<UL><LI><a href="#[de]">&gt;&gt;</a>&nbsp;&nbsp;&nbsp;Rcc_Module_Clk_Disable
<LI><a href="#[fc]">&gt;&gt;</a>&nbsp;&nbsp;&nbsp;Rcc_System_10Mhz_Cfg
<LI><a href="#[fd]">&gt;&gt;</a>&nbsp;&nbsp;&nbsp;Rcc_APB_Clock_Gate_Disable
</UL>
<BR>[Called By]<UL><LI><a href="#[145]">&gt;&gt;</a>&nbsp;&nbsp;&nbsp;Device_Init
</UL>

<P><STRONG><a name="[fe]"></a>Config_Apply</STRONG> (Thumb, 56 bytes, Stack size 8 bytes, device.o(.text.Config_Apply))
<BR><BR>[Stack]<UL><LI>Max Depth = 24<LI>Call Chain = Config_Apply &rArr; PowerChange
</UL>
<BR>[Calls]<UL><LI><a href="#[100]">&gt;&gt;</a>&nbsp;&nbsp;&nbsp;PowerChange
<LI><a href="#[ff]">&gt;&gt;</a>&nbsp;&nbsp;&nbsp;LineCompensation
</UL>
<BR>[Called By]<UL><LI><a href="#[17e]">&gt;&gt;</a>&nbsp;&nbsp;&nbsp;Execute_Register27_Function
</UL>

<P><STRONG><a name="[103]"></a>Config_Get</STRONG> (Thumb, 4 bytes, Stack size 0 bytes, config.o(.text.Config_Get))
<BR><BR>[Called By]<UL><LI><a href="#[144]">&gt;&gt;</a>&nbsp;&nbsp;&nbsp;Thunderbolt_Cable_Policy
<LI><a href="#[18a]">&gt;&gt;</a>&nbsp;&nbsp;&nbsp;Update_UFCS_PDO
<LI><a href="#[188]">&gt;&gt;</a>&nbsp;&nbsp;&nbsp;Update_PD_PDO
<LI><a href="#[17f]">&gt;&gt;</a>&nbsp;&nbsp;&nbsp;Execute_Register28_Function
<LI><a href="#[17e]">&gt;&gt;</a>&nbsp;&nbsp;&nbsp;Execute_Register27_Function
<LI><a href="#[17d]">&gt;&gt;</a>&nbsp;&nbsp;&nbsp;Execute_Register26_Function
<LI><a href="#[17c]">&gt;&gt;</a>&nbsp;&nbsp;&nbsp;Execute_Register25_Function
<LI><a href="#[17b]">&gt;&gt;</a>&nbsp;&nbsp;&nbsp;Execute_Register24_Function
<LI><a href="#[17a]">&gt;&gt;</a>&nbsp;&nbsp;&nbsp;Execute_Register23_Function
<LI><a href="#[179]">&gt;&gt;</a>&nbsp;&nbsp;&nbsp;Execute_Register22_Function
<LI><a href="#[178]">&gt;&gt;</a>&nbsp;&nbsp;&nbsp;Execute_Register21_Function
<LI><a href="#[177]">&gt;&gt;</a>&nbsp;&nbsp;&nbsp;Execute_Register20_Function
<LI><a href="#[176]">&gt;&gt;</a>&nbsp;&nbsp;&nbsp;Execute_Register1F_Function
<LI><a href="#[175]">&gt;&gt;</a>&nbsp;&nbsp;&nbsp;Execute_Register1E_Function
<LI><a href="#[174]">&gt;&gt;</a>&nbsp;&nbsp;&nbsp;Execute_Register1D_Function
<LI><a href="#[173]">&gt;&gt;</a>&nbsp;&nbsp;&nbsp;Execute_Register1C_Function
<LI><a href="#[172]">&gt;&gt;</a>&nbsp;&nbsp;&nbsp;Execute_Register1B_Function
<LI><a href="#[171]">&gt;&gt;</a>&nbsp;&nbsp;&nbsp;Execute_Register1A_Function
<LI><a href="#[170]">&gt;&gt;</a>&nbsp;&nbsp;&nbsp;Execute_Register19_Function
<LI><a href="#[16f]">&gt;&gt;</a>&nbsp;&nbsp;&nbsp;Execute_Register18_Function
<LI><a href="#[16e]">&gt;&gt;</a>&nbsp;&nbsp;&nbsp;Execute_Register17_Function
<LI><a href="#[16d]">&gt;&gt;</a>&nbsp;&nbsp;&nbsp;Execute_Register16_Function
<LI><a href="#[16c]">&gt;&gt;</a>&nbsp;&nbsp;&nbsp;Execute_Register15_Function
<LI><a href="#[16b]">&gt;&gt;</a>&nbsp;&nbsp;&nbsp;Execute_Register14_Function
<LI><a href="#[16a]">&gt;&gt;</a>&nbsp;&nbsp;&nbsp;Execute_Register13_Function
<LI><a href="#[169]">&gt;&gt;</a>&nbsp;&nbsp;&nbsp;Execute_Register12_Function
<LI><a href="#[168]">&gt;&gt;</a>&nbsp;&nbsp;&nbsp;Execute_Register11_Function
<LI><a href="#[167]">&gt;&gt;</a>&nbsp;&nbsp;&nbsp;Execute_Register10_Function
<LI><a href="#[166]">&gt;&gt;</a>&nbsp;&nbsp;&nbsp;Execute_Register0F_Function
<LI><a href="#[165]">&gt;&gt;</a>&nbsp;&nbsp;&nbsp;Execute_Register0E_Function
<LI><a href="#[164]">&gt;&gt;</a>&nbsp;&nbsp;&nbsp;Execute_Register0D_Function
<LI><a href="#[163]">&gt;&gt;</a>&nbsp;&nbsp;&nbsp;Execute_Register0C_Function
<LI><a href="#[162]">&gt;&gt;</a>&nbsp;&nbsp;&nbsp;Execute_Register0B_Function
<LI><a href="#[161]">&gt;&gt;</a>&nbsp;&nbsp;&nbsp;Execute_Register0A_Function
<LI><a href="#[160]">&gt;&gt;</a>&nbsp;&nbsp;&nbsp;Execute_Register09_Function
<LI><a href="#[15f]">&gt;&gt;</a>&nbsp;&nbsp;&nbsp;Execute_Register08_Function
<LI><a href="#[15e]">&gt;&gt;</a>&nbsp;&nbsp;&nbsp;Execute_Register07_Function
<LI><a href="#[15d]">&gt;&gt;</a>&nbsp;&nbsp;&nbsp;Execute_Register06_Function
<LI><a href="#[15c]">&gt;&gt;</a>&nbsp;&nbsp;&nbsp;Execute_Register05_Function
<LI><a href="#[15b]">&gt;&gt;</a>&nbsp;&nbsp;&nbsp;Execute_Register04_Function
<LI><a href="#[15a]">&gt;&gt;</a>&nbsp;&nbsp;&nbsp;Execute_Register03_Function
<LI><a href="#[159]">&gt;&gt;</a>&nbsp;&nbsp;&nbsp;Execute_Register02_Function
<LI><a href="#[158]">&gt;&gt;</a>&nbsp;&nbsp;&nbsp;Execute_Register01_Function
<LI><a href="#[102]">&gt;&gt;</a>&nbsp;&nbsp;&nbsp;Config_Setup
<LI><a href="#[43]">&gt;&gt;</a>&nbsp;&nbsp;&nbsp;Ideal_Wait_ON_Handler
</UL>

<P><STRONG><a name="[101]"></a>Config_Init</STRONG> (Thumb, 1100 bytes, Stack size 128 bytes, config.o(.text.Config_Init))
<BR><BR>[Stack]<UL><LI>Max Depth = 144<LI>Call Chain = Config_Init &rArr; LineCompensation
</UL>
<BR>[Calls]<UL><LI><a href="#[ff]">&gt;&gt;</a>&nbsp;&nbsp;&nbsp;LineCompensation
<LI><a href="#[102]">&gt;&gt;</a>&nbsp;&nbsp;&nbsp;Config_Setup
</UL>
<BR>[Called By]<UL><LI><a href="#[145]">&gt;&gt;</a>&nbsp;&nbsp;&nbsp;Device_Init
</UL>

<P><STRONG><a name="[19c]"></a>Config_Set_Lps</STRONG> (Thumb, 36 bytes, Stack size 8 bytes, zr_plug.o(.text.Config_Set_Lps))
<BR><BR>[Stack]<UL><LI>Max Depth = 8<LI>Call Chain = Config_Set_Lps
</UL>
<BR>[Called By]<UL><LI><a href="#[19b]">&gt;&gt;</a>&nbsp;&nbsp;&nbsp;Execute_Register76_Function
</UL>

<P><STRONG><a name="[195]"></a>Config_Set_Noload_Threshold</STRONG> (Thumb, 44 bytes, Stack size 0 bytes, zr_plug.o(.text.Config_Set_Noload_Threshold))
<BR><BR>[Called By]<UL><LI><a href="#[194]">&gt;&gt;</a>&nbsp;&nbsp;&nbsp;Execute_Register73_Function
</UL>

<P><STRONG><a name="[102]"></a>Config_Setup</STRONG> (Thumb, 164 bytes, Stack size 16 bytes, config_setup.o(.text.Config_Setup))
<BR><BR>[Stack]<UL><LI>Max Depth = 16<LI>Call Chain = Config_Setup
</UL>
<BR>[Calls]<UL><LI><a href="#[103]">&gt;&gt;</a>&nbsp;&nbsp;&nbsp;Config_Get
</UL>
<BR>[Called By]<UL><LI><a href="#[101]">&gt;&gt;</a>&nbsp;&nbsp;&nbsp;Config_Init
</UL>

<P><STRONG><a name="[a]"></a>DPDM_Handler</STRONG> (Thumb, 784 bytes, Stack size 40 bytes, zr_dpdm.o(.text.DPDM_Handler))
<BR><BR>[Stack]<UL><LI>Max Depth = 48<LI>Call Chain = DPDM_Handler &rArr; UFCS_VarTimer_Start
</UL>
<BR>[Calls]<UL><LI><a href="#[113]">&gt;&gt;</a>&nbsp;&nbsp;&nbsp;UFCS_VarTimer_Value
<LI><a href="#[112]">&gt;&gt;</a>&nbsp;&nbsp;&nbsp;UFCS_VarTimer_Start
</UL>
<BR>[Address Reference Count : 1]<UL><LI> startup_cmsdk_cm0.o(RESET)
</UL>
<P><STRONG><a name="[114]"></a>DPDM_Init</STRONG> (Thumb, 56 bytes, Stack size 16 bytes, zr_dpdm.o(.text.DPDM_Init))
<BR><BR>[Stack]<UL><LI>Max Depth = 24<LI>Call Chain = DPDM_Init &rArr; Nvic_Irq_Enable
</UL>
<BR>[Calls]<UL><LI><a href="#[be]">&gt;&gt;</a>&nbsp;&nbsp;&nbsp;Nvic_Irq_Enable
<LI><a href="#[bd]">&gt;&gt;</a>&nbsp;&nbsp;&nbsp;Rcc_Module_Rst_Release
<LI><a href="#[bc]">&gt;&gt;</a>&nbsp;&nbsp;&nbsp;Rcc_Module_Clk_Enable
</UL>
<BR>[Called By]<UL><LI><a href="#[44]">&gt;&gt;</a>&nbsp;&nbsp;&nbsp;Ideal_Ready_Handler
</UL>

<P><STRONG><a name="[11f]"></a>DPDM_Policy</STRONG> (Thumb, 684 bytes, Stack size 24 bytes, zr_dpdm.o(.text.DPDM_Policy))
<BR><BR>[Stack]<UL><LI>Max Depth = 40<LI>Call Chain = DPDM_Policy &rArr; __aeabi_uidiv
</UL>
<BR>[Calls]<UL><LI><a href="#[11c]">&gt;&gt;</a>&nbsp;&nbsp;&nbsp;__aeabi_uidiv
</UL>
<BR>[Called By]<UL><LI><a href="#[14c]">&gt;&gt;</a>&nbsp;&nbsp;&nbsp;Device_Run
</UL>

<P><STRONG><a name="[263]"></a>DPDM_Pro_Cable_Type_Get</STRONG> (Thumb, 12 bytes, Stack size 0 bytes, dpdm_protocol.o(.text.DPDM_Pro_Cable_Type_Get))
<BR><BR>[Called By]<UL><LI><a href="#[228]">&gt;&gt;</a>&nbsp;&nbsp;&nbsp;TFCP_Process
<LI><a href="#[f]">&gt;&gt;</a>&nbsp;&nbsp;&nbsp;TFCP_Handler
</UL>

<P><STRONG><a name="[224]"></a>DPDM_Pro_Gate_Conrtol</STRONG> (Thumb, 48 bytes, Stack size 8 bytes, zr_scp.o(.text.DPDM_Pro_Gate_Conrtol))
<BR><BR>[Stack]<UL><LI>Max Depth = 8<LI>Call Chain = DPDM_Pro_Gate_Conrtol
</UL>
<BR>[Called By]<UL><LI><a href="#[a0]">&gt;&gt;</a>&nbsp;&nbsp;&nbsp;PRO_SCP_Rst_Handler
<LI><a href="#[9f]">&gt;&gt;</a>&nbsp;&nbsp;&nbsp;PRO_VOOC_Handler
<LI><a href="#[228]">&gt;&gt;</a>&nbsp;&nbsp;&nbsp;TFCP_Process
<LI><a href="#[9e]">&gt;&gt;</a>&nbsp;&nbsp;&nbsp;PRO_TFCP_Handler
[...]
</UL>
<BR>[Address Reference Count : 1]<UL><LI> zr_plug.o(.rodata.ScanStatusMachine)
</UL>
<P><STRONG><a name="[6b]"></a>Scan_Single_C_T_Handler</STRONG> (Thumb, 8 bytes, Stack size 8 bytes, zr_plug.o(.text.Scan_Single_C_T_Handler))
<BR><BR>[Stack]<UL><LI>Max Depth = 16<LI>Call Chain = Scan_Single_C_T_Handler &rArr; Scan_Status_Handler
</UL>
<BR>[Calls]<UL><LI><a href="#[256]">&gt;&gt;</a>&nbsp;&nbsp;&nbsp;Scan_Status_Handler
</UL>
<BR>[Address Reference Count : 1]<UL><LI> zr_plug.o(.rodata.ScanStatusMachine)
</UL>
<P><STRONG><a name="[1ed]"></a>Scan_VatTimer_Start</STRONG> (Thumb, 60 bytes, Stack size 16 bytes, zr_plug.o(.text.Scan_VatTimer_Start))
<BR><BR>[Stack]<UL><LI>Max Depth = 24<LI>Call Chain = Scan_VatTimer_Start &rArr; Nvic_Irq_Enable
</UL>
<BR>[Calls]<UL><LI><a href="#[be]">&gt;&gt;</a>&nbsp;&nbsp;&nbsp;Nvic_Irq_Enable
<LI><a href="#[f0]">&gt;&gt;</a>&nbsp;&nbsp;&nbsp;BTM_Pending_Clear
<LI><a href="#[f1]">&gt;&gt;</a>&nbsp;&nbsp;&nbsp;BTM_Disable
<LI><a href="#[f8]">&gt;&gt;</a>&nbsp;&nbsp;&nbsp;BTM_Enable
<LI><a href="#[f7]">&gt;&gt;</a>&nbsp;&nbsp;&nbsp;BTM_Int_Enable
<LI><a href="#[257]">&gt;&gt;</a>&nbsp;&nbsp;&nbsp;BTM0_Set_Reload_Value
</UL>
<BR>[Called By]<UL><LI><a href="#[4f]">&gt;&gt;</a>&nbsp;&nbsp;&nbsp;Sub_Ctr_Ready_Handler
<LI><a href="#[4e]">&gt;&gt;</a>&nbsp;&nbsp;&nbsp;Sub_Buck_Sok_Handler
<LI><a href="#[4c]">&gt;&gt;</a>&nbsp;&nbsp;&nbsp;Sub_Ctr_Wait2_Handler
<LI><a href="#[49]">&gt;&gt;</a>&nbsp;&nbsp;&nbsp;Sub_Ctr_Wait1_Handler
<LI><a href="#[48]">&gt;&gt;</a>&nbsp;&nbsp;&nbsp;Sub_Ctr_Wait0_Handler
<LI><a href="#[47]">&gt;&gt;</a>&nbsp;&nbsp;&nbsp;Sub_MOS_Off_Handler
<LI><a href="#[46]">&gt;&gt;</a>&nbsp;&nbsp;&nbsp;Sub_Buck_Off_Handler
<LI><a href="#[43]">&gt;&gt;</a>&nbsp;&nbsp;&nbsp;Ideal_Wait_ON_Handler
</UL>

<P><STRONG><a name="[45]"></a>SUB_Ctr_Ideal_Handler</STRONG> (Thumb, 1568 bytes, Stack size 24 bytes, zr_plug.o(.text.SUB_Ctr_Ideal_Handler))
<BR><BR>[Stack]<UL><LI>Max Depth = 40<LI>Call Chain = SUB_Ctr_Ideal_Handler &rArr; Operate_Vconn_By_Scene
</UL>
<BR>[Calls]<UL><LI><a href="#[201]">&gt;&gt;</a>&nbsp;&nbsp;&nbsp;Operate_Vconn_By_Scene
<LI><a href="#[255]">&gt;&gt;</a>&nbsp;&nbsp;&nbsp;Mos_Customize_Callback
</UL>
<BR>[Address Reference Count : 1]<UL><LI> zr_plug.o(.text.Scan_Status_Handler)
</UL>
<P><STRONG><a name="[46]"></a>Sub_Buck_Off_Handler</STRONG> (Thumb, 444 bytes, Stack size 32 bytes, zr_plug.o(.text.Sub_Buck_Off_Handler))
<BR><BR>[Stack]<UL><LI>Max Depth = 56<LI>Call Chain = Sub_Buck_Off_Handler &rArr; Scan_VatTimer_Start &rArr; Nvic_Irq_Enable
</UL>
<BR>[Calls]<UL><LI><a href="#[de]">&gt;&gt;</a>&nbsp;&nbsp;&nbsp;Rcc_Module_Clk_Disable
<LI><a href="#[201]">&gt;&gt;</a>&nbsp;&nbsp;&nbsp;Operate_Vconn_By_Scene
<LI><a href="#[1ed]">&gt;&gt;</a>&nbsp;&nbsp;&nbsp;Scan_VatTimer_Start
<LI><a href="#[137]">&gt;&gt;</a>&nbsp;&nbsp;&nbsp;DPDM_Reset
</UL>
<BR>[Address Reference Count : 1]<UL><LI> zr_plug.o(.text.Scan_Status_Handler)
</UL>
<P><STRONG><a name="[47]"></a>Sub_MOS_Off_Handler</STRONG> (Thumb, 1248 bytes, Stack size 24 bytes, zr_plug.o(.text.Sub_MOS_Off_Handler))
<BR><BR>[Stack]<UL><LI>Max Depth = 48<LI>Call Chain = Sub_MOS_Off_Handler &rArr; Scan_VatTimer_Start &rArr; Nvic_Irq_Enable
</UL>
<BR>[Calls]<UL><LI><a href="#[201]">&gt;&gt;</a>&nbsp;&nbsp;&nbsp;Operate_Vconn_By_Scene
<LI><a href="#[255]">&gt;&gt;</a>&nbsp;&nbsp;&nbsp;Mos_Customize_Callback
<LI><a href="#[1ed]">&gt;&gt;</a>&nbsp;&nbsp;&nbsp;Scan_VatTimer_Start
</UL>
<BR>[Address Reference Count : 1]<UL><LI> zr_plug.o(.text.Scan_Status_Handler)
</UL>
<P><STRONG><a name="[48]"></a>Sub_Ctr_Wait0_Handler</STRONG> (Thumb, 244 bytes, Stack size 16 bytes, zr_plug.o(.text.Sub_Ctr_Wait0_Handler))
<BR><BR>[Stack]<UL><LI>Max Depth = 40<LI>Call Chain = Sub_Ctr_Wait0_Handler &rArr; Scan_VatTimer_Start &rArr; Nvic_Irq_Enable
</UL>
<BR>[Calls]<UL><LI><a href="#[1ed]">&gt;&gt;</a>&nbsp;&nbsp;&nbsp;Scan_VatTimer_Start
</UL>
<BR>[Address Reference Count : 1]<UL><LI> zr_plug.o(.text.Scan_Status_Handler)
</UL>
<P><STRONG><a name="[49]"></a>Sub_Ctr_Wait1_Handler</STRONG> (Thumb, 240 bytes, Stack size 8 bytes, zr_plug.o(.text.Sub_Ctr_Wait1_Handler))
<BR><BR>[Stack]<UL><LI>Max Depth = 32<LI>Call Chain = Sub_Ctr_Wait1_Handler &rArr; Scan_VatTimer_Start &rArr; Nvic_Irq_Enable
</UL>
<BR>[Calls]<UL><LI><a href="#[1ed]">&gt;&gt;</a>&nbsp;&nbsp;&nbsp;Scan_VatTimer_Start
</UL>
<BR>[Address Reference Count : 1]<UL><LI> zr_plug.o(.text.Scan_Status_Handler)
</UL>
<P><STRONG><a name="[4a]"></a>Sub_Ctr_Check_Handler</STRONG> (Thumb, 800 bytes, Stack size 40 bytes, zr_plug.o(.text.Sub_Ctr_Check_Handler))
<BR><BR>[Stack]<UL><LI>Max Depth = 40<LI>Call Chain = Sub_Ctr_Check_Handler
</UL>
<BR>[Address Reference Count : 1]<UL><LI> zr_plug.o(.text.Scan_Status_Handler)
</UL>
<P><STRONG><a name="[4b]"></a>Sub_MOS_On_Handler</STRONG> (Thumb, 196 bytes, Stack size 16 bytes, zr_plug.o(.text.Sub_MOS_On_Handler))
<BR><BR>[Stack]<UL><LI>Max Depth = 24<LI>Call Chain = Sub_MOS_On_Handler &rArr; Mos_Customize_Callback
</UL>
<BR>[Calls]<UL><LI><a href="#[255]">&gt;&gt;</a>&nbsp;&nbsp;&nbsp;Mos_Customize_Callback
</UL>
<BR>[Address Reference Count : 1]<UL><LI> zr_plug.o(.text.Scan_Status_Handler)
</UL>
<P><STRONG><a name="[4c]"></a>Sub_Ctr_Wait2_Handler</STRONG> (Thumb, 64 bytes, Stack size 8 bytes, zr_plug.o(.text.Sub_Ctr_Wait2_Handler))
<BR><BR>[Stack]<UL><LI>Max Depth = 32<LI>Call Chain = Sub_Ctr_Wait2_Handler &rArr; Scan_VatTimer_Start &rArr; Nvic_Irq_Enable
</UL>
<BR>[Calls]<UL><LI><a href="#[201]">&gt;&gt;</a>&nbsp;&nbsp;&nbsp;Operate_Vconn_By_Scene
<LI><a href="#[1ed]">&gt;&gt;</a>&nbsp;&nbsp;&nbsp;Scan_VatTimer_Start
</UL>
<BR>[Address Reference Count : 1]<UL><LI> zr_plug.o(.text.Scan_Status_Handler)
</UL>
<P><STRONG><a name="[4d]"></a>Sub_Buck_On_Handler</STRONG> (Thumb, 188 bytes, Stack size 16 bytes, zr_plug.o(.text.Sub_Buck_On_Handler))
<BR><BR>[Stack]<UL><LI>Max Depth = 36<LI>Call Chain = Sub_Buck_On_Handler &rArr; Set_Dual_Port_Limit_Current
</UL>
<BR>[Calls]<UL><LI><a href="#[bc]">&gt;&gt;</a>&nbsp;&nbsp;&nbsp;Rcc_Module_Clk_Enable
<LI><a href="#[201]">&gt;&gt;</a>&nbsp;&nbsp;&nbsp;Operate_Vconn_By_Scene
<LI><a href="#[259]">&gt;&gt;</a>&nbsp;&nbsp;&nbsp;Set_Dual_Port_Limit_Current
</UL>
<BR>[Address Reference Count : 1]<UL><LI> zr_plug.o(.text.Scan_Status_Handler)
</UL>
<P><STRONG><a name="[4e]"></a>Sub_Buck_Sok_Handler</STRONG> (Thumb, 136 bytes, Stack size 24 bytes, zr_plug.o(.text.Sub_Buck_Sok_Handler))
<BR><BR>[Stack]<UL><LI>Max Depth = 48<LI>Call Chain = Sub_Buck_Sok_Handler &rArr; Scan_VatTimer_Start &rArr; Nvic_Irq_Enable
</UL>
<BR>[Calls]<UL><LI><a href="#[25a]">&gt;&gt;</a>&nbsp;&nbsp;&nbsp;Adc_Die_Is_Force_Closed
<LI><a href="#[1ed]">&gt;&gt;</a>&nbsp;&nbsp;&nbsp;Scan_VatTimer_Start
</UL>
<BR>[Address Reference Count : 1]<UL><LI> zr_plug.o(.text.Scan_Status_Handler)
</UL>
<P><STRONG><a name="[4f]"></a>Sub_Ctr_Ready_Handler</STRONG> (Thumb, 5940 bytes, Stack size 80 bytes, zr_plug.o(.text.Sub_Ctr_Ready_Handler))
<BR><BR>[Stack]<UL><LI>Max Depth = 104<LI>Call Chain = Sub_Ctr_Ready_Handler &rArr; Scan_VatTimer_Start &rArr; Nvic_Irq_Enable
</UL>
<BR>[Calls]<UL><LI><a href="#[1ed]">&gt;&gt;</a>&nbsp;&nbsp;&nbsp;Scan_VatTimer_Start
</UL>
<BR>[Address Reference Count : 1]<UL><LI> zr_plug.o(.text.Scan_Status_Handler)
</UL>
<P><STRONG><a name="[255]"></a>Mos_Customize_Callback</STRONG> (Thumb, 76 bytes, Stack size 8 bytes, zr_plug.o(.text.Mos_Customize_Callback))
<BR><BR>[Stack]<UL><LI>Max Depth = 8<LI>Call Chain = Mos_Customize_Callback
</UL>
<BR>[Called By]<UL><LI><a href="#[4b]">&gt;&gt;</a>&nbsp;&nbsp;&nbsp;Sub_MOS_On_Handler
<LI><a href="#[47]">&gt;&gt;</a>&nbsp;&nbsp;&nbsp;Sub_MOS_Off_Handler
<LI><a href="#[45]">&gt;&gt;</a>&nbsp;&nbsp;&nbsp;SUB_Ctr_Ideal_Handler
</UL>

<P><STRONG><a name="[259]"></a>Set_Dual_Port_Limit_Current</STRONG> (Thumb, 108 bytes, Stack size 20 bytes, zr_plug.o(.text.Set_Dual_Port_Limit_Current))
<BR><BR>[Stack]<UL><LI>Max Depth = 20<LI>Call Chain = Set_Dual_Port_Limit_Current
</UL>
<BR>[Called By]<UL><LI><a href="#[4d]">&gt;&gt;</a>&nbsp;&nbsp;&nbsp;Sub_Buck_On_Handler
</UL>

<P><STRONG><a name="[88]"></a>ufcs_app_reset</STRONG> (Thumb, 152 bytes, Stack size 24 bytes, ufcs_app.o(.text.ufcs_app_reset))
<BR><BR>[Stack]<UL><LI>Max Depth = 56<LI>Call Chain = ufcs_app_reset &rArr; UFCS_Hardware_Init &rArr; Nvic_Irq_Enable
</UL>
<BR>[Calls]<UL><LI><a href="#[bd]">&gt;&gt;</a>&nbsp;&nbsp;&nbsp;Rcc_Module_Rst_Release
<LI><a href="#[bb]">&gt;&gt;</a>&nbsp;&nbsp;&nbsp;Rcc_Module_Rst
<LI><a href="#[de]">&gt;&gt;</a>&nbsp;&nbsp;&nbsp;Rcc_Module_Clk_Disable
<LI><a href="#[ff]">&gt;&gt;</a>&nbsp;&nbsp;&nbsp;LineCompensation
<LI><a href="#[285]">&gt;&gt;</a>&nbsp;&nbsp;&nbsp;UFCS_Hardware_Init
<LI><a href="#[282]">&gt;&gt;</a>&nbsp;&nbsp;&nbsp;UFCS_Reset
<LI><a href="#[12a]">&gt;&gt;</a>&nbsp;&nbsp;&nbsp;DPDM_VarTimer2_Stop
<LI><a href="#[129]">&gt;&gt;</a>&nbsp;&nbsp;&nbsp;DPDM_VarTimer1_Stop
</UL>
<BR>[Address Reference Count : 1]<UL><LI> ufcs_app.o(.rodata.ufcs_app_state)
</UL>
<P><STRONG><a name="[89]"></a>ufcs_app_wait_ping</STRONG> (Thumb, 120 bytes, Stack size 8 bytes, ufcs_app.o(.text.ufcs_app_wait_ping))
<BR><BR>[Stack]<UL><LI>Max Depth = 32<LI>Call Chain = ufcs_app_wait_ping &rArr; DPDM_VarTimer2_Start &rArr; Nvic_Irq_Enable
</UL>
<BR>[Calls]<UL><LI><a href="#[100]">&gt;&gt;</a>&nbsp;&nbsp;&nbsp;PowerChange
<LI><a href="#[27e]">&gt;&gt;</a>&nbsp;&nbsp;&nbsp;UFCS_SetFunctional
<LI><a href="#[12a]">&gt;&gt;</a>&nbsp;&nbsp;&nbsp;DPDM_VarTimer2_Stop
<LI><a href="#[11d]">&gt;&gt;</a>&nbsp;&nbsp;&nbsp;DPDM_VarTimer2_Start
</UL>
<BR>[Address Reference Count : 1]<UL><LI> ufcs_app.o(.rodata.ufcs_app_state)
</UL>
<P><STRONG><a name="[8a]"></a>ufcs_app_idle</STRONG> (Thumb, 440 bytes, Stack size 24 bytes, ufcs_app.o(.text.ufcs_app_idle))
<BR><BR>[Stack]<UL><LI>Max Depth = 48<LI>Call Chain = ufcs_app_idle &rArr; DPDM_VarTimer1_Start &rArr; Nvic_Irq_Enable
</UL>
<BR>[Calls]<UL><LI><a href="#[bd]">&gt;&gt;</a>&nbsp;&nbsp;&nbsp;Rcc_Module_Rst_Release
<LI><a href="#[bb]">&gt;&gt;</a>&nbsp;&nbsp;&nbsp;Rcc_Module_Rst
<LI><a href="#[de]">&gt;&gt;</a>&nbsp;&nbsp;&nbsp;Rcc_Module_Clk_Disable
<LI><a href="#[100]">&gt;&gt;</a>&nbsp;&nbsp;&nbsp;PowerChange
<LI><a href="#[2ac]">&gt;&gt;</a>&nbsp;&nbsp;&nbsp;ufcs_tx_init
<LI><a href="#[129]">&gt;&gt;</a>&nbsp;&nbsp;&nbsp;DPDM_VarTimer1_Stop
<LI><a href="#[138]">&gt;&gt;</a>&nbsp;&nbsp;&nbsp;DPDM_VarTimer1_Start
</UL>
<BR>[Address Reference Count : 1]<UL><LI> ufcs_app.o(.rodata.ufcs_app_state)
</UL>
<P><STRONG><a name="[2ac]"></a>ufcs_tx_init</STRONG> (Thumb, 36 bytes, Stack size 16 bytes, ufcs_app.o(.text.ufcs_tx_init))
<BR><BR>[Stack]<UL><LI>Max Depth = 16<LI>Call Chain = ufcs_tx_init
</UL>
<BR>[Calls]<UL><LI><a href="#[2af]">&gt;&gt;</a>&nbsp;&nbsp;&nbsp;UFCS_SetPtrAddr
</UL>
<BR>[Called By]<UL><LI><a href="#[98]">&gt;&gt;</a>&nbsp;&nbsp;&nbsp;ufcs_app_power_change
<LI><a href="#[96]">&gt;&gt;</a>&nbsp;&nbsp;&nbsp;ufcs_app_tx_cable_info
<LI><a href="#[95]">&gt;&gt;</a>&nbsp;&nbsp;&nbsp;ufcs_app_end_cable_detect
<LI><a href="#[93]">&gt;&gt;</a>&nbsp;&nbsp;&nbsp;ufcs_app_get_cable_info
<LI><a href="#[91]">&gt;&gt;</a>&nbsp;&nbsp;&nbsp;ufcs_app_start_cable_detect
<LI><a href="#[8d]">&gt;&gt;</a>&nbsp;&nbsp;&nbsp;ufcs_app_regulation_vol
<LI><a href="#[8c]">&gt;&gt;</a>&nbsp;&nbsp;&nbsp;ufcs_app_negotiate
<LI><a href="#[8a]">&gt;&gt;</a>&nbsp;&nbsp;&nbsp;ufcs_app_idle
</UL>

<P><STRONG><a name="[8b]"></a>ufcs_app_tx_message</STRONG> (Thumb, 56 bytes, Stack size 0 bytes, ufcs_app.o(.text.ufcs_app_tx_message))
<BR>[Address Reference Count : 1]<UL><LI> ufcs_app.o(.rodata.ufcs_app_state)
</UL>
<P><STRONG><a name="[8c]"></a>ufcs_app_negotiate</STRONG> (Thumb, 188 bytes, Stack size 24 bytes, ufcs_app.o(.text.ufcs_app_negotiate))
<BR><BR>[Stack]<UL><LI>Max Depth = 40<LI>Call Chain = ufcs_app_negotiate &rArr; LineCompensation
</UL>
<BR>[Calls]<UL><LI><a href="#[ff]">&gt;&gt;</a>&nbsp;&nbsp;&nbsp;LineCompensation
<LI><a href="#[2ac]">&gt;&gt;</a>&nbsp;&nbsp;&nbsp;ufcs_tx_init
<LI><a href="#[11c]">&gt;&gt;</a>&nbsp;&nbsp;&nbsp;__aeabi_uidiv
</UL>
<BR>[Address Reference Count : 1]<UL><LI> ufcs_app.o(.rodata.ufcs_app_state)
</UL>
<P><STRONG><a name="[8d]"></a>ufcs_app_regulation_vol</STRONG> (Thumb, 108 bytes, Stack size 16 bytes, ufcs_app.o(.text.ufcs_app_regulation_vol))
<BR><BR>[Stack]<UL><LI>Max Depth = 40<LI>Call Chain = ufcs_app_regulation_vol &rArr; DPDM_VarTimer2_Start &rArr; Nvic_Irq_Enable
</UL>
<BR>[Calls]<UL><LI><a href="#[100]">&gt;&gt;</a>&nbsp;&nbsp;&nbsp;PowerChange
<LI><a href="#[2ac]">&gt;&gt;</a>&nbsp;&nbsp;&nbsp;ufcs_tx_init
<LI><a href="#[11d]">&gt;&gt;</a>&nbsp;&nbsp;&nbsp;DPDM_VarTimer2_Start
<LI><a href="#[11c]">&gt;&gt;</a>&nbsp;&nbsp;&nbsp;__aeabi_uidiv
</UL>
<BR>[Address Reference Count : 1]<UL><LI> ufcs_app.o(.rodata.ufcs_app_state)
</UL>
<P><STRONG><a name="[8e]"></a>ufcs_app_tx_softreset</STRONG> (Thumb, 88 bytes, Stack size 16 bytes, ufcs_app.o(.text.ufcs_app_tx_softreset))
<BR><BR>[Stack]<UL><LI>Max Depth = 40<LI>Call Chain = ufcs_app_tx_softreset &rArr; UFCS_Reset
</UL>
<BR>[Calls]<UL><LI><a href="#[282]">&gt;&gt;</a>&nbsp;&nbsp;&nbsp;UFCS_Reset
</UL>
<BR>[Address Reference Count : 1]<UL><LI> ufcs_app.o(.rodata.ufcs_app_state)
</UL>
<P><STRONG><a name="[8f]"></a>ufcs_app_tx_linereset</STRONG> (Thumb, 64 bytes, Stack size 8 bytes, ufcs_app.o(.text.ufcs_app_tx_linereset))
<BR><BR>[Stack]<UL><LI>Max Depth = 8<LI>Call Chain = ufcs_app_tx_linereset
</UL>
<BR>[Calls]<UL><LI><a href="#[2ad]">&gt;&gt;</a>&nbsp;&nbsp;&nbsp;UFCS_TxLineReset
</UL>
<BR>[Address Reference Count : 1]<UL><LI> ufcs_app.o(.rodata.ufcs_app_state)
</UL>
<P><STRONG><a name="[90]"></a>ufcs_app_wait_cable_detect</STRONG> (Thumb, 80 bytes, Stack size 16 bytes, ufcs_app.o(.text.ufcs_app_wait_cable_detect))
<BR><BR>[Stack]<UL><LI>Max Depth = 40<LI>Call Chain = ufcs_app_wait_cable_detect &rArr; DPDM_VarTimer2_Start &rArr; Nvic_Irq_Enable
</UL>
<BR>[Calls]<UL><LI><a href="#[27e]">&gt;&gt;</a>&nbsp;&nbsp;&nbsp;UFCS_SetFunctional
<LI><a href="#[12a]">&gt;&gt;</a>&nbsp;&nbsp;&nbsp;DPDM_VarTimer2_Stop
<LI><a href="#[11d]">&gt;&gt;</a>&nbsp;&nbsp;&nbsp;DPDM_VarTimer2_Start
</UL>
<BR>[Address Reference Count : 1]<UL><LI> ufcs_app.o(.rodata.ufcs_app_state)
</UL>
<P><STRONG><a name="[91]"></a>ufcs_app_start_cable_detect</STRONG> (Thumb, 28 bytes, Stack size 8 bytes, ufcs_app.o(.text.ufcs_app_start_cable_detect))
<BR><BR>[Stack]<UL><LI>Max Depth = 24<LI>Call Chain = ufcs_app_start_cable_detect &rArr; ufcs_tx_init
</UL>
<BR>[Calls]<UL><LI><a href="#[2ac]">&gt;&gt;</a>&nbsp;&nbsp;&nbsp;ufcs_tx_init
</UL>
<BR>[Address Reference Count : 1]<UL><LI> ufcs_app.o(.rodata.ufcs_app_state)
</UL>
<P><STRONG><a name="[92]"></a>ufcs_app_cable_detect_wait_accept</STRONG> (Thumb, 76 bytes, Stack size 8 bytes, ufcs_app.o(.text.ufcs_app_cable_detect_wait_accept))
<BR><BR>[Stack]<UL><LI>Max Depth = 32<LI>Call Chain = ufcs_app_cable_detect_wait_accept &rArr; DPDM_VarTimer2_Start &rArr; Nvic_Irq_Enable
</UL>
<BR>[Calls]<UL><LI><a href="#[12a]">&gt;&gt;</a>&nbsp;&nbsp;&nbsp;DPDM_VarTimer2_Stop
<LI><a href="#[11d]">&gt;&gt;</a>&nbsp;&nbsp;&nbsp;DPDM_VarTimer2_Start
</UL>
<BR>[Address Reference Count : 1]<UL><LI> ufcs_app.o(.rodata.ufcs_app_state)
</UL>
<P><STRONG><a name="[93]"></a>ufcs_app_get_cable_info</STRONG> (Thumb, 32 bytes, Stack size 8 bytes, ufcs_app.o(.text.ufcs_app_get_cable_info))
<BR><BR>[Stack]<UL><LI>Max Depth = 24<LI>Call Chain = ufcs_app_get_cable_info &rArr; ufcs_tx_init
</UL>
<BR>[Calls]<UL><LI><a href="#[2ac]">&gt;&gt;</a>&nbsp;&nbsp;&nbsp;ufcs_tx_init
</UL>
<BR>[Address Reference Count : 1]<UL><LI> ufcs_app.o(.rodata.ufcs_app_state)
</UL>
<P><STRONG><a name="[94]"></a>ufcs_app_wait_cable_info</STRONG> (Thumb, 100 bytes, Stack size 8 bytes, ufcs_app.o(.text.ufcs_app_wait_cable_info))
<BR><BR>[Stack]<UL><LI>Max Depth = 32<LI>Call Chain = ufcs_app_wait_cable_info &rArr; DPDM_VarTimer2_Start &rArr; Nvic_Irq_Enable
</UL>
<BR>[Calls]<UL><LI><a href="#[12a]">&gt;&gt;</a>&nbsp;&nbsp;&nbsp;DPDM_VarTimer2_Stop
<LI><a href="#[11d]">&gt;&gt;</a>&nbsp;&nbsp;&nbsp;DPDM_VarTimer2_Start
</UL>
<BR>[Address Reference Count : 1]<UL><LI> ufcs_app.o(.rodata.ufcs_app_state)
</UL>
<P><STRONG><a name="[95]"></a>ufcs_app_end_cable_detect</STRONG> (Thumb, 28 bytes, Stack size 8 bytes, ufcs_app.o(.text.ufcs_app_end_cable_detect))
<BR><BR>[Stack]<UL><LI>Max Depth = 24<LI>Call Chain = ufcs_app_end_cable_detect &rArr; ufcs_tx_init
</UL>
<BR>[Calls]<UL><LI><a href="#[2ac]">&gt;&gt;</a>&nbsp;&nbsp;&nbsp;ufcs_tx_init
</UL>
<BR>[Address Reference Count : 1]<UL><LI> ufcs_app.o(.rodata.ufcs_app_state)
</UL>
<P><STRONG><a name="[96]"></a>ufcs_app_tx_cable_info</STRONG> (Thumb, 28 bytes, Stack size 8 bytes, ufcs_app.o(.text.ufcs_app_tx_cable_info))
<BR><BR>[Stack]<UL><LI>Max Depth = 24<LI>Call Chain = ufcs_app_tx_cable_info &rArr; ufcs_tx_init
</UL>
<BR>[Calls]<UL><LI><a href="#[2ac]">&gt;&gt;</a>&nbsp;&nbsp;&nbsp;ufcs_tx_init
</UL>
<BR>[Address Reference Count : 1]<UL><LI> ufcs_app.o(.rodata.ufcs_app_state)
</UL>
<P><STRONG><a name="[97]"></a>ufcs_app_linereset_recover</STRONG> (Thumb, 256 bytes, Stack size 16 bytes, ufcs_app.o(.text.ufcs_app_linereset_recover))
<BR><BR>[Stack]<UL><LI>Max Depth = 40<LI>Call Chain = ufcs_app_linereset_recover &rArr; DPDM_VarTimer1_Start &rArr; Nvic_Irq_Enable
</UL>
<BR>[Calls]<UL><LI><a href="#[127]">&gt;&gt;</a>&nbsp;&nbsp;&nbsp;Adc_Vout_Get
<LI><a href="#[bd]">&gt;&gt;</a>&nbsp;&nbsp;&nbsp;Rcc_Module_Rst_Release
<LI><a href="#[bb]">&gt;&gt;</a>&nbsp;&nbsp;&nbsp;Rcc_Module_Rst
<LI><a href="#[de]">&gt;&gt;</a>&nbsp;&nbsp;&nbsp;Rcc_Module_Clk_Disable
<LI><a href="#[100]">&gt;&gt;</a>&nbsp;&nbsp;&nbsp;PowerChange
<LI><a href="#[138]">&gt;&gt;</a>&nbsp;&nbsp;&nbsp;DPDM_VarTimer1_Start
</UL>
<BR>[Address Reference Count : 1]<UL><LI> ufcs_app.o(.rodata.ufcs_app_state)
</UL>
<P><STRONG><a name="[98]"></a>ufcs_app_power_change</STRONG> (Thumb, 36 bytes, Stack size 8 bytes, ufcs_app.o(.text.ufcs_app_power_change))
<BR><BR>[Stack]<UL><LI>Max Depth = 32<LI>Call Chain = ufcs_app_power_change &rArr; DPDM_VarTimer1_Start &rArr; Nvic_Irq_Enable
</UL>
<BR>[Calls]<UL><LI><a href="#[2ac]">&gt;&gt;</a>&nbsp;&nbsp;&nbsp;ufcs_tx_init
<LI><a href="#[138]">&gt;&gt;</a>&nbsp;&nbsp;&nbsp;DPDM_VarTimer1_Start
</UL>
<BR>[Address Reference Count : 1]<UL><LI> ufcs_app.o(.rodata.ufcs_app_state)
</UL>
<P><STRONG><a name="[99]"></a>ufcs_app_wait_change_request</STRONG> (Thumb, 72 bytes, Stack size 8 bytes, ufcs_app.o(.text.ufcs_app_wait_change_request))
<BR><BR>[Stack]<UL><LI>Max Depth = 8<LI>Call Chain = ufcs_app_wait_change_request
</UL>
<BR>[Calls]<UL><LI><a href="#[129]">&gt;&gt;</a>&nbsp;&nbsp;&nbsp;DPDM_VarTimer1_Stop
</UL>
<BR>[Address Reference Count : 1]<UL><LI> ufcs_app.o(.rodata.ufcs_app_state)
</UL>
<P><STRONG><a name="[50]"></a>ufcs_phy_tx_reset</STRONG> (Thumb, 52 bytes, Stack size 0 bytes, ufcs_phy.o(.text.ufcs_phy_tx_reset))
<BR>[Address Reference Count : 1]<UL><LI> ufcs_phy.o(.text.ufcs_phy)
</UL>
<P><STRONG><a name="[51]"></a>ufcs_phy_tx_packet</STRONG> (Thumb, 104 bytes, Stack size 16 bytes, ufcs_phy.o(.text.ufcs_phy_tx_packet))
<BR><BR>[Stack]<UL><LI>Max Depth = 16<LI>Call Chain = ufcs_phy_tx_packet
</UL>
<BR>[Calls]<UL><LI><a href="#[2ae]">&gt;&gt;</a>&nbsp;&nbsp;&nbsp;UFCS_SetDataLength
<LI><a href="#[28a]">&gt;&gt;</a>&nbsp;&nbsp;&nbsp;UFCS_ITConfig
<LI><a href="#[27e]">&gt;&gt;</a>&nbsp;&nbsp;&nbsp;UFCS_SetFunctional
</UL>
<BR>[Address Reference Count : 1]<UL><LI> ufcs_phy.o(.text.ufcs_phy)
</UL>
<P><STRONG><a name="[52]"></a>ufcs_phy_tx_packet_end</STRONG> (Thumb, 136 bytes, Stack size 16 bytes, ufcs_phy.o(.text.ufcs_phy_tx_packet_end))
<BR><BR>[Stack]<UL><LI>Max Depth = 40<LI>Call Chain = ufcs_phy_tx_packet_end &rArr; DPDM_VarTimer2_Start &rArr; Nvic_Irq_Enable
</UL>
<BR>[Calls]<UL><LI><a href="#[12a]">&gt;&gt;</a>&nbsp;&nbsp;&nbsp;DPDM_VarTimer2_Stop
<LI><a href="#[11d]">&gt;&gt;</a>&nbsp;&nbsp;&nbsp;DPDM_VarTimer2_Start
</UL>
<BR>[Address Reference Count : 1]<UL><LI> ufcs_phy.o(.text.ufcs_phy)
</UL><P>
<H3>
Undefined Global Symbols
</H3><HR></body></html>
