Component: ARM Compiler 6.16 Tool: armlink [5dfeaa00]

==============================================================================

Section Cross References

    startup_cmsdk_cm0.o(RESET) refers to startup_cmsdk_cm0.o(STACK) for __initial_sp
    startup_cmsdk_cm0.o(RESET) refers to startup_cmsdk_cm0.o(.text) for Reset_Handler
    startup_cmsdk_cm0.o(RESET) refers to anker_policy.o(.text.UART_Handler) for UART_Handler
    startup_cmsdk_cm0.o(RESET) refers to typec.o(.text.TYPEC0_Handler) for TYPEC0_Handler
    startup_cmsdk_cm0.o(RESET) refers to pd_phy.o(.text.PD_Handler) for PD_Handler
    startup_cmsdk_cm0.o(RESET) refers to zr_dpdm.o(.text.DPDM_Handler) for DPDM_Handler
    startup_cmsdk_cm0.o(RESET) refers to iic_slave_drive_policy.o(.text.I2CS_Handler) for I2CS_Handler
    startup_cmsdk_cm0.o(RESET) refers to zr_power.o(.text.POWER_Handler) for POWER_Handler
    startup_cmsdk_cm0.o(RESET) refers to typec.o(.text.TYPEC1_Handler) for TYPEC1_Handler
    startup_cmsdk_cm0.o(RESET) refers to zr_tfcp_app.o(.text.TFCP_Handler) for TFCP_Handler
    startup_cmsdk_cm0.o(RESET) refers to zr_scp_app.o(.text.SCP_Handler) for SCP_Handler
    startup_cmsdk_cm0.o(RESET) refers to zr_adc.o(.text.ADC_Handler) for ADC_Handler
    startup_cmsdk_cm0.o(RESET) refers to ufcs_phy.o(.text.UFCS_Handler) for UFCS_Handler
    startup_cmsdk_cm0.o(RESET) refers to zr_plug.o(.text.BTM0_Handler) for BTM0_Handler
    startup_cmsdk_cm0.o(RESET) refers to zr_dpdm.o(.text.BTM1_Handler) for BTM1_Handler
    startup_cmsdk_cm0.o(RESET) refers to pd_pro.o(.text.BTM2_Handler) for BTM2_Handler
    startup_cmsdk_cm0.o(RESET) refers to zr_dpdm.o(.text.BTM3_Handler) for BTM3_Handler
    startup_cmsdk_cm0.o(RESET) refers to iic_slave_drive_policy.o(.text.ATM0_Handler) for ATM0_Handler
    startup_cmsdk_cm0.o(RESET) refers to pd_pro.o(.text.ATM1_Handler) for ATM1_Handler
    startup_cmsdk_cm0.o(RESET) refers to zr_plug.o(.text.PLUG_Handler) for PLUG_Handler
    startup_cmsdk_cm0.o(RESET) refers to zr_abn.o(.text.ABN_Handler) for ABN_Handler
    startup_cmsdk_cm0.o(RESET) refers to zr_vooc_app.o(.text.VOOC_Handler) for VOOC_Handler
    startup_cmsdk_cm0.o(.text) refers to entry.o(.ARM.Collect$$$$00000000) for __main
    main.o(.text.main) refers to system_cfg.o(.text.Device_Init) for Device_Init
    main.o(.text.main) refers to iic_slave_init_policy.o(.text.Init_Config_Policy) for Init_Config_Policy
    main.o(.text.main) refers to iic_slave_main_policy.o(.text.Main_Start_Run_Policy) for Main_Start_Run_Policy
    main.o(.text.main) refers to device.o(.text.Device_Run) for Device_Run
    main.o(.text.main) refers to iic_slave_main_policy.o(.text.Main_Policy) for Main_Policy
    main.o(.ARM.exidx.text.main) refers to main.o(.text.main) for [Anonymous Symbol]
    serial.o(.text.Serail_Init) refers to zr_rcc.o(.text.Rcc_Module_Clk_Enable) for Rcc_Module_Clk_Enable
    serial.o(.text.Serail_Init) refers to zr_gpio.o(.text.Gpio_Function_Select) for Gpio_Function_Select
    serial.o(.text.Serail_Init) refers to zr_rcc.o(.text.Rcc_Module_Rst) for Rcc_Module_Rst
    serial.o(.text.Serail_Init) refers to zr_rcc.o(.text.Rcc_Module_Rst_Release) for Rcc_Module_Rst_Release
    serial.o(.text.Serail_Init) refers to zr_uart.o(.text.Uart_Baudrate_Cfg) for Uart_Baudrate_Cfg
    serial.o(.text.Serail_Init) refers to zr_uart.o(.text.Uart_TX_Enable) for Uart_TX_Enable
    serial.o(.text.Serail_Init) refers to zr_rcc.o(.text.Rcc_Module_Clk_Disable) for Rcc_Module_Clk_Disable
    serial.o(.ARM.exidx.text.Serail_Init) refers to serial.o(.text.Serail_Init) for [Anonymous Symbol]
    serial.o(.text.fputc) refers to zr_uart.o(.text.Uart_TX_Byte) for Uart_TX_Byte
    serial.o(.ARM.exidx.text.fputc) refers to serial.o(.text.fputc) for [Anonymous Symbol]
    iic_slave_drive_policy.o(.text.ATM0_Handler) refers to zr_atm.o(.text.Atm0_Clear_Int_Pending) for Atm0_Clear_Int_Pending
    iic_slave_drive_policy.o(.text.ATM0_Handler) refers to iic_slave_global_variables_policy.o(.bss.policyGlobalData) for policyGlobalData
    iic_slave_drive_policy.o(.ARM.exidx.text.ATM0_Handler) refers to iic_slave_drive_policy.o(.text.ATM0_Handler) for [Anonymous Symbol]
    iic_slave_drive_policy.o(.text.Atm0_Custom_Enable) refers to zr_atm.o(.text.Atm0_Clear_Int_Pending) for Atm0_Clear_Int_Pending
    iic_slave_drive_policy.o(.text.Atm0_Custom_Enable) refers to zr_atm.o(.text.Atm0_Int_Enable) for Atm0_Int_Enable
    iic_slave_drive_policy.o(.text.Atm0_Custom_Enable) refers to zr_atm.o(.text.Atm0_Enable) for Atm0_Enable
    iic_slave_drive_policy.o(.ARM.exidx.text.Atm0_Custom_Enable) refers to iic_slave_drive_policy.o(.text.Atm0_Custom_Enable) for [Anonymous Symbol]
    iic_slave_drive_policy.o(.text.Atm0_Custom_Disable) refers to zr_atm.o(.text.Atm0_Clear_Int_Pending) for Atm0_Clear_Int_Pending
    iic_slave_drive_policy.o(.text.Atm0_Custom_Disable) refers to zr_atm.o(.text.Atm0_Int_Disable) for Atm0_Int_Disable
[...]
    0x00001598   0x00001598   0x0000000c   Code   RO         1592    .text.BTM_Get_Int_Pending  SW356x_v1.7.1.lib(zr_btm.o)
    0x000015a4   0x000015a4   0x00000018   Code   RO         1804    .text.BTM_Init      SW356x_v1.7.1.lib(btm.o)
    0x000015bc   0x000015bc   0x0000000c   Code   RO         1590    .text.BTM_Int_Disable  SW356x_v1.7.1.lib(zr_btm.o)
    0x000015c8   0x000015c8   0x00000010   Code   RO         1588    .text.BTM_Int_Enable  SW356x_v1.7.1.lib(zr_btm.o)
    0x000015d8   0x000015d8   0x00000014   Code   RO         1139    .text.BTM_MS_Close  SW356x_v1.7.1.lib(pd_pro.o)
    0x000015ec   0x000015ec   0x0000003c   Code   RO         1137    .text.BTM_MS_Init   SW356x_v1.7.1.lib(pd_pro.o)
    0x00001628   0x00001628   0x0000000c   Code   RO         1594    .text.BTM_Pending_Clear  SW356x_v1.7.1.lib(zr_btm.o)
    0x00001634   0x00001634   0x00000030   Code   RO         2335    .text.Bad_Connection_Proc  SW356x_v1.7.1.lib(zr_vooc_app.o)
    0x00001664   0x00001664   0x00000018   Code   RO          911    .text.CLK_Init      SW356x_v1.7.1.lib(system_cfg.o)
    0x0000167c   0x0000167c   0x0000004c   Code   RO          969    .text.Config_Apply  SW356x_v1.7.1.lib(device.o)
    0x000016c8   0x000016c8   0x00000008   Code   RO          935    .text.Config_Get    SW356x_v1.7.1.lib(config.o)
    0x000016d0   0x000016d0   0x00000454   Code   RO          933    .text.Config_Init   SW356x_v1.7.1.lib(config.o)
    0x00001b24   0x00001b24   0x00000028   Code   RO         1356    .text.Config_Set_Lps  SW356x_v1.7.1.lib(zr_plug.o)
    0x00001b4c   0x00001b4c   0x0000003c   Code   RO         1352    .text.Config_Set_Noload_Threshold  SW356x_v1.7.1.lib(zr_plug.o)
    0x00001b88   0x00001b88   0x000000cc   Code   RO         1815    .text.Config_Setup  SW356x_v1.7.1.lib(config_setup.o)
    0x00001c54   0x00001c54   0x000000f8   Code   RO         1218    .text.DPDM1_Apple_Handler  SW356x_v1.7.1.lib(zr_dpdm.o)
    0x00001d4c   0x00001d4c   0x000000f4   Code   RO         1220    .text.DPDM1_Apple_IN_Handler  SW356x_v1.7.1.lib(zr_dpdm.o)
    0x00001e40   0x00001e40   0x0000000a   Code   RO         1216    .text.DPDM1_Ideal_Handler  SW356x_v1.7.1.lib(zr_dpdm.o)
    0x00001e4a   0x00001e4a   0x0000000a   Code   RO         1226    .text.DPDM1_PD_HDRST_Handler  SW356x_v1.7.1.lib(zr_dpdm.o)
    0x00001e54   0x00001e54   0x0000000a   Code   RO         1224    .text.DPDM1_PRO_Handler  SW356x_v1.7.1.lib(zr_dpdm.o)
    0x00001e5e   0x00001e5e   0x00000002   PAD
    0x00001e60   0x00001e60   0x00000198   Code   RO         1222    .text.DPDM1_Samsung_Handler  SW356x_v1.7.1.lib(zr_dpdm.o)
    0x00001ff8   0x00001ff8   0x00000108   Code   RO         1256    .text.DPDM2_Apple_Handler  SW356x_v1.7.1.lib(zr_dpdm.o)
    0x00002100   0x00002100   0x00000104   Code   RO         1258    .text.DPDM2_Apple_IN_Handler  SW356x_v1.7.1.lib(zr_dpdm.o)
    0x00002204   0x00002204   0x0000000a   Code   RO         1254    .text.DPDM2_Ideal_Handler  SW356x_v1.7.1.lib(zr_dpdm.o)
    0x0000220e   0x0000220e   0x0000000a   Code   RO         1264    .text.DPDM2_PD_HDRST_Handler  SW356x_v1.7.1.lib(zr_dpdm.o)
    0x00002218   0x00002218   0x0000000a   Code   RO         1262    .text.DPDM2_PRO_Handler  SW356x_v1.7.1.lib(zr_dpdm.o)
    0x00002222   0x00002222   0x00000002   PAD
    0x00002224   0x00002224   0x00000198   Code   RO         1260    .text.DPDM2_Samsung_Handler  SW356x_v1.7.1.lib(zr_dpdm.o)
    0x000023bc   0x000023bc   0x00000070   Code   RO         1236    .text.DPDM_Apple2Vooc_Handler  SW356x_v1.7.1.lib(zr_dpdm.o)
    0x0000242c   0x0000242c   0x0000004c   Code   RO         1234    .text.DPDM_Apple_FCDisable_Handler  SW356x_v1.7.1.lib(zr_dpdm.o)
    0x00002478   0x00002478   0x0000011c   Code   RO         1232    .text.DPDM_Apple_FCEnable_Handler  SW356x_v1.7.1.lib(zr_dpdm.o)
    0x00002594   0x00002594   0x000000ec   Code   RO         1230    .text.DPDM_Apple_Init_Handler  SW356x_v1.7.1.lib(zr_dpdm.o)
    0x00002680   0x00002680   0x0000034c   Code   RO         1204    .text.DPDM_Handler  SW356x_v1.7.1.lib(zr_dpdm.o)
    0x000029cc   0x000029cc   0x00000058   Code   RO         1228    .text.DPDM_Ideal_Handler  SW356x_v1.7.1.lib(zr_dpdm.o)
    0x00002a24   0x00002a24   0x00000040   Code   RO         1200    .text.DPDM_Init     SW356x_v1.7.1.lib(zr_dpdm.o)
    0x00002a64   0x00002a64   0x00000088   Code   RO         1252    .text.DPDM_PD_HDRST_Handler  SW356x_v1.7.1.lib(zr_dpdm.o)
    0x00002aec   0x00002aec   0x000000a0   Code   RO         1268    .text.DPDM_PRO_DM_ZERO_Handler  SW356x_v1.7.1.lib(zr_dpdm.o)
    0x00002b8c   0x00002b8c   0x00000090   Code   RO         1250    .text.DPDM_PRO_Handler  SW356x_v1.7.1.lib(zr_dpdm.o)
    0x00002c1c   0x00002c1c   0x00000034   Code   RO         1266    .text.DPDM_PRO_Ideal_Handler  SW356x_v1.7.1.lib(zr_dpdm.o)
    0x00002c50   0x00002c50   0x00000168   Code   RO         1272    .text.DPDM_PRO_QC2_Handler  SW356x_v1.7.1.lib(zr_dpdm.o)
    0x00002db8   0x00002db8   0x00000484   Code   RO         1274    .text.DPDM_PRO_QC3_Handler  SW356x_v1.7.1.lib(zr_dpdm.o)
    0x0000323c   0x0000323c   0x00000220   Code   RO         1270    .text.DPDM_PRO_QC_PRE_Handler  SW356x_v1.7.1.lib(zr_dpdm.o)
    0x0000345c   0x0000345c   0x00000070   Code   RO         1292    .text.DPDM_PRO_RST_Handler  SW356x_v1.7.1.lib(zr_dpdm.o)
    0x000034cc   0x000034cc   0x000000f0   Code   RO         1276    .text.DPDM_PRO_SCP_Handler  SW356x_v1.7.1.lib(zr_dpdm.o)
    0x000035bc   0x000035bc   0x0000009c   Code   RO         1284    .text.DPDM_PRO_SFCP_DM0P6V_Handler  SW356x_v1.7.1.lib(zr_dpdm.o)
    0x00003658   0x00003658   0x00000378   Code   RO         1286    .text.DPDM_PRO_SFCP_Handler  SW356x_v1.7.1.lib(zr_dpdm.o)
    0x000039d0   0x000039d0   0x000000a4   Code   RO         1282    .text.DPDM_PRO_SFCP_PRE_Handler  SW356x_v1.7.1.lib(zr_dpdm.o)
    0x00003a74   0x00003a74   0x000000c8   Code   RO         1280    .text.DPDM_PRO_TFCP_Handler  SW356x_v1.7.1.lib(zr_dpdm.o)
    0x00003b3c   0x00003b3c   0x00000034   Code   RO         1304    .text.DPDM_PRO_TFCP_PRE_Ext  SW356x_v1.7.1.lib(zr_dpdm.o)
    0x00003b70   0x00003b70   0x000000cc   Code   RO         1278    .text.DPDM_PRO_TFCP_PRE_Handler  SW356x_v1.7.1.lib(zr_dpdm.o)
    0x00003c3c   0x00003c3c   0x00000034   Code   RO         1288    .text.DPDM_PRO_UFCS_Handler  SW356x_v1.7.1.lib(zr_dpdm.o)
    0x00003c70   0x00003c70   0x00000180   Code   RO         1290    .text.DPDM_PRO_VOOC_Handler  SW356x_v1.7.1.lib(zr_dpdm.o)
    0x00003df0   0x00003df0   0x00000338   Code   RO         1198    .text.DPDM_Policy   SW356x_v1.7.1.lib(zr_dpdm.o)
    0x00004128   0x00004128   0x00000010   Code   RO         1848    .text.DPDM_Pro_Cable_Type_Get  SW356x_v1.7.1.lib(dpdm_protocol.o)
    0x00004138   0x00004138   0x00000030   Code   RO         2119    .text.DPDM_Pro_Gate_Conrtol  SW356x_v1.7.1.lib(zr_scp.o)
    0x00004168   0x00004168   0x00000020   Code   RO         2127    .text.DPDM_Pro_Gate_Status_Get  SW356x_v1.7.1.lib(zr_scp.o)
    0x00004188   0x00004188   0x00000034   Code   RO         1846    .text.DPDM_Pro_Port_Type_Get  SW356x_v1.7.1.lib(dpdm_protocol.o)
    0x000041bc   0x000041bc   0x0000005c   Code   RO         2115    .text.DPDM_Pro_Public_Timer_Control  SW356x_v1.7.1.lib(zr_scp.o)
    0x00004218   0x00004218   0x00000018   Code   RO         2111    .text.DPDM_Pro_Public_Timer_Set  SW356x_v1.7.1.lib(zr_scp.o)
    0x00004230   0x00004230   0x00000034   Code   RO         1840    .text.DPDM_Protocol_Policy  SW356x_v1.7.1.lib(dpdm_protocol.o)
    0x00004264   0x00004264   0x00000028   Code   RO         1844    .text.DPDM_Protocol_Process  SW356x_v1.7.1.lib(dpdm_protocol.o)
    0x0000428c   0x0000428c   0x00000140   Code   RO         1842    .text.DPDM_Protocol_Reset  SW356x_v1.7.1.lib(dpdm_protocol.o)
    0x000043cc   0x000043cc   0x000000cc   Code   RO         1298    .text.DPDM_QC2_12V_Handler  SW356x_v1.7.1.lib(zr_dpdm.o)
    0x00004498   0x00004498   0x000000c0   Code   RO         1300    .text.DPDM_QC2_20V_Handler  SW356x_v1.7.1.lib(zr_dpdm.o)
    0x00004558   0x00004558   0x000000ec   Code   RO         1296    .text.DPDM_QC2_9V_Handler  SW356x_v1.7.1.lib(zr_dpdm.o)
    0x00004644   0x00004644   0x00000108   Code   RO         1302    .text.DPDM_QC2_QC3_Handler  SW356x_v1.7.1.lib(zr_dpdm.o)
    0x0000474c   0x0000474c   0x000000b8   Code   RO         1294    .text.DPDM_QC_Exit_Handler  SW356x_v1.7.1.lib(zr_dpdm.o)
    0x00004804   0x00004804   0x00000044   Code   RO         1202    .text.DPDM_Reset    SW356x_v1.7.1.lib(zr_dpdm.o)
    0x00004848   0x00004848   0x00000080   Code   RO         1242    .text.DPDM_Samsung2Apple_Handler  SW356x_v1.7.1.lib(zr_dpdm.o)
    0x000048c8   0x000048c8   0x00000054   Code   RO         1244    .text.DPDM_Samsung2DmZero_Handler  SW356x_v1.7.1.lib(zr_dpdm.o)
    0x0000491c   0x0000491c   0x00000070   Code   RO         1246    .text.DPDM_Samsung2TFCPPre_Handler  SW356x_v1.7.1.lib(zr_dpdm.o)
    0x0000498c   0x0000498c   0x00000088   Code   RO         1248    .text.DPDM_Samsung2VOOC_Handler  SW356x_v1.7.1.lib(zr_dpdm.o)
    0x00004a14   0x00004a14   0x000000ec   Code   RO         1240    .text.DPDM_Samsung_FCEnable_Handler  SW356x_v1.7.1.lib(zr_dpdm.o)
    0x00004b00   0x00004b00   0x00000098   Code   RO         1238    .text.DPDM_Samsung_Init_Handler  SW356x_v1.7.1.lib(zr_dpdm.o)
    0x00004b98   0x00004b98   0x00000044   Code   RO         1190    .text.DPDM_VarTimer1_Start  SW356x_v1.7.1.lib(zr_dpdm.o)
    0x00004bdc   0x00004bdc   0x00000018   Code   RO         1192    .text.DPDM_VarTimer1_Stop  SW356x_v1.7.1.lib(zr_dpdm.o)
    0x00004bf4   0x00004bf4   0x00000044   Code   RO         1194    .text.DPDM_VarTimer2_Start  SW356x_v1.7.1.lib(zr_dpdm.o)
    0x00004c38   0x00004c38   0x0000001c   Code   RO         1196    .text.DPDM_VarTimer2_Stop  SW356x_v1.7.1.lib(zr_dpdm.o)
    0x00004c54   0x00004c54   0x0000010c   Code   RO         2339    .text.Decode_Proc   SW356x_v1.7.1.lib(zr_vooc_app.o)
    0x00004d60   0x00004d60   0x0000003a   Code   RO          359    .text.Depart_SqQueue  iic_slave_global_variables_policy.o
    0x00004d9a   0x00004d9a   0x00000002   PAD
    0x00004d9c   0x00004d9c   0x00000158   Code   RO         2347    .text.DevType_Proc  SW356x_v1.7.1.lib(zr_vooc_app.o)
    0x00004ef4   0x00004ef4   0x0000007c   Code   RO         1470    .text.Device_Buck_Config  SW356x_v1.7.1.lib(zr_power.o)
    0x00004f70   0x00004f70   0x00000020   Code   RO         1472    .text.Device_Buck_Config_Temp_Parameter  SW356x_v1.7.1.lib(zr_power.o)
    0x00004f90   0x00004f90   0x00000014   Code   RO         1484    .text.Device_Cfg_Mos_Resistance  SW356x_v1.7.1.lib(zr_power.o)
    0x00004fa4   0x00004fa4   0x0000000c   Code   RO          412    .text.Device_Compatibility_Policy  device_compatibility_policy.o
    0x00004fb0   0x00004fb0   0x000000b4   Code   RO          961    .text.Device_Get_Port_State  SW356x_v1.7.1.lib(device.o)
    0x00005064   0x00005064   0x00000030   Code   RO          967    .text.Device_Get_Protocol  SW356x_v1.7.1.lib(device.o)
    0x00005094   0x00005094   0x00000018   Code   RO          971    .text.Device_Get_Requesting_Voltage  SW356x_v1.7.1.lib(device.o)
    0x000050ac   0x000050ac   0x00000034   Code   RO          915    .text.Device_Init   SW356x_v1.7.1.lib(system_cfg.o)
    0x000050e0   0x000050e0   0x00000010   Code   RO          963    .text.Device_Is_In_Fast_Charge  SW356x_v1.7.1.lib(device.o)
    0x000050f0   0x000050f0   0x0000000c   Code   RO         1482    .text.Device_Register_Power_Adjust_Hook  SW356x_v1.7.1.lib(zr_power.o)
    0x000050fc   0x000050fc   0x00000034   Code   RO          947    .text.Device_Run    SW356x_v1.7.1.lib(device.o)
    0x00005130   0x00005130   0x00000008   Code   RO          973    .text.Device_Set_Buck_Clock  SW356x_v1.7.1.lib(device.o)
    0x00005138   0x00005138   0x00000018   Code   RO         1488    .text.Device_Set_Vr_Ocp  SW356x_v1.7.1.lib(zr_power.o)
    0x00005150   0x00005150   0x00000018   Code   RO         1214    .text.Dpdm_Is_Short  SW356x_v1.7.1.lib(zr_dpdm.o)
    0x00005168   0x00005168   0x00000024   Code   RO         1212    .text.Dpdm_Short_Ctrl  SW356x_v1.7.1.lib(zr_dpdm.o)
    0x0000518c   0x0000518c   0x000000c0   Code   RO         2341    .text.Encode_Proc   SW356x_v1.7.1.lib(zr_vooc_app.o)
    0x0000524c   0x0000524c   0x00000018   Code   RO          921    .text.Enter_DeepSleep  SW356x_v1.7.1.lib(system_cfg.o)
    0x00005264   0x00005264   0x0000001c   Code   RO          923    .text.Enter_NormalSleep  SW356x_v1.7.1.lib(system_cfg.o)
    0x00005280   0x00005280   0x00000046   Code   RO          357    .text.Enter_SqQueue  iic_slave_global_variables_policy.o
    0x000052c6   0x000052c6   0x00000002   PAD
    0x000052c8   0x000052c8   0x00000070   Code   RO          133    .text.Execute_Register01_Function  iic_slave_write_policy.o
    0x00005338   0x00005338   0x000000be   Code   RO          135    .text.Execute_Register02_Function  iic_slave_write_policy.o
    0x000053f6   0x000053f6   0x000000ac   Code   RO          137    .text.Execute_Register03_Function  iic_slave_write_policy.o
    0x000054a2   0x000054a2   0x00000018   Code   RO          139    .text.Execute_Register04_Function  iic_slave_write_policy.o
    0x000054ba   0x000054ba   0x00000024   Code   RO          141    .text.Execute_Register05_Function  iic_slave_write_policy.o
    0x000054de   0x000054de   0x00000026   Code   RO          143    .text.Execute_Register06_Function  iic_slave_write_policy.o
    0x00005504   0x00005504   0x00000022   Code   RO          145    .text.Execute_Register07_Function  iic_slave_write_policy.o
    0x00005526   0x00005526   0x000000c2   Code   RO          147    .text.Execute_Register08_Function  iic_slave_write_policy.o
    0x000055e8   0x000055e8   0x0000002a   Code   RO          149    .text.Execute_Register09_Function  iic_slave_write_policy.o
    0x00005612   0x00005612   0x00000030   Code   RO          151    .text.Execute_Register0A_Function  iic_slave_write_policy.o
    0x00005642   0x00005642   0x00000030   Code   RO          153    .text.Execute_Register0B_Function  iic_slave_write_policy.o
    0x00005672   0x00005672   0x0000002c   Code   RO          155    .text.Execute_Register0C_Function  iic_slave_write_policy.o
    0x0000569e   0x0000569e   0x00000024   Code   RO          157    .text.Execute_Register0D_Function  iic_slave_write_policy.o
    0x000056c2   0x000056c2   0x0000002a   Code   RO          159    .text.Execute_Register0E_Function  iic_slave_write_policy.o
    0x000056ec   0x000056ec   0x00000024   Code   RO          161    .text.Execute_Register0F_Function  iic_slave_write_policy.o
    0x00005710   0x00005710   0x0000002a   Code   RO          163    .text.Execute_Register10_Function  iic_slave_write_policy.o
    0x0000573a   0x0000573a   0x00000024   Code   RO          165    .text.Execute_Register11_Function  iic_slave_write_policy.o
    0x0000575e   0x0000575e   0x0000002a   Code   RO          167    .text.Execute_Register12_Function  iic_slave_write_policy.o
    0x00005788   0x00005788   0x0000001a   Code   RO          169    .text.Execute_Register13_Function  iic_slave_write_policy.o
    0x000057a2   0x000057a2   0x0000001a   Code   RO          171    .text.Execute_Register14_Function  iic_slave_write_policy.o
    0x000057bc   0x000057bc   0x00000064   Code   RO          173    .text.Execute_Register15_Function  iic_slave_write_policy.o
    0x00005820   0x00005820   0x00000058   Code   RO          175    .text.Execute_Register16_Function  iic_slave_write_policy.o
    0x00005878   0x00005878   0x0000001e   Code   RO          177    .text.Execute_Register17_Function  iic_slave_write_policy.o
    0x00005896   0x00005896   0x0000001e   Code   RO          179    .text.Execute_Register18_Function  iic_slave_write_policy.o
    0x000058b4   0x000058b4   0x00000018   Code   RO          181    .text.Execute_Register19_Function  iic_slave_write_policy.o
    0x000058cc   0x000058cc   0x0000001a   Code   RO          183    .text.Execute_Register1A_Function  iic_slave_write_policy.o
    0x000058e6   0x000058e6   0x0000002c   Code   RO          185    .text.Execute_Register1B_Function  iic_slave_write_policy.o
    0x00005912   0x00005912   0x00000018   Code   RO          187    .text.Execute_Register1C_Function  iic_slave_write_policy.o
    0x0000592a   0x0000592a   0x00000018   Code   RO          189    .text.Execute_Register1D_Function  iic_slave_write_policy.o
    0x00005942   0x00005942   0x0000001a   Code   RO          191    .text.Execute_Register1E_Function  iic_slave_write_policy.o
    0x0000595c   0x0000595c   0x0000001a   Code   RO          193    .text.Execute_Register1F_Function  iic_slave_write_policy.o
    0x00005976   0x00005976   0x0000001a   Code   RO          195    .text.Execute_Register20_Function  iic_slave_write_policy.o
    0x00005990   0x00005990   0x0000001a   Code   RO          197    .text.Execute_Register21_Function  iic_slave_write_policy.o
    0x000059aa   0x000059aa   0x0000001a   Code   RO          199    .text.Execute_Register22_Function  iic_slave_write_policy.o
    0x000059c4   0x000059c4   0x0000001a   Code   RO          201    .text.Execute_Register23_Function  iic_slave_write_policy.o
    0x000059de   0x000059de   0x00000018   Code   RO          203    .text.Execute_Register24_Function  iic_slave_write_policy.o
    0x000059f6   0x000059f6   0x0000001a   Code   RO          205    .text.Execute_Register25_Function  iic_slave_write_policy.o
    0x00005a10   0x00005a10   0x00000088   Code   RO          207    .text.Execute_Register26_Function  iic_slave_write_policy.o
    0x00005a98   0x00005a98   0x00000080   Code   RO          209    .text.Execute_Register27_Function  iic_slave_write_policy.o
    0x00005b18   0x00005b18   0x000000be   Code   RO          211    .text.Execute_Register28_Function  iic_slave_write_policy.o
    0x00005bd6   0x00005bd6   0x00000042   Code   RO          295    .text.Execute_Register65_Function  iic_slave_write_policy.o
    0x00005c18   0x00005c18   0x00000066   Code   RO          297    .text.Execute_Register66_Function  iic_slave_write_policy.o
    0x00005c7e   0x00005c7e   0x0000006a   Code   RO          299    .text.Execute_Register67_Function  iic_slave_write_policy.o
    0x00005ce8   0x00005ce8   0x00000056   Code   RO          301    .text.Execute_Register68_Function  iic_slave_write_policy.o
    0x00005d3e   0x00005d3e   0x00000002   PAD
    0x00005d40   0x00005d40   0x000000c0   Code   RO          303    .text.Execute_Register70_Function  iic_slave_write_policy.o
    0x00005e00   0x00005e00   0x00000078   Code   RO          309    .text.Execute_Register71_Function  iic_slave_write_policy.o
    0x00005e78   0x00005e78   0x00000026   Code   RO          311    .text.Execute_Register72_Function  iic_slave_write_policy.o
    0x00005e9e   0x00005e9e   0x00000028   Code   RO          313    .text.Execute_Register73_Function  iic_slave_write_policy.o
    0x00005ec6   0x00005ec6   0x0000001c   Code   RO          315    .text.Execute_Register74_Function  iic_slave_write_policy.o
    0x00005ee2   0x00005ee2   0x00000026   Code   RO          317    .text.Execute_Register75_Function  iic_slave_write_policy.o
    0x00005f08   0x00005f08   0x000000fc   Code   RO          319    .text.Execute_Register76_Function  iic_slave_write_policy.o
    0x00006004   0x00006004   0x00000128   Code   RO          321    .text.Execute_Register77_Function  iic_slave_write_policy.o
    0x0000612c   0x0000612c   0x00000098   Code   RO          323    .text.Execute_Register78_Function  iic_slave_write_policy.o
    0x000061c4   0x000061c4   0x000001a0   Code   RO           87    .text.Execute_Register82_Write_Function  iic_slave_read_policy.o
    0x00006364   0x00006364   0x0000017c   Code   RO           89    .text.Execute_Register85_And_Register86_Function  iic_slave_read_policy.o
    0x000064e0   0x000064e0   0x0000007a   Code   RO           91    .text.Execute_Register87_Function  iic_slave_read_policy.o
    0x0000655a   0x0000655a   0x00000084   Code   RO           93    .text.Execute_Register88_Function  iic_slave_read_policy.o
    0x000065de   0x000065de   0x00000002   Code   RO           95    .text.Execute_Register89_And_Register8C_Function  iic_slave_read_policy.o
    0x000065e0   0x000065e0   0x00000026   Code   RO           97    .text.Execute_Register90_And_Register91_Function  iic_slave_read_policy.o
    0x00006606   0x00006606   0x00000026   Code   RO           99    .text.Execute_Register92_And_Register93_Function  iic_slave_read_policy.o
    0x0000662c   0x0000662c   0x00000028   Code   RO          101    .text.Execute_Register94_And_Register95_Function  iic_slave_read_policy.o
    0x00006654   0x00006654   0x00000028   Code   RO          103    .text.Execute_Register96_And_Register97_Function  iic_slave_read_policy.o
    0x0000667c   0x0000667c   0x00000026   Code   RO          105    .text.Execute_Register98_And_Register99_Function  iic_slave_read_policy.o
    0x000066a2   0x000066a2   0x00000026   Code   RO          107    .text.Execute_Register9A_And_Register9B_Function  iic_slave_read_policy.o
    0x000066c8   0x000066c8   0x00000100   Code   RO          109    .text.Execute_Register9C_And_Register9F_Function  iic_slave_read_policy.o
    0x000067c8   0x000067c8   0x00000002   Code   RO          111    .text.Execute_RegisterA0_And_RegisterA1_Function  iic_slave_read_policy.o
    0x000067ca   0x000067ca   0x00000002   PAD
    0x000067cc   0x000067cc   0x00000104   Code   RO          113    .text.Execute_RegisterA2_And_RegisterA5_Function  iic_slave_read_policy.o
    0x000068d0   0x000068d0   0x00000014   Code   RO         1694    .text.FLASH_Power_Down_Disable  SW356x_v1.7.1.lib(zr_flash.o)
    0x000068e4   0x000068e4   0x00000014   Code   RO         1692    .text.FLASH_Power_Down_Enable  SW356x_v1.7.1.lib(zr_flash.o)
    0x000068f8   0x000068f8   0x00000028   Code   RO         1129    .text.GetSystemTimeMark  SW356x_v1.7.1.lib(pd_pro.o)
    0x00006920   0x00006920   0x00000024   Code   RO         1133    .text.GetSystemTimePass  SW356x_v1.7.1.lib(pd_pro.o)
    0x00006944   0x00006944   0x0000009a   Code   RO          337    .text.Get_5VFlag_Data  iic_slave_write_policy.o
    0x000069de   0x000069de   0x00000026   Code   RO          335    .text.Get_PPSFlag_data  iic_slave_write_policy.o
    0x00006a04   0x00006a04   0x00000014   Code   RO          371    .text.Get_RegAddr_Data  iic_slave_global_variables_policy.o
    0x00006a18   0x00006a18   0x00000068   Code   RO           60    .text.Gpio_Config_Init  iic_slave_init_policy.o
    0x00006a80   0x00006a80   0x00000084   Code   RO          633    .text.Gpio_Deinit   SW356x_v1.7.1.lib(zr_gpio.o)
    0x00006b04   0x00006b04   0x0000003c   Code   RO          623    .text.Gpio_Function_Select  SW356x_v1.7.1.lib(zr_gpio.o)
    0x00006b40   0x00006b40   0x0000004c   Code   RO          621    .text.Gpio_Init     SW356x_v1.7.1.lib(zr_gpio.o)
    0x00006b8c   0x00006b8c   0x00000034   Code   RO          637    .text.Gpio_Interrupt_Mode_Cfg  SW356x_v1.7.1.lib(zr_gpio.o)
    0x00006bc0   0x00006bc0   0x0000002c   Code   RO          629    .text.Gpio_Mos_Opendrain_Cfg  SW356x_v1.7.1.lib(zr_gpio.o)
    0x00006bec   0x00006bec   0x000000b8   Code   RO           71    .text.Gpio_Policy   iic_slave_main_policy.o
    0x00006ca4   0x00006ca4   0x0000002c   Code   RO          627    .text.Gpio_Pulldown_Pullup_Cfg  SW356x_v1.7.1.lib(zr_gpio.o)
    0x00006cd0   0x00006cd0   0x00000018   Code   RO          641    .text.Gpio_Set_Output_Value  SW356x_v1.7.1.lib(zr_gpio.o)
    0x00006ce8   0x00006ce8   0x00000050   Code   RO         2355    .text.Header_Judge  SW356x_v1.7.1.lib(zr_vooc_app.o)
    0x00006d38   0x00006d38   0x000000e8   Code   RO           38    .text.I2CS_Handler  iic_slave_drive_policy.o
    0x00006e20   0x00006e20   0x00000014   Code   RO          671    .text.I2c_Master_Disable  SW356x_v1.7.1.lib(zr_i2c.o)
    0x00006e34   0x00006e34   0x00000008   Code   RO          769    .text.I2c_Slave_Clear_Pending  SW356x_v1.7.1.lib(zr_i2c.o)
    0x00006e3c   0x00006e3c   0x00000094   Code   RO           56    .text.I2c_Slave_Config_Init  iic_slave_init_policy.o
    0x00006ed0   0x00006ed0   0x00000014   Code   RO          675    .text.I2c_Slave_Device_Addr_Cfg  SW356x_v1.7.1.lib(zr_i2c.o)
    0x00006ee4   0x00006ee4   0x0000000c   Code   RO          677    .text.I2c_Slave_Enable  SW356x_v1.7.1.lib(zr_i2c.o)
    0x00006ef0   0x00006ef0   0x0000000c   Code   RO          767    .text.I2c_Slave_Get_Pending  SW356x_v1.7.1.lib(zr_i2c.o)
    0x00006efc   0x00006efc   0x0000001c   Code   RO          789    .text.I2c_Slave_Get_RX_Data  SW356x_v1.7.1.lib(zr_i2c.o)
    0x00006f18   0x00006f18   0x00000010   Code   RO          775    .text.I2c_Slave_Get_Register_Address  SW356x_v1.7.1.lib(zr_i2c.o)
    0x00006f28   0x00006f28   0x0000000c   Code   RO          685    .text.I2c_Slave_Int_Disable  SW356x_v1.7.1.lib(zr_i2c.o)
    0x00006f34   0x00006f34   0x00000010   Code   RO          761    .text.I2c_Slave_Int_Enable  SW356x_v1.7.1.lib(zr_i2c.o)
    0x00006f44   0x00006f44   0x00000010   Code   RO          785    .text.I2c_Slave_RX_FIFO_Reset  SW356x_v1.7.1.lib(zr_i2c.o)
    0x00006f54   0x00006f54   0x00000010   Code   RO          787    .text.I2c_Slave_TX_FIFO_Reset  SW356x_v1.7.1.lib(zr_i2c.o)
    0x00006f64   0x00006f64   0x00000020   Code   RO          791    .text.I2c_Slave_Write_TX_Data  SW356x_v1.7.1.lib(zr_i2c.o)
    0x00006f84   0x00006f84   0x0000002c   Code   RO         2353    .text.ID_OK         SW356x_v1.7.1.lib(zr_vooc_app.o)
    0x00006fb0   0x00006fb0   0x00000048   Code   RO         2325    .text.ID_Proc       SW356x_v1.7.1.lib(zr_vooc_app.o)
    0x00006ff8   0x00006ff8   0x0000012c   Code   RO           54    .text.IICSlave_Address_Init  iic_slave_init_policy.o
    0x00007124   0x00007124   0x000000f0   Code   RO         2345    .text.IVarray_Proc  SW356x_v1.7.1.lib(zr_vooc_app.o)
    0x00007214   0x00007214   0x0000001c   Code   RO         1410    .text.Ideal_Check_ABN_Handler  SW356x_v1.7.1.lib(zr_plug.o)
    0x00007230   0x00007230   0x000001c8   Code   RO         1408    .text.Ideal_Power_Off_Handler  SW356x_v1.7.1.lib(zr_plug.o)
    0x000073f8   0x000073f8   0x0000006c   Code   RO         1414    .text.Ideal_Ready_Handler  SW356x_v1.7.1.lib(zr_plug.o)
    0x00007464   0x00007464   0x00000060   Code   RO         1412    .text.Ideal_Wait_ON_Handler  SW356x_v1.7.1.lib(zr_plug.o)
    0x000074c4   0x000074c4   0x00000058   Code   RO          393    .text.Init_CallBack  iic_slave_callback_policy.o
    0x0000751c   0x0000751c   0x0000004c   Code   RO           48    .text.Init_Config_Policy  iic_slave_init_policy.o
    0x00007568   0x00007568   0x00000012   Code   RO          353    .text.Init_SqQueue  iic_slave_global_variables_policy.o
    0x0000757a   0x0000757a   0x00000002   PAD
    0x0000757c   0x0000757c   0x00000034   Code   RO         1460    .text.LineCompensation  SW356x_v1.7.1.lib(zr_power.o)
    0x000075b0   0x000075b0   0x00000012   Code   RO          957    .text.Low_Power_Flash_Ctrl  SW356x_v1.7.1.lib(device.o)
    0x000075c2   0x000075c2   0x00000002   PAD
    0x000075c4   0x000075c4   0x00000018   Code   RO          953    .text.Low_Power_Is_Deep_Sleep  SW356x_v1.7.1.lib(device.o)
    0x000075dc   0x000075dc   0x00000008   Code   RO          955    .text.Low_Power_Not_Sleep  SW356x_v1.7.1.lib(device.o)
    0x000075e4   0x000075e4   0x00000130   Code   RO          951    .text.Low_Power_Sleep  SW356x_v1.7.1.lib(device.o)
    0x00007714   0x00007714   0x0000001c   Code   RO           75    .text.Main_Policy   iic_slave_main_policy.o
    0x00007730   0x00007730   0x00000048   Code   RO           69    .text.Main_Start_Run_Policy  iic_slave_main_policy.o
    0x00007778   0x00007778   0x000000d0   Code   RO         2343    .text.Model_Proc    SW356x_v1.7.1.lib(zr_vooc_app.o)
    0x00007848   0x00007848   0x00000054   Code   RO         1442    .text.Mos_Customize_Callback  SW356x_v1.7.1.lib(zr_plug.o)
    0x0000789c   0x0000789c   0x00000010   Code   RO          351    .text.My_GetSystemTimeMark  iic_slave_global_variables_policy.o
    0x000078ac   0x000078ac   0x00000044   Code   RO          349    .text.My_GetSystemTimePass  iic_slave_global_variables_policy.o
    0x000078f0   0x000078f0   0x00000038   Code   RO          459    .text.My_Memory_Byte_Copy  pd_message_decode.o
    0x00007928   0x00007928   0x00000014   Code   RO          813    .text.Nvic_Clear_Irq_Pending  SW356x_v1.7.1.lib(zr_nvic.o)
    0x0000793c   0x0000793c   0x00000004   Code   RO          817    .text.Nvic_Irq_Disable_All  SW356x_v1.7.1.lib(zr_nvic.o)
    0x00007940   0x00007940   0x00000050   Code   RO          805    .text.Nvic_Irq_Enable  SW356x_v1.7.1.lib(zr_nvic.o)
    0x00007990   0x00007990   0x00000004   Code   RO          815    .text.Nvic_Irq_Enable_All  SW356x_v1.7.1.lib(zr_nvic.o)
    0x00007994   0x00007994   0x0000001c   Code   RO         1650    .text.OTP_WR_Shadow_Reg_Disable  SW356x_v1.7.1.lib(zr_otp.o)
    0x000079b0   0x000079b0   0x0000001c   Code   RO         1648    .text.OTP_WR_Shadow_Reg_Enable  SW356x_v1.7.1.lib(zr_otp.o)
    0x000079cc   0x000079cc   0x00000060   Code   RO         1175    .text.Operate_Vconn_By_Scene  SW356x_v1.7.1.lib(typec.o)
    0x00007a2c   0x00007a2c   0x0000016c   Code   RO         2337    .text.PB_Proc       SW356x_v1.7.1.lib(zr_vooc_app.o)
    0x00007b98   0x00007b98   0x00000020   Code   RO         1869    .text.PD_BMCTime    SW356x_v1.7.1.lib(zr_pd.o)
    0x00007bb8   0x00007bb8   0x00000008   Code   RO         1901    .text.PD_ClearITStatus  SW356x_v1.7.1.lib(zr_pd.o)
    0x00007bc0   0x00007bc0   0x0000000c   Code   RO         1899    .text.PD_GetITStatus  SW356x_v1.7.1.lib(zr_pd.o)
    0x00007bcc   0x00007bcc   0x00000028   Code   RO         1102    .text.PD_GetRXFifoCont  SW356x_v1.7.1.lib(pd_phy.o)
    0x00007bf4   0x00007bf4   0x0000000c   Code   RO         1911    .text.PD_GetRxFIFOLevel  SW356x_v1.7.1.lib(zr_pd.o)
    0x00007c00   0x00007c00   0x0000000c   Code   RO         1909    .text.PD_GetRxSOP   SW356x_v1.7.1.lib(zr_pd.o)
    0x00007c0c   0x00007c0c   0x0000000c   Code   RO         1907    .text.PD_GetStatus  SW356x_v1.7.1.lib(zr_pd.o)
    0x00007c18   0x00007c18   0x00000010   Code   RO         1913    .text.PD_GetTxFIFOLevel  SW356x_v1.7.1.lib(zr_pd.o)
    0x00007c28   0x00007c28   0x000001b8   Code   RO         1100    .text.PD_Handler    SW356x_v1.7.1.lib(pd_phy.o)
    0x00007de0   0x00007de0   0x000000b4   Code   RO         1094    .text.PD_Hardware_Init  SW356x_v1.7.1.lib(pd_phy.o)
    0x00007e94   0x00007e94   0x00000018   Code   RO         1897    .text.PD_ITConfig   SW356x_v1.7.1.lib(zr_pd.o)
    0x00007eac   0x00007eac   0x00000034   Code   RO         1861    .text.PD_Init       SW356x_v1.7.1.lib(zr_pd.o)
    0x00007ee0   0x00007ee0   0x000001d0   Code   RO         1020    .text.PD_Process    SW356x_v1.7.1.lib(pd_app.o)
    0x000080b0   0x000080b0   0x0000000c   Code   RO         1905    .text.PD_RxData     SW356x_v1.7.1.lib(zr_pd.o)
    0x000080bc   0x000080bc   0x0000009c   Code   RO          451    .text.PD_Send_Message_Data  pd_message_decode.o
    0x00008158   0x00008158   0x00000032   Code   RO          453    .text.PD_Send_Not_Suppertd  pd_message_decode.o
    0x0000818a   0x0000818a   0x00000002   PAD
    0x0000818c   0x0000818c   0x00000010   Code   RO         1879    .text.PD_SetDataRole  SW356x_v1.7.1.lib(zr_pd.o)
    0x0000819c   0x0000819c   0x00000014   Code   RO         1865    .text.PD_SetFunctional  SW356x_v1.7.1.lib(zr_pd.o)
    0x000081b0   0x000081b0   0x00000014   Code   RO         1895    .text.PD_SetTxCmd   SW356x_v1.7.1.lib(zr_pd.o)
    0x000081c4   0x000081c4   0x00000014   Code   RO         1893    .text.PD_SetTxLength  SW356x_v1.7.1.lib(zr_pd.o)
    0x000081d8   0x000081d8   0x00000014   Code   RO         1889    .text.PD_SetTxRetry  SW356x_v1.7.1.lib(zr_pd.o)
    0x000081ec   0x000081ec   0x00000014   Code   RO         1883    .text.PD_SetVersion  SW356x_v1.7.1.lib(zr_pd.o)
    0x00008200   0x00008200   0x0000000c   Code   RO         1875    .text.PD_TxClear    SW356x_v1.7.1.lib(zr_pd.o)
    0x0000820c   0x0000820c   0x0000000c   Code   RO         1903    .text.PD_TxData     SW356x_v1.7.1.lib(zr_pd.o)
    0x00008218   0x00008218   0x0000001c   Code   RO         1871    .text.PD_TxGatingRp  SW356x_v1.7.1.lib(zr_pd.o)
    0x00008234   0x00008234   0x00000014   Code   RO         1891    .text.PD_TxSoftReset  SW356x_v1.7.1.lib(zr_pd.o)
    0x00008248   0x00008248   0x00000170   Code   RO         1346    .text.PLUG_Handler  SW356x_v1.7.1.lib(zr_plug.o)
    0x000083b8   0x000083b8   0x00000070   Code   RO         1514    .text.POWER_Handler  SW356x_v1.7.1.lib(zr_power.o)
    0x00008428   0x00008428   0x000000f0   Code   RO         1832    .text.PRO_AFC_Handler  SW356x_v1.7.1.lib(dpdm_protocol.o)
    0x00008518   0x00008518   0x00000124   Code   RO         1826    .text.PRO_IDLE_Handler  SW356x_v1.7.1.lib(dpdm_protocol.o)
    0x0000863c   0x0000863c   0x00000050   Code   RO         1828    .text.PRO_READY_Handler  SW356x_v1.7.1.lib(dpdm_protocol.o)
    0x0000868c   0x0000868c   0x00000254   Code   RO         1830    .text.PRO_SCP_Handler  SW356x_v1.7.1.lib(dpdm_protocol.o)
    0x000088e0   0x000088e0   0x00000188   Code   RO         1838    .text.PRO_SCP_Rst_Handler  SW356x_v1.7.1.lib(dpdm_protocol.o)
    0x00008a68   0x00008a68   0x000001a8   Code   RO         1834    .text.PRO_TFCP_Handler  SW356x_v1.7.1.lib(dpdm_protocol.o)
    0x00008c10   0x00008c10   0x000000ec   Code   RO         1836    .text.PRO_VOOC_Handler  SW356x_v1.7.1.lib(dpdm_protocol.o)
    0x00008cfc   0x00008cfc   0x00000090   Code   RO         1018    .text.Pd_Clear_Event  SW356x_v1.7.1.lib(pd_app.o)
    0x00008d8c   0x00008d8c   0x00000010   Code   RO         1014    .text.Pd_Exit_Epr_Mode  SW356x_v1.7.1.lib(pd_app.o)
    0x00008d9c   0x00008d9c   0x00000010   Code   RO         1092    .text.Pd_Get_Rx_Buff_Start_Address  SW356x_v1.7.1.lib(pd_phy.o)
    0x00008dac   0x00008dac   0x0000001c   Code   RO         1115    .text.Pd_Get_Tx_Buff_Start_Address  SW356x_v1.7.1.lib(pd_pro.o)
    0x00008dc8   0x00008dc8   0x00000008   Code   RO          988    .text.Pd_Init_Hook_Func  SW356x_v1.7.1.lib(pd_app.o)
    0x00008dd0   0x00008dd0   0x0000000c   Code   RO         1090    .text.Pd_Init_Rx_Message_Summary  SW356x_v1.7.1.lib(pd_phy.o)
    0x00008ddc   0x00008ddc   0x00000004   Code   RO         1113    .text.Pd_Init_Tx_Message_Summary  SW356x_v1.7.1.lib(pd_pro.o)
    0x00008de0   0x00008de0   0x00000014   Code   RO         1123    .text.Pd_Is_5a_Cable  SW356x_v1.7.1.lib(pd_pro.o)
    0x00008df4   0x00008df4   0x00000010   Code   RO          994    .text.Pd_Is_Dfp     SW356x_v1.7.1.lib(pd_app.o)
    0x00008e04   0x00008e04   0x0000009c   Code   RO         1016    .text.Pd_Is_Event_Happen  SW356x_v1.7.1.lib(pd_app.o)
    0x00008ea0   0x00008ea0   0x0000000c   Code   RO          990    .text.Pd_Is_Ready   SW356x_v1.7.1.lib(pd_app.o)
    0x00008eac   0x00008eac   0x00000014   Code   RO          992    .text.Pd_Is_Rev3_0  SW356x_v1.7.1.lib(pd_app.o)
    0x00008ec0   0x00008ec0   0x00000010   Code   RO         1002    .text.Pd_Rebroadcast_Src_Cap  SW356x_v1.7.1.lib(pd_app.o)
    0x00008ed0   0x00008ed0   0x00000010   Code   RO         1004    .text.Pd_Send_Soft_Reset  SW356x_v1.7.1.lib(pd_app.o)
    0x00008ee0   0x00008ee0   0x0000000c   Code   RO         1121    .text.Pd_Src_Cap_Ignore_Emarker  SW356x_v1.7.1.lib(pd_pro.o)
    0x00008eec   0x00008eec   0x00000014   Code   RO         1006    .text.Pd_Src_Send_Hard_Reset  SW356x_v1.7.1.lib(pd_app.o)
    0x00008f00   0x00008f00   0x0000004c   Code   RO         1117    .text.Pd_Tx_Message  SW356x_v1.7.1.lib(pd_pro.o)
    0x00008f4c   0x00008f4c   0x0000001c   Code   RO         1462    .text.PeakCurretSet  SW356x_v1.7.1.lib(zr_power.o)
    0x00008f68   0x00008f68   0x00000098   Code   RO         1324    .text.Plug_Init     SW356x_v1.7.1.lib(zr_plug.o)
    0x00009000   0x00009000   0x0000005c   Code   RO         1161    .text.Port_Force_Disconnect  SW356x_v1.7.1.lib(typec.o)
    0x0000905c   0x0000905c   0x00000008   Code   RO         1163    .text.Port_Reconnect  SW356x_v1.7.1.lib(typec.o)
    0x00009064   0x00009064   0x00000078   Code   RO         1458    .text.PowerChange   SW356x_v1.7.1.lib(zr_power.o)
    0x000090dc   0x000090dc   0x000001e4   Code   RO          387    .text.Power_Adjust_Fun  iic_slave_callback_policy.o
    0x000092c0   0x000092c0   0x0000002c   Code   RO         1500    .text.Power_Buck_Ctrl  SW356x_v1.7.1.lib(zr_power.o)
    0x000092ec   0x000092ec   0x00000028   Code   RO         1504    .text.Power_Gate_Ctrl  SW356x_v1.7.1.lib(zr_power.o)
    0x00009314   0x00009314   0x00000028   Code   RO         1466    .text.Power_Hsmos_Strength_Cfg  SW356x_v1.7.1.lib(zr_power.o)
    0x0000933c   0x0000933c   0x000000ac   Code   RO         1476    .text.Power_Init    SW356x_v1.7.1.lib(zr_power.o)
    0x000093e8   0x000093e8   0x00000010   Code   RO         1510    .text.Power_Is_Adjust_Finished  SW356x_v1.7.1.lib(zr_power.o)
    0x000093f8   0x000093f8   0x0000000c   Code   RO         1502    .text.Power_Is_Buck_On  SW356x_v1.7.1.lib(zr_power.o)
    0x00009404   0x00009404   0x0000001c   Code   RO         1506    .text.Power_Is_Gate_On  SW356x_v1.7.1.lib(zr_power.o)
    0x00009420   0x00009420   0x00000218   Code   RO         1478    .text.Power_Process  SW356x_v1.7.1.lib(zr_power.o)
    0x00009638   0x00009638   0x00000014   Code   RO         1496    .text.Power_Set_Current_Slew  SW356x_v1.7.1.lib(zr_power.o)
    0x0000964c   0x0000964c   0x00000018   Code   RO         1492    .text.Power_Set_Voltage_Slew  SW356x_v1.7.1.lib(zr_power.o)
    0x00009664   0x00009664   0x0000000c   Code   RO          839    .text.Rcc_APB_Clock_Gate_Disable  SW356x_v1.7.1.lib(zr_rcc.o)
    0x00009670   0x00009670   0x00000018   Code   RO         1750    .text.Rcc_Buck_Divider_Cfg  SW356x_v1.7.1.lib(zr_rcc_priv.o)
    0x00009688   0x00009688   0x0000000c   Code   RO         1782    .text.Rcc_CC_Ldo_Enable  SW356x_v1.7.1.lib(zr_rcc_priv.o)
    0x00009694   0x00009694   0x0000007c   Code   RO          913    .text.Rcc_Config    SW356x_v1.7.1.lib(system_cfg.o)
    0x00009710   0x00009710   0x00000010   Code   RO         1776    .text.Rcc_Flash_Cache_Disable  SW356x_v1.7.1.lib(zr_rcc_priv.o)
    0x00009720   0x00009720   0x00000010   Code   RO         1774    .text.Rcc_Flash_Cache_Enable  SW356x_v1.7.1.lib(zr_rcc_priv.o)
    0x00009730   0x00009730   0x00000014   Code   RO         1794    .text.Rcc_Get_Chip_Version  SW356x_v1.7.1.lib(zr_rcc_priv.o)
    0x00009744   0x00009744   0x0000000c   Code   RO          829    .text.Rcc_Module_Clk_Disable  SW356x_v1.7.1.lib(zr_rcc.o)
    0x00009750   0x00009750   0x0000000c   Code   RO          827    .text.Rcc_Module_Clk_Enable  SW356x_v1.7.1.lib(zr_rcc.o)
    0x0000975c   0x0000975c   0x0000000c   Code   RO          831    .text.Rcc_Module_Rst  SW356x_v1.7.1.lib(zr_rcc.o)
    0x00009768   0x00009768   0x00000010   Code   RO          833    .text.Rcc_Module_Rst_Release  SW356x_v1.7.1.lib(zr_rcc.o)
    0x00009778   0x00009778   0x00000010   Code   RO         1790    .text.Rcc_SWD_Wakeup_Enable  SW356x_v1.7.1.lib(zr_rcc_priv.o)
    0x00009788   0x00009788   0x0000001c   Code   RO         1748    .text.Rcc_System_10Mhz_Cfg  SW356x_v1.7.1.lib(zr_rcc_priv.o)
    0x000097a4   0x000097a4   0x00000010   Code   RO         1786    .text.Rcc_VDD_Ldo_Enable  SW356x_v1.7.1.lib(zr_rcc_priv.o)
    0x000097b4   0x000097b4   0x00000024   Code   RO         1210    .text.ReadSeed      SW356x_v1.7.1.lib(zr_dpdm.o)
    0x000097d8   0x000097d8   0x00000058   Code   RO          115    .text.Read_Policy   iic_slave_read_policy.o
    0x00009830   0x00009830   0x000005c6   Code   RO           58    .text.Reg_Data_Init  iic_slave_init_policy.o
    0x00009df6   0x00009df6   0x00000002   PAD
    0x00009df8   0x00009df8   0x000000f4   Code   RO         2349    .text.Reset_Proc    SW356x_v1.7.1.lib(zr_vooc_app.o)
    0x00009eec   0x00009eec   0x00000018   Code   RO         2061    .text.SCP_Auto_Ping_Set  SW356x_v1.7.1.lib(zr_scp.o)
    0x00009f04   0x00009f04   0x00000014   Code   RO         2065    .text.SCP_CRC_Control  SW356x_v1.7.1.lib(zr_scp.o)
    0x00009f18   0x00009f18   0x00000024   Code   RO         2250    .text.SCP_ClassA_Iset_Judge  SW356x_v1.7.1.lib(zr_scp_app.o)
    0x00009f3c   0x00009f3c   0x00000028   Code   RO         2248    .text.SCP_ClassA_Vset_Judge  SW356x_v1.7.1.lib(zr_scp_app.o)
    0x00009f64   0x00009f64   0x00000008   Code   RO         2077    .text.SCP_ClearITStatus  SW356x_v1.7.1.lib(zr_scp.o)
    0x00009f6c   0x00009f6c   0x0000002c   Code   RO         2123    .text.SCP_DP_Delitch_Time_Get  SW356x_v1.7.1.lib(zr_scp.o)
    0x00009f98   0x00009f98   0x0000001c   Code   RO         2121    .text.SCP_DP_Drop_Control  SW356x_v1.7.1.lib(zr_scp.o)
    0x00009fb4   0x00009fb4   0x00000014   Code   RO         2067    .text.SCP_En_Control  SW356x_v1.7.1.lib(zr_scp.o)
    0x00009fc8   0x00009fc8   0x000000f4   Code   RO         2228    .text.SCP_FIFO_TX_Data  SW356x_v1.7.1.lib(zr_scp_app.o)
    0x0000a0bc   0x0000a0bc   0x0000000c   Code   RO         2075    .text.SCP_GetITStatus  SW356x_v1.7.1.lib(zr_scp.o)
    0x0000a0c8   0x0000a0c8   0x00000060   Code   RO         2117    .text.SCP_HWP_Timer_Control  SW356x_v1.7.1.lib(zr_scp.o)
    0x0000a128   0x0000a128   0x00000014   Code   RO         2113    .text.SCP_HWP_Timer_Set  SW356x_v1.7.1.lib(zr_scp.o)
    0x0000a13c   0x0000a13c   0x00000154   Code   RO         2262    .text.SCP_Handler   SW356x_v1.7.1.lib(zr_scp_app.o)
    0x0000a290   0x0000a290   0x00000008   Code   RO         2125    .text.SCP_IRQ_En_Get  SW356x_v1.7.1.lib(zr_scp.o)
    0x0000a298   0x0000a298   0x000003a4   Code   RO         2254    .text.SCP_IRQ_Process  SW356x_v1.7.1.lib(zr_scp_app.o)
    0x0000a63c   0x0000a63c   0x00000018   Code   RO         2071    .text.SCP_ITConfig  SW356x_v1.7.1.lib(zr_scp.o)
    0x0000a654   0x0000a654   0x000000c0   Code   RO         2045    .text.SCP_Init      SW356x_v1.7.1.lib(zr_scp.o)
    0x0000a714   0x0000a714   0x00000028   Code   RO         2252    .text.SCP_Initialization  SW356x_v1.7.1.lib(zr_scp_app.o)
    0x0000a73c   0x0000a73c   0x000000d0   Code   RO         2238    .text.SCP_Iset      SW356x_v1.7.1.lib(zr_scp_app.o)
    0x0000a80c   0x0000a80c   0x00000034   Code   RO         2234    .text.SCP_Iset_Boundray  SW356x_v1.7.1.lib(zr_scp_app.o)
    0x0000a840   0x0000a840   0x0000014c   Code   RO         2242    .text.SCP_Iset_Offset  SW356x_v1.7.1.lib(zr_scp_app.o)
    0x0000a98c   0x0000a98c   0x00000c30   Code   RO         2230    .text.SCP_Process   SW356x_v1.7.1.lib(zr_scp_app.o)
    0x0000b5bc   0x0000b5bc   0x0000000c   Code   RO         2079    .text.SCP_RX_Err_Get  SW356x_v1.7.1.lib(zr_scp.o)
    0x0000b5c8   0x0000b5c8   0x00000010   Code   RO         2099    .text.SCP_RX_FIFO_Clear  SW356x_v1.7.1.lib(zr_scp.o)
    0x0000b5d8   0x0000b5d8   0x0000000c   Code   RO         2109    .text.SCP_RX_FIFO_Get  SW356x_v1.7.1.lib(zr_scp.o)
    0x0000b5e4   0x0000b5e4   0x0000000c   Code   RO         2085    .text.SCP_RX_FIFO_Level_Get  SW356x_v1.7.1.lib(zr_scp.o)
    0x0000b5f0   0x0000b5f0   0x00000010   Code   RO         2081    .text.SCP_RX_FIFO_State_Get  SW356x_v1.7.1.lib(zr_scp.o)
    0x0000b600   0x0000b600   0x00000018   Code   RO         2091    .text.SCP_RX_FIFO_Trigger_Level_Set  SW356x_v1.7.1.lib(zr_scp.o)
    0x0000b618   0x0000b618   0x00000074   Code   RO         2258    .text.SCP_Reg_Reset  SW356x_v1.7.1.lib(zr_scp_app.o)
    0x0000b68c   0x0000b68c   0x0000005c   Code   RO         2260    .text.SCP_Reset     SW356x_v1.7.1.lib(zr_scp_app.o)
    0x0000b6e8   0x0000b6e8   0x00000188   Code   RO         2246    .text.SCP_Step_Iset_Offset  SW356x_v1.7.1.lib(zr_scp_app.o)
    0x0000b870   0x0000b870   0x00000140   Code   RO         2244    .text.SCP_Step_Vset_Offset  SW356x_v1.7.1.lib(zr_scp_app.o)
    0x0000b9b0   0x0000b9b0   0x00000014   Code   RO         2097    .text.SCP_TX_FIFO_Clear  SW356x_v1.7.1.lib(zr_scp.o)
    0x0000b9c4   0x0000b9c4   0x0000000c   Code   RO         2087    .text.SCP_TX_FIFO_Level_Get  SW356x_v1.7.1.lib(zr_scp.o)
    0x0000b9d0   0x0000b9d0   0x0000000c   Code   RO         2107    .text.SCP_TX_FIFO_Send  SW356x_v1.7.1.lib(zr_scp.o)
    0x0000b9dc   0x0000b9dc   0x00000010   Code   RO         2083    .text.SCP_TX_FIFO_State_Get  SW356x_v1.7.1.lib(zr_scp.o)
    0x0000b9ec   0x0000b9ec   0x00000010   Code   RO         2103    .text.SCP_TX_Length_Set  SW356x_v1.7.1.lib(zr_scp.o)
    0x0000b9fc   0x0000b9fc   0x00000014   Code   RO         2101    .text.SCP_TX_Start  SW356x_v1.7.1.lib(zr_scp.o)
    0x0000ba10   0x0000ba10   0x00000124   Code   RO         2236    .text.SCP_Vset      SW356x_v1.7.1.lib(zr_scp_app.o)
    0x0000bb34   0x0000bb34   0x00000038   Code   RO         2232    .text.SCP_Vset_Boundary  SW356x_v1.7.1.lib(zr_scp_app.o)
    0x0000bb6c   0x0000bb6c   0x00000114   Code   RO         2240    .text.SCP_Vset_Offset  SW356x_v1.7.1.lib(zr_scp_app.o)
    0x0000bc80   0x0000bc80   0x00000644   Code   RO         1420    .text.SUB_Ctr_Ideal_Handler  SW356x_v1.7.1.lib(zr_plug.o)
    0x0000c2c4   0x0000c2c4   0x00000094   Code   RO          408    .text.Samsung_Galaxy_S23_Policy  device_compatibility_policy.o
    0x0000c358   0x0000c358   0x00000008   Code   RO         1366    .text.Scan_Duo_AA_A_A_Handler  SW356x_v1.7.1.lib(zr_plug.o)
    0x0000c360   0x0000c360   0x00000008   Code   RO         1362    .text.Scan_Duo_AA_A_X_Handler  SW356x_v1.7.1.lib(zr_plug.o)
    0x0000c368   0x0000c368   0x00000008   Code   RO         1364    .text.Scan_Duo_AA_X_A_Handler  SW356x_v1.7.1.lib(zr_plug.o)
    0x0000c370   0x0000c370   0x00000008   Code   RO         1360    .text.Scan_Duo_AA_X_X_Handler  SW356x_v1.7.1.lib(zr_plug.o)
    0x0000c378   0x0000c378   0x00000008   Code   RO         1378    .text.Scan_Duo_CA_C_A_Handler  SW356x_v1.7.1.lib(zr_plug.o)
    0x0000c380   0x0000c380   0x00000008   Code   RO         1370    .text.Scan_Duo_CA_C_X_Handler  SW356x_v1.7.1.lib(zr_plug.o)
    0x0000c388   0x0000c388   0x00000008   Code   RO         1376    .text.Scan_Duo_CA_T_A_Handler  SW356x_v1.7.1.lib(zr_plug.o)
    0x0000c390   0x0000c390   0x00000008   Code   RO         1374    .text.Scan_Duo_CA_T_T_Handler  SW356x_v1.7.1.lib(zr_plug.o)
    0x0000c398   0x0000c398   0x00000008   Code   RO         1372    .text.Scan_Duo_CA_X_A_Handler  SW356x_v1.7.1.lib(zr_plug.o)
    0x0000c3a0   0x0000c3a0   0x00000008   Code   RO         1368    .text.Scan_Duo_CA_X_T_Handler  SW356x_v1.7.1.lib(zr_plug.o)
    0x0000c3a8   0x0000c3a8   0x00000008   Code   RO         1386    .text.Scan_Duo_CC_C_C_Handler  SW356x_v1.7.1.lib(zr_plug.o)
    0x0000c3b0   0x0000c3b0   0x00000008   Code   RO         1392    .text.Scan_Duo_CC_C_T_Handler  SW356x_v1.7.1.lib(zr_plug.o)
    0x0000c3b8   0x0000c3b8   0x00000008   Code   RO         1382    .text.Scan_Duo_CC_C_X_Handler  SW356x_v1.7.1.lib(zr_plug.o)
    0x0000c3c0   0x0000c3c0   0x00000008   Code   RO         1394    .text.Scan_Duo_CC_T_C_Handler  SW356x_v1.7.1.lib(zr_plug.o)
    0x0000c3c8   0x0000c3c8   0x00000008   Code   RO         1396    .text.Scan_Duo_CC_T_T_Handler  SW356x_v1.7.1.lib(zr_plug.o)
    0x0000c3d0   0x0000c3d0   0x00000008   Code   RO         1390    .text.Scan_Duo_CC_T_X_Handler  SW356x_v1.7.1.lib(zr_plug.o)
    0x0000c3d8   0x0000c3d8   0x00000008   Code   RO         1384    .text.Scan_Duo_CC_X_C_Handler  SW356x_v1.7.1.lib(zr_plug.o)
    0x0000c3e0   0x0000c3e0   0x00000008   Code   RO         1388    .text.Scan_Duo_CC_X_T_Handler  SW356x_v1.7.1.lib(zr_plug.o)
    0x0000c3e8   0x0000c3e8   0x00000008   Code   RO         1380    .text.Scan_Duo_CC_X_X_Handler  SW356x_v1.7.1.lib(zr_plug.o)
    0x0000c3f0   0x0000c3f0   0x00000034   Code   RO         1358    .text.Scan_Ideal_Handler  SW356x_v1.7.1.lib(zr_plug.o)
    0x0000c424   0x0000c424   0x00000084   Code   RO         1344    .text.Scan_Policy   SW356x_v1.7.1.lib(zr_plug.o)
    0x0000c4a8   0x0000c4a8   0x00000008   Code   RO         1400    .text.Scan_Single_A_A_Handler  SW356x_v1.7.1.lib(zr_plug.o)
    0x0000c4b0   0x0000c4b0   0x00000008   Code   RO         1398    .text.Scan_Single_A_X_Handler  SW356x_v1.7.1.lib(zr_plug.o)
    0x0000c4b8   0x0000c4b8   0x00000008   Code   RO         1404    .text.Scan_Single_C_C_Handler  SW356x_v1.7.1.lib(zr_plug.o)
    0x0000c4c0   0x0000c4c0   0x00000008   Code   RO         1406    .text.Scan_Single_C_T_Handler  SW356x_v1.7.1.lib(zr_plug.o)
    0x0000c4c8   0x0000c4c8   0x00000008   Code   RO         1402    .text.Scan_Single_C_X_Handler  SW356x_v1.7.1.lib(zr_plug.o)
    0x0000c4d0   0x0000c4d0   0x0000006c   Code   RO         1418    .text.Scan_Status_Handler  SW356x_v1.7.1.lib(zr_plug.o)
    0x0000c53c   0x0000c53c   0x00000044   Code   RO         1416    .text.Scan_VatTimer_Start  SW356x_v1.7.1.lib(zr_plug.o)
    0x0000c580   0x0000c580   0x00000012   Code   RO         1350    .text.Scan_VatTimer_Stop  SW356x_v1.7.1.lib(zr_plug.o)
    0x0000c592   0x0000c592   0x00000006   Code   RO         2220    .text.Scp_Convert_Power  SW356x_v1.7.1.lib(zr_scp_app.o)
    0x0000c598   0x0000c598   0x00000020   Code   RO         2222    .text.Scp_Convert_Volt_Curr  SW356x_v1.7.1.lib(zr_scp_app.o)
    0x0000c5b8   0x0000c5b8   0x0000004a   Code   RO         2224    .text.Scp_Max_Volt_Curr_Calculate  SW356x_v1.7.1.lib(zr_scp_app.o)
    0x0000c602   0x0000c602   0x00000002   PAD
    0x0000c604   0x0000c604   0x0000007c   Code   RO         1444    .text.Set_Dual_Port_Limit_Current  SW356x_v1.7.1.lib(zr_plug.o)
    0x0000c680   0x0000c680   0x00000020   Code   RO          373    .text.Set_RegAddr_Data  iic_slave_global_variables_policy.o
    0x0000c6a0   0x0000c6a0   0x000000ac   Code   RO           73    .text.Sleep_Policy  iic_slave_main_policy.o
    0x0000c74c   0x0000c74c   0x00000014   Code   RO          355    .text.SqQueue_IsEmpty  iic_slave_global_variables_policy.o
    0x0000c760   0x0000c760   0x00000208   Code   RO         1422    .text.Sub_Buck_Off_Handler  SW356x_v1.7.1.lib(zr_plug.o)
    0x0000c968   0x0000c968   0x000000c0   Code   RO         1436    .text.Sub_Buck_On_Handler  SW356x_v1.7.1.lib(zr_plug.o)
    0x0000ca28   0x0000ca28   0x000000ac   Code   RO         1438    .text.Sub_Buck_Sok_Handler  SW356x_v1.7.1.lib(zr_plug.o)
    0x0000cad4   0x0000cad4   0x00000348   Code   RO         1430    .text.Sub_Ctr_Check_Handler  SW356x_v1.7.1.lib(zr_plug.o)
    0x0000ce1c   0x0000ce1c   0x00001750   Code   RO         1440    .text.Sub_Ctr_Ready_Handler  SW356x_v1.7.1.lib(zr_plug.o)
    0x0000e56c   0x0000e56c   0x000000f8   Code   RO         1426    .text.Sub_Ctr_Wait0_Handler  SW356x_v1.7.1.lib(zr_plug.o)
    0x0000e664   0x0000e664   0x000000f8   Code   RO         1428    .text.Sub_Ctr_Wait1_Handler  SW356x_v1.7.1.lib(zr_plug.o)
    0x0000e75c   0x0000e75c   0x00000050   Code   RO         1434    .text.Sub_Ctr_Wait2_Handler  SW356x_v1.7.1.lib(zr_plug.o)
    0x0000e7ac   0x0000e7ac   0x000004fc   Code   RO         1424    .text.Sub_MOS_Off_Handler  SW356x_v1.7.1.lib(zr_plug.o)
    0x0000eca8   0x0000eca8   0x000000e0   Code   RO         1432    .text.Sub_MOS_On_Handler  SW356x_v1.7.1.lib(zr_plug.o)
    0x0000ed88   0x0000ed88   0x00000034   Code   RO          855    .text.Systick_Delay_Ms  SW356x_v1.7.1.lib(zr_systick.o)
    0x0000edbc   0x0000edbc   0x0000001c   Code   RO         2197    .text.TFCP_CRC8     SW356x_v1.7.1.lib(zr_tfcp_app.o)
    0x0000edd8   0x0000edd8   0x00000008   Code   RO         2169    .text.TFCP_ClearITStatus  SW356x_v1.7.1.lib(zr_tfcp.o)
    0x0000ede0   0x0000ede0   0x00000018   Code   RO         2139    .text.TFCP_Control  SW356x_v1.7.1.lib(zr_tfcp.o)
    0x0000edf8   0x0000edf8   0x0000000c   Code   RO         2167    .text.TFCP_GetITStatus  SW356x_v1.7.1.lib(zr_tfcp.o)
    0x0000ee04   0x0000ee04   0x000002d4   Code   RO         2207    .text.TFCP_Handler  SW356x_v1.7.1.lib(zr_tfcp_app.o)
    0x0000f0d8   0x0000f0d8   0x000000a8   Code   RO         2177    .text.TFCP_I2CS_Control  SW356x_v1.7.1.lib(zr_tfcp.o)
    0x0000f180   0x0000f180   0x00000008   Code   RO         2165    .text.TFCP_IRQ_EN_Get  SW356x_v1.7.1.lib(zr_tfcp.o)
    0x0000f188   0x0000f188   0x00000002   Code   RO         2193    .text.TFCP_IRQ_Process  SW356x_v1.7.1.lib(zr_tfcp_app.o)
    0x0000f18a   0x0000f18a   0x00000002   PAD
    0x0000f18c   0x0000f18c   0x00000018   Code   RO         2161    .text.TFCP_ITConfig  SW356x_v1.7.1.lib(zr_tfcp.o)
    0x0000f1a4   0x0000f1a4   0x0000005c   Code   RO         2137    .text.TFCP_Init     SW356x_v1.7.1.lib(zr_tfcp.o)
    0x0000f200   0x0000f200   0x00000014   Code   RO         2191    .text.TFCP_Initialization  SW356x_v1.7.1.lib(zr_tfcp_app.o)
    0x0000f214   0x0000f214   0x000003a8   Code   RO         2195    .text.TFCP_Process  SW356x_v1.7.1.lib(zr_tfcp_app.o)
    0x0000f5bc   0x0000f5bc   0x0000000c   Code   RO         2149    .text.TFCP_RX_FIFO_Clear  SW356x_v1.7.1.lib(zr_tfcp.o)
    0x0000f5c8   0x0000f5c8   0x0000000c   Code   RO         2171    .text.TFCP_RX_FIFO_Data_Get  SW356x_v1.7.1.lib(zr_tfcp.o)
    0x0000f5d4   0x0000f5d4   0x0000000c   Code   RO         2141    .text.TFCP_RX_FIFO_LV_Get  SW356x_v1.7.1.lib(zr_tfcp.o)
    0x0000f5e0   0x0000f5e0   0x000000a4   Code   RO         2201    .text.TFCP_Reg_Init  SW356x_v1.7.1.lib(zr_tfcp_app.o)
    0x0000f684   0x0000f684   0x00000010   Code   RO         2203    .text.TFCP_Reg_Reset  SW356x_v1.7.1.lib(zr_tfcp_app.o)
    0x0000f694   0x0000f694   0x0000002c   Code   RO         2205    .text.TFCP_Reset    SW356x_v1.7.1.lib(zr_tfcp_app.o)
    0x0000f6c0   0x0000f6c0   0x00000068   Code   RO         2199    .text.TFCP_TX       SW356x_v1.7.1.lib(zr_tfcp_app.o)
    0x0000f728   0x0000f728   0x00000014   Code   RO         2147    .text.TFCP_TX_DATA_Set  SW356x_v1.7.1.lib(zr_tfcp.o)
    0x0000f73c   0x0000f73c   0x00000010   Code   RO         2151    .text.TFCP_TX_FIFO_Clear  SW356x_v1.7.1.lib(zr_tfcp.o)
    0x0000f74c   0x0000f74c   0x00000010   Code   RO         2143    .text.TFCP_TX_FIFO_LV_Get  SW356x_v1.7.1.lib(zr_tfcp.o)
    0x0000f75c   0x0000f75c   0x00000028   Code   RO         2173    .text.TFCP_WDT_Control  SW356x_v1.7.1.lib(zr_tfcp.o)
    0x0000f784   0x0000f784   0x0000000c   Code   RO         2175    .text.TFCP_WDT_Set  SW356x_v1.7.1.lib(zr_tfcp.o)
    0x0000f790   0x0000f790   0x0000001c   Code   RO         2179    .text.TFCP_Wait_Control  SW356x_v1.7.1.lib(zr_tfcp.o)
    0x0000f7ac   0x0000f7ac   0x00000014   Code   RO         2181    .text.TFCP_Wait_Ready  SW356x_v1.7.1.lib(zr_tfcp.o)
    0x0000f7c0   0x0000f7c0   0x0000002c   Code   RO         1171    .text.TYPEC0_Handler  SW356x_v1.7.1.lib(typec.o)
    0x0000f7ec   0x0000f7ec   0x00000038   Code   RO         1173    .text.TYPEC1_Handler  SW356x_v1.7.1.lib(typec.o)
    0x0000f824   0x0000f824   0x00000004   Code   RO         1943    .text.TYPEC_ClearITStatus  SW356x_v1.7.1.lib(zr_typec.o)
    0x0000f828   0x0000f828   0x00000012   Code   RO         1925    .text.TYPEC_Cmd     SW356x_v1.7.1.lib(zr_typec.o)
    0x0000f83a   0x0000f83a   0x00000014   Code   RO         1935    .text.TYPEC_DetectConfig  SW356x_v1.7.1.lib(zr_typec.o)
    0x0000f84e   0x0000f84e   0x00000022   Code   RO         1947    .text.TYPEC_GetCCStatus  SW356x_v1.7.1.lib(zr_typec.o)
    0x0000f870   0x0000f870   0x00000004   Code   RO         1941    .text.TYPEC_GetITStatus  SW356x_v1.7.1.lib(zr_typec.o)
    0x0000f874   0x0000f874   0x000000ac   Code   RO         1165    .text.TYPEC_Hardware_Init  SW356x_v1.7.1.lib(typec.o)
    0x0000f920   0x0000f920   0x00000010   Code   RO         1939    .text.TYPEC_ITConfig  SW356x_v1.7.1.lib(zr_typec.o)
    0x0000f930   0x0000f930   0x0000002c   Code   RO         1923    .text.TYPEC_Init    SW356x_v1.7.1.lib(zr_typec.o)
    0x0000f95c   0x0000f95c   0x00000528   Code   RO         1167    .text.TYPEC_Process  SW356x_v1.7.1.lib(typec.o)
    0x0000fe84   0x0000fe84   0x00000018   Code   RO         1933    .text.TYPEC_SetCCAttach  SW356x_v1.7.1.lib(zr_typec.o)
    0x0000fe9c   0x0000fe9c   0x00000014   Code   RO         1937    .text.TYPEC_SetDebounce  SW356x_v1.7.1.lib(zr_typec.o)
    0x0000feb0   0x0000feb0   0x00000016   Code   RO         1929    .text.TYPEC_Undrive  SW356x_v1.7.1.lib(zr_typec.o)
    0x0000fec6   0x0000fec6   0x00000022   Code   RO         1931    .text.TYPEC_VconnPower  SW356x_v1.7.1.lib(zr_typec.o)
    0x0000fee8   0x0000fee8   0x00000090   Code   RO          410    .text.Thunderbolt_Cable_Policy  device_compatibility_policy.o
    0x0000ff78   0x0000ff78   0x0000002c   Code   RO         1131    .text.TimeSub       SW356x_v1.7.1.lib(pd_pro.o)
    0x0000ffa4   0x0000ffa4   0x00000048   Code   RO         1135    .text.Timer_1MS_Init  SW356x_v1.7.1.lib(pd_pro.o)
    0x0000ffec   0x0000ffec   0x0000001c   Code   RO          455    .text.Transition_Bytes_Bit16  pd_message_decode.o
    0x00010008   0x00010008   0x0000003e   Code   RO          457    .text.Transition_Bytes_Bit32  pd_message_decode.o
    0x00010046   0x00010046   0x00000002   PAD
    0x00010048   0x00010048   0x0000000c   Code   RO         1155    .text.Typec_Init_Hook_Func  SW356x_v1.7.1.lib(typec.o)
    0x00010054   0x00010054   0x00000014   Code   RO         1177    .text.Typec_Is_5A_Cable  SW356x_v1.7.1.lib(typec.o)
    0x00010068   0x00010068   0x00000010   Code   RO         1157    .text.Typec_Is_Cc1_Connect  SW356x_v1.7.1.lib(typec.o)
    0x00010078   0x00010078   0x00000018   Code   RO         1159    .text.Typec_Is_Cc2_Connect  SW356x_v1.7.1.lib(typec.o)
    0x00010090   0x00010090   0x0000009c   Code   RO          428    .text.UART_Handler  anker_policy.o
    0x0001012c   0x0001012c   0x00000008   Code   RO         2019    .text.UFCS_ClearITStatus  SW356x_v1.7.1.lib(zr_ufcs.o)
    0x00010134   0x00010134   0x00000010   Code   RO         2035    .text.UFCS_GetFIFOLevel  SW356x_v1.7.1.lib(zr_ufcs.o)
    0x00010144   0x00010144   0x0000000c   Code   RO         2017    .text.UFCS_GetITStatus  SW356x_v1.7.1.lib(zr_ufcs.o)
    0x00010150   0x00010150   0x00000010   Code   RO         2031    .text.UFCS_GetStatus  SW356x_v1.7.1.lib(zr_ufcs.o)
    0x00010160   0x00010160   0x0000019c   Code   RO         1963    .text.UFCS_Handler  SW356x_v1.7.1.lib(ufcs_phy.o)
    0x000102fc   0x000102fc   0x00000080   Code   RO         1961    .text.UFCS_Hardware_Init  SW356x_v1.7.1.lib(ufcs_phy.o)
    0x0001037c   0x0001037c   0x00000018   Code   RO         2015    .text.UFCS_ITConfig  SW356x_v1.7.1.lib(zr_ufcs.o)
    0x00010394   0x00010394   0x0000001c   Code   RO         1993    .text.UFCS_Init     SW356x_v1.7.1.lib(zr_ufcs.o)
    0x000103b0   0x000103b0   0x00000094   Code   RO         1529    .text.UFCS_Process  SW356x_v1.7.1.lib(ufcs_app.o)
    0x00010444   0x00010444   0x00000008   Code   RO         2009    .text.UFCS_ReceiveByte  SW356x_v1.7.1.lib(zr_ufcs.o)
    0x0001044c   0x0001044c   0x00000044   Code   RO         1959    .text.UFCS_Reset    SW356x_v1.7.1.lib(ufcs_phy.o)
    0x00010490   0x00010490   0x0000000c   Code   RO         2007    .text.UFCS_SendByte  SW356x_v1.7.1.lib(zr_ufcs.o)
    0x0001049c   0x0001049c   0x0000000c   Code   RO         2011    .text.UFCS_SetDataLength  SW356x_v1.7.1.lib(zr_ufcs.o)
    0x000104a8   0x000104a8   0x00000018   Code   RO         2023    .text.UFCS_SetDaudRate1  SW356x_v1.7.1.lib(zr_ufcs.o)
    0x000104c0   0x000104c0   0x00000018   Code   RO         2029    .text.UFCS_SetFIFOTrig  SW356x_v1.7.1.lib(zr_ufcs.o)
    0x000104d8   0x000104d8   0x00000014   Code   RO         1995    .text.UFCS_SetFunctional  SW356x_v1.7.1.lib(zr_ufcs.o)
    0x000104ec   0x000104ec   0x00000014   Code   RO         2003    .text.UFCS_SetPtrAddr  SW356x_v1.7.1.lib(zr_ufcs.o)
    0x00010500   0x00010500   0x00000018   Code   RO         2025    .text.UFCS_SetRxLineReset  SW356x_v1.7.1.lib(zr_ufcs.o)
    0x00010518   0x00010518   0x0000001c   Code   RO         1997    .text.UFCS_TxLineReset  SW356x_v1.7.1.lib(zr_ufcs.o)
    0x00010534   0x00010534   0x0000002c   Code   RO         1306    .text.UFCS_VarTimer_Start  SW356x_v1.7.1.lib(zr_dpdm.o)
    0x00010560   0x00010560   0x00000020   Code   RO         1308    .text.UFCS_VarTimer_Value  SW356x_v1.7.1.lib(zr_dpdm.o)
    0x00010580   0x00010580   0x00000018   Code   RO          867    .text.Uart_Baudrate_Cfg  SW356x_v1.7.1.lib(zr_uart.o)
    0x00010598   0x00010598   0x00000008   Code   RO          899    .text.Uart_Clear_Pending  SW356x_v1.7.1.lib(zr_uart.o)
    0x000105a0   0x000105a0   0x00000012   Code   RO          871    .text.Uart_Deinit   SW356x_v1.7.1.lib(zr_uart.o)
    0x000105b2   0x000105b2   0x00000002   PAD
    0x000105b4   0x000105b4   0x00000010   Code   RO          897    .text.Uart_Get_Int_Pending  SW356x_v1.7.1.lib(zr_uart.o)
    0x000105c4   0x000105c4   0x0000000c   Code   RO          895    .text.Uart_Interrupt_Disable  SW356x_v1.7.1.lib(zr_uart.o)
    0x000105d0   0x000105d0   0x0000000c   Code   RO          893    .text.Uart_Interrupt_Enable  SW356x_v1.7.1.lib(zr_uart.o)
    0x000105dc   0x000105dc   0x00000010   Code   RO          869    .text.Uart_Mode_Cfg  SW356x_v1.7.1.lib(zr_uart.o)
    0x000105ec   0x000105ec   0x0000000c   Code   RO          887    .text.Uart_RX_Byte  SW356x_v1.7.1.lib(zr_uart.o)
    0x000105f8   0x000105f8   0x0000000c   Code   RO          881    .text.Uart_RX_Disable  SW356x_v1.7.1.lib(zr_uart.o)
    0x00010604   0x00010604   0x0000000c   Code   RO          879    .text.Uart_RX_Enable  SW356x_v1.7.1.lib(zr_uart.o)
    0x00010610   0x00010610   0x00000010   Code   RO          883    .text.Uart_TX_Byte  SW356x_v1.7.1.lib(zr_uart.o)
    0x00010620   0x00010620   0x0000000c   Code   RO          877    .text.Uart_TX_Disable  SW356x_v1.7.1.lib(zr_uart.o)
    0x0001062c   0x0001062c   0x00000010   Code   RO          875    .text.Uart_TX_Enable  SW356x_v1.7.1.lib(zr_uart.o)
    0x0001063c   0x0001063c   0x0000000c   Code   RO         1527    .text.Ufcs_Set_Power_Change  SW356x_v1.7.1.lib(ufcs_app.o)
    0x00010648   0x00010648   0x00000550   Code   RO          305    .text.Update_PD_PDO  iic_slave_write_policy.o
    0x00010b98   0x00010b98   0x000003fc   Code   RO          307    .text.Update_UFCS_PDO  iic_slave_write_policy.o
    0x00010f94   0x00010f94   0x000000fc   Code   RO          397    .text.User_Pd_Policy_Hook  iic_slave_callback_policy.o
    0x00011090   0x00011090   0x0000003e   Code   RO          395    .text.User_Pd_Request_Info_Hook  iic_slave_callback_policy.o
    0x000110ce   0x000110ce   0x0000000a   Code   RO          389    .text.User_Typec_Attach_Hook  iic_slave_callback_policy.o
    0x000110d8   0x000110d8   0x0000001e   Code   RO          391    .text.User_Typec_Detach_Hook  iic_slave_callback_policy.o
    0x000110f6   0x000110f6   0x00000002   PAD
    0x000110f8   0x000110f8   0x00000008   Code   RO         2289    .text.VOOC_ClearITStatus  SW356x_v1.7.1.lib(zr_vooc.o)
    0x00011100   0x00011100   0x00000014   Code   RO         2277    .text.VOOC_Control  SW356x_v1.7.1.lib(zr_vooc.o)
    0x00011114   0x00011114   0x00000034   Code   RO         2295    .text.VOOC_Data_Clear  SW356x_v1.7.1.lib(zr_vooc.o)
    0x00011148   0x00011148   0x0000000c   Code   RO         2287    .text.VOOC_GetITStatus  SW356x_v1.7.1.lib(zr_vooc.o)
    0x00011154   0x00011154   0x0000006c   Code   RO         2367    .text.VOOC_Handler  SW356x_v1.7.1.lib(zr_vooc_app.o)
    0x000111c0   0x000111c0   0x00000018   Code   RO         2279    .text.VOOC_ID_Control  SW356x_v1.7.1.lib(zr_vooc.o)
    0x000111d8   0x000111d8   0x00000094   Code   RO         2309    .text.VOOC_ID_Pin_Control  SW356x_v1.7.1.lib(zr_vooc.o)
    0x0001126c   0x0001126c   0x00000010   Code   RO         2291    .text.VOOC_ID_Status_Get  SW356x_v1.7.1.lib(zr_vooc.o)
    0x0001127c   0x0001127c   0x00000008   Code   RO         2285    .text.VOOC_IRQ_EN_Get  SW356x_v1.7.1.lib(zr_vooc.o)
    0x00011284   0x00011284   0x000000e4   Code   RO         2365    .text.VOOC_IRQ_Process  SW356x_v1.7.1.lib(zr_vooc_app.o)
    0x00011368   0x00011368   0x00000018   Code   RO         2281    .text.VOOC_ITConfig  SW356x_v1.7.1.lib(zr_vooc.o)
    0x00011380   0x00011380   0x00000058   Code   RO         2275    .text.VOOC_Init     SW356x_v1.7.1.lib(zr_vooc.o)
    0x000113d8   0x000113d8   0x00000014   Code   RO         2319    .text.VOOC_Initialization  SW356x_v1.7.1.lib(zr_vooc_app.o)
    0x000113ec   0x000113ec   0x00000028   Code   RO         2357    .text.VOOC_Mapping_Judge  SW356x_v1.7.1.lib(zr_vooc_app.o)
    0x00011414   0x00011414   0x00000028   Code   RO         2359    .text.VOOC_PathImpedance_Calc  SW356x_v1.7.1.lib(zr_vooc_app.o)
    0x0001143c   0x0001143c   0x00000098   Code   RO         2321    .text.VOOC_Process  SW356x_v1.7.1.lib(zr_vooc_app.o)
    0x000114d4   0x000114d4   0x00000058   Code   RO         2305    .text.VOOC_Public_Timer_Control  SW356x_v1.7.1.lib(zr_vooc.o)
    0x0001152c   0x0001152c   0x00000018   Code   RO         2301    .text.VOOC_Public_Timer_Set  SW356x_v1.7.1.lib(zr_vooc.o)
    0x00011544   0x00011544   0x00000014   Code   RO         2293    .text.VOOC_RX_Data_Get  SW356x_v1.7.1.lib(zr_vooc.o)
    0x00011558   0x00011558   0x00000040   Code   RO         2361    .text.VOOC_R_Filter  SW356x_v1.7.1.lib(zr_vooc_app.o)
    0x00011598   0x00011598   0x00000018   Code   RO         2297    .text.VOOC_TX_Data_Set  SW356x_v1.7.1.lib(zr_vooc.o)
    0x000115b0   0x000115b0   0x0000003c   Code   RO         2299    .text.VOOC_TX_Data_Set_Version  SW356x_v1.7.1.lib(zr_vooc.o)
    0x000115ec   0x000115ec   0x00000064   Code   RO         2363    .text.VOOC_Var_Reset  SW356x_v1.7.1.lib(zr_vooc_app.o)
    0x00011650   0x00011650   0x00000060   Code   RO         2307    .text.VOOC_WDT_Control  SW356x_v1.7.1.lib(zr_vooc.o)
    0x000116b0   0x000116b0   0x00000014   Code   RO         2303    .text.VOOC_WDT_Set  SW356x_v1.7.1.lib(zr_vooc.o)
    0x000116c4   0x000116c4   0x00000018   Code   RO          474    .text.Vin_Ovp_Ctrl  SW356x_v1.7.1.lib(zr_abn.o)
    0x000116dc   0x000116dc   0x00000028   Code   RO          476    .text.Vout_Ovp_Ctrl  SW356x_v1.7.1.lib(zr_abn.o)
    0x00011704   0x00011704   0x00000478   Code   RO          333    .text.Write_Policy  iic_slave_write_policy.o
    0x00011b7c   0x00011b7c   0x000004f4   Code   RO         2333    .text.X2_Proc       SW356x_v1.7.1.lib(zr_vooc_app.o)
    0x00012070   0x00012070   0x000000d0   Code   RO         2329    .text.X4_Proc       SW356x_v1.7.1.lib(zr_vooc_app.o)
    0x00012140   0x00012140   0x000001c4   Code   RO         2331    .text.X6_Proc       SW356x_v1.7.1.lib(zr_vooc_app.o)
    0x00012304   0x00012304   0x00000214   Code   RO         2327    .text.X8_Proc       SW356x_v1.7.1.lib(zr_vooc_app.o)
    0x00012518   0x00012518   0x00000050   Code   RO         1119    .text.get_pd_tx_message_header  SW356x_v1.7.1.lib(pd_pro.o)
    0x00012568   0x00012568   0x00000020   Code   RO           11    .text.main          main.o
    0x00012588   0x00012588   0x00000068   Code   RO         1052    .text.pd_app_accept_soft_reset  SW356x_v1.7.1.lib(pd_app.o)
    0x000125f0   0x000125f0   0x00000078   Code   RO         1058    .text.pd_app_bist_process  SW356x_v1.7.1.lib(pd_app.o)
    0x00012668   0x00012668   0x00000030   Code   RO         1056    .text.pd_app_chunk_rx  SW356x_v1.7.1.lib(pd_app.o)
    0x00012698   0x00012698   0x000000a8   Code   RO         1060    .text.pd_app_discid_prim  SW356x_v1.7.1.lib(pd_app.o)
    0x00012740   0x00012740   0x00000120   Code   RO         1062    .text.pd_app_discid_sec  SW356x_v1.7.1.lib(pd_app.o)
    0x00012860   0x00012860   0x00000094   Code   RO         1032    .text.pd_app_discovery  SW356x_v1.7.1.lib(pd_app.o)
    0x000128f4   0x000128f4   0x0000002c   Code   RO         1076    .text.pd_app_dr_change  SW356x_v1.7.1.lib(pd_app.o)
    0x00012920   0x00012920   0x000000f4   Code   RO         1024    .text.pd_app_enter  SW356x_v1.7.1.lib(pd_app.o)
    0x00012a14   0x00012a14   0x00000054   Code   RO         1072    .text.pd_app_epr_check_cable  SW356x_v1.7.1.lib(pd_app.o)
    0x00012a68   0x00012a68   0x0000007c   Code   RO         1068    .text.pd_app_epr_check_vconn  SW356x_v1.7.1.lib(pd_app.o)
    0x00012ae4   0x00012ae4   0x00000050   Code   RO         1074    .text.pd_app_epr_result  SW356x_v1.7.1.lib(pd_app.o)
    0x00012b34   0x00012b34   0x0000004c   Code   RO         1046    .text.pd_app_hard_reset_rx  SW356x_v1.7.1.lib(pd_app.o)
    0x00012b80   0x00012b80   0x00000064   Code   RO         1048    .text.pd_app_hard_reset_tx  SW356x_v1.7.1.lib(pd_app.o)
    0x00012be4   0x00012be4   0x000000bc   Code   RO         1040    .text.pd_app_nego_cap_prim  SW356x_v1.7.1.lib(pd_app.o)
    0x00012ca0   0x00012ca0   0x00000288   Code   RO         1042    .text.pd_app_nego_cap_sec  SW356x_v1.7.1.lib(pd_app.o)
    0x00012f28   0x00012f28   0x00000014   Code   RO         1078    .text.pd_app_no_pd  SW356x_v1.7.1.lib(pd_app.o)
    0x00012f3c   0x00012f3c   0x0000024c   Code   RO         1044    .text.pd_app_regulation_vol  SW356x_v1.7.1.lib(pd_app.o)
    0x00013188   0x00013188   0x00000080   Code   RO         1070    .text.pd_app_reset_cable  SW356x_v1.7.1.lib(pd_app.o)
    0x00013208   0x00013208   0x0000009c   Code   RO         1036    .text.pd_app_send_epr_src_cap  SW356x_v1.7.1.lib(pd_app.o)
    0x000132a4   0x000132a4   0x000000c4   Code   RO         1034    .text.pd_app_send_src_cap  SW356x_v1.7.1.lib(pd_app.o)
    0x00013368   0x00013368   0x00000434   Code   RO         1026    .text.pd_app_src_ready  SW356x_v1.7.1.lib(pd_app.o)
    0x0001379c   0x0001379c   0x000000e4   Code   RO         1030    .text.pd_app_startup  SW356x_v1.7.1.lib(pd_app.o)
    0x00013880   0x00013880   0x000001cc   Code   RO         1050    .text.pd_app_to_default  SW356x_v1.7.1.lib(pd_app.o)
    0x00013a4c   0x00013a4c   0x000000c8   Code   RO         1028    .text.pd_app_tx_message  SW356x_v1.7.1.lib(pd_app.o)
    0x00013b14   0x00013b14   0x000000c4   Code   RO         1066    .text.pd_app_vcs_request_process  SW356x_v1.7.1.lib(pd_app.o)
    0x00013bd8   0x00013bd8   0x000000ec   Code   RO         1064    .text.pd_app_vcs_response_process  SW356x_v1.7.1.lib(pd_app.o)
    0x00013cc4   0x00013cc4   0x0000009c   Code   RO         1038    .text.pd_app_wait_nego  SW356x_v1.7.1.lib(pd_app.o)
    0x00013d60   0x00013d60   0x00000014   Code   RO         1054    .text.pd_app_wait_new_cap  SW356x_v1.7.1.lib(pd_app.o)
    0x00013d74   0x00013d74   0x00000508   Code   RO         1125    .text.pd_message_construct  SW356x_v1.7.1.lib(pd_pro.o)
    0x0001427c   0x0001427c   0x000000ac   Code   RO         1098    .text.pd_start_send_msg  SW356x_v1.7.1.lib(pd_phy.o)
    0x00014328   0x00014328   0x00000034   Code   RO         1096    .text.pd_stop_send_msg  SW356x_v1.7.1.lib(pd_phy.o)
    0x0001435c   0x0001435c   0x00000050   Code   RO         1022    .text.pd_tx_init    SW356x_v1.7.1.lib(pd_app.o)
    0x000143ac   0x000143ac   0x00000018   Code   RO         1169    .text.typec_term_match  SW356x_v1.7.1.lib(typec.o)
    0x000143c4   0x000143c4   0x0000004c   Code   RO         1555    .text.ufcs_app_cable_detect_wait_accept  SW356x_v1.7.1.lib(ufcs_app.o)
    0x00014410   0x00014410   0x0000001c   Code   RO         1561    .text.ufcs_app_end_cable_detect  SW356x_v1.7.1.lib(ufcs_app.o)
    0x0001442c   0x0001442c   0x00000020   Code   RO         1557    .text.ufcs_app_get_cable_info  SW356x_v1.7.1.lib(ufcs_app.o)
    0x0001444c   0x0001444c   0x000001cc   Code   RO         1539    .text.ufcs_app_idle  SW356x_v1.7.1.lib(ufcs_app.o)
    0x00014618   0x00014618   0x0000011c   Code   RO         1565    .text.ufcs_app_linereset_recover  SW356x_v1.7.1.lib(ufcs_app.o)
    0x00014734   0x00014734   0x000000cc   Code   RO         1543    .text.ufcs_app_negotiate  SW356x_v1.7.1.lib(ufcs_app.o)
    0x00014800   0x00014800   0x00000024   Code   RO         1567    .text.ufcs_app_power_change  SW356x_v1.7.1.lib(ufcs_app.o)
    0x00014824   0x00014824   0x00000078   Code   RO         1545    .text.ufcs_app_regulation_vol  SW356x_v1.7.1.lib(ufcs_app.o)
    0x0001489c   0x0001489c   0x000000a4   Code   RO         1535    .text.ufcs_app_reset  SW356x_v1.7.1.lib(ufcs_app.o)
    0x00014940   0x00014940   0x0000001c   Code   RO         1553    .text.ufcs_app_start_cable_detect  SW356x_v1.7.1.lib(ufcs_app.o)
    0x0001495c   0x0001495c   0x0000001c   Code   RO         1563    .text.ufcs_app_tx_cable_info  SW356x_v1.7.1.lib(ufcs_app.o)
    0x00014978   0x00014978   0x00000048   Code   RO         1549    .text.ufcs_app_tx_linereset  SW356x_v1.7.1.lib(ufcs_app.o)
    0x000149c0   0x000149c0   0x00000038   Code   RO         1541    .text.ufcs_app_tx_message  SW356x_v1.7.1.lib(ufcs_app.o)
    0x000149f8   0x000149f8   0x00000058   Code   RO         1547    .text.ufcs_app_tx_softreset  SW356x_v1.7.1.lib(ufcs_app.o)
    0x00014a50   0x00014a50   0x00000058   Code   RO         1551    .text.ufcs_app_wait_cable_detect  SW356x_v1.7.1.lib(ufcs_app.o)
    0x00014aa8   0x00014aa8   0x0000006c   Code   RO         1559    .text.ufcs_app_wait_cable_info  SW356x_v1.7.1.lib(ufcs_app.o)
    0x00014b14   0x00014b14   0x0000004c   Code   RO         1569    .text.ufcs_app_wait_change_request  SW356x_v1.7.1.lib(ufcs_app.o)
    0x00014b60   0x00014b60   0x0000008c   Code   RO         1537    .text.ufcs_app_wait_ping  SW356x_v1.7.1.lib(ufcs_app.o)
    0x00014bec   0x00014bec   0x00000044   Code   RO         1957    .text.ufcs_phy      SW356x_v1.7.1.lib(ufcs_phy.o)
    0x00014c30   0x00014c30   0x00000068   Code   RO         1967    .text.ufcs_phy_tx_packet  SW356x_v1.7.1.lib(ufcs_phy.o)
    0x00014c98   0x00014c98   0x00000088   Code   RO         1969    .text.ufcs_phy_tx_packet_end  SW356x_v1.7.1.lib(ufcs_phy.o)
    0x00014d20   0x00014d20   0x00000040   Code   RO         1965    .text.ufcs_phy_tx_reset  SW356x_v1.7.1.lib(ufcs_phy.o)
    0x00014d60   0x00014d60   0x00000520   Code   RO         1980    .text.ufcs_pro      SW356x_v1.7.1.lib(ufcs_pro.o)
    0x00015280   0x00015280   0x00000028   Code   RO         1571    .text.ufcs_tx_init  SW356x_v1.7.1.lib(ufcs_app.o)
    0x000152a8   0x000152a8   0x00000124   Code   RO         1127    .text.update_spr_pdo_buffer  SW356x_v1.7.1.lib(pd_pro.o)
    0x000153cc   0x000153cc   0x0000002e   Code   RO         2478    i.__ARM_clz         mf_p.l(depilogue.o)
    0x000153fa   0x000153fa   0x0000000e   Code   RO         2486    i.__scatterload_copy  mc_p.l(handlers.o)
    0x00015408   0x00015408   0x00000002   Code   RO         2487    i.__scatterload_null  mc_p.l(handlers.o)
    0x0001540a   0x0001540a   0x0000000e   Code   RO         2488    i.__scatterload_zeroinit  mc_p.l(handlers.o)
    0x00015418   0x00015418   0x0000003c   Code   RO         2380    i.fmin              m_ps.l(fmin.o)
    0x00015454   0x00015454   0x00000054   Code   RO         2393    i.free              mc_p.l(malloc.o)
    0x000154a8   0x000154a8   0x0000006c   Code   RO         2394    i.malloc            mc_p.l(malloc.o)
    0x00015514   0x00015514   0x00000009   Data   RO         1180    .rodata..L__const.TYPEC_Process.term_target  SW356x_v1.7.1.lib(typec.o)
    0x0001551d   0x0001551d   0x00000003   PAD
    0x00015520   0x00015520   0x00000064   Data   RO         1446    .rodata.ScanStatusMachine  SW356x_v1.7.1.lib(zr_plug.o)
    0x00015584   0x00015584   0x00000100   Data   RO         2210    .rodata.TFCP_CRC8_Table  SW356x_v1.7.1.lib(zr_tfcp_app.o)
    0x00015684   0x00015684   0x0000007e   Data   RO         1852    .rodata.TFCP_Reg_Data  SW356x_v1.7.1.lib(dpdm_protocol.o)
    0x00015702   0x00015702   0x0000000e   Data   RO         2209    .rodata.TFCP_Reg_Size  SW356x_v1.7.1.lib(zr_tfcp_app.o)
    0x00015710   0x00015710   0x00000004   Data   RO         1447    .rodata.cst4        SW356x_v1.7.1.lib(zr_plug.o)
    0x00015714   0x00015714   0x00000004   Data   RO         1517    .rodata.currentOffset  SW356x_v1.7.1.lib(zr_power.o)
    0x00015718   0x00015718   0x00000024   Data   RO         1817    .rodata.pd140wCap   SW356x_v1.7.1.lib(config_setup.o)
    0x0001573c   0x0001573c   0x00000074   Data   RO         1080    .rodata.pd_app_state  SW356x_v1.7.1.lib(pd_app.o)
    0x000157b0   0x000157b0   0x00000008   Data   RO         1310    .rodata.qc3MaxPower  SW356x_v1.7.1.lib(zr_dpdm.o)
    0x000157b8   0x000157b8   0x00000008   Data   RO         1313    .rodata.qc3MaxVol   SW356x_v1.7.1.lib(zr_dpdm.o)
    0x000157c0   0x000157c0   0x00000008   Data   RO         1311    .rodata.qc3pMaxPower  SW356x_v1.7.1.lib(zr_dpdm.o)
    0x000157c8   0x000157c8   0x00000100   Data   RO         1983    .rodata.sha256.k    SW356x_v1.7.1.lib(ufcs_pro.o)
    0x000158c8   0x000158c8   0x00000018   Data   RO         1818    .rodata.ufcs100wOutputCap  SW356x_v1.7.1.lib(config_setup.o)
    0x000158e0   0x000158e0   0x0000004c   Data   RO         1573    .rodata.ufcs_app_state  SW356x_v1.7.1.lib(ufcs_app.o)
    0x0001592c   0x0001592c   0x00000004   Data   RO         1516    .rodata.voltageOffset  SW356x_v1.7.1.lib(zr_power.o)
    0x00015930   0x00015930   0x00000020   Data   RO         2485    Region$$Table       anon$$obj.o


    Execution Region RW_IRAM1 (Exec base: 0x20000000, Load base: 0x00015950, Size: 0x00000ab8, Max: 0x00000c00, ABSOLUTE)

    Exec Addr    Load Addr    Size         Type   Attr      Idx    E Section Name        Object

    0x20000000   0x00015950   0x00000004   Data   RW         2473    .data               mc_p.l(mvars.o)
    0x20000004   0x00015954   0x00000004   Data   RW         2474    .data               mc_p.l(mvars.o)
    0x20000008   0x00015958   0x00000004   Data   RW         1448    .data..L_MergedGlobals  SW356x_v1.7.1.lib(zr_plug.o)
    0x2000000c   0x0001595c   0x00000006   Data   RW         1574    .data..L_MergedGlobals  SW356x_v1.7.1.lib(ufcs_app.o)
    0x20000012   0x00015962   0x00000002   Data   RW         2265    .data..L_MergedGlobals  SW356x_v1.7.1.lib(zr_scp_app.o)
    0x20000014   0x00015964   0x00000001   Data   RW          443    .data.Anker_Product_Test_Policy.start_send_data  anker_policy.o
    0x20000015   0x00015965   0x00000003   PAD
    0x20000018   0x00015968   0x0000001c   Data   RW         1851    .data.PRO_FSM       SW356x_v1.7.1.lib(dpdm_protocol.o)
    0x20000034   0x00015984   0x000000d1   Data   RW         2264    .data.SCP_Register  SW356x_v1.7.1.lib(zr_scp_app.o)
    0x20000105   0x00015a55   0x00000001   Data   RW          438    .data.UART_Handler.tx_send_count  anker_policy.o
    0x20000106   0x00015a56   0x00000008   Data   RW         1982    .data.cable_inf     SW356x_v1.7.1.lib(ufcs_pro.o)
    0x2000010e   0x00015a5e   0x00000001   Data   RW          977    .data.gNormalSleep  SW356x_v1.7.1.lib(device.o)
    0x2000010f   0x00015a5f   0x00000001   PAD
    0x20000110   0x00015a60   0x00000002   Data   RW         2371    .data.gX4Time       SW356x_v1.7.1.lib(zr_vooc_app.o)
    0x20000112   0x00015a62   0x00000002   Data   RW         1314    .data.pe1p1Voltage  SW356x_v1.7.1.lib(zr_dpdm.o)
    0x20000114   0x00015a64   0x00000008   Data   RW         1179    .data.typec_addr    SW356x_v1.7.1.lib(typec.o)
    0x2000011c   0x00015a6c   0x00000004   PAD
    0x20000120        -       0x00000010   Zero   RW          488    .bss..L_MergedGlobals  SW356x_v1.7.1.lib(zr_abn.o)
    0x20000130        -       0x0000000e   Zero   RW          548    .bss..L_MergedGlobals  SW356x_v1.7.1.lib(zr_adc.o)
    0x2000013e   0x00015a6c   0x00000002   PAD
    0x20000140        -       0x00000008   Zero   RW          979    .bss..L_MergedGlobals  SW356x_v1.7.1.lib(device.o)
    0x20000148        -       0x00000058   Zero   RW         1081    .bss..L_MergedGlobals  SW356x_v1.7.1.lib(pd_app.o)
    0x200001a0        -       0x00000034   Zero   RW         1104    .bss..L_MergedGlobals  SW356x_v1.7.1.lib(pd_phy.o)
    0x200001d4        -       0x00000028   Zero   RW         1146    .bss..L_MergedGlobals  SW356x_v1.7.1.lib(pd_pro.o)
    0x200001fc        -       0x00000010   Zero   RW         1181    .bss..L_MergedGlobals  SW356x_v1.7.1.lib(typec.o)
    0x2000020c        -       0x00000014   Zero   RW         1315    .bss..L_MergedGlobals  SW356x_v1.7.1.lib(zr_dpdm.o)
    0x20000220        -       0x00000012   Zero   RW         1518    .bss..L_MergedGlobals  SW356x_v1.7.1.lib(zr_power.o)
    0x20000232        -       0x00000008   Zero   RW         1853    .bss..L_MergedGlobals  SW356x_v1.7.1.lib(dpdm_protocol.o)
    0x2000023a        -       0x00000054   Zero   RW         1971    .bss..L_MergedGlobals  SW356x_v1.7.1.lib(ufcs_phy.o)
    0x2000028e        -       0x00000058   Zero   RW         1984    .bss..L_MergedGlobals  SW356x_v1.7.1.lib(ufcs_pro.o)
    0x200002e6   0x00015a6c   0x00000002   PAD
    0x200002e8        -       0x00000026   Zero   RW         2211    .bss..L_MergedGlobals  SW356x_v1.7.1.lib(zr_tfcp_app.o)
    0x2000030e   0x00015a6c   0x00000002   PAD
    0x20000310        -       0x0000007e   Zero   RW         2372    .bss..L_MergedGlobals  SW356x_v1.7.1.lib(zr_vooc_app.o)
    0x2000038e   0x00015a6c   0x00000002   PAD
    0x20000390        -       0x00000026   Zero   RW         1449    .bss..L_MergedGlobals.1  SW356x_v1.7.1.lib(zr_plug.o)
    0x200003b6   0x00015a6c   0x00000002   PAD
    0x200003b8        -       0x0000001c   Zero   RW         1575    .bss..L_MergedGlobals.1  SW356x_v1.7.1.lib(ufcs_app.o)
    0x200003d4        -       0x0000005a   Zero   RW         2266    .bss..L_MergedGlobals.1  SW356x_v1.7.1.lib(zr_scp_app.o)
    0x2000042e        -       0x00000001   Zero   RW          441    .bss.Anker_Product_Test_Policy.curStep  anker_policy.o
    0x2000042f   0x00015a6c   0x00000001   PAD
    0x20000430        -       0x00000004   Zero   RW          442    .bss.Anker_Product_Test_Policy.data_life_cycle  anker_policy.o
    0x20000434        -       0x00000001   Zero   RW          440    .bss.Anker_Uart_Rec_Check.is_rec_mes_header  anker_policy.o
    0x20000435   0x00015a6c   0x00000001   PAD
    0x20000436        -       0x00000002   Zero   RW         1850    .bss.Current_Set_Value  SW356x_v1.7.1.lib(dpdm_protocol.o)
    0x20000438        -       0x00000001   Zero   RW          339    .bss.Execute_Register76_Function.isCloseBuck  iic_slave_write_policy.o
    0x20000439        -       0x00000001   Zero   RW          340    .bss.Execute_Register77_Function.isCloseBuck  iic_slave_write_policy.o
    0x2000043a        -       0x00000001   Zero   RW          118    .bss.Execute_Register82_Write_Function.adjustCurVolStep  iic_slave_read_policy.o
    0x2000043b        -       0x00000001   Zero   RW          117    .bss.Execute_Register82_Write_Function.deviceAttachStep  iic_slave_read_policy.o
    0x2000043c        -       0x00000001   Zero   RW          119    .bss.Execute_Register85_And_Register86_Function.abnOccurStep  iic_slave_read_policy.o
    0x2000043d   0x00015a6c   0x00000003   PAD
    0x20000440        -       0x00000004   Zero   RW          120    .bss.Execute_Register85_And_Register86_Function.curTime  iic_slave_read_policy.o
    0x20000444        -       0x00000001   Zero   RW          121    .bss.Execute_Register9C_And_Register9F_Function.curStep  iic_slave_read_policy.o
    0x20000445   0x00015a6c   0x00000003   PAD
    0x20000448        -       0x00000004   Zero   RW          122    .bss.Execute_Register9C_And_Register9F_Function.curTime  iic_slave_read_policy.o
    0x2000044c        -       0x00000001   Zero   RW          123    .bss.Execute_RegisterA2_And_RegisterA5_Function.curStep  iic_slave_read_policy.o
    0x2000044d   0x00015a6c   0x00000003   PAD
    0x20000450        -       0x00000004   Zero   RW          124    .bss.Execute_RegisterA2_And_RegisterA5_Function.curTime  iic_slave_read_policy.o
    0x20000454        -       0x00000001   Zero   RW           77    .bss.Gpio_Policy.oldTypeC  iic_slave_main_policy.o
    0x20000455        -       0x00000001   Zero   RW           40    .bss.I2CS_Handler.finishEnableFlag  iic_slave_drive_policy.o
    0x20000456        -       0x00000020   Zero   RW          439    .bss.PD_UVDM_Anker_Package  anker_policy.o
    0x20000476   0x00015a6c   0x00000002   PAD
    0x20000478        -       0x00000004   Zero   RW          125    .bss.Read_Policy.curCheckTime  iic_slave_read_policy.o
    0x2000047c        -       0x00000001   Zero   RW          414    .bss.Samsung_Galaxy_S23_Policy.policyStep  device_compatibility_policy.o
    0x2000047d   0x00015a6c   0x00000003   PAD
    0x20000480        -       0x00000004   Zero   RW          415    .bss.Samsung_Galaxy_S23_Policy.tempTime  device_compatibility_policy.o
    0x20000484        -       0x00000004   Zero   RW           78    .bss.Sleep_Policy.delaySleepTime  iic_slave_main_policy.o
    0x20000488        -       0x00000001   Zero   RW           79    .bss.Sleep_Policy.sleepStep  iic_slave_main_policy.o
    0x20000489   0x00015a6c   0x00000003   PAD
    0x2000048c        -       0x00000004   Zero   RW         1145    .bss.SystemTimeCounter  SW356x_v1.7.1.lib(pd_pro.o)
    0x20000490        -       0x00000001   Zero   RW          416    .bss.Thunderbolt_Cable_Policy.policyStep  device_compatibility_policy.o
    0x20000491        -       0x00000001   Zero   RW          547    .bss.gAdcDieForceClose  SW356x_v1.7.1.lib(zr_adc.o)
    0x20000492   0x00015a6c   0x00000002   PAD
    0x20000494        -       0x0000003c   Zero   RW          939    .bss.gConfig        SW356x_v1.7.1.lib(config.o)
    0x200004d0        -       0x00000004   Zero   RW          399    .bss.pdRxMessageSummary  iic_slave_callback_policy.o
    0x200004d4        -       0x00000004   Zero   RW          400    .bss.pdTxMessageSummary  iic_slave_callback_policy.o
    0x200004d8        -       0x000001e0   Zero   RW          375    .bss.policyGlobalData  iic_slave_global_variables_policy.o
    0x200006b8        -       0x00000100   Zero   RW            2    HEAP                startup_cmsdk_cm0.o
    0x200007b8        -       0x00000300   Zero   RW            1    STACK               startup_cmsdk_cm0.o


==============================================================================

Image component sizes


      Code (inc. data)   RO Data    RW Data    ZI Data      Debug   Object Name

      1092         48          0          2         38       4988   anker_policy.o
       304         16          0          0          6       5766   device_compatibility_policy.o
       986         56          0          0          8       3788   iic_slave_callback_policy.o
       256          8          0          0          1       1273   iic_slave_drive_policy.o
       326          8          0          0        480       3723   iic_slave_global_variables_policy.o
      2208         28          0          0          0       6528   iic_slave_init_policy.o
       456         40          0          0          6       1480   iic_slave_main_policy.o
      1890         48          0          0         21       4178   iic_slave_read_policy.o
      7550        512          0          0          2      26057   iic_slave_write_policy.o
        32          0          0          0          0        391   main.o
       352          0          0          0          0       2012   pd_message_decode.o
        48          6        168          0       1024        664   startup_cmsdk_cm0.o

    ----------------------------------------------------------------------
     15520        770        200          5       1605      60848   Object Totals
         0          0         32          0          0          0   (incl. Generated)
        20          0          0          3         19          0   (incl. Padding)

    ----------------------------------------------------------------------

      Code (inc. data)   RO Data    RW Data    ZI Data      Debug   Library Member Name

        24          0          0          0          0        446   btm.o
      1116         20          0          0         60       9282   config.o
       204         40         60          0          0       5836   config_setup.o
       758         94          0          1          8       9698   device.o
      2740        278        126         28         10       6103   dpdm_protocol.o
      7092        562        116          0         88      37106   pd_app.o
       912         44          0          0         52      11775   pd_phy.o
      2140        202          0          0         44      14113   pd_pro.o
       252         20          0          0          0       2599   system_cfg.o
      1884        176          9          8         16       7012   typec.o
      2288        192         76          6         28      16991   ufcs_app.o
       980         60          0          0         84       6263   ufcs_phy.o
      1312        152        256          8         88       6311   ufcs_pro.o
       656         80          0          0         16      16519   zr_abn.o
      1048        136          0          0         15      17350   zr_adc.o
       132          8          0          0          0       5949   zr_atm.o
       144         28          0          0          0       4420   zr_btm.o
     11900       1184         24          2         20      34938   zr_dpdm.o
        40         12          0          0          0       5786   zr_flash.o
       432         24          0          0          0       6480   zr_gpio.o
       208         16          0          0          0      13271   zr_i2c.o
       108         16          0          0          0       3900   zr_nvic.o
        56         20          0          0          0       3620   zr_otp.o
       380         40          0          0          0       5920   zr_pd.o
     13506        914        104          4         38      48870   zr_plug.o
      1456        176          8          0         18      15550   zr_power.o
        64          4          0          0          0       1890   zr_rcc.o
       148         20          0          0          0       4327   zr_rcc_priv.o
       880         80          0          0          0      18639   zr_scp.o
      7316        436          0        211         90      15322   zr_scp_app.o
        52         12          0          0          0       1190   zr_systick.o
       524         48          0          0          0       6197   zr_tfcp.o
      2038        138        270          0         38       6427   zr_tfcp_app.o
       240          4          0          0          0       4467   zr_typec.o
       186         20          0          0          0       4131   zr_uart.o
       276         36          0          0          0       5653   zr_ufcs.o
       732         68          0          0          0       6883   zr_vooc.o
      5316        374          0          2        126      12034   zr_vooc_app.o
        60          4          0          0          0         76   fmin.o
        28          0          0          0          0         68   calloc.o
         0          0          0          0          0          0   entry.o
         0          0          0          0          0          0   entry10a.o
         0          0          0          0          0          0   entry11a.o
         8          4          0          0          0          0   entry2.o
         4          0          0          0          0          0   entry5.o
         0          0          0          0          0          0   entry7b.o
         0          0          0          0          0          0   entry8b.o
         8          4          0          0          0          0   entry9a.o
        30          0          0          0          0          0   handlers.o
        80          6          0          0          0         72   idiv_div0.o
        36          8          0          0          0         68   init.o
         0          0          0          0          0          0   iusefp.o
        32          0          0          0          0         68   llshl.o
        38          0          0          0          0         68   llsshr.o
        34          0          0          0          0         68   llushr.o
       192         20          0          0          0        144   malloc.o
        36          0          0          0          0        100   memseta.o
         0          0          0          8          0          0   mvars.o
        62          0          0          0          0         72   uidiv_div0.o
       356          4          0          0          0        140   dadd.o
        92          8          0          0          0         72   dcmp4.o
        44          0          0          0          0         68   dcmpge.o
        44          0          0          0          0         68   dcmpgt.o
       240          6          0          0          0         84   ddiv.o
       236          0          0          0          0        216   depilogue.o
        72         10          0          0          0         72   dfixi.o
        60         10          0          0          0         68   dfixui.o
        40          6          0          0          0         68   dflti.o
        28          4          0          0          0         68   dfltui.o
       208          6          0          0          0         88   dmul.o

    ----------------------------------------------------------------------
     71628       5834       1052        279        855     405084   Library Totals
        20          0          3          1         16          0   (incl. Padding)

    ----------------------------------------------------------------------

      Code (inc. data)   RO Data    RW Data    ZI Data      Debug   Library Name

     69540       5734       1049        270        839     403268   SW356x_v1.7.1.lib
        60          4          0          0          0         76   m_ps.l
       588         42          0          8          0        728   mc_p.l
      1420         54          0          0          0       1012   mf_p.l

    ----------------------------------------------------------------------
     71628       5834       1052        279        855     405084   Library Totals

    ----------------------------------------------------------------------

==============================================================================


      Code (inc. data)   RO Data    RW Data    ZI Data      Debug   

     87148       6604       1252        284       2460     464200   Grand Totals
     87148       6604       1252        284       2460     464200   ELF Image Totals
     87148       6604       1252        284          0          0   ROM Totals

==============================================================================

    Total RO  Size (Code + RO Data)                88400 (  86.33kB)
    Total RW  Size (RW Data + ZI Data)              2744 (   2.68kB)
    Total ROM Size (Code + RO Data + RW Data)      88684 (  86.61kB)

==============================================================================

