<html>
<body>
<pre>
<h1>µVision Build Log</h1>
<h2>Tool Versions:</h2>
IDE-Version: ¦ÌVision V5.36.0.0
Copyright (C) 2021 ARM Ltd and ARM Germany GmbH. All rights reserved.
License Information: LB T, TLB_Family, LIC=03C6R-KPVFT-63YMB-2HYQI-ZKPDM-QKB9J
 
Tool Versions:
Toolchain:       MDK-ARM Plus  Version: 5.36.0.0
Toolchain Path:  H:\Keil_v5\ARM\ARMCC\Bin
C Compiler:      Armcc.exe V5.06 update 7 (build 960)
Assembler:       Armasm.exe V5.06 update 7 (build 960)
Linker/Locator:  ArmLink.exe V5.06 update 7 (build 960)
Library Manager: ArmAr.exe V5.06 update 7 (build 960)
Hex Converter:   FromElf.exe V5.06 update 7 (build 960)
CPU DLL:         SARMCM3.DLL V5.36.0.0
Dialog DLL:      DCM.DLL V1.17.3.0
Target DLL:      Segger\JL2CM3.dll V2.99.40.0
Dialog DLL:      TCM.DLL V1.53.0.0
 
<h2>Project:</h2>
H:\Personal_Project_V1.0\Working_Area\Personal_Project\STM32\STM32F407\STM32F407ZGT6_Embedded_Boot_V1.0\MDK-ARM\STM32F407ZGT6_Embedded_V1.0.uvprojx
Project File Date:  12/03/2024

<h2>Output:</h2>
*** Using Compiler 'V5.06 update 7 (build 960)', folder: 'H:\Keil_v5\ARM\ARMCC\Bin'
Rebuild target 'STM32F407ZGT6_Embedded_V1.0'
Note: source file '..\Driver_Layer\BootLoader\bootloader.c' - object file renamed from 'STM32F407ZGT6_Embedded_V1.0\bootloader.o' to 'STM32F407ZGT6_Embedded_V1.0\bootloader_1.o'.
assembling startup_stm32f407xx.s...
compiling lan8742.c...
compiling stm32f4xx_hal_pwr_ex.c...
compiling stm32f4xx_hal_pwr.c...
compiling stm32f4xx_hal_dma.c...
compiling stm32f4xx_hal_rcc_ex.c...
compiling stm32f4xx_hal_gpio.c...
compiling stm32f4xx_hal_flash.c...
compiling stm32f4xx_it.c...
compiling stm32f4xx_hal_rcc.c...
compiling stm32f4xx_hal_flash_ex.c...
compiling stm32f4xx_hal_flash_ramfunc.c...
compiling stm32f4xx_hal_msp.c...
compiling stm32f4xx_hal_dma_ex.c...
compiling main.c...
compiling lwip.c...
compiling ethernetif.c...
compiling stm32f4xx_hal_iwdg.c...
compiling stm32f4xx_hal.c...
compiling stm32f4xx_hal_cortex.c...
compiling stm32f4xx_hal_exti.c...
compiling stm32f4xx_hal_crc.c...
compiling stm32f4xx_hal_wwdg.c...
compiling system_stm32f4xx.c...
compiling stm32f4xx_hal_tim_ex.c...
compiling stm32f4xx_hal_eth.c...
compiling stm32f4xx_hal_uart.c...
compiling auth.c...
compiling stm32f4xx_hal_tim.c...
compiling chap_ms.c...
compiling ccp.c...
compiling chap-md5.c...
compiling lcp.c...
compiling chap-new.c...
compiling demand.c...
compiling magic.c...
compiling eap.c...
compiling ipcp.c...
compiling mppe.c...
compiling fsm.c...
compiling multilink.c...
compiling ipv6cp.c...
compiling eui64.c...
compiling ppp.c...
compiling pppcrypt.c...
compiling pppapi.c...
compiling pppoe.c...
compiling lowpan6.c...
compiling vj.c...
compiling lowpan6_ble.c...
compiling bridgeif_fdb.c...
compiling utils.c...
compiling upap.c...
compiling bridgeif.c...
compiling lowpan6_common.c...
compiling ecp.c...
compiling pppos.c...
compiling slipif.c...
compiling pppol2tp.c...
compiling zepif.c...
compiling ethernet.c...
compiling api_lib.c...
compiling altcp_tcp.c...
compiling netdb.c...
compiling def.c...
compiling altcp.c...
compiling sockets.c...
compiling netbuf.c...
compiling netifapi.c...
compiling if_api.c...
compiling altcp_alloc.c...
compiling api_msg.c...
compiling tcpip.c...
compiling dns.c...
compiling inet_chksum.c...
compiling err.c...
compiling raw.c...
compiling autoip.c...
compiling stats.c...
compiling ip.c...
compiling mem.c...
compiling udp.c...
compiling init.c...
compiling sys.c...
compiling tcp_out.c...
compiling tcp_in.c...
compiling memp.c...
compiling tcp.c...
compiling netif.c...
compiling timeouts.c...
compiling pbuf.c...
compiling dhcp6.c...
compiling inet6.c...
compiling ethip6.c...
compiling icmp6.c...
compiling dhcp.c...
compiling ip6_addr.c...
compiling igmp.c...
compiling ip4_frag.c...
compiling ip6_frag.c...
compiling ip6.c...
compiling etharp.c...
compiling mld6.c...
compiling ip4_addr.c...
compiling icmp.c...
compiling ip4.c...
compiling OTA_Business.c...
compiling wwdg.c...
compiling iwdg.c...
compiling bootloader.c...
compiling crc_driver.c...
..\Driver_Layer\CRC_Driver\crc_driver.c(19): warning:  #177-D: variable "sub"  was declared but never referenced
  	uint8_t test[20] = {0x00,0x01,0x02,0x03,0x04,0x05,0x06,0x07,0x08,0x09,0x10,0x11,0x12,0x13,0x14,0x15,0x16,0x17,0x18,0x19},sub=0;
..\Driver_Layer\CRC_Driver\crc_driver.c: 1 warning, 0 errors
compiling pwm.c...
compiling sys_uart_driver.c...
compiling led_driver.c...
compiling flash.c...
compiling gpio_ctl.c...
compiling basetimer.c...
compiling nd6.c...
compiling base_function.c...
compiling mqtt.c...
linking...
Program Size: Code=52948 RO-data=1012 RW-data=280 ZI-data=37168  
FromELF: creating hex file...
"STM32F407ZGT6_Embedded_V1.0\STM32F407ZGT6_Embedded_V1.0" - 0 Error(s), 1 Warning(s).

<h2>Software Packages used:</h2>

Package Vendor: ARM
                http://www.keil.com/pack/ARM.CMSIS.5.8.0.pack
                ARM.CMSIS.5.8.0
                CMSIS (Common Microcontroller Software Interface Standard)
   * Component: CORE Version: 5.5.0

Package Vendor: Keil
                https://www.keil.com/pack/Keil.STM32F4xx_DFP.3.0.0.pack
                Keil.STM32F4xx_DFP.3.0.0
                STMicroelectronics STM32F4 Series Device Support

<h2>Collection of Component include folders:</h2>
  .\RTE\_STM32F407ZGT6_Embedded_V1.0
  H:\Keil_v5\ARM\CMSIS\5.8.0\CMSIS\Core\Include

<h2>Collection of Component Files used:</h2>

   * Component: ARM::CMSIS:CORE:5.5.0
      Include file:  CMSIS\Core\Include\tz_context.h
Build Time Elapsed:  00:00:35
</pre>
</body>
</html>
