<html>
<body>
<pre>
<h1>礦ision Build Log</h1>
<h2>Tool Versions:</h2>
IDE-Version: μVision V5.30.0.0
Copyright (C) 2020 ARM Ltd and ARM Germany GmbH. All rights reserved.
License Information: tttt WX, ttt, LIC=21E4T-RCV4L-2ZEW4-F2ZAE-0NQ07-WBARE
 
Tool Versions:
Toolchain:       MDK-ARM Plus  Version: 5.30.0.0
Toolchain Path:  D:\Keil\ARM\ARMCC\Bin
C Compiler:      Armcc.exe V5.06 update 6 (build 750)
Assembler:       Armasm.exe V5.06 update 6 (build 750)
Linker/Locator:  ArmLink.exe V5.06 update 6 (build 750)
Library Manager: ArmAr.exe V5.06 update 6 (build 750)
Hex Converter:   FromElf.exe V5.06 update 6 (build 750)
CPU DLL:         SARMCM3.DLL V5.30.0.0
Dialog DLL:      DCM.DLL V1.17.3.0
Target DLL:      STLink\ST-LINKIII-KEIL_SWO.dll V3.0.7.0
Dialog DLL:      TCM.DLL V1.42.0.0
 
<h2>Project:</h2>
D:\百度网盘\百度网盘下载\DShanMCU-F103开发板资料\5_程序源码\02_FreeRTOS程序\02_视频配套的源码\32_all_stack_state\02_nwatch_game_freertos\MDK-ARM\01_freertos_template.uvprojx
Project File Date:  05/22/2024

<h2>Output:</h2>
*** Using Compiler 'V5.06 update 6 (build 750)', folder: 'D:\Keil\ARM\ARMCC\Bin'
Build target '01_freertos_template'
assembling startup_stm32f103xb.s...
compiling music.c...
compiling i2c.c...
compiling adc.c...
compiling gpio.c...
compiling spi.c...
compiling main.c...
compiling freertos.c...
../Core/Src/freertos.c(130): warning:  #167-D: argument of type "signed char *" is incompatible with parameter of type "char *"
  	vTaskList(pcWriteBuffer);
../Core/Src/freertos.c(132): warning:  #223-D: function "printf" declared implicitly
  		printf("-");
../Core/Src/freertos.c(133): warning:  #223-D: function "printf" declared implicitly
  	printf("\n\r");
../Core/Src/freertos.c(190): warning:  #167-D: argument of type "void (*)(void)" is incompatible with parameter of type "TaskFunction_t"
    xLightTaskHandle = xTaskCreateStatic(Led_Test, "LightTask", 80, NULL, osPriorityNormal, g_pucStackOfLightTask, &g_TCBofLightTask);
../Core/Src/freertos.c(193): warning:  #167-D: argument of type "void (*)(void)" is incompatible with parameter of type "TaskFunction_t"
    xColorTaskHandle = xTaskCreateStatic(ColorLED_Test, "ColorTask", 128, NULL, osPriorityNormal, g_pucStackOfColorTask, &g_TCBofColorTask);
../Core/Src/freertos.c(235): warning:  #128-D: loop is not reachable
      while (1)
../Core/Src/freertos.c(219): warning:  #550-D: variable "ret"  was set but never used
  	BaseType_t ret;
../Core/Src/freertos.c(74): warning:  #550-D: variable "xLightTaskHandle"  was set but never used
  static TaskHandle_t xLightTaskHandle;
../Core/Src/freertos.c(78): warning:  #550-D: variable "xColorTaskHandle"  was set but never used
  static TaskHandle_t xColorTaskHandle;
../Core/Src/freertos.c: 9 warnings, 0 errors
compiling tim.c...
compiling stm32f1xx_it.c...
compiling usb.c...
compiling usart.c...
compiling stm32f1xx_hal_msp.c...
compiling stm32f1xx_hal_timebase_tim.c...
compiling stm32f1xx_hal_gpio_ex.c...
compiling stm32f1xx_hal_adc.c...
compiling stm32f1xx_hal.c...
compiling stm32f1xx_hal_gpio.c...
compiling stm32f1xx_hal_rcc_ex.c...
compiling stm32f1xx_hal_adc_ex.c...
compiling stm32f1xx_hal_dma.c...
compiling stm32f1xx_hal_cortex.c...
compiling stm32f1xx_hal_rcc.c...
compiling stm32f1xx_hal_exti.c...
compiling stm32f1xx_hal_flash.c...
compiling stm32f1xx_hal_pwr.c...
compiling stm32f1xx_hal_flash_ex.c...
compiling stm32f1xx_hal_spi.c...
compiling stm32f1xx_hal_i2c.c...
compiling stm32f1xx_hal_tim.c...
compiling croutine.c...
compiling event_groups.c...
compiling list.c...
compiling stm32f1xx_hal_pcd_ex.c...
compiling queue.c...
compiling stream_buffer.c...
compiling stm32f1xx_hal_pcd.c...
compiling stm32f1xx_hal_tim_ex.c...
compiling stm32f1xx_hal_uart.c...
compiling timers.c...
compiling tasks.c...
compiling heap_4.c...
compiling system_stm32f1xx.c...
compiling port.c...
compiling stm32f1xx_ll_usb.c...
compiling cmsis_os2.c...
compiling driver_lcd.c...
compiling driver_oled.c...
..\Drivers\DshanMCU-F103\driver_oled.c(773): warning:  #223-D: function "memset" declared implicitly
      memset(oledBuffer, 0, sizeof(oledBuffer));
..\Drivers\DshanMCU-F103\driver_oled.c(153): warning:  #177-D: function "OLED_WriteData"  was declared but never referenced
  static int OLED_WriteData(uint8_t data)
..\Drivers\DshanMCU-F103\driver_oled.c(201): warning:  #177-D: function "OLED_H_Scroll"  was declared but never referenced
  static void OLED_H_Scroll(H_SCROLL_DIR dir, uint8_t start, uint8_t fr_time, uint8_t end)
..\Drivers\DshanMCU-F103\driver_oled.c(225): warning:  #177-D: function "OLED_HV_Scroll"  was declared but never referenced
  static void OLED_HV_Scroll(HV_SCROLL_DIR dir, uint8_t start, uint8_t fr_time, uint8_t end, uint8_t offset)
..\Drivers\DshanMCU-F103\driver_oled.c(245): warning:  #177-D: function "OLED_SetVScrollArea"  was declared but never referenced
  static void OLED_SetVScrollArea(uint8_t area, uint8_t row_num)
..\Drivers\DshanMCU-F103\driver_oled.c(294): warning:  #177-D: function "OLED_SetColAddr_HV"  was declared but never referenced
  static void OLED_SetColAddr_HV(uint8_t start, uint8_t end)
..\Drivers\DshanMCU-F103\driver_oled.c(311): warning:  #177-D: function "OLED_SetPageAddr_HV"  was declared but never referenced
  static void OLED_SetPageAddr_HV(uint8_t start, uint8_t end)
..\Drivers\DshanMCU-F103\driver_oled.c(417): warning:  #177-D: function "OLED_SetPreChargePeriod"  was declared but never referenced
  static void OLED_SetPreChargePeriod(uint8_t phase1, uint8_t phase2)
..\Drivers\DshanMCU-F103\driver_oled.c(431): warning:  #177-D: function "OLED_SetVcomhLevel"  was declared but never referenced
  static void OLED_SetVcomhLevel(VCOMH_LEVEL level)
..\Drivers\DshanMCU-F103\driver_oled.c: 9 warnings, 0 errors
compiling driver_timer.c...
compiling driver_ds18b20.c...
compiling driver_led.c...
..\Drivers\DshanMCU-F103\driver_led.c(102): warning:  #177-D: variable "freeNum"  was declared but never referenced
  	UBaseType_t freeNum;
..\Drivers\DshanMCU-F103\driver_led.c(103): warning:  #177-D: variable "TaskHandle_t"  was declared but never referenced
  	TaskHandle_t xTaskHandle;
..\Drivers\DshanMCU-F103\driver_led.c: 2 warnings, 0 errors
compiling driver_dht11.c...
compiling driver_active_buzzer.c...
compiling driver_mpu6050.c...
compiling driver_color_led.c...
..\Drivers\DshanMCU-F103\driver_color_led.c(135): warning:  #223-D: function "vTaskDelay" declared implicitly
  		vTaskDelay(1000);
..\Drivers\DshanMCU-F103\driver_color_led.c: 1 warning, 0 errors
compiling driver_passive_buzzer.c...
compiling driver_ir_obstacle.c...
compiling driver_light_sensor.c...
compiling driver_ultrasonic_sr04.c...
compiling driver_ir_sender.c...
compiling driver_ir_receiver.c...
..\Drivers\DshanMCU-F103\driver_ir_receiver.c(107): warning:  #177-D: function "PutKeyToBuf"  was declared but never referenced
  static void PutKeyToBuf(unsigned char key)
..\Drivers\DshanMCU-F103\driver_ir_receiver.c: 1 warning, 0 errors
compiling draw.c...
compiling game1.c...
..\nwatch\game1.c(337): warning:  #177-D: variable "freeNum"  was declared but never referenced
  	UBaseType_t freeNum;
..\nwatch\game1.c(338): warning:  #177-D: variable "TaskHandle_t"  was declared but never referenced
  	TaskHandle_t xTaskHandle;
..\nwatch\game1.c(436): warning:  #177-D: variable "platformXtmp"  was declared but never referenced
  	byte platformXtmp = platformX;
..\nwatch\game1.c(403): warning:  #177-D: function "btnExit"  was declared but never referenced
  static bool btnExit()
..\nwatch\game1.c(420): warning:  #177-D: function "btnRight"  was declared but never referenced
  static bool btnRight()
..\nwatch\game1.c(426): warning:  #177-D: function "btnLeft"  was declared but never referenced
  static bool btnLeft()
..\nwatch\game1.c(80): warning:  #550-D: variable "g_framebuffer"  was set but never used
  static uint8_t *g_framebuffer;
..\nwatch\game1.c: 7 warnings, 0 errors
compiling resources.c...
compiling game2.c...
..\nwatch\game2.c(104): warning:  #223-D: function "RegisterQueueHandle" declared implicitly
  	RegisterQueueHandle(xQueueIR);
..\nwatch\game2.c(98): warning:  #177-D: variable "idata"  was declared but never referenced
  	struct ir_data idata;
..\nwatch\game2.c(166): warning:  #223-D: function "RegisterQueueHandle" declared implicitly
  	RegisterQueueHandle(xQueueIR);
..\nwatch\game2.c(160): warning:  #177-D: variable "idata"  was declared but never referenced
  	struct ir_data idata;
..\nwatch\game2.c(231): warning:  #223-D: function "RegisterQueueHandle" declared implicitly
  	RegisterQueueHandle(xQueueIR);
..\nwatch\game2.c(271): warning:  #223-D: function "mdelay" declared implicitly
  				mdelay(50);
..\nwatch\game2.c(223): warning:  #177-D: variable "idata"  was declared but never referenced
  	struct ir_data idata;
..\nwatch\game2.c(287): warning:  #177-D: variable "x"  was declared but never referenced
  	int x;
..\nwatch\game2.c(35): warning:  #177-D: variable "g_xSemTicks"  was declared but never referenced
  static SemaphoreHandle_t g_xSemTicks; 
..\nwatch\game2.c(37): warning:  #550-D: variable "g_framebuffer"  was set but never used
  static uint8_t *g_framebuffer;
..\nwatch\game2.c(38): warning:  #550-D: variable "g_xEventCar"  was set but never used
  static EventGroupHandle_t g_xEventCar;
..\nwatch\game2.c: 11 warnings, 0 errors
compiling beep.c...
compiling driver_spiflash_w25q64.c...
compiling driver_key.c...
compiling driver_irq.c...
compiling driver_rotary_encoder.c...
compiling driver_uart.c...
..\Drivers\DshanMCU-F103\driver_uart.c(101): warning:  #2748-D: null argument provided for parameter marked with attribute "nonnull"
          c = fgetc(NULL);
..\Drivers\DshanMCU-F103\driver_uart.c: 1 warning, 0 errors
compiling driver_motor.c...
linking...
Program Size: Code=31288 RO-data=3012 RW-data=344 ZI-data=17296  
FromELF: creating hex file...
"01_freertos_template\01_freertos_template.axf" - 0 Error(s), 41 Warning(s).

<h2>Software Packages used:</h2>

Package Vendor: ARM
                http://www.keil.com/pack/ARM.CMSIS.5.7.0.pack
                ARM.CMSIS.5.7.0
                CMSIS (Cortex Microcontroller Software Interface Standard)
   * Component: CORE Version: 5.4.0

Package Vendor: Keil
                http://www.keil.com/pack/Keil.STM32F1xx_DFP.2.3.0.pack
                Keil.STM32F1xx_DFP.2.3.0
                STMicroelectronics STM32F1 Series Device Support, Drivers and Examples

<h2>Collection of Component include folders:</h2>
  .\RTE\_01_freertos_template
  D:\Keil\ARM\CMSIS\5.7.0\CMSIS\Core\Include
  D:\Keil\Keil\STM32F1xx_DFP\2.3.0\Device\Include

<h2>Collection of Component Files used:</h2>

   * Component: ARM::CMSIS:CORE:5.4.0
      Include file:  CMSIS\Core\Include\tz_context.h
Build Time Elapsed:  00:00:35
</pre>
</body>
</html>
